2026-04-13 20:35:59.689 T:30404   debug <general>: LoadFromFileInternal - Load of https://acdn.sunporno.com/contents/videos_screenshots/56000/56963/324x182/3.jpg failed.
2026-04-13 20:35:59.925 T:30405   debug <general>: CCurlFile::GetMimeType - <https://acdn.sunporno.com/contents/videos_screenshots/91000/91102/324x182/1.jpg> -> image/jpeg
2026-04-13 20:35:59.925 T:30405   debug <general>: CurlFile::Open - <https://acdn.sunporno.com/contents/videos_screenshots/91000/91102/324x182/1.jpg>
2026-04-13 20:35:59.976 T:30403   debug <general>: CCurlFile::GetMimeType - <https://acdn.sunporno.com/contents/videos_screenshots/94000/94460/324x182/1.jpg> -> image/jpeg
2026-04-13 20:35:59.976 T:30403   debug <general>: CurlFile::Open - <https://acdn.sunporno.com/contents/videos_screenshots/94000/94460/324x182/1.jpg>
2026-04-13 20:36:00.005 T:30455   debug <general>: CCurlFile::GetMimeType - <https://acdn.sunporno.com/contents/videos_screenshots/12000/12012/324x182/1.jpg> -> image/jpeg
2026-04-13 20:36:00.005 T:30455   debug <general>: CurlFile::Open - <https://acdn.sunporno.com/contents/videos_screenshots/12000/12012/324x182/1.jpg>
2026-04-13 20:36:00.058 T:30405   error <general>: ffmpeg[0x564702ebdb40]: [mjpeg] unable to decode APP fields: Invalid data found when processing input
2026-04-13 20:36:00.058 T:30405   error <general>: ffmpeg[0x564702ebdb40]: [mjpeg] bits 221 is invalid
2026-04-13 20:36:00.058 T:30405   debug <general>: Error [-1094995529] while decoding frame: Unknown error 1094995529
2026-04-13 20:36:00.058 T:30405   debug <general>: LoadFromFileInternal - Load of https://acdn.sunporno.com/contents/videos_screenshots/91000/91102/324x182/1.jpg failed.
2026-04-13 20:36:00.086 T:30404   debug <general>: CCurlFile::GetMimeType - <https://acdn.sunporno.com/contents/videos_screenshots/17000/17448/324x182/4.jpg> -> image/jpeg
2026-04-13 20:36:00.086 T:30404   debug <general>: CurlFile::Open - <https://acdn.sunporno.com/contents/videos_screenshots/17000/17448/324x182/4.jpg>
2026-04-13 20:36:00.224 T:30404   error <general>: ffmpeg[0x56470304de70]: [mjpeg] unable to decode APP fields: Invalid data found when processing input
2026-04-13 20:36:00.224 T:30404   debug <general>: ffmpeg[0x56470304de70]: [mjpeg] Found EOI before any SOF, ignoring
2026-04-13 20:36:00.224 T:30404   error <general>: ffmpeg[0x56470304de70]: [mjpeg] unable to decode APP fields: Invalid data found when processing input
2026-04-13 20:36:00.225 T:30404   error <general>: Skipped 1 duplicate messages..
2026-04-13 20:36:00.225 T:30404   debug <general>: ffmpeg[0x56470304de70]: [mjpeg] Found EOI before any SOF, ignoring
2026-04-13 20:36:00.225 T:30404   error <general>: ffmpeg[0x56470304de70]: [mjpeg] unable to decode APP fields: Invalid data found when processing input
2026-04-13 20:36:00.225 T:30404   error <general>: Skipped 1 duplicate messages..
2026-04-13 20:36:00.225 T:30404   debug <general>: ffmpeg[0x56470304de70]: [mjpeg] No JPEG data found in image
2026-04-13 20:36:00.225 T:30404   debug <general>: Error [-1094995529] while decoding frame: Unknown error 1094995529
2026-04-13 20:36:00.225 T:30404   debug <general>: LoadFromFileInternal - Load of https://acdn.sunporno.com/contents/videos_screenshots/17000/17448/324x182/4.jpg failed.
2026-04-13 20:36:00.367 T:30403   error <general>: ffmpeg[0x564701c9b730]: [mjpeg] invalid id 253
2026-04-13 20:36:00.367 T:30403   debug <general>: Error [-1094995529] while decoding frame: Unknown error 1094995529
2026-04-13 20:36:00.367 T:30403   debug <general>: LoadFromFileInternal - Load of https://acdn.sunporno.com/contents/videos_screenshots/94000/94460/324x182/1.jpg failed.
2026-04-13 20:36:00.389 T:30455   error <general>: ffmpeg[0x564703b00f50]: [mjpeg] unable to decode APP fields: Invalid data found when processing input
2026-04-13 20:36:00.389 T:30455   debug <general>: Error [-1094995529] while decoding frame: Unknown error 1094995529
2026-04-13 20:36:00.389 T:30455   debug <general>: LoadFromFileInternal - Load of https://acdn.sunporno.com/contents/videos_screenshots/12000/12012/324x182/1.jpg failed.
2026-04-13 20:36:00.849 T:30404   debug <general>: CCurlFile::GetMimeType - <https://acdn.sunporno.com/contents/videos_screenshots/89000/89310/324x182/1.jpg> -> image/jpeg
2026-04-13 20:36:00.849 T:30404   debug <general>: CurlFile::Open - <https://acdn.sunporno.com/contents/videos_screenshots/89000/89310/324x182/1.jpg>
2026-04-13 20:36:00.857 T:30405   debug <general>: CCurlFile::GetMimeType - <https://acdn.sunporno.com/contents/videos_screenshots/14000/14519/324x182/1.jpg> -> image/jpeg
2026-04-13 20:36:00.857 T:30405   debug <general>: CurlFile::Open - <https://acdn.sunporno.com/contents/videos_screenshots/14000/14519/324x182/1.jpg>
2026-04-13 20:36:00.983 T:30404   error <general>: ffmpeg[0x56470304de70]: [mjpeg] mjpeg: unsupported coding type (cf)
2026-04-13 20:36:00.983 T:30404   error <general>: ffmpeg[0x56470304de70]: [mjpeg] unable to decode APP fields: Invalid data found when processing input
2026-04-13 20:36:00.983 T:30404   error <general>: Skipped 1 duplicate messages..
2026-04-13 20:36:00.983 T:30404   error <general>: ffmpeg[0x56470304de70]: [mjpeg] mjpeg: unsupported coding type (c5)
2026-04-13 20:36:00.983 T:30404   debug <general>: ffmpeg[0x56470304de70]: [mjpeg] No JPEG data found in image
2026-04-13 20:36:00.983 T:30404   debug <general>: Error [-1094995529] while decoding frame: Unknown error 1094995529
2026-04-13 20:36:00.983 T:30404   debug <general>: LoadFromFileInternal - Load of https://acdn.sunporno.com/contents/videos_screenshots/89000/89310/324x182/1.jpg failed.
2026-04-13 20:36:00.992 T:30405   error <general>: ffmpeg[0x564702ebdb40]: [mjpeg] mjpeg: unsupported coding type (cb)
2026-04-13 20:36:00.992 T:30405   error <general>: ffmpeg[0x564702ebdb40]: [mjpeg] mjpeg: unsupported coding type (ca)
2026-04-13 20:36:00.992 T:30405   error <general>: ffmpeg[0x564702ebdb40]: [mjpeg] dht: len 25341 is too large
2026-04-13 20:36:00.992 T:30405   error <general>: ffmpeg[0x564702ebdb40]: [mjpeg] huffman table decode error
2026-04-13 20:36:00.992 T:30405   debug <general>: Error [-1094995529] while decoding frame: Unknown error 1094995529
2026-04-13 20:36:00.992 T:30405   debug <general>: LoadFromFileInternal - Load of https://acdn.sunporno.com/contents/videos_screenshots/14000/14519/324x182/1.jpg failed.
2026-04-13 20:36:01.027 T:30396   debug <general>: Presentation: Frame was discarded by compositor
2026-04-13 20:36:01.461 T:30356   debug <general>: Skipped 1 duplicate messages..
2026-04-13 20:36:01.461 T:30356   debug <general>: ProcessMouse: trying mouse action wheelup
2026-04-13 20:36:01.499 T:30404   debug <general>: Skipped 4 duplicate messages..
2026-04-13 20:36:01.499 T:30404   debug <general>: CCurlFile::GetMimeType - <https://acdn.sunporno.com/contents/videos_screenshots/89000/89310/324x182/1.jpg> -> image/jpeg
2026-04-13 20:36:01.499 T:30404   debug <general>: CurlFile::Open - <https://acdn.sunporno.com/contents/videos_screenshots/89000/89310/324x182/1.jpg>
2026-04-13 20:36:01.505 T:30356   debug <general>: ProcessMouse: trying mouse action wheelup
2026-04-13 20:36:01.520 T:30403   debug <general>: Skipped 2 duplicate messages..
2026-04-13 20:36:01.520 T:30403   debug <general>: CCurlFile::GetMimeType - <https://acdn.sunporno.com/contents/videos_screenshots/76000/76842/324x182/1.jpg> -> image/jpeg
2026-04-13 20:36:01.520 T:30403   debug <general>: CurlFile::Open - <https://acdn.sunporno.com/contents/videos_screenshots/76000/76842/324x182/1.jpg>
2026-04-13 20:36:01.527 T:30356   debug <general>: ProcessMouse: trying mouse action wheelup
2026-04-13 20:36:01.555 T:30455   debug <general>: Skipped 3 duplicate messages..
2026-04-13 20:36:01.555 T:30455   debug <general>: CCurlFile::GetMimeType - <https://acdn.sunporno.com/contents/videos_screenshots/14000/14519/324x182/1.jpg> -> image/jpeg
2026-04-13 20:36:01.555 T:30455   debug <general>: CurlFile::Open - <https://acdn.sunporno.com/contents/videos_screenshots/14000/14519/324x182/1.jpg>
2026-04-13 20:36:01.558 T:30405   debug <general>: CCurlFile::GetMimeType - <https://acdn.sunporno.com/contents/videos_screenshots/17000/17448/324x182/4.jpg> -> image/jpeg
2026-04-13 20:36:01.558 T:30405   debug <general>: CurlFile::Open - <https://acdn.sunporno.com/contents/videos_screenshots/17000/17448/324x182/4.jpg>
2026-04-13 20:36:01.560 T:30356   debug <general>: ProcessMouse: trying mouse action wheelup
2026-04-13 20:36:01.633 T:30404   debug <general>: Skipped 9 duplicate messages..
2026-04-13 20:36:01.633 T:30404   error <general>: ffmpeg[0x56470304de70]: [mjpeg] mjpeg: unsupported coding type (cf)
2026-04-13 20:36:01.633 T:30404   error <general>: ffmpeg[0x56470304de70]: [mjpeg] unable to decode APP fields: Invalid data found when processing input
2026-04-13 20:36:01.633 T:30404   error <general>: Skipped 1 duplicate messages..
2026-04-13 20:36:01.633 T:30404   error <general>: ffmpeg[0x56470304de70]: [mjpeg] mjpeg: unsupported coding type (c5)
2026-04-13 20:36:01.633 T:30404   debug <general>: ffmpeg[0x56470304de70]: [mjpeg] No JPEG data found in image
2026-04-13 20:36:01.633 T:30404   debug <general>: Error [-1094995529] while decoding frame: Unknown error 1094995529
2026-04-13 20:36:01.633 T:30404   debug <general>: LoadFromFileInternal - Load of https://acdn.sunporno.com/contents/videos_screenshots/89000/89310/324x182/1.jpg failed.
2026-04-13 20:36:01.638 T:30356   debug <general>: ProcessMouse: trying mouse action wheelup
2026-04-13 20:36:01.655 T:30403   debug <general>: Skipped 2 duplicate messages..
2026-04-13 20:36:01.655 T:30403   error <general>: ffmpeg[0x564701c9b730]: [mjpeg] unable to decode APP fields: Invalid data found when processing input
2026-04-13 20:36:01.655 T:30403   debug <general>: ffmpeg[0x564701c9b730]: [mjpeg] Can not process SOS before SOF, skipping
2026-04-13 20:36:01.655 T:30403   error <general>: ffmpeg[0x564701c9b730]: [mjpeg] dqt: len 53650 is too large
2026-04-13 20:36:01.655 T:30403   debug <general>: Error [-1094995529] while decoding frame: Unknown error 1094995529
2026-04-13 20:36:01.655 T:30403   debug <general>: LoadFromFileInternal - Load of https://acdn.sunporno.com/contents/videos_screenshots/76000/76842/324x182/1.jpg failed.
2026-04-13 20:36:01.661 T:30356   debug <general>: ProcessMouse: trying mouse action wheelup
2026-04-13 20:36:01.686 T:30405   debug <general>: Skipped 4 duplicate messages..
2026-04-13 20:36:01.686 T:30405   error <general>: ffmpeg[0x564702ebdb40]: [mjpeg] unable to decode APP fields: Invalid data found when processing input
2026-04-13 20:36:01.686 T:30455   error <general>: ffmpeg[0x564703b00f50]: [mjpeg] mjpeg: unsupported coding type (cb)
2026-04-13 20:36:01.686 T:30405   debug <general>: ffmpeg[0x564702ebdb40]: [mjpeg] Found EOI before any SOF, ignoring
2026-04-13 20:36:01.686 T:30405   error <general>: ffmpeg[0x564702ebdb40]: [mjpeg] unable to decode APP fields: Invalid data found when processing input
2026-04-13 20:36:01.686 T:30455   error <general>: ffmpeg[0x564703b00f50]: [mjpeg] mjpeg: unsupported coding type (ca)
2026-04-13 20:36:01.686 T:30405   error <general>: ffmpeg[0x564702ebdb40]: [mjpeg] unable to decode APP fields: Invalid data found when processing input
2026-04-13 20:36:01.686 T:30455   error <general>: ffmpeg[0x564703b00f50]: [mjpeg] dht: len 25341 is too large
2026-04-13 20:36:01.686 T:30455   error <general>: ffmpeg[0x564703b00f50]: [mjpeg] huffman table decode error
2026-04-13 20:36:01.686 T:30405   debug <general>: ffmpeg[0x564702ebdb40]: [mjpeg] Found EOI before any SOF, ignoring
2026-04-13 20:36:01.686 T:30455   debug <general>: Error [-1094995529] while decoding frame: Unknown error 1094995529
2026-04-13 20:36:01.686 T:30455   debug <general>: LoadFromFileInternal - Load of https://acdn.sunporno.com/contents/videos_screenshots/14000/14519/324x182/1.jpg failed.
2026-04-13 20:36:01.686 T:30405   error <general>: ffmpeg[0x564702ebdb40]: [mjpeg] unable to decode APP fields: Invalid data found when processing input
2026-04-13 20:36:01.686 T:30405   error <general>: Skipped 1 duplicate messages..
2026-04-13 20:36:01.686 T:30405   debug <general>: ffmpeg[0x564702ebdb40]: [mjpeg] No JPEG data found in image
2026-04-13 20:36:01.686 T:30405   debug <general>: Error [-1094995529] while decoding frame: Unknown error 1094995529
2026-04-13 20:36:01.686 T:30405   debug <general>: LoadFromFileInternal - Load of https://acdn.sunporno.com/contents/videos_screenshots/17000/17448/324x182/4.jpg failed.
2026-04-13 20:36:01.694 T:30356   debug <general>: ProcessMouse: trying mouse action wheelup
2026-04-13 20:36:02.437 T:30404   debug <general>: Skipped 10 duplicate messages..
2026-04-13 20:36:02.437 T:30404   debug <general>: CCurlFile::GetMimeType - <https://acdn.sunporno.com/contents/videos_screenshots/91000/91102/324x182/1.jpg> -> image/jpeg
2026-04-13 20:36:02.437 T:30404   debug <general>: CurlFile::Open - <https://acdn.sunporno.com/contents/videos_screenshots/91000/91102/324x182/1.jpg>
2026-04-13 20:36:02.479 T:30455   debug <general>: CCurlFile::GetMimeType - <https://acdn.sunporno.com/contents/videos_screenshots/3000/3159/324x182/2.jpg> -> image/jpeg
2026-04-13 20:36:02.479 T:30455   debug <general>: CurlFile::Open - <https://acdn.sunporno.com/contents/videos_screenshots/3000/3159/324x182/2.jpg>
2026-04-13 20:36:02.521 T:30403   debug <general>: CCurlFile::GetMimeType - <https://acdn.sunporno.com/contents/videos_screenshots/94000/94460/324x182/1.jpg> -> image/jpeg
2026-04-13 20:36:02.521 T:30403   debug <general>: CurlFile::Open - <https://acdn.sunporno.com/contents/videos_screenshots/94000/94460/324x182/1.jpg>
2026-04-13 20:36:02.559 T:30404   error <general>: ffmpeg[0x56470304de70]: [mjpeg] unable to decode APP fields: Invalid data found when processing input
2026-04-13 20:36:02.559 T:30404   error <general>: ffmpeg[0x56470304de70]: [mjpeg] bits 221 is invalid
2026-04-13 20:36:02.559 T:30404   debug <general>: Error [-1094995529] while decoding frame: Unknown error 1094995529
2026-04-13 20:36:02.559 T:30404   debug <general>: LoadFromFileInternal - Load of https://acdn.sunporno.com/contents/videos_screenshots/91000/91102/324x182/1.jpg failed.
2026-04-13 20:36:02.560 T:30405   debug <general>: CTextureCache::CacheImage - Return NULL texture because cache is not ready
2026-04-13 20:36:02.609 T:30455   error <general>: ffmpeg[0x564703b00f50]: [mjpeg] unable to decode APP fields: Invalid data found when processing input
2026-04-13 20:36:02.609 T:30455   debug <general>: ffmpeg[0x564703b00f50]: [mjpeg] Can not process SOS before SOF, skipping
2026-04-13 20:36:02.609 T:30455   error <general>: ffmpeg[0x564703b00f50]: [mjpeg] bits 255 is invalid
2026-04-13 20:36:02.609 T:30455   debug <general>: Error [-1094995529] while decoding frame: Unknown error 1094995529
2026-04-13 20:36:02.609 T:30455   debug <general>: LoadFromFileInternal - Load of https://acdn.sunporno.com/contents/videos_screenshots/3000/3159/324x182/2.jpg failed.
2026-04-13 20:36:02.650 T:30403   error <general>: ffmpeg[0x564701c9b730]: [mjpeg] invalid id 253
2026-04-13 20:36:02.650 T:30403   debug <general>: Error [-1094995529] while decoding frame: Unknown error 1094995529
2026-04-13 20:36:02.650 T:30403   debug <general>: LoadFromFileInternal - Load of https://acdn.sunporno.com/contents/videos_screenshots/94000/94460/324x182/1.jpg failed.
2026-04-13 20:36:03.415 T:30356   debug <general>: ProcessMouse: trying mouse action leftclick
2026-04-13 20:36:03.416 T:30356   debug <general>: CGUIMediaWindow::GetDirectory (plugin://plugin.video.cumination/?channel=None&keyword&mode=sunporno.List&name=%5bCOLOR%20yellow%5dRecent%5b%2fCOLOR%5d&page=None&section=None&url=https%3a%2f%2fwww.sunporno.com%2frecent%2f)
2026-04-13 20:36:03.416 T:30356   debug <general>:   ParentPath = [plugin://plugin.video.cumination/?channel=None&keyword&mode=sunporno.Main&name=%5bCOLOR%20yellow%5dSunPorno%5b%2fCOLOR%5d&page=None&section=None&url=https%3a%2f%2fwww.sunporno.com%2f]
2026-04-13 20:36:03.416 T:30547   debug <general>: Thread waiting start, auto delete: false
2026-04-13 20:36:03.429 T:30455   debug <general>: CAddonDatabase::SetLastUsed[plugin.video.cumination] took 13 ms
2026-04-13 20:36:03.429 T:30547   debug <general>: CScriptRunner: running add-on script Cumination('plugin://plugin.video.cumination/', '5', '?channel=None&keyword&mode=sunporno.List&name=%5bCOLOR%20yellow%5dRecent%5b%2fCOLOR%5d&page=None&section=None&url=https%3a%2f%2fwww.sunporno.com%2frecent%2f')
2026-04-13 20:36:03.429 T:30548   debug <general>: Thread LanguageInvoker start, auto delete: false
2026-04-13 20:36:03.429 T:30548   debug <general>: initializing python engine.
2026-04-13 20:36:03.430 T:30548   debug <general>: CPythonInvoker(7, /home/rpeters1428/.kodi/addons/plugin.video.cumination/default.py): start processing
2026-04-13 20:36:03.439 T:30548   debug <general>: -->Python Interpreter Initialized<--
2026-04-13 20:36:03.439 T:30548   debug <general>: 
                                                   
2026-04-13 20:36:03.439 T:30548   debug <general>: CPythonInvoker(7, /home/rpeters1428/.kodi/addons/plugin.video.cumination/default.py): the source file to load is "/home/rpeters1428/.kodi/addons/plugin.video.cumination/default.py"
2026-04-13 20:36:03.439 T:30548   debug <general>: CPythonInvoker(7): full python path:
2026-04-13 20:36:03.439 T:30548   debug <general>: CPythonInvoker(7):   custom python path:
2026-04-13 20:36:03.439 T:30548   debug <general>: CPythonInvoker(7):     /home/rpeters1428/.kodi/addons/plugin.video.cumination
2026-04-13 20:36:03.439 T:30548   debug <general>: CPythonInvoker(7):     /home/rpeters1428/.kodi/addons/script.common.plugin.cache/resources/lib/storage_server/
2026-04-13 20:36:03.439 T:30548   debug <general>: CPythonInvoker(7):     /home/rpeters1428/.kodi/addons/script.module.beautifulsoup4/lib
2026-04-13 20:36:03.439 T:30548   debug <general>: CPythonInvoker(7):     /home/rpeters1428/.kodi/addons/script.module.certifi/lib
2026-04-13 20:36:03.439 T:30548   debug <general>: CPythonInvoker(7):     /home/rpeters1428/.kodi/addons/script.module.chardet/lib
2026-04-13 20:36:03.439 T:30548   debug <general>: CPythonInvoker(7):     /home/rpeters1428/.kodi/addons/script.module.idna/lib
2026-04-13 20:36:03.439 T:30548   debug <general>: CPythonInvoker(7):     /home/rpeters1428/.kodi/addons/script.module.inputstreamhelper/lib
2026-04-13 20:36:03.439 T:30548   debug <general>: CPythonInvoker(7):     /home/rpeters1428/.kodi/addons/script.module.kodi-six/libs
2026-04-13 20:36:03.439 T:30548   debug <general>: CPythonInvoker(7):     /home/rpeters1428/.kodi/addons/script.module.requests/lib
2026-04-13 20:36:03.439 T:30548   debug <general>: CPythonInvoker(7):     /home/rpeters1428/.kodi/addons/script.module.resolveurl.xxx/lib
2026-04-13 20:36:03.439 T:30548   debug <general>: CPythonInvoker(7):     /home/rpeters1428/.kodi/addons/script.module.resolveurl/lib
2026-04-13 20:36:03.439 T:30548   debug <general>: CPythonInvoker(7):     /home/rpeters1428/.kodi/addons/script.module.six/lib
2026-04-13 20:36:03.439 T:30548   debug <general>: CPythonInvoker(7):     /home/rpeters1428/.kodi/addons/script.module.soupsieve/lib
2026-04-13 20:36:03.439 T:30548   debug <general>: CPythonInvoker(7):     /home/rpeters1428/.kodi/addons/script.module.urllib3/lib
2026-04-13 20:36:03.439 T:30548   debug <general>: CPythonInvoker(7):     /home/rpeters1428/.kodi/addons/script.module.websocket/lib
2026-04-13 20:36:03.439 T:30548   debug <general>: CPythonInvoker(7):   default python path:
2026-04-13 20:36:03.439 T:30548   debug <general>: CPythonInvoker(7):     /usr/lib/python314.zip
2026-04-13 20:36:03.439 T:30548   debug <general>: CPythonInvoker(7):     /usr/lib/python3.14
2026-04-13 20:36:03.439 T:30548   debug <general>: CPythonInvoker(7):     /usr/lib/python3.14/lib-dynload
2026-04-13 20:36:03.439 T:30548   debug <general>: CPythonInvoker(7):     /usr/lib/python3.14/site-packages
2026-04-13 20:36:03.439 T:30548   debug <general>: CPythonInvoker(7): adding args:
2026-04-13 20:36:03.439 T:30548   debug <general>: CPythonInvoker(7):  plugin://plugin.video.cumination/
2026-04-13 20:36:03.439 T:30548   debug <general>: CPythonInvoker(7):  5
2026-04-13 20:36:03.439 T:30548   debug <general>: CPythonInvoker(7):  ?channel=None&keyword&mode=sunporno.List&name=%5bCOLOR%20yellow%5dRecent%5b%2fCOLOR%5d&page=None&section=None&url=https%3a%2f%2fwww.sunporno.com%2frecent%2f
2026-04-13 20:36:03.439 T:30548   debug <general>: CPythonInvoker(7):  resume:false
2026-04-13 20:36:03.439 T:30548   debug <general>: CPythonInvoker(7, /home/rpeters1428/.kodi/addons/plugin.video.cumination/default.py): entering source directory /home/rpeters1428/.kodi/addons/plugin.video.cumination
2026-04-13 20:36:03.439 T:30548   debug <general>: CPythonInvoker(7, /home/rpeters1428/.kodi/addons/plugin.video.cumination/default.py): instantiating addon using automatically obtained id of "plugin.video.cumination" dependent on version 3.0.0 of the xbmc.python api
2026-04-13 20:36:03.476 T:30548   debug <CAddonSettings[0@plugin.video.cumination]>: trying to load setting definitions from old format...
2026-04-13 20:36:03.476 T:30548   debug <CSettingsManager>: requested setting (changelog_seen_version) was not found.
2026-04-13 20:36:03.476 T:30548   debug <CSettingsManager>: requested setting (cuminationage) was not found.
2026-04-13 20:36:03.476 T:30548   debug <CSettingsManager>: requested setting (current_ua) was not found.
2026-04-13 20:36:03.476 T:30548   debug <CSettingsManager>: requested setting (last_ua_create) was not found.
2026-04-13 20:36:03.516 T:30356   debug <general>: ------ Window Init (DialogBusy.xml) ------
2026-04-13 20:36:03.549 T:30548   debug <CSettingsManager>: requested setting (cblogged) was not found.
2026-04-13 20:36:03.667 T:30548   debug <CSettingsManager>: requested setting (spankbang_quality) was not found.
2026-04-13 20:36:03.667 T:30548   debug <CSettingsManager>: requested setting (spankbang_length) was not found.
2026-04-13 20:36:03.672 T:30548   debug <CSettingsManager>: requested setting (tahlogged) was not found.
2026-04-13 20:36:03.674 T:30548   debug <CSettingsManager>: requested setting (htvlogged) was not found.
2026-04-13 20:36:03.682 T:30548   debug <CSettingsManager>: requested setting (whlogged) was not found.
2026-04-13 20:36:03.685 T:30548   debug <CSettingsManager>: requested setting (ptlogged) was not found.
2026-04-13 20:36:03.685 T:30548   debug <CSettingsManager>: requested setting (ptlength) was not found.
2026-04-13 20:36:03.692 T:30548   debug <CSettingsManager>: requested setting (xflogged) was not found.
2026-04-13 20:36:03.701 T:30548   debug <CSettingsManager>: requested setting (jblogged) was not found.
2026-04-13 20:36:03.703 T:30548   debug <CSettingsManager>: requested setting (pincode) was not found.
2026-04-13 20:36:03.703 T:30548   debug <CSettingsManager>: requested setting (logintime) was not found.
2026-04-13 20:36:04.420 T:30548   debug <general>: CPythonInvoker(7, /home/rpeters1428/.kodi/addons/plugin.video.cumination/default.py): script aborted
2026-04-13 20:36:04.420 T:30548   debug <general>: onExecutionDone(7, /home/rpeters1428/.kodi/addons/plugin.video.cumination/default.py)
2026-04-13 20:36:04.420 T:30548   debug <general>: .
2026-04-13 20:36:04.478 T:30548   debug <general>: Skipped 2 duplicate messages..
2026-04-13 20:36:04.478 T:30548   debug <general>: Python interpreter stopped
2026-04-13 20:36:04.478 T:30548   debug <general>: Thread LanguageInvoker 140139607090880 terminating
2026-04-13 20:36:04.495 T:30547   error <general>: GetDirectory - Error getting plugin://plugin.video.cumination/?channel=None&keyword&mode=sunporno.List&name=%5bCOLOR%20yellow%5dRecent%5b%2fCOLOR%5d&page=None&section=None&url=https%3a%2f%2fwww.sunporno.com%2frecent%2f
2026-04-13 20:36:04.495 T:30547   debug <general>: Thread waiting 140138932958912 terminating
2026-04-13 20:36:04.497 T:30356   debug <general>: ------ Window Deinit (DialogBusy.xml) ------
2026-04-13 20:36:04.508 T:30356   error <general>: CGUIMediaWindow::GetDirectory(plugin://plugin.video.cumination/?channel=None&keyword&mode=sunporno.List&name=%5bCOLOR%20yellow%5dRecent%5b%2fCOLOR%5d&page=None&section=None&url=https%3a%2f%2fwww.sunporno.com%2frecent%2f) failed
2026-04-13 20:36:04.508 T:30356   debug <general>: CGUIMediaWindow::GetDirectory (plugin://plugin.video.cumination/?channel=None&keyword&mode=sunporno.Main&name=%5bCOLOR%20yellow%5dSunPorno%5b%2fCOLOR%5d&page=None&section=None&url=https%3a%2f%2fwww.sunporno.com%2f)
2026-04-13 20:36:04.508 T:30356   debug <general>:   ParentPath = [plugin://plugin.video.cumination/?channel=None&keyword&mode=main.site_list&name=%5bCOLOR%20white%5dSites%5b%2fCOLOR%5d&page&section=None&url]
2026-04-13 20:36:04.509 T:30356   debug <general>: Loading items: 14, directory: plugin://plugin.video.cumination/?channel=None&keyword&mode=sunporno.Main&name=%5bCOLOR%20yellow%5dSunPorno%5b%2fCOLOR%5d&page=None&section=None&url=https%3a%2f%2fwww.sunporno.com%2f sort method: 0, ascending: false
2026-04-13 20:36:04.522 T:30403   debug <general>: CAddonDatabase::SetLastUsed[plugin.video.cumination] took 13 ms
2026-04-13 20:36:04.523 T:30549   debug <general>: Thread BackgroundLoader start, auto delete: false
2026-04-13 20:36:04.523 T:30356   debug <general>: [threads] name: 'BackgroundLoader' priority: '1'
2026-04-13 20:36:04.524 T:30549   debug <general>: Thread BackgroundLoader 140139145721536 terminating
2026-04-13 20:36:08.225 T:30396   debug <general>: Presentation: Frame was discarded by compositor
2026-04-13 20:36:08.452 T:30356   debug <general>: ------ Window Deinit (Pointer.xml) ------
2026-04-13 20:36:10.740 T:30396   debug <general>: Presentation: Frame was discarded by compositor
2026-04-13 20:36:20.594 T:30356   debug <general>: Skipped 6 duplicate messages..
2026-04-13 20:36:20.594 T:30356   debug <general>: SECTION:UnloadDelayed(DLL: special://xbmcbin/system/libsse4-x86_64-linux.so)
2026-04-13 20:36:27.207 T:30356   debug <general>: CheckIdle - Closing session to https://ip396430883.ahcdn.com (easy=0x7f7498aa1a00, multi=0x7f74e011b910)
2026-04-13 20:36:28.216 T:30356   debug <general>: CheckIdle - Closing session to https://www.sunporno.com (easy=0x564703b6ea80, multi=0x7f7498bee7a0)
2026-04-13 20:36:28.788 T:30396   debug <general>: Presentation: Frame was discarded by compositor
2026-04-13 20:36:31.838 T:30356   debug <general>: Skipped 2 duplicate messages..
2026-04-13 20:36:31.838 T:30356   debug <general>: CheckIdle - Closing session to https://acdn.sunporno.com (easy=0x7f74b8037ca0, multi=0x7f74b8b6aa00)
2026-04-13 20:36:31.937 T:30396   debug <general>: Presentation: Frame was discarded by compositor
2026-04-13 20:36:32.899 T:30356   debug <general>: CheckIdle - Closing session to https://acdn.sunporno.com (easy=0x7f74e44ecce0, multi=0x7f74e42e49e0)
2026-04-13 20:36:32.900 T:30356   debug <general>: CheckIdle - Closing session to https://acdn.sunporno.com (easy=0x7f74b817f320, multi=0x7f74e0144610)
2026-04-13 20:36:32.902 T:30356   debug <general>: CheckIdle - Closing session to https://acdn.sunporno.com (easy=0x7f74ec4d0e80, multi=0x7f74ec2c8070)
2026-04-13 20:36:34.522 T:30405   debug <general>: Thread JobWorker 140140571854528 terminating (autodelete)
2026-04-13 20:36:34.522 T:30403   debug <general>: Thread JobWorker 140140588639936 terminating (autodelete)
2026-04-13 20:36:34.522 T:30455   debug <general>: Thread JobWorker 140138924308160 terminating (autodelete)
2026-04-13 20:36:34.522 T:30404   debug <general>: Thread JobWorker 140140580247232 terminating (autodelete)
2026-04-13 20:36:35.599 T:30396   debug <general>: Presentation: Frame was discarded by compositor
2026-04-13 20:36:48.495 T:30396   debug <general>: Skipped 2 duplicate messages..
2026-04-13 20:36:48.495 T:30396   debug <general>: Presentation: Frame was discarded by compositor
2026-04-13 20:36:50.165 T:30356   debug <general>: Skipped 1 duplicate messages..
2026-04-13 20:36:50.165 T:30356   debug <general>: ------ Window Init (Pointer.xml) ------
2026-04-13 20:36:50.511 T:30557   debug <general>: Thread JobWorker start, auto delete: true
2026-04-13 20:36:50.511 T:30557   debug <general>: [threads] name: 'JobWorker' priority: '1'
2026-04-13 20:36:50.567 T:30557   debug <general>: easy_acquire - Created session to https://acdn.sunporno.com
2026-04-13 20:36:50.969 T:30557   debug <general>: CCurlFile::GetMimeType - <https://acdn.sunporno.com/contents/videos_screenshots/56000/56963/324x182/3.jpg> -> image/jpeg
2026-04-13 20:36:50.969 T:30557   debug <general>: CurlFile::Open - <https://acdn.sunporno.com/contents/videos_screenshots/56000/56963/324x182/3.jpg>
2026-04-13 20:36:51.311 T:30557   error <general>: ffmpeg[0x7f74e45dada0]: [mjpeg] bits 155 is invalid
2026-04-13 20:36:51.311 T:30557   debug <general>: Error [-1094995529] while decoding frame: Unknown error 1094995529
2026-04-13 20:36:51.311 T:30557   debug <general>: LoadFromFileInternal - Load of https://acdn.sunporno.com/contents/videos_screenshots/56000/56963/324x182/3.jpg failed.
2026-04-13 20:36:51.876 T:30557   debug <general>: CCurlFile::GetMimeType - <https://acdn.sunporno.com/contents/videos_screenshots/3000/3159/324x182/2.jpg> -> image/jpeg
2026-04-13 20:36:51.876 T:30557   debug <general>: CurlFile::Open - <https://acdn.sunporno.com/contents/videos_screenshots/3000/3159/324x182/2.jpg>
2026-04-13 20:36:51.980 T:30356   debug <general>: ProcessMouse: trying mouse action wheeldown
2026-04-13 20:36:51.981 T:30561   debug <general>: Thread JobWorker start, auto delete: true
2026-04-13 20:36:51.981 T:30561   debug <general>: [threads] name: 'JobWorker' priority: '1'
2026-04-13 20:36:51.981 T:30561   debug <general>: easy_acquire - Created session to https://acdn.sunporno.com
2026-04-13 20:36:51.991 T:30356   debug <general>: ProcessMouse: trying mouse action wheeldown
2026-04-13 20:36:51.991 T:30563   debug <general>: Skipped 1 duplicate messages..
2026-04-13 20:36:51.991 T:30563   debug <general>: Thread JobWorker start, auto delete: true
2026-04-13 20:36:51.991 T:30563   debug <general>: [threads] name: 'JobWorker' priority: '1'
2026-04-13 20:36:51.992 T:30563   debug <general>: easy_acquire - Created session to https://acdn.sunporno.com
2026-04-13 20:36:52.003 T:30356   debug <general>: ProcessMouse: trying mouse action wheeldown
2026-04-13 20:36:52.003 T:30565   debug <general>: Thread JobWorker start, auto delete: true
2026-04-13 20:36:52.003 T:30565   debug <general>: [threads] name: 'JobWorker' priority: '1'
2026-04-13 20:36:52.003 T:30565   debug <general>: easy_acquire - Created session to https://acdn.sunporno.com
2026-04-13 20:36:52.012 T:30356   debug <general>: ProcessMouse: trying mouse action wheeldown
2026-04-13 20:36:52.014 T:30557   debug <general>: Skipped 1 duplicate messages..
2026-04-13 20:36:52.014 T:30557   error <general>: ffmpeg[0x7f74e45dada0]: [mjpeg] unable to decode APP fields: Invalid data found when processing input
2026-04-13 20:36:52.014 T:30557   debug <general>: ffmpeg[0x7f74e45dada0]: [mjpeg] Can not process SOS before SOF, skipping
2026-04-13 20:36:52.014 T:30557   error <general>: ffmpeg[0x7f74e45dada0]: [mjpeg] bits 255 is invalid
2026-04-13 20:36:52.014 T:30557   debug <general>: Error [-1094995529] while decoding frame: Unknown error 1094995529
2026-04-13 20:36:52.014 T:30557   debug <general>: LoadFromFileInternal - Load of https://acdn.sunporno.com/contents/videos_screenshots/3000/3159/324x182/2.jpg failed.
2026-04-13 20:36:52.025 T:30356   debug <general>: ProcessMouse: trying mouse action wheeldown
2026-04-13 20:36:52.324 T:30356   debug <general>: Skipped 20 duplicate messages..
2026-04-13 20:36:52.324 T:30356   debug <general>: ProcessMouse: trying mouse action wheelup
2026-04-13 20:36:52.351 T:30565   debug <general>: CCurlFile::GetMimeType - <https://acdn.sunporno.com/contents/videos_screenshots/17000/17448/324x182/4.jpg> -> image/jpeg
2026-04-13 20:36:52.351 T:30565   debug <general>: CurlFile::Open - <https://acdn.sunporno.com/contents/videos_screenshots/17000/17448/324x182/4.jpg>
2026-04-13 20:36:52.386 T:30561   debug <general>: CCurlFile::GetMimeType - <https://acdn.sunporno.com/contents/videos_screenshots/91000/91102/324x182/1.jpg> -> image/jpeg
2026-04-13 20:36:52.386 T:30561   debug <general>: CurlFile::Open - <https://acdn.sunporno.com/contents/videos_screenshots/91000/91102/324x182/1.jpg>
2026-04-13 20:36:52.395 T:30563   debug <general>: CCurlFile::GetMimeType - <https://acdn.sunporno.com/contents/videos_screenshots/12000/12012/324x182/1.jpg> -> image/jpeg
2026-04-13 20:36:52.395 T:30563   debug <general>: CurlFile::Open - <https://acdn.sunporno.com/contents/videos_screenshots/12000/12012/324x182/1.jpg>
2026-04-13 20:36:52.401 T:30557   debug <general>: CCurlFile::GetMimeType - <https://acdn.sunporno.com/contents/videos_screenshots/76000/76842/324x182/1.jpg> -> image/jpeg
2026-04-13 20:36:52.401 T:30557   debug <general>: CurlFile::Open - <https://acdn.sunporno.com/contents/videos_screenshots/76000/76842/324x182/1.jpg>
2026-04-13 20:36:52.527 T:30557   error <general>: ffmpeg[0x7f74e45dada0]: [mjpeg] unable to decode APP fields: Invalid data found when processing input
2026-04-13 20:36:52.527 T:30557   debug <general>: ffmpeg[0x7f74e45dada0]: [mjpeg] Can not process SOS before SOF, skipping
2026-04-13 20:36:52.527 T:30557   error <general>: ffmpeg[0x7f74e45dada0]: [mjpeg] dqt: len 53650 is too large
2026-04-13 20:36:52.527 T:30557   debug <general>: Error [-1094995529] while decoding frame: Unknown error 1094995529
2026-04-13 20:36:52.527 T:30557   debug <general>: LoadFromFileInternal - Load of https://acdn.sunporno.com/contents/videos_screenshots/76000/76842/324x182/1.jpg failed.
2026-04-13 20:36:52.739 T:30565   error <general>: ffmpeg[0x7f7498a10f70]: [mjpeg] unable to decode APP fields: Invalid data found when processing input
2026-04-13 20:36:52.739 T:30565   debug <general>: ffmpeg[0x7f7498a10f70]: [mjpeg] Found EOI before any SOF, ignoring
2026-04-13 20:36:52.739 T:30565   error <general>: ffmpeg[0x7f7498a10f70]: [mjpeg] unable to decode APP fields: Invalid data found when processing input
2026-04-13 20:36:52.739 T:30565   error <general>: Skipped 1 duplicate messages..
2026-04-13 20:36:52.739 T:30565   debug <general>: ffmpeg[0x7f7498a10f70]: [mjpeg] Found EOI before any SOF, ignoring
2026-04-13 20:36:52.739 T:30565   error <general>: ffmpeg[0x7f7498a10f70]: [mjpeg] unable to decode APP fields: Invalid data found when processing input
2026-04-13 20:36:52.739 T:30565   error <general>: Skipped 1 duplicate messages..
2026-04-13 20:36:52.739 T:30565   debug <general>: ffmpeg[0x7f7498a10f70]: [mjpeg] No JPEG data found in image
2026-04-13 20:36:52.739 T:30565   debug <general>: Error [-1094995529] while decoding frame: Unknown error 1094995529
2026-04-13 20:36:52.739 T:30565   debug <general>: LoadFromFileInternal - Load of https://acdn.sunporno.com/contents/videos_screenshots/17000/17448/324x182/4.jpg failed.
2026-04-13 20:36:52.755 T:30561   error <general>: ffmpeg[0x7f74ec054450]: [mjpeg] unable to decode APP fields: Invalid data found when processing input
2026-04-13 20:36:52.756 T:30561   error <general>: ffmpeg[0x7f74ec054450]: [mjpeg] bits 221 is invalid
2026-04-13 20:36:52.756 T:30561   debug <general>: Error [-1094995529] while decoding frame: Unknown error 1094995529
2026-04-13 20:36:52.756 T:30561   debug <general>: LoadFromFileInternal - Load of https://acdn.sunporno.com/contents/videos_screenshots/91000/91102/324x182/1.jpg failed.
2026-04-13 20:36:52.756 T:30563   error <general>: ffmpeg[0x7f7498199870]: [mjpeg] unable to decode APP fields: Invalid data found when processing input
2026-04-13 20:36:52.756 T:30563   debug <general>: Error [-1094995529] while decoding frame: Unknown error 1094995529
2026-04-13 20:36:52.756 T:30563   debug <general>: LoadFromFileInternal - Load of https://acdn.sunporno.com/contents/videos_screenshots/12000/12012/324x182/1.jpg failed.
2026-04-13 20:36:52.993 T:30356   debug <general>: ProcessMouse: trying mouse action wheeldown
2026-04-13 20:36:53.236 T:30557   debug <general>: Skipped 24 duplicate messages..
2026-04-13 20:36:53.236 T:30557   debug <general>: CCurlFile::GetMimeType - <https://acdn.sunporno.com/contents/videos_screenshots/89000/89310/324x182/1.jpg> -> image/jpeg
2026-04-13 20:36:53.237 T:30557   debug <general>: CurlFile::Open - <https://acdn.sunporno.com/contents/videos_screenshots/89000/89310/324x182/1.jpg>
2026-04-13 20:36:53.336 T:30557   error <general>: ffmpeg[0x7f74e45dada0]: [mjpeg] mjpeg: unsupported coding type (cf)
2026-04-13 20:36:53.336 T:30557   error <general>: ffmpeg[0x7f74e45dada0]: [mjpeg] unable to decode APP fields: Invalid data found when processing input
2026-04-13 20:36:53.336 T:30557   error <general>: Skipped 1 duplicate messages..
2026-04-13 20:36:53.336 T:30557   error <general>: ffmpeg[0x7f74e45dada0]: [mjpeg] mjpeg: unsupported coding type (c5)
2026-04-13 20:36:53.336 T:30557   debug <general>: ffmpeg[0x7f74e45dada0]: [mjpeg] No JPEG data found in image
2026-04-13 20:36:53.336 T:30557   debug <general>: Error [-1094995529] while decoding frame: Unknown error 1094995529
2026-04-13 20:36:53.336 T:30557   debug <general>: LoadFromFileInternal - Load of https://acdn.sunporno.com/contents/videos_screenshots/89000/89310/324x182/1.jpg failed.
2026-04-13 20:36:55.071 T:30396   debug <general>: Presentation: Frame was discarded by compositor
2026-04-13 20:36:56.705 T:30369   debug <general>: CPipewireStream::Drained
2026-04-13 20:36:56.705 T:30369   debug <general>: CPipewireStream::StateChanged - stream state changed streaming -> paused
2026-04-13 20:36:56.705 T:30369   debug <general>: CPipewireNode::Info - node 51 changed
2026-04-13 20:36:57.120 T:30396   debug <general>: Presentation: Frame was discarded by compositor
2026-04-13 20:36:58.223 T:30356   debug <general>: Skipped 1 duplicate messages..
2026-04-13 20:36:58.223 T:30356   debug <general>: ------ Window Deinit (Pointer.xml) ------
2026-04-13 20:36:58.321 T:30396   debug <general>: Presentation: Frame was discarded by compositor
2026-04-13 20:37:01.707 T:30369   debug <general>: Skipped 2 duplicate messages..
2026-04-13 20:37:01.707 T:30369   debug <general>: CPipewireNode::Info - node 51 changed
2026-04-13 20:37:02.517 T:30396   debug <general>: Skipped 3 duplicate messages..
2026-04-13 20:37:02.517 T:30396   debug <general>: Presentation: Frame was discarded by compositor
2026-04-13 20:37:06.713 T:30369   debug <general>: Skipped 4 duplicate messages..
2026-04-13 20:37:06.713 T:30369   debug <general>: CPipewireNode::Info - node 51 changed
2026-04-13 20:37:06.747 T:30396   debug <general>: Presentation: Frame was discarded by compositor
2026-04-13 20:37:17.039 T:30396   debug <general>: Skipped 7 duplicate messages..
2026-04-13 20:37:17.039 T:30396   debug <general>: Presentation: Frame was discarded by compositor
2026-04-13 20:37:22.823 T:30356   debug <general>: Skipped 5 duplicate messages..
2026-04-13 20:37:22.823 T:30356   debug <general>: CheckIdle - Closing session to https://acdn.sunporno.com (easy=0x7f74e4558eb0, multi=0x7f74e4238b30)
2026-04-13 20:37:22.825 T:30356   debug <general>: CheckIdle - Closing session to https://acdn.sunporno.com (easy=0x7f74efd153a0, multi=0x7f74ec1b04f0)
2026-04-13 20:37:22.826 T:30356   debug <general>: CheckIdle - Closing session to https://acdn.sunporno.com (easy=0x7f74b8c65d40, multi=0x7f74b8c854b0)
2026-04-13 20:37:22.994 T:30565   debug <general>: Thread JobWorker 140138924308160 terminating (autodelete)
2026-04-13 20:37:22.994 T:30563   debug <general>: Thread JobWorker 140140588639936 terminating (autodelete)
2026-04-13 20:37:23.000 T:30561   debug <general>: Thread JobWorker 140140571854528 terminating (autodelete)
2026-04-13 20:37:23.336 T:30557   debug <general>: Thread JobWorker 140140580247232 terminating (autodelete)
2026-04-13 20:37:23.450 T:30396   debug <general>: Presentation: Frame was discarded by compositor
2026-04-13 20:37:23.842 T:30356   debug <general>: CheckIdle - Closing session to https://acdn.sunporno.com (easy=0x7f74e00c3570, multi=0x7f74e01248c0)
2026-04-13 20:37:26.129 T:30396   debug <general>: Presentation: Frame was discarded by compositor
2026-04-13 20:37:36.590 T:30396   debug <general>: Skipped 6 duplicate messages..
2026-04-13 20:37:36.590 T:30396   debug <general>: Presentation: Frame was discarded by compositor
2026-04-13 20:37:46.638 T:30396   debug <general>: Presentation: Frame was discarded by compositor
2026-04-13 20:37:58.088 T:30396   debug <general>: Skipped 1 duplicate messages..
2026-04-13 20:37:58.088 T:30396   debug <general>: Presentation: Frame was discarded by compositor
2026-04-13 20:38:13.077 T:30396   debug <general>: Skipped 5 duplicate messages..
2026-04-13 20:38:13.077 T:30396   debug <general>: Presentation: Frame was discarded by compositor
2026-04-13 20:38:29.201 T:30396   debug <general>: Skipped 3 duplicate messages..
2026-04-13 20:38:29.201 T:30396   debug <general>: Presentation: Frame was discarded by compositor
2026-04-13 20:38:39.405 T:30396   debug <general>: Skipped 2 duplicate messages..
2026-04-13 20:38:39.405 T:30396   debug <general>: Presentation: Frame was discarded by compositor
2026-04-13 20:38:53.861 T:30396   debug <general>: Skipped 4 duplicate messages..
2026-04-13 20:38:53.861 T:30396   debug <general>: Presentation: Frame was discarded by compositor
2026-04-13 20:39:05.043 T:30396   debug <general>: Skipped 2 duplicate messages..
2026-04-13 20:39:05.043 T:30396   debug <general>: Presentation: Frame was discarded by compositor
2026-04-13 20:39:17.184 T:30396   debug <general>: Skipped 6 duplicate messages..
2026-04-13 20:39:17.184 T:30396   debug <general>: Presentation: Frame was discarded by compositor
2026-04-13 20:39:29.079 T:30396   debug <general>: Skipped 6 duplicate messages..
2026-04-13 20:39:29.079 T:30396   debug <general>: Presentation: Frame was discarded by compositor
2026-04-13 20:39:41.564 T:30396   debug <general>: Skipped 3 duplicate messages..
2026-04-13 20:39:41.564 T:30396   debug <general>: Presentation: Frame was discarded by compositor
2026-04-13 20:39:53.349 T:30396   debug <general>: Skipped 7 duplicate messages..
2026-04-13 20:39:53.349 T:30396   debug <general>: Presentation: Frame was discarded by compositor
2026-04-13 20:39:54.543 T:30656   debug <general>: Thread JobWorker start, auto delete: true
2026-04-13 20:39:54.543 T:30656   debug <general>: [threads] name: 'JobWorker' priority: '1'
2026-04-13 20:39:54.543 T:30656   debug <general>: easy_acquire - Created session to https://acdn.sunporno.com
2026-04-13 20:39:54.544 T:30356   debug <general>: ------ Window Init (Pointer.xml) ------
2026-04-13 20:39:54.562 T:30658   debug <general>: Thread JobWorker start, auto delete: true
2026-04-13 20:39:54.562 T:30658   debug <general>: [threads] name: 'JobWorker' priority: '1'
2026-04-13 20:39:54.562 T:30658   debug <general>: easy_acquire - Created session to https://acdn.sunporno.com
2026-04-13 20:39:55.824 T:30656   debug <general>: CCurlFile::GetMimeType - <https://acdn.sunporno.com/contents/videos_screenshots/12000/12012/324x182/1.jpg> -> image/jpeg
2026-04-13 20:39:55.825 T:30656   debug <general>: CurlFile::Open - <https://acdn.sunporno.com/contents/videos_screenshots/12000/12012/324x182/1.jpg>
2026-04-13 20:39:55.866 T:30658   debug <general>: CCurlFile::GetMimeType - <https://acdn.sunporno.com/contents/videos_screenshots/94000/94460/324x182/1.jpg> -> image/jpeg
2026-04-13 20:39:55.867 T:30658   debug <general>: CurlFile::Open - <https://acdn.sunporno.com/contents/videos_screenshots/94000/94460/324x182/1.jpg>
2026-04-13 20:39:55.994 T:30662   debug <general>: Thread Timer start, auto delete: false
2026-04-13 20:39:56.009 T:30356   debug <general>: Keyboard: scancode: 0x1, sym: 0x1b (escape), unicode: 0x1b, modifier: 0x0
2026-04-13 20:39:56.009 T:30356    info <general>: Loading controller layout: /usr/share/kodi/addons/game.controller.keyboard/resources/layout.xml
2026-04-13 20:39:56.168 T:30662   debug <general>: Thread Timer 140138924308160 terminating
2026-04-13 20:39:56.187 T:30356   debug <general>: Keyboard: scancode: 0x1, sym: 0x1b (escape), unicode: 0x1b, modifier: 0x0
2026-04-13 20:39:56.187 T:30356   debug <general>: HandleKey: escape (0xf01b) pressed, window 10025, action is PreviousMenu
2026-04-13 20:39:56.187 T:30356   debug <general>: CGUIWindowManager::PreviousWindow: Deactivate
2026-04-13 20:39:56.187 T:30402    info <general>: CActiveAESink::OpenSink - initialize sink
2026-04-13 20:39:56.187 T:30402   debug <general>: CActiveAESink::OpenSink - trying to open device Default
2026-04-13 20:39:56.187 T:30402   debug <general>: CActiveAESink::OpenSink - trying to open device PIPEWIRE:Default
2026-04-13 20:39:56.187 T:30402   debug <general>: CPipewireStream::StateChanged - stream state changed unconnected -> connecting
2026-04-13 20:39:56.188 T:30356   debug <general>: ------ Window Deinit (Pointer.xml) ------
2026-04-13 20:39:56.189 T:30402   debug <general>: CAESinkPipewire::Initialize - rate: 44100
2026-04-13 20:39:56.189 T:30402   debug <general>: CAESinkPipewire::Initialize - channels: 2
2026-04-13 20:39:56.189 T:30402   debug <general>: CAESinkPipewire::Initialize - format: f32
2026-04-13 20:39:56.189 T:30402   debug <general>: CAESinkPipewire::Initialize - samplesize: 4
2026-04-13 20:39:56.189 T:30402   debug <general>: CAESinkPipewire::Initialize - framesize: 8
2026-04-13 20:39:56.189 T:30402   debug <general>: CAESinkPipewire::Initialize - latency: 2205/44100 (0.017s)
2026-04-13 20:39:56.189 T:30402   debug <general>: CAESinkPipewire::Initialize - waiting
2026-04-13 20:39:56.190 T:30369   debug <general>: CPipewireStream::StateChanged - stream state changed connecting -> paused
2026-04-13 20:39:56.190 T:30402   debug <general>: CAESinkPipewire::Initialize - initialized
2026-04-13 20:39:56.190 T:30402   debug <general>: CActiveAESink::OpenSink - PIPEWIRE Initialized:
2026-04-13 20:39:56.190 T:30402   debug <general>:   Output Device : Default
2026-04-13 20:39:56.190 T:30402   debug <general>:   Sample Rate   : 44100
2026-04-13 20:39:56.190 T:30402   debug <general>:   Sample Format : AE_FMT_FLOAT
2026-04-13 20:39:56.190 T:30402   debug <general>:   Channel Count : 2
2026-04-13 20:39:56.190 T:30402   debug <general>:   Channel Layout: FL, FR
2026-04-13 20:39:56.191 T:30402   debug <general>:   Frames        : 2205
2026-04-13 20:39:56.191 T:30402   debug <general>:   Frame Size    : 8
2026-04-13 20:39:56.198 T:30369   debug <general>: CPipewireNode::Info - node 51 changed
2026-04-13 20:39:56.199 T:30369   debug <general>: CPipewireStream::StateChanged - stream state changed paused -> streaming
2026-04-13 20:39:56.199 T:30369   debug <general>: CPipewireStream::StateChanged - stream node 84
2026-04-13 20:39:56.201 T:30369   debug <general>: CPipewireNode::Info - node 51 changed
2026-04-13 20:39:56.243 T:30658   debug <general>: Skipped 2 duplicate messages..
2026-04-13 20:39:56.243 T:30658   error <general>: ffmpeg[0x7f74e40b9c60]: [mjpeg] invalid id 253
2026-04-13 20:39:56.243 T:30658   debug <general>: Error [-1094995529] while decoding frame: Unknown error 1094995529
2026-04-13 20:39:56.243 T:30658   debug <general>: LoadFromFileInternal - Load of https://acdn.sunporno.com/contents/videos_screenshots/94000/94460/324x182/1.jpg failed.
2026-04-13 20:39:56.261 T:30656   error <general>: ffmpeg[0x7f74e41f8ff0]: [mjpeg] unable to decode APP fields: Invalid data found when processing input
2026-04-13 20:39:56.261 T:30656   debug <general>: Error [-1094995529] while decoding frame: Unknown error 1094995529
2026-04-13 20:39:56.261 T:30656   debug <general>: LoadFromFileInternal - Load of https://acdn.sunporno.com/contents/videos_screenshots/12000/12012/324x182/1.jpg failed.
2026-04-13 20:39:56.500 T:30356   debug <general>: ------ Window Deinit (MyVideoNav.xml) ------
2026-04-13 20:39:56.500 T:30356   debug <general>: FreeVisualisation() done
2026-04-13 20:39:56.510 T:30356   debug <general>: CGUIWindowManager::PreviousWindow: Activate new
2026-04-13 20:39:56.511 T:30356   debug <general>: ------ Window Init (AddonBrowser.xml) ------
2026-04-13 20:39:56.512 T:30356   debug <general>: CGUIMediaWindow::GetDirectory (addons://repository.dobbelina/xbmc.addon.video)
2026-04-13 20:39:56.512 T:30356   debug <general>:   ParentPath = [addons://repository.dobbelina/xbmc.addon.video]
2026-04-13 20:39:56.512 T:30356   debug <general>: CAddonDatabase: SELECT repo.id FROM repo .. took 0 ms
2026-04-13 20:39:56.512 T:30356   debug <general>: CAddonDatabase: query  SELECT addons.*, repo.addonID AS repoID FROM addons JOIN addonlinkrepo ON addons.id=addonlinkrepo.idAddon JOIN repo ON repo.id=addonlinkrepo.idRepo WHERE addonlinkrepo.idRepo IN (2) ORDER BY repo.addonID, addons.addonID returned 7 rows in 0 ms
2026-04-13 20:39:56.513 T:30356   debug <general>: CAddonDatabase::GetAddons took 0 ms
2026-04-13 20:39:56.513 T:30356   debug <general>: CAddonDatabase: SELECT repo.id FROM repo .. took 0 ms
2026-04-13 20:39:56.517 T:30356   debug <general>: CAddonDatabase: query  SELECT addons.*, repo.addonID AS repoID FROM addons JOIN addonlinkrepo ON addons.id=addonlinkrepo.idAddon JOIN repo ON repo.id=addonlinkrepo.idRepo WHERE addonlinkrepo.idRepo IN (1,2) ORDER BY repo.addonID, addons.addonID returned 798 rows in 3 ms
2026-04-13 20:39:56.533 T:30356   debug <general>: CAddonDatabase::GetAddons took 19 ms
2026-04-13 20:39:56.534 T:30356   debug <general>: CAddonMgr::GetAddonsWithAvailableUpdate took 21 ms
2026-04-13 20:39:56.536 T:30663   debug <general>: Thread BackgroundLoader start, auto delete: false
2026-04-13 20:39:56.536 T:30356   debug <general>: [threads] name: 'BackgroundLoader' priority: '1'
2026-04-13 20:39:56.537 T:30663   debug <general>: Thread BackgroundLoader 140139598698176 terminating
2026-04-13 20:39:57.366 T:30396   debug <general>: Presentation: Frame was discarded by compositor
