2026-02-15 14:50:51.522 T:52690   debug <general>: CAddonMgr::FindAddons: Addon 'metadata.common.fanart.tv' already present with version 3.6.3 at '/usr/share/kodi/addons/metadata.common.fanart.tv/' replaced with version 3.6.5 at '/home/rpeters1428/.kodi/addons/metadata.common.fanart.tv/'
2026-02-15 14:50:51.522 T:52690   debug <general>: CAddonMgr::FindAddons: Addon 'metadata.generic.albums' already present with version 1.0.14 at '/usr/share/kodi/addons/metadata.generic.albums/' replaced with version 1.0.18 at '/home/rpeters1428/.kodi/addons/metadata.generic.albums/'
2026-02-15 14:50:51.522 T:52690   debug <general>: CAddonMgr::FindAddons: Addon 'metadata.themoviedb.org.python' already present with version 1.3.1+matrix.1 at '/usr/share/kodi/addons/metadata.themoviedb.org.python/' replaced with version 3.1.3 at '/home/rpeters1428/.kodi/addons/metadata.themoviedb.org.python/'
2026-02-15 14:50:51.522 T:52690   debug <general>: CAddonMgr::FindAddons: Addon 'metadata.tvshows.themoviedb.org.python' already present with version 1.6.0 at '/usr/share/kodi/addons/metadata.tvshows.themoviedb.org.python/' replaced with version 1.7.4 at '/home/rpeters1428/.kodi/addons/metadata.tvshows.themoviedb.org.python/'
2026-02-15 14:50:51.523 T:52690   debug <general>: CAddonMgr::FindAddons: Addon 'metadata.album.universal' already present with version 3.1.4 at '/usr/share/kodi/addons/metadata.album.universal/' replaced with version 3.1.18 at '/home/rpeters1428/.kodi/addons/metadata.album.universal/'
2026-02-15 14:50:51.523 T:52690   debug <general>: CAddonMgr::FindAddons: Addon 'metadata.artists.universal' already present with version 4.3.3 at '/usr/share/kodi/addons/metadata.artists.universal/' replaced with version 4.3.21 at '/home/rpeters1428/.kodi/addons/metadata.artists.universal/'
2026-02-15 14:50:51.524 T:52690   debug <general>: CAddonMgr::FindAddons: Addon 'service.xbmc.versioncheck' already present with version 0.5.27+matrix.1 at '/usr/share/kodi/addons/service.xbmc.versioncheck/' replaced with version 0.5.30+matrix.1 at '/home/rpeters1428/.kodi/addons/service.xbmc.versioncheck/'
2026-02-15 14:50:51.524 T:52690    info <general>: CAddonMgr::FindAddon: script.module.resolveurl v5.1.193 installed
2026-02-15 14:50:51.538 T:52690   debug <general>: CAddonMgr: script.module.resolveurl successfully loaded
2026-02-15 14:50:51.538 T:52742   debug <general>: ContextMenuManager: addon menus reloaded.
2026-02-15 14:50:51.538 T:52690   debug <general>: LocalizeStrings: loaded 104 strings from file /home/rpeters1428/.kodi/addons/script.module.resolveurl/resources/language/resource.language.en_gb/strings.po
2026-02-15 14:50:51.538 T:52690   debug <general>: ADDONS: dependency [script.module.resolveurl] will not be version checked and unpinned
2026-02-15 14:50:51.546 T:52642   debug <general>: CGUIMediaWindow::GetDirectory (addons://repository.dobbelina/xbmc.addon.video)
2026-02-15 14:50:51.546 T:52642   debug <general>:   ParentPath = [addons://repository.dobbelina/xbmc.addon.video]
2026-02-15 14:50:51.547 T:52758   debug <general>: Thread waiting start, auto delete: false
2026-02-15 14:50:51.547 T:52758   debug <general>: CAddonDatabase: SELECT repo.id FROM repo .. took 0 ms
2026-02-15 14:50:51.548 T:52758   debug <general>: CAddonDatabase: query  SELECT addons.*, repo.addonID AS repoID FROM addons JOIN addonlinkrepo ON addons.id=addonlinkrepo.idAddon JOIN repo ON repo.id=addonlinkrepo.idRepo WHERE addonlinkrepo.idRepo IN (2) ORDER BY repo.addonID, addons.addonID returned 6 rows in 0 ms
2026-02-15 14:50:51.548 T:52758   debug <general>: CAddonDatabase::GetAddons took 0 ms
2026-02-15 14:50:51.549 T:52758   debug <general>: CAddonDatabase: SELECT repo.id FROM repo .. took 0 ms
2026-02-15 14:50:51.554 T:52758   debug <general>: CAddonDatabase: query  SELECT addons.*, repo.addonID AS repoID FROM addons JOIN addonlinkrepo ON addons.id=addonlinkrepo.idAddon JOIN repo ON repo.id=addonlinkrepo.idRepo WHERE addonlinkrepo.idRepo IN (1,2) ORDER BY repo.addonID, addons.addonID returned 790 rows in 5 ms
2026-02-15 14:50:51.574 T:52758   debug <general>: CAddonDatabase::GetAddons took 25 ms
2026-02-15 14:50:51.575 T:52758   debug <general>: CAddonMgr::GetAddonsWithAvailableUpdate took 27 ms
2026-02-15 14:50:51.577 T:52758   debug <general>: Thread waiting 140491098240704 terminating
2026-02-15 14:50:51.578 T:52759   debug <general>: Thread BackgroundLoader start, auto delete: false
2026-02-15 14:50:51.578 T:52642   debug <general>: [threads] name: 'BackgroundLoader' priority: '1'
2026-02-15 14:50:51.579 T:52759   debug <general>: Thread BackgroundLoader 140490928289472 terminating
2026-02-15 14:50:51.741 T:52690   debug <general>: CurlFile::Open - <https://rpeters1430.github.io/repository.dobbelina/script.module.resolveurl.xxx/script.module.resolveurl.xxx-2.1.44.zip>
2026-02-15 14:50:51.787 T:52690   debug <general>: CAddonDatabase: SELECT repo.id FROM repo .. took 0 ms
2026-02-15 14:50:51.789 T:52690   debug <general>: CAddonDatabase: query  SELECT addons.*, repo.addonID AS repoID FROM addons JOIN addonlinkrepo ON addons.id=addonlinkrepo.idAddon JOIN repo ON repo.id=addonlinkrepo.idRepo WHERE addonlinkrepo.idRepo IN (1,2) ORDER BY repo.addonID, addons.addonID returned 790 rows in 2 ms
2026-02-15 14:50:51.804 T:52690   debug <general>: CAddonDatabase::GetAddons took 17 ms
2026-02-15 14:50:51.806 T:52690   debug <general>: Unpacking zip://special%3a%2f%2fhome%2faddons%2fpackages%2fscript.module.resolveurl.xxx-2.1.44.zip/script.module.resolveurl.xxx/ to /home/rpeters1428/.kodi/addons/temp/6c6af900-c3a1-4d09-b012-315891c809a4
2026-02-15 14:50:51.826 T:52690   debug <general>: CAddonInfoBuilder::ParseXMLTypes: Binary addon found: audioencoder.kodi.builtin.aac
2026-02-15 14:50:51.827 T:52690   debug <general>: CAddonInfoBuilder::ParseXMLTypes: Binary addon found: audioencoder.kodi.builtin.wma
2026-02-15 14:50:51.831 T:52690   debug <general>: CAddonInfoBuilder::ParseXMLTypes: Binary addon found: screensaver.xbmc.builtin.black
2026-02-15 14:50:51.831 T:52690   debug <general>: CAddonInfoBuilder::ParseXMLTypes: Binary addon found: screensaver.xbmc.builtin.dim
2026-02-15 14:50:51.833 T:52690   debug <general>: CAddonInfoBuilder::ParseXMLTypes: Binary addon found: inputstream.adaptive
2026-02-15 14:50:51.833 T:52690   debug <general>: CAddonMgr::FindAddons: Addon 'metadata.common.fanart.tv' already present with version 3.6.3 at '/usr/share/kodi/addons/metadata.common.fanart.tv/' replaced with version 3.6.5 at '/home/rpeters1428/.kodi/addons/metadata.common.fanart.tv/'
2026-02-15 14:50:51.833 T:52690   debug <general>: CAddonMgr::FindAddons: Addon 'metadata.generic.albums' already present with version 1.0.14 at '/usr/share/kodi/addons/metadata.generic.albums/' replaced with version 1.0.18 at '/home/rpeters1428/.kodi/addons/metadata.generic.albums/'
2026-02-15 14:50:51.834 T:52690   debug <general>: CAddonMgr::FindAddons: Addon 'metadata.themoviedb.org.python' already present with version 1.3.1+matrix.1 at '/usr/share/kodi/addons/metadata.themoviedb.org.python/' replaced with version 3.1.3 at '/home/rpeters1428/.kodi/addons/metadata.themoviedb.org.python/'
2026-02-15 14:50:51.834 T:52690   debug <general>: CAddonMgr::FindAddons: Addon 'metadata.tvshows.themoviedb.org.python' already present with version 1.6.0 at '/usr/share/kodi/addons/metadata.tvshows.themoviedb.org.python/' replaced with version 1.7.4 at '/home/rpeters1428/.kodi/addons/metadata.tvshows.themoviedb.org.python/'
2026-02-15 14:50:51.834 T:52690   debug <general>: CAddonMgr::FindAddons: Addon 'metadata.album.universal' already present with version 3.1.4 at '/usr/share/kodi/addons/metadata.album.universal/' replaced with version 3.1.18 at '/home/rpeters1428/.kodi/addons/metadata.album.universal/'
2026-02-15 14:50:51.835 T:52690   debug <general>: CAddonMgr::FindAddons: Addon 'metadata.artists.universal' already present with version 4.3.3 at '/usr/share/kodi/addons/metadata.artists.universal/' replaced with version 4.3.21 at '/home/rpeters1428/.kodi/addons/metadata.artists.universal/'
2026-02-15 14:50:51.835 T:52690   debug <general>: CAddonMgr::FindAddons: Addon 'service.xbmc.versioncheck' already present with version 0.5.27+matrix.1 at '/usr/share/kodi/addons/service.xbmc.versioncheck/' replaced with version 0.5.30+matrix.1 at '/home/rpeters1428/.kodi/addons/service.xbmc.versioncheck/'
2026-02-15 14:50:51.836 T:52690    info <general>: CAddonMgr::FindAddon: script.module.resolveurl.xxx v2.1.44 installed
2026-02-15 14:50:51.849 T:52690   debug <general>: CAddonMgr: script.module.resolveurl.xxx successfully loaded
2026-02-15 14:50:51.850 T:52688   debug <general>: ContextMenuManager: addon menus reloaded.
2026-02-15 14:50:51.850 T:52690   debug <general>: ADDONS: dependency [script.module.resolveurl.xxx] will not be version checked and unpinned
2026-02-15 14:50:51.850 T:52690   debug <general>: CurlFile::Open - <https://mirrors.kodi.tv/addons/omega/script.common.plugin.cache/script.common.plugin.cache-3.0.0.zip>
2026-02-15 14:50:51.850 T:52690   debug <general>: easy_acquire - Created session to https://mirrors.kodi.tv
2026-02-15 14:50:51.858 T:52642   debug <general>: CGUIMediaWindow::GetDirectory (addons://repository.dobbelina/xbmc.addon.video)
2026-02-15 14:50:51.858 T:52642   debug <general>:   ParentPath = [addons://repository.dobbelina/xbmc.addon.video]
2026-02-15 14:50:51.858 T:52761   debug <general>: Thread waiting start, auto delete: false
2026-02-15 14:50:51.859 T:52761   debug <general>: CAddonDatabase: SELECT repo.id FROM repo .. took 0 ms
2026-02-15 14:50:51.859 T:52761   debug <general>: CAddonDatabase: query  SELECT addons.*, repo.addonID AS repoID FROM addons JOIN addonlinkrepo ON addons.id=addonlinkrepo.idAddon JOIN repo ON repo.id=addonlinkrepo.idRepo WHERE addonlinkrepo.idRepo IN (2) ORDER BY repo.addonID, addons.addonID returned 6 rows in 0 ms
2026-02-15 14:50:51.859 T:52761   debug <general>: CAddonDatabase::GetAddons took 0 ms
2026-02-15 14:50:51.860 T:52761   debug <general>: CAddonDatabase: SELECT repo.id FROM repo .. took 0 ms
2026-02-15 14:50:51.865 T:52761   debug <general>: CAddonDatabase: query  SELECT addons.*, repo.addonID AS repoID FROM addons JOIN addonlinkrepo ON addons.id=addonlinkrepo.idAddon JOIN repo ON repo.id=addonlinkrepo.idRepo WHERE addonlinkrepo.idRepo IN (1,2) ORDER BY repo.addonID, addons.addonID returned 790 rows in 5 ms
2026-02-15 14:50:51.883 T:52761   debug <general>: CAddonDatabase::GetAddons took 23 ms
2026-02-15 14:50:51.884 T:52761   debug <general>: CAddonMgr::GetAddonsWithAvailableUpdate took 24 ms
2026-02-15 14:50:51.885 T:52761   debug <general>: Thread waiting 140490911504064 terminating
2026-02-15 14:50:51.887 T:52762   debug <general>: Thread BackgroundLoader start, auto delete: false
2026-02-15 14:50:51.887 T:52642   debug <general>: [threads] name: 'BackgroundLoader' priority: '1'
2026-02-15 14:50:51.887 T:52762   debug <general>: Thread BackgroundLoader 140490928289472 terminating
2026-02-15 14:50:52.048 T:52690   debug <general>: Resolved addon path https://mirrors.kodi.tv/addons/omega/script.common.plugin.cache/script.common.plugin.cache-3.0.0.zip to https://mirror.accum.se/mirror/xbmc.org/addons/omega/script.common.plugin.cache/script.common.plugin.cache-3.0.0.zip hash d4543aa67794c8305eaba8891d832ae38c3c9013edf9d0cae81346ad644b90d4
2026-02-15 14:50:52.049 T:52690   debug <general>: easy_acquire - Created session to https://mirror.accum.se
2026-02-15 14:50:52.673 T:52690   debug <general>: CurlFile::Open - <https://mirror.accum.se/mirror/xbmc.org/addons/omega/script.common.plugin.cache/script.common.plugin.cache-3.0.0.zip>
2026-02-15 14:50:53.725 T:52690   debug <general>: CAddonDatabase: SELECT repo.id FROM repo .. took 0 ms
2026-02-15 14:50:53.729 T:52690   debug <general>: CAddonDatabase: query  SELECT addons.*, repo.addonID AS repoID FROM addons JOIN addonlinkrepo ON addons.id=addonlinkrepo.idAddon JOIN repo ON repo.id=addonlinkrepo.idRepo WHERE addonlinkrepo.idRepo IN (1,2) ORDER BY repo.addonID, addons.addonID returned 790 rows in 4 ms
2026-02-15 14:50:53.746 T:52690   debug <general>: CAddonDatabase::GetAddons took 21 ms
2026-02-15 14:50:53.748 T:52690   debug <general>: Unpacking zip://special%3a%2f%2fhome%2faddons%2fpackages%2fscript.common.plugin.cache-3.0.0.zip/script.common.plugin.cache/ to /home/rpeters1428/.kodi/addons/temp/2e5ae5e4-a88a-421e-b55c-dac8371b3fa4
2026-02-15 14:50:53.754 T:52690   debug <general>: CAddonInfoBuilder::ParseXMLTypes: Binary addon found: audioencoder.kodi.builtin.aac
2026-02-15 14:50:53.754 T:52690   debug <general>: CAddonInfoBuilder::ParseXMLTypes: Binary addon found: audioencoder.kodi.builtin.wma
2026-02-15 14:50:53.758 T:52690   debug <general>: CAddonInfoBuilder::ParseXMLTypes: Binary addon found: screensaver.xbmc.builtin.black
2026-02-15 14:50:53.759 T:52690   debug <general>: CAddonInfoBuilder::ParseXMLTypes: Binary addon found: screensaver.xbmc.builtin.dim
2026-02-15 14:50:53.760 T:52690   debug <general>: CAddonInfoBuilder::ParseXMLTypes: Binary addon found: inputstream.adaptive
2026-02-15 14:50:53.761 T:52690   debug <general>: CAddonMgr::FindAddons: Addon 'metadata.common.fanart.tv' already present with version 3.6.3 at '/usr/share/kodi/addons/metadata.common.fanart.tv/' replaced with version 3.6.5 at '/home/rpeters1428/.kodi/addons/metadata.common.fanart.tv/'
2026-02-15 14:50:53.761 T:52690   debug <general>: CAddonMgr::FindAddons: Addon 'metadata.generic.albums' already present with version 1.0.14 at '/usr/share/kodi/addons/metadata.generic.albums/' replaced with version 1.0.18 at '/home/rpeters1428/.kodi/addons/metadata.generic.albums/'
2026-02-15 14:50:53.761 T:52690   debug <general>: CAddonMgr::FindAddons: Addon 'metadata.themoviedb.org.python' already present with version 1.3.1+matrix.1 at '/usr/share/kodi/addons/metadata.themoviedb.org.python/' replaced with version 3.1.3 at '/home/rpeters1428/.kodi/addons/metadata.themoviedb.org.python/'
2026-02-15 14:50:53.761 T:52690   debug <general>: CAddonMgr::FindAddons: Addon 'metadata.tvshows.themoviedb.org.python' already present with version 1.6.0 at '/usr/share/kodi/addons/metadata.tvshows.themoviedb.org.python/' replaced with version 1.7.4 at '/home/rpeters1428/.kodi/addons/metadata.tvshows.themoviedb.org.python/'
2026-02-15 14:50:53.762 T:52690   debug <general>: CAddonMgr::FindAddons: Addon 'metadata.album.universal' already present with version 3.1.4 at '/usr/share/kodi/addons/metadata.album.universal/' replaced with version 3.1.18 at '/home/rpeters1428/.kodi/addons/metadata.album.universal/'
2026-02-15 14:50:53.762 T:52690   debug <general>: CAddonMgr::FindAddons: Addon 'metadata.artists.universal' already present with version 4.3.3 at '/usr/share/kodi/addons/metadata.artists.universal/' replaced with version 4.3.21 at '/home/rpeters1428/.kodi/addons/metadata.artists.universal/'
2026-02-15 14:50:53.763 T:52690   debug <general>: CAddonMgr::FindAddons: Addon 'service.xbmc.versioncheck' already present with version 0.5.27+matrix.1 at '/usr/share/kodi/addons/service.xbmc.versioncheck/' replaced with version 0.5.30+matrix.1 at '/home/rpeters1428/.kodi/addons/service.xbmc.versioncheck/'
2026-02-15 14:50:53.763 T:52690    info <general>: CAddonMgr::FindAddon: script.common.plugin.cache v3.0.0 installed
2026-02-15 14:50:53.769 T:52690   debug <general>: CAddonMgr: script.common.plugin.cache successfully loaded
2026-02-15 14:50:53.769 T:52688   debug <general>: ContextMenuManager: addon menus reloaded.
2026-02-15 14:50:53.769 T:52688   debug <general>: CServiceAddonManager: starting script.common.plugin.cache
2026-02-15 14:50:53.769 T:52690   debug <general>: LocalizeStrings: loaded 7 strings from file /home/rpeters1428/.kodi/addons/script.common.plugin.cache/resources/language/resource.language.en_gb/strings.po
2026-02-15 14:50:53.769 T:52690   debug <general>: ADDONS: dependency [script.common.plugin.cache] will not be version checked and unpinned
2026-02-15 14:50:53.769 T:52765   debug <general>: Thread LanguageInvoker start, auto delete: false
2026-02-15 14:50:53.769 T:52690   debug <general>: CurlFile::Open - <https://mirrors.kodi.tv/addons/omega/script.module.websocket/script.module.websocket-1.6.4.zip>
2026-02-15 14:50:53.769 T:52765   debug <general>: initializing python engine.
2026-02-15 14:50:53.769 T:52765   debug <general>: CPythonInvoker(1, /home/rpeters1428/.kodi/addons/script.common.plugin.cache/resources/lib/entry_point.py): start processing
2026-02-15 14:50:53.772 T:52642   debug <general>: CGUIMediaWindow::GetDirectory (addons://repository.dobbelina/xbmc.addon.video)
2026-02-15 14:50:53.772 T:52642   debug <general>:   ParentPath = [addons://repository.dobbelina/xbmc.addon.video]
2026-02-15 14:50:53.773 T:52766   debug <general>: Thread waiting start, auto delete: false
2026-02-15 14:50:53.773 T:52766   debug <general>: CAddonDatabase: SELECT repo.id FROM repo .. took 0 ms
2026-02-15 14:50:53.773 T:52766   debug <general>: CAddonDatabase: query  SELECT addons.*, repo.addonID AS repoID FROM addons JOIN addonlinkrepo ON addons.id=addonlinkrepo.idAddon JOIN repo ON repo.id=addonlinkrepo.idRepo WHERE addonlinkrepo.idRepo IN (2) ORDER BY repo.addonID, addons.addonID returned 6 rows in 0 ms
2026-02-15 14:50:53.774 T:52766   debug <general>: CAddonDatabase::GetAddons took 0 ms
2026-02-15 14:50:53.774 T:52766   debug <general>: CAddonDatabase: SELECT repo.id FROM repo .. took 0 ms
2026-02-15 14:50:53.777 T:52766   debug <general>: CAddonDatabase: query  SELECT addons.*, repo.addonID AS repoID FROM addons JOIN addonlinkrepo ON addons.id=addonlinkrepo.idAddon JOIN repo ON repo.id=addonlinkrepo.idRepo WHERE addonlinkrepo.idRepo IN (1,2) ORDER BY repo.addonID, addons.addonID returned 790 rows in 3 ms
2026-02-15 14:50:53.781 T:52765   debug <general>: -->Python Interpreter Initialized<--
2026-02-15 14:50:53.781 T:52765   debug <general>: 
                                                   
2026-02-15 14:50:53.781 T:52765   debug <general>: CPythonInvoker(1, /home/rpeters1428/.kodi/addons/script.common.plugin.cache/resources/lib/entry_point.py): the source file to load is "/home/rpeters1428/.kodi/addons/script.common.plugin.cache/resources/lib/entry_point.py"
2026-02-15 14:50:53.791 T:52766   debug <general>: CAddonDatabase::GetAddons took 16 ms
2026-02-15 14:50:53.792 T:52766   debug <general>: CAddonMgr::GetAddonsWithAvailableUpdate took 18 ms
2026-02-15 14:50:53.794 T:52765   debug <general>: CPythonInvoker(1): full python path:
2026-02-15 14:50:53.794 T:52765   debug <general>: CPythonInvoker(1):   custom python path:
2026-02-15 14:50:53.794 T:52765   debug <general>: CPythonInvoker(1):     /home/rpeters1428/.kodi/addons/script.common.plugin.cache/resources/lib
2026-02-15 14:50:53.794 T:52765   debug <general>: CPythonInvoker(1):   default python path:
2026-02-15 14:50:53.794 T:52765   debug <general>: CPythonInvoker(1):     /usr/lib/python314.zip
2026-02-15 14:50:53.794 T:52765   debug <general>: CPythonInvoker(1):     /usr/lib/python3.14
2026-02-15 14:50:53.794 T:52765   debug <general>: CPythonInvoker(1):     /usr/lib/python3.14/lib-dynload
2026-02-15 14:50:53.794 T:52765   debug <general>: CPythonInvoker(1):     /usr/lib/python3.14/site-packages
2026-02-15 14:50:53.794 T:52765   debug <general>: CPythonInvoker(1): adding args:
2026-02-15 14:50:53.794 T:52765   debug <general>: CPythonInvoker(1):  
2026-02-15 14:50:53.794 T:52765   debug <general>: CPythonInvoker(1, /home/rpeters1428/.kodi/addons/script.common.plugin.cache/resources/lib/entry_point.py): entering source directory /home/rpeters1428/.kodi/addons/script.common.plugin.cache/resources/lib
2026-02-15 14:50:53.794 T:52765   debug <general>: CPythonInvoker(1, /home/rpeters1428/.kodi/addons/script.common.plugin.cache/resources/lib/entry_point.py): instantiating addon using automatically obtained id of "script.common.plugin.cache" dependent on version 3.0.1 of the xbmc.python api
2026-02-15 14:50:53.794 T:52766   debug <general>: Thread waiting 140491098240704 terminating
2026-02-15 14:50:53.795 T:52767   debug <general>: Thread BackgroundLoader start, auto delete: false
2026-02-15 14:50:53.795 T:52642   debug <general>: [threads] name: 'BackgroundLoader' priority: '1'
2026-02-15 14:50:53.796 T:52767   debug <general>: Thread BackgroundLoader 140490928289472 terminating
2026-02-15 14:50:53.833 T:52768   debug <general>: [StorageClient-3.0.0] Service loaded, starting server ...
2026-02-15 14:50:53.837 T:52690   debug <general>: Resolved addon path https://mirrors.kodi.tv/addons/omega/script.module.websocket/script.module.websocket-1.6.4.zip to https://ftp.hosteurope.de/mirror/xbmc.org/addons/omega/script.module.websocket/script.module.websocket-1.6.4.zip hash cf9fd6754bd7ca7197c0b72eab287efc4b76e5e71ece2656bb96362505b9ba49
2026-02-15 14:50:53.838 T:52690   debug <general>: easy_acquire - Created session to https://ftp.hosteurope.de
2026-02-15 14:50:54.579 T:52690   debug <general>: CurlFile::Open - <https://ftp.hosteurope.de/mirror/xbmc.org/addons/omega/script.module.websocket/script.module.websocket-1.6.4.zip>
2026-02-15 14:50:55.552 T:52642   debug <general>: ------ Window Deinit (Pointer.xml) ------
2026-02-15 14:50:55.634 T:52690   debug <general>: CAddonDatabase: SELECT repo.id FROM repo .. took 0 ms
2026-02-15 14:50:55.636 T:52690   debug <general>: CAddonDatabase: query  SELECT addons.*, repo.addonID AS repoID FROM addons JOIN addonlinkrepo ON addons.id=addonlinkrepo.idAddon JOIN repo ON repo.id=addonlinkrepo.idRepo WHERE addonlinkrepo.idRepo IN (1,2) ORDER BY repo.addonID, addons.addonID returned 790 rows in 2 ms
2026-02-15 14:50:55.648 T:52690   debug <general>: CAddonDatabase::GetAddons took 14 ms
2026-02-15 14:50:55.649 T:52690   debug <general>: Unpacking zip://special%3a%2f%2fhome%2faddons%2fpackages%2fscript.module.websocket-1.6.4.zip/script.module.websocket/ to /home/rpeters1428/.kodi/addons/temp/672cf6ce-6601-43cd-a874-8ebe4dd8080a
2026-02-15 14:50:55.656 T:52690   debug <general>: CAddonInfoBuilder::ParseXMLTypes: Binary addon found: audioencoder.kodi.builtin.aac
2026-02-15 14:50:55.656 T:52690   debug <general>: CAddonInfoBuilder::ParseXMLTypes: Binary addon found: audioencoder.kodi.builtin.wma
2026-02-15 14:50:55.659 T:52690   debug <general>: CAddonInfoBuilder::ParseXMLTypes: Binary addon found: screensaver.xbmc.builtin.black
2026-02-15 14:50:55.660 T:52690   debug <general>: CAddonInfoBuilder::ParseXMLTypes: Binary addon found: screensaver.xbmc.builtin.dim
2026-02-15 14:50:55.661 T:52690   debug <general>: CAddonInfoBuilder::ParseXMLTypes: Binary addon found: inputstream.adaptive
2026-02-15 14:50:55.661 T:52690   debug <general>: CAddonMgr::FindAddons: Addon 'metadata.common.fanart.tv' already present with version 3.6.3 at '/usr/share/kodi/addons/metadata.common.fanart.tv/' replaced with version 3.6.5 at '/home/rpeters1428/.kodi/addons/metadata.common.fanart.tv/'
2026-02-15 14:50:55.661 T:52690   debug <general>: CAddonMgr::FindAddons: Addon 'metadata.generic.albums' already present with version 1.0.14 at '/usr/share/kodi/addons/metadata.generic.albums/' replaced with version 1.0.18 at '/home/rpeters1428/.kodi/addons/metadata.generic.albums/'
2026-02-15 14:50:55.661 T:52690   debug <general>: CAddonMgr::FindAddons: Addon 'metadata.themoviedb.org.python' already present with version 1.3.1+matrix.1 at '/usr/share/kodi/addons/metadata.themoviedb.org.python/' replaced with version 3.1.3 at '/home/rpeters1428/.kodi/addons/metadata.themoviedb.org.python/'
2026-02-15 14:50:55.661 T:52690   debug <general>: CAddonMgr::FindAddons: Addon 'metadata.tvshows.themoviedb.org.python' already present with version 1.6.0 at '/usr/share/kodi/addons/metadata.tvshows.themoviedb.org.python/' replaced with version 1.7.4 at '/home/rpeters1428/.kodi/addons/metadata.tvshows.themoviedb.org.python/'
2026-02-15 14:50:55.662 T:52690   debug <general>: CAddonMgr::FindAddons: Addon 'metadata.album.universal' already present with version 3.1.4 at '/usr/share/kodi/addons/metadata.album.universal/' replaced with version 3.1.18 at '/home/rpeters1428/.kodi/addons/metadata.album.universal/'
2026-02-15 14:50:55.662 T:52690   debug <general>: CAddonMgr::FindAddons: Addon 'metadata.artists.universal' already present with version 4.3.3 at '/usr/share/kodi/addons/metadata.artists.universal/' replaced with version 4.3.21 at '/home/rpeters1428/.kodi/addons/metadata.artists.universal/'
2026-02-15 14:50:55.662 T:52690   debug <general>: CAddonMgr::FindAddons: Addon 'service.xbmc.versioncheck' already present with version 0.5.27+matrix.1 at '/usr/share/kodi/addons/service.xbmc.versioncheck/' replaced with version 0.5.30+matrix.1 at '/home/rpeters1428/.kodi/addons/service.xbmc.versioncheck/'
2026-02-15 14:50:55.663 T:52690    info <general>: CAddonMgr::FindAddon: script.module.websocket v1.6.4 installed
2026-02-15 14:50:55.668 T:52690   debug <general>: CAddonMgr: script.module.websocket successfully loaded
2026-02-15 14:50:55.668 T:52742   debug <general>: ContextMenuManager: addon menus reloaded.
2026-02-15 14:50:55.668 T:52690   debug <general>: ADDONS: dependency [script.module.websocket] will not be version checked and unpinned
2026-02-15 14:50:55.668 T:52690   debug <general>: CurlFile::Open - <https://mirrors.kodi.tv/addons/omega/script.module.inputstreamhelper/script.module.inputstreamhelper-0.8.5.zip>
2026-02-15 14:50:55.675 T:52642   debug <general>: CGUIMediaWindow::GetDirectory (addons://repository.dobbelina/xbmc.addon.video)
2026-02-15 14:50:55.675 T:52642   debug <general>:   ParentPath = [addons://repository.dobbelina/xbmc.addon.video]
2026-02-15 14:50:55.675 T:52771   debug <general>: Thread waiting start, auto delete: false
2026-02-15 14:50:55.675 T:52771   debug <general>: CAddonDatabase: SELECT repo.id FROM repo .. took 0 ms
2026-02-15 14:50:55.675 T:52771   debug <general>: CAddonDatabase: query  SELECT addons.*, repo.addonID AS repoID FROM addons JOIN addonlinkrepo ON addons.id=addonlinkrepo.idAddon JOIN repo ON repo.id=addonlinkrepo.idRepo WHERE addonlinkrepo.idRepo IN (2) ORDER BY repo.addonID, addons.addonID returned 6 rows in 0 ms
2026-02-15 14:50:55.676 T:52771   debug <general>: CAddonDatabase::GetAddons took 0 ms
2026-02-15 14:50:55.676 T:52771   debug <general>: CAddonDatabase: SELECT repo.id FROM repo .. took 0 ms
2026-02-15 14:50:55.681 T:52771   debug <general>: CAddonDatabase: query  SELECT addons.*, repo.addonID AS repoID FROM addons JOIN addonlinkrepo ON addons.id=addonlinkrepo.idAddon JOIN repo ON repo.id=addonlinkrepo.idRepo WHERE addonlinkrepo.idRepo IN (1,2) ORDER BY repo.addonID, addons.addonID returned 790 rows in 4 ms
2026-02-15 14:50:55.693 T:52771   debug <general>: CAddonDatabase::GetAddons took 16 ms
2026-02-15 14:50:55.694 T:52771   debug <general>: CAddonMgr::GetAddonsWithAvailableUpdate took 18 ms
2026-02-15 14:50:55.695 T:52771   debug <general>: Thread waiting 140490911504064 terminating
2026-02-15 14:50:55.696 T:52772   debug <general>: Thread BackgroundLoader start, auto delete: false
2026-02-15 14:50:55.696 T:52642   debug <general>: [threads] name: 'BackgroundLoader' priority: '1'
2026-02-15 14:50:55.696 T:52772   debug <general>: Thread BackgroundLoader 140490928289472 terminating
2026-02-15 14:50:55.720 T:52690   debug <general>: Resolved addon path https://mirrors.kodi.tv/addons/omega/script.module.inputstreamhelper/script.module.inputstreamhelper-0.8.5.zip to https://mirror.accum.se/mirror/xbmc.org/addons/omega/script.module.inputstreamhelper/script.module.inputstreamhelper-0.8.5.zip hash 9330b099ba3618c2ad070d35e7659e5ca937368b13c5cb97f2aca65953eab4ba
2026-02-15 14:50:56.345 T:52690   debug <general>: CurlFile::Open - <https://mirror.accum.se/mirror/xbmc.org/addons/omega/script.module.inputstreamhelper/script.module.inputstreamhelper-0.8.5.zip>
2026-02-15 14:50:56.737 T:52690   debug <general>: CAddonDatabase: SELECT repo.id FROM repo .. took 0 ms
2026-02-15 14:50:56.739 T:52690   debug <general>: CAddonDatabase: query  SELECT addons.*, repo.addonID AS repoID FROM addons JOIN addonlinkrepo ON addons.id=addonlinkrepo.idAddon JOIN repo ON repo.id=addonlinkrepo.idRepo WHERE addonlinkrepo.idRepo IN (1,2) ORDER BY repo.addonID, addons.addonID returned 790 rows in 2 ms
2026-02-15 14:50:56.751 T:52690   debug <general>: CAddonDatabase::GetAddons took 13 ms
2026-02-15 14:50:56.752 T:52690   debug <general>: Unpacking zip://special%3a%2f%2fhome%2faddons%2fpackages%2fscript.module.inputstreamhelper-0.8.5.zip/script.module.inputstreamhelper/ to /home/rpeters1428/.kodi/addons/temp/de281379-4556-46da-b54f-c8cc46f9a306
2026-02-15 14:50:56.761 T:52690   debug <general>: CAddonInfoBuilder::ParseXMLTypes: Binary addon found: audioencoder.kodi.builtin.aac
2026-02-15 14:50:56.762 T:52690   debug <general>: CAddonInfoBuilder::ParseXMLTypes: Binary addon found: audioencoder.kodi.builtin.wma
2026-02-15 14:50:56.764 T:52690   debug <general>: CAddonInfoBuilder::ParseXMLTypes: Binary addon found: screensaver.xbmc.builtin.black
2026-02-15 14:50:56.765 T:52690   debug <general>: CAddonInfoBuilder::ParseXMLTypes: Binary addon found: screensaver.xbmc.builtin.dim
2026-02-15 14:50:56.766 T:52690   debug <general>: CAddonInfoBuilder::ParseXMLTypes: Binary addon found: inputstream.adaptive
2026-02-15 14:50:56.766 T:52690   debug <general>: CAddonMgr::FindAddons: Addon 'metadata.common.fanart.tv' already present with version 3.6.3 at '/usr/share/kodi/addons/metadata.common.fanart.tv/' replaced with version 3.6.5 at '/home/rpeters1428/.kodi/addons/metadata.common.fanart.tv/'
2026-02-15 14:50:56.766 T:52690   debug <general>: CAddonMgr::FindAddons: Addon 'metadata.generic.albums' already present with version 1.0.14 at '/usr/share/kodi/addons/metadata.generic.albums/' replaced with version 1.0.18 at '/home/rpeters1428/.kodi/addons/metadata.generic.albums/'
2026-02-15 14:50:56.766 T:52690   debug <general>: CAddonMgr::FindAddons: Addon 'metadata.themoviedb.org.python' already present with version 1.3.1+matrix.1 at '/usr/share/kodi/addons/metadata.themoviedb.org.python/' replaced with version 3.1.3 at '/home/rpeters1428/.kodi/addons/metadata.themoviedb.org.python/'
2026-02-15 14:50:56.767 T:52690   debug <general>: CAddonMgr::FindAddons: Addon 'metadata.tvshows.themoviedb.org.python' already present with version 1.6.0 at '/usr/share/kodi/addons/metadata.tvshows.themoviedb.org.python/' replaced with version 1.7.4 at '/home/rpeters1428/.kodi/addons/metadata.tvshows.themoviedb.org.python/'
2026-02-15 14:50:56.767 T:52690   debug <general>: CAddonMgr::FindAddons: Addon 'metadata.album.universal' already present with version 3.1.4 at '/usr/share/kodi/addons/metadata.album.universal/' replaced with version 3.1.18 at '/home/rpeters1428/.kodi/addons/metadata.album.universal/'
2026-02-15 14:50:56.767 T:52690   debug <general>: CAddonMgr::FindAddons: Addon 'metadata.artists.universal' already present with version 4.3.3 at '/usr/share/kodi/addons/metadata.artists.universal/' replaced with version 4.3.21 at '/home/rpeters1428/.kodi/addons/metadata.artists.universal/'
2026-02-15 14:50:56.768 T:52690   debug <general>: CAddonMgr::FindAddons: Addon 'service.xbmc.versioncheck' already present with version 0.5.27+matrix.1 at '/usr/share/kodi/addons/service.xbmc.versioncheck/' replaced with version 0.5.30+matrix.1 at '/home/rpeters1428/.kodi/addons/service.xbmc.versioncheck/'
2026-02-15 14:50:56.768 T:52690    info <general>: CAddonMgr::FindAddon: script.module.inputstreamhelper v0.8.5 installed
2026-02-15 14:50:56.774 T:52690   debug <general>: CAddonMgr: script.module.inputstreamhelper successfully loaded
2026-02-15 14:50:56.774 T:52688   debug <general>: ContextMenuManager: addon menus reloaded.
2026-02-15 14:50:56.774 T:52690   debug <general>: LocalizeStrings: loaded 91 strings from file /home/rpeters1428/.kodi/addons/script.module.inputstreamhelper/resources/language/resource.language.en_gb/strings.po
2026-02-15 14:50:56.774 T:52690   debug <general>: ADDONS: dependency [script.module.inputstreamhelper] will not be version checked and unpinned
2026-02-15 14:50:56.775 T:52690   debug <general>: CurlFile::Open - <https://mirrors.kodi.tv/addons/omega/script.module.requests/script.module.requests-2.31.0.zip>
2026-02-15 14:50:56.777 T:52642   debug <general>: CGUIMediaWindow::GetDirectory (addons://repository.dobbelina/xbmc.addon.video)
2026-02-15 14:50:56.777 T:52642   debug <general>:   ParentPath = [addons://repository.dobbelina/xbmc.addon.video]
2026-02-15 14:50:56.777 T:52774   debug <general>: Thread waiting start, auto delete: false
2026-02-15 14:50:56.777 T:52774   debug <general>: CAddonDatabase: SELECT repo.id FROM repo .. took 0 ms
2026-02-15 14:50:56.777 T:52774   debug <general>: CAddonDatabase: query  SELECT addons.*, repo.addonID AS repoID FROM addons JOIN addonlinkrepo ON addons.id=addonlinkrepo.idAddon JOIN repo ON repo.id=addonlinkrepo.idRepo WHERE addonlinkrepo.idRepo IN (2) ORDER BY repo.addonID, addons.addonID returned 6 rows in 0 ms
2026-02-15 14:50:56.777 T:52774   debug <general>: CAddonDatabase::GetAddons took 0 ms
2026-02-15 14:50:56.778 T:52774   debug <general>: CAddonDatabase: SELECT repo.id FROM repo .. took 0 ms
2026-02-15 14:50:56.781 T:52774   debug <general>: CAddonDatabase: query  SELECT addons.*, repo.addonID AS repoID FROM addons JOIN addonlinkrepo ON addons.id=addonlinkrepo.idAddon JOIN repo ON repo.id=addonlinkrepo.idRepo WHERE addonlinkrepo.idRepo IN (1,2) ORDER BY repo.addonID, addons.addonID returned 790 rows in 2 ms
2026-02-15 14:50:56.791 T:52774   debug <general>: CAddonDatabase::GetAddons took 12 ms
2026-02-15 14:50:56.792 T:52774   debug <general>: CAddonMgr::GetAddonsWithAvailableUpdate took 14 ms
2026-02-15 14:50:56.792 T:52774   debug <general>: Thread waiting 140490911504064 terminating
2026-02-15 14:50:56.793 T:52775   debug <general>: Thread BackgroundLoader start, auto delete: false
2026-02-15 14:50:56.793 T:52642   debug <general>: [threads] name: 'BackgroundLoader' priority: '1'
2026-02-15 14:50:56.794 T:52775   debug <general>: Thread BackgroundLoader 140490928289472 terminating
2026-02-15 14:50:56.828 T:52690   debug <general>: Resolved addon path https://mirrors.kodi.tv/addons/omega/script.module.requests/script.module.requests-2.31.0.zip to https://ftp.halifax.rwth-aachen.de/xbmc/addons/omega/script.module.requests/script.module.requests-2.31.0.zip hash a5704f0fd7afb4154e1beea9b5f05a002bcd75fa581a1e5fd15ece39bf2bd38a
2026-02-15 14:50:56.829 T:52690   debug <general>: easy_acquire - Created session to https://ftp.halifax.rwth-aachen.de
2026-02-15 14:50:57.701 T:52690   debug <general>: CurlFile::Open - <https://ftp.halifax.rwth-aachen.de/xbmc/addons/omega/script.module.requests/script.module.requests-2.31.0.zip>
2026-02-15 14:50:57.765 T:52682   debug <general>: Presentation: Frame was discarded by compositor
2026-02-15 14:50:58.825 T:52690   debug <general>: Skipped 1 duplicate messages..
2026-02-15 14:50:58.824 T:52690   debug <general>: CAddonDatabase: SELECT repo.id FROM repo .. took 0 ms
2026-02-15 14:50:58.830 T:52690   debug <general>: CAddonDatabase: query  SELECT addons.*, repo.addonID AS repoID FROM addons JOIN addonlinkrepo ON addons.id=addonlinkrepo.idAddon JOIN repo ON repo.id=addonlinkrepo.idRepo WHERE addonlinkrepo.idRepo IN (1,2) ORDER BY repo.addonID, addons.addonID returned 790 rows in 5 ms
2026-02-15 14:50:58.847 T:52690   debug <general>: CAddonDatabase::GetAddons took 22 ms
2026-02-15 14:50:58.849 T:52690   debug <general>: CurlFile::Open - <https://mirrors.kodi.tv/addons/omega/script.module.certifi/script.module.certifi-2023.5.7.zip>
2026-02-15 14:50:58.936 T:52690   debug <general>: Resolved addon path https://mirrors.kodi.tv/addons/omega/script.module.certifi/script.module.certifi-2023.5.7.zip to https://mirrors.dotsrc.org/kodi/addons/omega/script.module.certifi/script.module.certifi-2023.5.7.zip hash c16d4cd2efe6e57dbb5e8d71a9beb3af213b1e3d717e8b0b24f0cbdc4c645070
2026-02-15 14:50:58.937 T:52690   debug <general>: easy_acquire - Created session to https://mirrors.dotsrc.org
2026-02-15 14:50:59.546 T:52690   debug <general>: CurlFile::Open - <https://mirrors.dotsrc.org/kodi/addons/omega/script.module.certifi/script.module.certifi-2023.5.7.zip>
2026-02-15 14:51:00.270 T:52682   debug <general>: Presentation: Frame was discarded by compositor
2026-02-15 14:51:00.720 T:52690   debug <general>: CAddonDatabase: SELECT repo.id FROM repo .. took 0 ms
2026-02-15 14:51:00.725 T:52690   debug <general>: CAddonDatabase: query  SELECT addons.*, repo.addonID AS repoID FROM addons JOIN addonlinkrepo ON addons.id=addonlinkrepo.idAddon JOIN repo ON repo.id=addonlinkrepo.idRepo WHERE addonlinkrepo.idRepo IN (1,2) ORDER BY repo.addonID, addons.addonID returned 790 rows in 5 ms
2026-02-15 14:51:00.743 T:52690   debug <general>: CAddonDatabase::GetAddons took 23 ms
2026-02-15 14:51:00.745 T:52690   debug <general>: Unpacking zip://special%3a%2f%2fhome%2faddons%2fpackages%2fscript.module.certifi-2023.5.7.zip/script.module.certifi/ to /home/rpeters1428/.kodi/addons/temp/2e172676-3ce2-4507-a945-10e00e25b52d
2026-02-15 14:51:00.750 T:52690   debug <general>: CAddonInfoBuilder::ParseXMLTypes: Binary addon found: audioencoder.kodi.builtin.aac
2026-02-15 14:51:00.750 T:52690   debug <general>: CAddonInfoBuilder::ParseXMLTypes: Binary addon found: audioencoder.kodi.builtin.wma
2026-02-15 14:51:00.755 T:52690   debug <general>: CAddonInfoBuilder::ParseXMLTypes: Binary addon found: screensaver.xbmc.builtin.black
2026-02-15 14:51:00.755 T:52690   debug <general>: CAddonInfoBuilder::ParseXMLTypes: Binary addon found: screensaver.xbmc.builtin.dim
2026-02-15 14:51:00.757 T:52690   debug <general>: CAddonInfoBuilder::ParseXMLTypes: Binary addon found: inputstream.adaptive
2026-02-15 14:51:00.757 T:52690   debug <general>: CAddonMgr::FindAddons: Addon 'metadata.common.fanart.tv' already present with version 3.6.3 at '/usr/share/kodi/addons/metadata.common.fanart.tv/' replaced with version 3.6.5 at '/home/rpeters1428/.kodi/addons/metadata.common.fanart.tv/'
2026-02-15 14:51:00.757 T:52690   debug <general>: CAddonMgr::FindAddons: Addon 'metadata.generic.albums' already present with version 1.0.14 at '/usr/share/kodi/addons/metadata.generic.albums/' replaced with version 1.0.18 at '/home/rpeters1428/.kodi/addons/metadata.generic.albums/'
2026-02-15 14:51:00.757 T:52690   debug <general>: CAddonMgr::FindAddons: Addon 'metadata.themoviedb.org.python' already present with version 1.3.1+matrix.1 at '/usr/share/kodi/addons/metadata.themoviedb.org.python/' replaced with version 3.1.3 at '/home/rpeters1428/.kodi/addons/metadata.themoviedb.org.python/'
2026-02-15 14:51:00.758 T:52690   debug <general>: CAddonMgr::FindAddons: Addon 'metadata.tvshows.themoviedb.org.python' already present with version 1.6.0 at '/usr/share/kodi/addons/metadata.tvshows.themoviedb.org.python/' replaced with version 1.7.4 at '/home/rpeters1428/.kodi/addons/metadata.tvshows.themoviedb.org.python/'
2026-02-15 14:51:00.758 T:52690   debug <general>: CAddonMgr::FindAddons: Addon 'metadata.album.universal' already present with version 3.1.4 at '/usr/share/kodi/addons/metadata.album.universal/' replaced with version 3.1.18 at '/home/rpeters1428/.kodi/addons/metadata.album.universal/'
2026-02-15 14:51:00.759 T:52690   debug <general>: CAddonMgr::FindAddons: Addon 'metadata.artists.universal' already present with version 4.3.3 at '/usr/share/kodi/addons/metadata.artists.universal/' replaced with version 4.3.21 at '/home/rpeters1428/.kodi/addons/metadata.artists.universal/'
2026-02-15 14:51:00.759 T:52690   debug <general>: CAddonMgr::FindAddons: Addon 'service.xbmc.versioncheck' already present with version 0.5.27+matrix.1 at '/usr/share/kodi/addons/service.xbmc.versioncheck/' replaced with version 0.5.30+matrix.1 at '/home/rpeters1428/.kodi/addons/service.xbmc.versioncheck/'
2026-02-15 14:51:00.760 T:52690    info <general>: CAddonMgr::FindAddon: script.module.certifi v2023.5.7 installed
2026-02-15 14:51:00.766 T:52690   debug <general>: CAddonMgr: script.module.certifi successfully loaded
2026-02-15 14:51:00.766 T:52688   debug <general>: ContextMenuManager: addon menus reloaded.
2026-02-15 14:51:00.766 T:52690   debug <general>: ADDONS: dependency [script.module.certifi] will not be version checked and unpinned
2026-02-15 14:51:00.766 T:52690   debug <general>: CurlFile::Open - <https://mirrors.kodi.tv/addons/omega/script.module.chardet/script.module.chardet-5.1.0.zip>
2026-02-15 14:51:00.771 T:52642   debug <general>: CGUIMediaWindow::GetDirectory (addons://repository.dobbelina/xbmc.addon.video)
2026-02-15 14:51:00.771 T:52642   debug <general>:   ParentPath = [addons://repository.dobbelina/xbmc.addon.video]
2026-02-15 14:51:00.772 T:52780   debug <general>: Thread waiting start, auto delete: false
2026-02-15 14:51:00.772 T:52780   debug <general>: CAddonDatabase: SELECT repo.id FROM repo .. took 0 ms
2026-02-15 14:51:00.772 T:52780   debug <general>: CAddonDatabase: query  SELECT addons.*, repo.addonID AS repoID FROM addons JOIN addonlinkrepo ON addons.id=addonlinkrepo.idAddon JOIN repo ON repo.id=addonlinkrepo.idRepo WHERE addonlinkrepo.idRepo IN (2) ORDER BY repo.addonID, addons.addonID returned 6 rows in 0 ms
2026-02-15 14:51:00.773 T:52780   debug <general>: CAddonDatabase::GetAddons took 0 ms
2026-02-15 14:51:00.773 T:52780   debug <general>: CAddonDatabase: SELECT repo.id FROM repo .. took 0 ms
2026-02-15 14:51:00.777 T:52780   debug <general>: CAddonDatabase: query  SELECT addons.*, repo.addonID AS repoID FROM addons JOIN addonlinkrepo ON addons.id=addonlinkrepo.idAddon JOIN repo ON repo.id=addonlinkrepo.idRepo WHERE addonlinkrepo.idRepo IN (1,2) ORDER BY repo.addonID, addons.addonID returned 790 rows in 3 ms
2026-02-15 14:51:00.791 T:52780   debug <general>: CAddonDatabase::GetAddons took 17 ms
2026-02-15 14:51:00.792 T:52780   debug <general>: CAddonMgr::GetAddonsWithAvailableUpdate took 19 ms
2026-02-15 14:51:00.793 T:52780   debug <general>: Thread waiting 140490911504064 terminating
2026-02-15 14:51:00.794 T:52781   debug <general>: Thread BackgroundLoader start, auto delete: false
2026-02-15 14:51:00.794 T:52642   debug <general>: [threads] name: 'BackgroundLoader' priority: '1'
2026-02-15 14:51:00.795 T:52781   debug <general>: Thread BackgroundLoader 140490928289472 terminating
2026-02-15 14:51:00.813 T:52690   debug <general>: Resolved addon path https://mirrors.kodi.tv/addons/omega/script.module.chardet/script.module.chardet-5.1.0.zip to https://ftp.halifax.rwth-aachen.de/xbmc/addons/omega/script.module.chardet/script.module.chardet-5.1.0.zip hash d5010fc55a9523d86a306ae9e6a8dea0e3248fe079b9ed37280fe86110cd766a
2026-02-15 14:51:00.904 T:52682   debug <general>: Presentation: Frame was discarded by compositor
2026-02-15 14:51:01.699 T:52690   debug <general>: Skipped 1 duplicate messages..
2026-02-15 14:51:01.699 T:52690   debug <general>: CurlFile::Open - <https://ftp.halifax.rwth-aachen.de/xbmc/addons/omega/script.module.chardet/script.module.chardet-5.1.0.zip>
2026-02-15 14:51:02.437 T:52690   debug <general>: CAddonDatabase: SELECT repo.id FROM repo .. took 0 ms
2026-02-15 14:51:02.440 T:52690   debug <general>: CAddonDatabase: query  SELECT addons.*, repo.addonID AS repoID FROM addons JOIN addonlinkrepo ON addons.id=addonlinkrepo.idAddon JOIN repo ON repo.id=addonlinkrepo.idRepo WHERE addonlinkrepo.idRepo IN (1,2) ORDER BY repo.addonID, addons.addonID returned 790 rows in 3 ms
2026-02-15 14:51:02.456 T:52690   debug <general>: CAddonDatabase::GetAddons took 19 ms
2026-02-15 14:51:02.458 T:52690   debug <general>: Unpacking zip://special%3a%2f%2fhome%2faddons%2fpackages%2fscript.module.chardet-5.1.0.zip/script.module.chardet/ to /home/rpeters1428/.kodi/addons/temp/27f44e65-0bdd-4f58-ae22-47fb5b8617ee
2026-02-15 14:51:02.473 T:52690   debug <general>: CAddonInfoBuilder::ParseXMLTypes: Binary addon found: audioencoder.kodi.builtin.aac
2026-02-15 14:51:02.473 T:52690   debug <general>: CAddonInfoBuilder::ParseXMLTypes: Binary addon found: audioencoder.kodi.builtin.wma
2026-02-15 14:51:02.478 T:52690   debug <general>: CAddonInfoBuilder::ParseXMLTypes: Binary addon found: screensaver.xbmc.builtin.black
2026-02-15 14:51:02.478 T:52690   debug <general>: CAddonInfoBuilder::ParseXMLTypes: Binary addon found: screensaver.xbmc.builtin.dim
2026-02-15 14:51:02.480 T:52690   debug <general>: CAddonInfoBuilder::ParseXMLTypes: Binary addon found: inputstream.adaptive
2026-02-15 14:51:02.480 T:52690   debug <general>: CAddonMgr::FindAddons: Addon 'metadata.common.fanart.tv' already present with version 3.6.3 at '/usr/share/kodi/addons/metadata.common.fanart.tv/' replaced with version 3.6.5 at '/home/rpeters1428/.kodi/addons/metadata.common.fanart.tv/'
2026-02-15 14:51:02.480 T:52690   debug <general>: CAddonMgr::FindAddons: Addon 'metadata.generic.albums' already present with version 1.0.14 at '/usr/share/kodi/addons/metadata.generic.albums/' replaced with version 1.0.18 at '/home/rpeters1428/.kodi/addons/metadata.generic.albums/'
2026-02-15 14:51:02.481 T:52690   debug <general>: CAddonMgr::FindAddons: Addon 'metadata.themoviedb.org.python' already present with version 1.3.1+matrix.1 at '/usr/share/kodi/addons/metadata.themoviedb.org.python/' replaced with version 3.1.3 at '/home/rpeters1428/.kodi/addons/metadata.themoviedb.org.python/'
2026-02-15 14:51:02.481 T:52690   debug <general>: CAddonMgr::FindAddons: Addon 'metadata.tvshows.themoviedb.org.python' already present with version 1.6.0 at '/usr/share/kodi/addons/metadata.tvshows.themoviedb.org.python/' replaced with version 1.7.4 at '/home/rpeters1428/.kodi/addons/metadata.tvshows.themoviedb.org.python/'
2026-02-15 14:51:02.482 T:52690   debug <general>: CAddonMgr::FindAddons: Addon 'metadata.album.universal' already present with version 3.1.4 at '/usr/share/kodi/addons/metadata.album.universal/' replaced with version 3.1.18 at '/home/rpeters1428/.kodi/addons/metadata.album.universal/'
2026-02-15 14:51:02.483 T:52690   debug <general>: CAddonMgr::FindAddons: Addon 'metadata.artists.universal' already present with version 4.3.3 at '/usr/share/kodi/addons/metadata.artists.universal/' replaced with version 4.3.21 at '/home/rpeters1428/.kodi/addons/metadata.artists.universal/'
2026-02-15 14:51:02.483 T:52690   debug <general>: CAddonMgr::FindAddons: Addon 'service.xbmc.versioncheck' already present with version 0.5.27+matrix.1 at '/usr/share/kodi/addons/service.xbmc.versioncheck/' replaced with version 0.5.30+matrix.1 at '/home/rpeters1428/.kodi/addons/service.xbmc.versioncheck/'
2026-02-15 14:51:02.484 T:52690    info <general>: CAddonMgr::FindAddon: script.module.chardet v5.1.0 installed
2026-02-15 14:51:02.490 T:52690   debug <general>: CAddonMgr: script.module.chardet successfully loaded
2026-02-15 14:51:02.490 T:52688   debug <general>: ContextMenuManager: addon menus reloaded.
2026-02-15 14:51:02.490 T:52690   debug <general>: ADDONS: dependency [script.module.chardet] will not be version checked and unpinned
2026-02-15 14:51:02.490 T:52690   debug <general>: CurlFile::Open - <https://mirrors.kodi.tv/addons/omega/script.module.idna/script.module.idna-3.10.0.zip>
2026-02-15 14:51:02.495 T:52642   debug <general>: CGUIMediaWindow::GetDirectory (addons://repository.dobbelina/xbmc.addon.video)
2026-02-15 14:51:02.495 T:52642   debug <general>:   ParentPath = [addons://repository.dobbelina/xbmc.addon.video]
2026-02-15 14:51:02.496 T:52783   debug <general>: Thread waiting start, auto delete: false
2026-02-15 14:51:02.496 T:52783   debug <general>: CAddonDatabase: SELECT repo.id FROM repo .. took 0 ms
2026-02-15 14:51:02.496 T:52783   debug <general>: CAddonDatabase: query  SELECT addons.*, repo.addonID AS repoID FROM addons JOIN addonlinkrepo ON addons.id=addonlinkrepo.idAddon JOIN repo ON repo.id=addonlinkrepo.idRepo WHERE addonlinkrepo.idRepo IN (2) ORDER BY repo.addonID, addons.addonID returned 6 rows in 0 ms
2026-02-15 14:51:02.497 T:52783   debug <general>: CAddonDatabase::GetAddons took 0 ms
2026-02-15 14:51:02.497 T:52783   debug <general>: CAddonDatabase: SELECT repo.id FROM repo .. took 0 ms
2026-02-15 14:51:02.501 T:52783   debug <general>: CAddonDatabase: query  SELECT addons.*, repo.addonID AS repoID FROM addons JOIN addonlinkrepo ON addons.id=addonlinkrepo.idAddon JOIN repo ON repo.id=addonlinkrepo.idRepo WHERE addonlinkrepo.idRepo IN (1,2) ORDER BY repo.addonID, addons.addonID returned 790 rows in 3 ms
2026-02-15 14:51:02.515 T:52783   debug <general>: CAddonDatabase::GetAddons took 18 ms
2026-02-15 14:51:02.516 T:52783   debug <general>: CAddonMgr::GetAddonsWithAvailableUpdate took 19 ms
2026-02-15 14:51:02.517 T:52783   debug <general>: Thread waiting 140490911504064 terminating
2026-02-15 14:51:02.519 T:52784   debug <general>: Thread BackgroundLoader start, auto delete: false
2026-02-15 14:51:02.519 T:52642   debug <general>: [threads] name: 'BackgroundLoader' priority: '1'
2026-02-15 14:51:02.519 T:52784   debug <general>: Thread BackgroundLoader 140490928289472 terminating
2026-02-15 14:51:02.535 T:52690   debug <general>: Resolved addon path https://mirrors.kodi.tv/addons/omega/script.module.idna/script.module.idna-3.10.0.zip to https://ftp.halifax.rwth-aachen.de/xbmc/addons/omega/script.module.idna/script.module.idna-3.10.0.zip hash c4ff34dbfab2736e9214a374d331bd6f558d8b3fea8eb7902e210749509242b3
2026-02-15 14:51:03.374 T:52690   debug <general>: CurlFile::Open - <https://ftp.halifax.rwth-aachen.de/xbmc/addons/omega/script.module.idna/script.module.idna-3.10.0.zip>
2026-02-15 14:51:03.718 T:52682   debug <general>: Presentation: Frame was discarded by compositor
2026-02-15 14:51:04.155 T:52690   debug <general>: CAddonDatabase: SELECT repo.id FROM repo .. took 0 ms
2026-02-15 14:51:04.158 T:52690   debug <general>: CAddonDatabase: query  SELECT addons.*, repo.addonID AS repoID FROM addons JOIN addonlinkrepo ON addons.id=addonlinkrepo.idAddon JOIN repo ON repo.id=addonlinkrepo.idRepo WHERE addonlinkrepo.idRepo IN (1,2) ORDER BY repo.addonID, addons.addonID returned 790 rows in 2 ms
