2026-01-25 10:39:42.571 T:21247   debug <general>: CurlFile::Open - <https://media-hls.saawsedge.com/b-hls-25/72074659/72074659_480p_h264_734_EJJT9cShbluKj1vL_1769366379.mp4?User-Agent=Mozilla%2F5.0%20%28Windows%20NT%206.2%3B%20WOW64%3B%20rv%3A104.0.0.0%29%20Gecko%2F20100101%20Firefox%2F104.0.0.0&Origin=https%3A%2F%2Fstripchat.com&Referer=https%3A%2F%2Fstripchat.com%2Fbadangelsjennyx&Accept=application%2Fx-mpegURL&Accept-Language=en-US%2Cen%3Bq%3D0.9>
2026-01-25 10:39:42.571 T:21319   debug <general>: AddOnLog: inputstream.adaptive: [Repr. chooser] Current average bandwidth: 30881410 bit/s (filtered to 27793269 bit/s)
2026-01-25 10:39:42.572 T:20016   debug <general>: ------ Window Init (VideoFullScreen.xml) ------
2026-01-25 10:39:42.572 T:20068   debug <general>: OnAVChange: CApplication::OnAVChange
2026-01-25 10:39:42.574 T:21249   debug <general>: CVideoPlayerAudio - CDVDMsg::GENERAL_RESYNC(1475900000.000000), level: 0, cache: 300000.000000
2026-01-25 10:39:42.574 T:21249   debug <general>: CDVDAudio::Resume - resume audio stream
2026-01-25 10:39:42.581 T:20016   debug <general>: ------ Window Deinit (DialogBusy.xml) ------
2026-01-25 10:39:42.696 T:21247   debug <general>: AddOnLog: inputstream.adaptive: [AS-0] Download finished: https://media-hls.saawsedge.com/b-hls-25/72074659/72074659_480p_h264_734_EJJT9cShbluKj1vL_1769366379.mp4?User-Agent=Mozilla%2F5.0%20%28Windows%20NT%206.2%3B%20WOW64%3B%20rv%3A104.0.0.0%29%20Gecko%2F20100101%20Firefox%2F104.0.0.0&Origin=https%3A%2F%2Fstripchat.com&Referer=https%3A%2F%2Fstripchat.com%2Fbadangelsjennyx&Accept=application%2Fx-mpegURL&Accept-Language=en-US%2Cen%3Bq%3D0.9 (downloaded 305126 byte, speed 2433415.00 byte/s)
2026-01-25 10:39:42.697 T:21379   debug <general>: AddOnLog: inputstream.adaptive: ensureSegment: [AS-0] Begin WaitForSegment stream rep. id "" period id ""
2026-01-25 10:39:42.716 T:21248    info <general>: CDVDVideoCodecFFmpeg::CDropControl: calculated diff time: 33333
2026-01-25 10:39:44.350 T:21246   debug <general>: CurlFile::Open - <https://media-hls.saawsedge.com/b-hls-25/72074659/72074659_480p.m3u8>
2026-01-25 10:39:44.407 T:21246   debug <general>: AddOnLog: inputstream.adaptive: Download finished: https://media-hls.saawsedge.com/b-hls-25/72074659/72074659_480p.m3u8 (downloaded 766 byte, speed 5872.00 byte/s)
2026-01-25 10:39:44.407 T:21246   debug <general>: AddOnLog: inputstream.adaptive: PrepareSegments: End WaitForSegment stream id ""
2026-01-25 10:39:44.408 T:21247   debug <general>: CurlFile::Open - <https://media-hls.saawsedge.com/b-hls-25/72074659/72074659_480p_h264_735_ijJChoxJ7JKbwxaN_1769366380.mp4?User-Agent=Mozilla%2F5.0%20%28Windows%20NT%206.2%3B%20WOW64%3B%20rv%3A104.0.0.0%29%20Gecko%2F20100101%20Firefox%2F104.0.0.0&Origin=https%3A%2F%2Fstripchat.com&Referer=https%3A%2F%2Fstripchat.com%2Fbadangelsjennyx&Accept=application%2Fx-mpegURL&Accept-Language=en-US%2Cen%3Bq%3D0.9>
2026-01-25 10:39:44.874 T:21247   debug <general>: AddOnLog: inputstream.adaptive: [AS-0] Download finished: https://media-hls.saawsedge.com/b-hls-25/72074659/72074659_480p_h264_735_ijJChoxJ7JKbwxaN_1769366380.mp4?User-Agent=Mozilla%2F5.0%20%28Windows%20NT%206.2%3B%20WOW64%3B%20rv%3A104.0.0.0%29%20Gecko%2F20100101%20Firefox%2F104.0.0.0&Origin=https%3A%2F%2Fstripchat.com&Referer=https%3A%2F%2Fstripchat.com%2Fbadangelsjennyx&Accept=application%2Fx-mpegURL&Accept-Language=en-US%2Cen%3Bq%3D0.9 (downloaded 316260 byte, speed 678362.00 byte/s)
2026-01-25 10:39:44.874 T:21440   debug <general>: AddOnLog: inputstream.adaptive: ensureSegment: [AS-0] Begin WaitForSegment stream rep. id "" period id ""
2026-01-25 10:39:44.891 T:20140   debug <general>: AddOnLog: pvr.hts: new connection requested
2026-01-25 10:39:44.891 T:20140   error <general>: AddOnLog: pvr.hts: unable to connect to 127.0.0.1:9982
2026-01-25 10:39:45.577 T:21249    info <general>: CVideoPlayerAudio::Process - stream stalled
2026-01-25 10:39:46.270 T:20021   debug <general>: CPipewireNode::Info - node 62 changed
2026-01-25 10:39:46.407 T:21246   debug <general>: Skipped 2 duplicate messages..
2026-01-25 10:39:46.407 T:21246   debug <general>: CurlFile::Open - <https://media-hls.saawsedge.com/b-hls-25/72074659/72074659_480p.m3u8>
2026-01-25 10:39:46.466 T:21246   debug <general>: AddOnLog: inputstream.adaptive: Download finished: https://media-hls.saawsedge.com/b-hls-25/72074659/72074659_480p.m3u8 (downloaded 766 byte, speed 5664.00 byte/s)
2026-01-25 10:39:46.734 T:21248   debug <general>: CPtsTracker: detected pattern of length 1: 33333.33, frameduration: 33333.333333
2026-01-25 10:39:46.854 T:20016   debug <general>: ------ Window Deinit (Pointer.xml) ------
2026-01-25 10:39:48.467 T:21246   debug <general>: CurlFile::Open - <https://media-hls.saawsedge.com/b-hls-25/72074659/72074659_480p.m3u8>
2026-01-25 10:39:48.520 T:21246   debug <general>: AddOnLog: inputstream.adaptive: Download finished: https://media-hls.saawsedge.com/b-hls-25/72074659/72074659_480p.m3u8 (downloaded 766 byte, speed 6340.00 byte/s)
2026-01-25 10:39:48.520 T:21246   debug <general>: AddOnLog: inputstream.adaptive: PrepareSegments: End WaitForSegment stream id ""
2026-01-25 10:39:48.520 T:21247   debug <general>: CurlFile::Open - <https://media-hls.saawsedge.com/b-hls-25/72074659/72074659_480p_h264_736_K8pZLkBP6J5JipjF_1769366382.mp4?User-Agent=Mozilla%2F5.0%20%28Windows%20NT%206.2%3B%20WOW64%3B%20rv%3A104.0.0.0%29%20Gecko%2F20100101%20Firefox%2F104.0.0.0&Origin=https%3A%2F%2Fstripchat.com&Referer=https%3A%2F%2Fstripchat.com%2Fbadangelsjennyx&Accept=application%2Fx-mpegURL&Accept-Language=en-US%2Cen%3Bq%3D0.9>
2026-01-25 10:39:48.644 T:21247   debug <general>: AddOnLog: inputstream.adaptive: [AS-0] Download finished: https://media-hls.saawsedge.com/b-hls-25/72074659/72074659_480p_h264_736_K8pZLkBP6J5JipjF_1769366382.mp4?User-Agent=Mozilla%2F5.0%20%28Windows%20NT%206.2%3B%20WOW64%3B%20rv%3A104.0.0.0%29%20Gecko%2F20100101%20Firefox%2F104.0.0.0&Origin=https%3A%2F%2Fstripchat.com&Referer=https%3A%2F%2Fstripchat.com%2Fbadangelsjennyx&Accept=application%2Fx-mpegURL&Accept-Language=en-US%2Cen%3Bq%3D0.9 (downloaded 311155 byte, speed 2507029.00 byte/s)
2026-01-25 10:39:48.644 T:21247   debug <general>: CurlFile::Open - <https://media-hls.saawsedge.com/b-hls-25/72074659/72074659_480p_h264_737_UPoHSCGNgfkkgFEc_1769366385.mp4?User-Agent=Mozilla%2F5.0%20%28Windows%20NT%206.2%3B%20WOW64%3B%20rv%3A104.0.0.0%29%20Gecko%2F20100101%20Firefox%2F104.0.0.0&Origin=https%3A%2F%2Fstripchat.com&Referer=https%3A%2F%2Fstripchat.com%2Fbadangelsjennyx&Accept=application%2Fx-mpegURL&Accept-Language=en-US%2Cen%3Bq%3D0.9>
2026-01-25 10:39:48.644 T:21510   debug <general>: AddOnLog: inputstream.adaptive: [Repr. chooser] Current average bandwidth: 30881410 bit/s (filtered to 27793269 bit/s)
2026-01-25 10:39:48.774 T:21247   debug <general>: AddOnLog: inputstream.adaptive: [AS-0] Download finished: https://media-hls.saawsedge.com/b-hls-25/72074659/72074659_480p_h264_737_UPoHSCGNgfkkgFEc_1769366385.mp4?User-Agent=Mozilla%2F5.0%20%28Windows%20NT%206.2%3B%20WOW64%3B%20rv%3A104.0.0.0%29%20Gecko%2F20100101%20Firefox%2F104.0.0.0&Origin=https%3A%2F%2Fstripchat.com&Referer=https%3A%2F%2Fstripchat.com%2Fbadangelsjennyx&Accept=application%2Fx-mpegURL&Accept-Language=en-US%2Cen%3Bq%3D0.9 (downloaded 305198 byte, speed 2362963.00 byte/s)
2026-01-25 10:39:48.774 T:21570   debug <general>: AddOnLog: inputstream.adaptive: ensureSegment: [AS-0] Begin WaitForSegment stream rep. id "" period id ""
2026-01-25 10:39:50.520 T:21246   debug <general>: CurlFile::Open - <https://media-hls.saawsedge.com/b-hls-25/72074659/72074659_480p.m3u8>
2026-01-25 10:39:50.576 T:21246   debug <general>: AddOnLog: inputstream.adaptive: Download finished: https://media-hls.saawsedge.com/b-hls-25/72074659/72074659_480p.m3u8 (downloaded 766 byte, speed 5907.00 byte/s)
2026-01-25 10:39:52.577 T:21246   debug <general>: CurlFile::Open - <https://media-hls.saawsedge.com/b-hls-25/72074659/72074659_480p.m3u8>
2026-01-25 10:39:52.631 T:21246   debug <general>: AddOnLog: inputstream.adaptive: Download finished: https://media-hls.saawsedge.com/b-hls-25/72074659/72074659_480p.m3u8 (downloaded 766 byte, speed 6173.00 byte/s)
2026-01-25 10:39:52.631 T:21246   debug <general>: AddOnLog: inputstream.adaptive: PrepareSegments: End WaitForSegment stream id ""
2026-01-25 10:39:52.631 T:21247   debug <general>: CurlFile::Open - <https://media-hls.saawsedge.com/b-hls-25/72074659/72074659_480p_h264_738_hZjQtRBUq2K0p6uE_1769366386.mp4?User-Agent=Mozilla%2F5.0%20%28Windows%20NT%206.2%3B%20WOW64%3B%20rv%3A104.0.0.0%29%20Gecko%2F20100101%20Firefox%2F104.0.0.0&Origin=https%3A%2F%2Fstripchat.com&Referer=https%3A%2F%2Fstripchat.com%2Fbadangelsjennyx&Accept=application%2Fx-mpegURL&Accept-Language=en-US%2Cen%3Bq%3D0.9>
2026-01-25 10:39:52.849 T:21247   debug <general>: AddOnLog: inputstream.adaptive: [AS-0] Download finished: https://media-hls.saawsedge.com/b-hls-25/72074659/72074659_480p_h264_738_hZjQtRBUq2K0p6uE_1769366386.mp4?User-Agent=Mozilla%2F5.0%20%28Windows%20NT%206.2%3B%20WOW64%3B%20rv%3A104.0.0.0%29%20Gecko%2F20100101%20Firefox%2F104.0.0.0&Origin=https%3A%2F%2Fstripchat.com&Referer=https%3A%2F%2Fstripchat.com%2Fbadangelsjennyx&Accept=application%2Fx-mpegURL&Accept-Language=en-US%2Cen%3Bq%3D0.9 (downloaded 311379 byte, speed 1430010.00 byte/s)
2026-01-25 10:39:52.849 T:21247   debug <general>: CurlFile::Open - <https://media-hls.saawsedge.com/b-hls-25/72074659/72074659_480p_h264_739_VkIqOhWwUtfkqTGF_1769366389.mp4?User-Agent=Mozilla%2F5.0%20%28Windows%20NT%206.2%3B%20WOW64%3B%20rv%3A104.0.0.0%29%20Gecko%2F20100101%20Firefox%2F104.0.0.0&Origin=https%3A%2F%2Fstripchat.com&Referer=https%3A%2F%2Fstripchat.com%2Fbadangelsjennyx&Accept=application%2Fx-mpegURL&Accept-Language=en-US%2Cen%3Bq%3D0.9>
2026-01-25 10:39:52.849 T:21631   debug <general>: AddOnLog: inputstream.adaptive: [Repr. chooser] Current average bandwidth: 30881410 bit/s (filtered to 27793269 bit/s)
2026-01-25 10:39:52.972 T:21247   debug <general>: AddOnLog: inputstream.adaptive: [AS-0] Download finished: https://media-hls.saawsedge.com/b-hls-25/72074659/72074659_480p_h264_739_VkIqOhWwUtfkqTGF_1769366389.mp4?User-Agent=Mozilla%2F5.0%20%28Windows%20NT%206.2%3B%20WOW64%3B%20rv%3A104.0.0.0%29%20Gecko%2F20100101%20Firefox%2F104.0.0.0&Origin=https%3A%2F%2Fstripchat.com&Referer=https%3A%2F%2Fstripchat.com%2Fbadangelsjennyx&Accept=application%2Fx-mpegURL&Accept-Language=en-US%2Cen%3Bq%3D0.9 (downloaded 311951 byte, speed 2525121.00 byte/s)
2026-01-25 10:39:52.973 T:21691   debug <general>: AddOnLog: inputstream.adaptive: ensureSegment: [AS-0] Begin WaitForSegment stream rep. id "" period id ""
2026-01-25 10:39:54.631 T:21246   debug <general>: CurlFile::Open - <https://media-hls.saawsedge.com/b-hls-25/72074659/72074659_480p.m3u8>
2026-01-25 10:39:54.738 T:21246   debug <general>: AddOnLog: inputstream.adaptive: Download finished: https://media-hls.saawsedge.com/b-hls-25/72074659/72074659_480p.m3u8 (downloaded 766 byte, speed 3087.00 byte/s)
2026-01-25 10:39:54.891 T:20140   debug <general>: AddOnLog: pvr.hts: new connection requested
2026-01-25 10:39:54.891 T:20140   error <general>: AddOnLog: pvr.hts: unable to connect to 127.0.0.1:9982
2026-01-25 10:39:56.739 T:21246   debug <general>: CurlFile::Open - <https://media-hls.saawsedge.com/b-hls-25/72074659/72074659_480p.m3u8>
2026-01-25 10:39:56.801 T:21246   debug <general>: AddOnLog: inputstream.adaptive: Download finished: https://media-hls.saawsedge.com/b-hls-25/72074659/72074659_480p.m3u8 (downloaded 766 byte, speed 5428.00 byte/s)
2026-01-25 10:39:56.801 T:21246   debug <general>: AddOnLog: inputstream.adaptive: PrepareSegments: End WaitForSegment stream id ""
2026-01-25 10:39:56.801 T:21247   debug <general>: CurlFile::Open - <https://media-hls.saawsedge.com/b-hls-25/72074659/72074659_480p_h264_740_TSLQ1hYOh8dXGG8f_1769366390.mp4?User-Agent=Mozilla%2F5.0%20%28Windows%20NT%206.2%3B%20WOW64%3B%20rv%3A104.0.0.0%29%20Gecko%2F20100101%20Firefox%2F104.0.0.0&Origin=https%3A%2F%2Fstripchat.com&Referer=https%3A%2F%2Fstripchat.com%2Fbadangelsjennyx&Accept=application%2Fx-mpegURL&Accept-Language=en-US%2Cen%3Bq%3D0.9>
2026-01-25 10:39:56.849 T:21247   error <general>: AddOnLog: inputstream.adaptive: [AS-0] Download failed, HTTP error 500: https://media-hls.saawsedge.com/b-hls-25/72074659/72074659_480p_h264_740_TSLQ1hYOh8dXGG8f_1769366390.mp4?User-Agent=Mozilla%2F5.0%20%28Windows%20NT%206.2%3B%20WOW64%3B%20rv%3A104.0.0.0%29%20Gecko%2F20100101%20Firefox%2F104.0.0.0&Origin=https%3A%2F%2Fstripchat.com&Referer=https%3A%2F%2Fstripchat.com%2Fbadangelsjennyx&Accept=application%2Fx-mpegURL&Accept-Language=en-US%2Cen%3Bq%3D0.9
2026-01-25 10:39:57.358 T:21248   debug <general>: CDVDVideoCodecFFmpeg::GetPicture - eof hw accel
2026-01-25 10:39:57.359 T:21248   debug <general>: CVideoPlayerVideo - Stillframe detected, switching to forced 30.000000 fps
2026-01-25 10:39:57.359 T:21245   debug <general>: Stream stalled, start buffering. Audio: 0 - Video: 0
2026-01-25 10:39:57.359 T:21245   debug <general>: CVideoPlayer::SetCaching - caching state 1
2026-01-25 10:39:57.359 T:21245   debug <general>: CDVDClock::SetSpeedAdjust - adjusted:0.000000
2026-01-25 10:39:57.359 T:21248   debug <general>: CPtsTracker: pattern lost on diff 166666.666667, number of losses 1
2026-01-25 10:39:57.368 T:21249   debug <general>: CDVDAudio::Pause - pausing audio stream
2026-01-25 10:39:57.849 T:21247 warning <general>: AddOnLog: inputstream.adaptive: [AS-0] Segment download failed, attempt 2...
2026-01-25 10:39:57.849 T:21247   debug <general>: CurlFile::Open - <https://media-hls.saawsedge.com/b-hls-25/72074659/72074659_480p_h264_740_TSLQ1hYOh8dXGG8f_1769366390.mp4?User-Agent=Mozilla%2F5.0%20%28Windows%20NT%206.2%3B%20WOW64%3B%20rv%3A104.0.0.0%29%20Gecko%2F20100101%20Firefox%2F104.0.0.0&Origin=https%3A%2F%2Fstripchat.com&Referer=https%3A%2F%2Fstripchat.com%2Fbadangelsjennyx&Accept=application%2Fx-mpegURL&Accept-Language=en-US%2Cen%3Bq%3D0.9>
2026-01-25 10:39:57.905 T:21247   error <general>: AddOnLog: inputstream.adaptive: [AS-0] Download failed, HTTP error 500: https://media-hls.saawsedge.com/b-hls-25/72074659/72074659_480p_h264_740_TSLQ1hYOh8dXGG8f_1769366390.mp4?User-Agent=Mozilla%2F5.0%20%28Windows%20NT%206.2%3B%20WOW64%3B%20rv%3A104.0.0.0%29%20Gecko%2F20100101%20Firefox%2F104.0.0.0&Origin=https%3A%2F%2Fstripchat.com&Referer=https%3A%2F%2Fstripchat.com%2Fbadangelsjennyx&Accept=application%2Fx-mpegURL&Accept-Language=en-US%2Cen%3Bq%3D0.9
2026-01-25 10:39:58.801 T:21246   debug <general>: CurlFile::Open - <https://media-hls.saawsedge.com/b-hls-25/72074659/72074659_480p.m3u8>
2026-01-25 10:39:58.850 T:21246   debug <general>: AddOnLog: inputstream.adaptive: Download finished: https://media-hls.saawsedge.com/b-hls-25/72074659/72074659_480p.m3u8 (downloaded 766 byte, speed 6769.00 byte/s)
2026-01-25 10:39:58.905 T:21247 warning <general>: AddOnLog: inputstream.adaptive: [AS-0] Segment download failed, attempt 3...
2026-01-25 10:39:58.905 T:21247   debug <general>: CurlFile::Open - <https://media-hls.saawsedge.com/b-hls-25/72074659/72074659_480p_h264_740_TSLQ1hYOh8dXGG8f_1769366390.mp4?User-Agent=Mozilla%2F5.0%20%28Windows%20NT%206.2%3B%20WOW64%3B%20rv%3A104.0.0.0%29%20Gecko%2F20100101%20Firefox%2F104.0.0.0&Origin=https%3A%2F%2Fstripchat.com&Referer=https%3A%2F%2Fstripchat.com%2Fbadangelsjennyx&Accept=application%2Fx-mpegURL&Accept-Language=en-US%2Cen%3Bq%3D0.9>
2026-01-25 10:39:58.944 T:21247   error <general>: AddOnLog: inputstream.adaptive: [AS-0] Download failed, HTTP error 500: https://media-hls.saawsedge.com/b-hls-25/72074659/72074659_480p_h264_740_TSLQ1hYOh8dXGG8f_1769366390.mp4?User-Agent=Mozilla%2F5.0%20%28Windows%20NT%206.2%3B%20WOW64%3B%20rv%3A104.0.0.0%29%20Gecko%2F20100101%20Firefox%2F104.0.0.0&Origin=https%3A%2F%2Fstripchat.com&Referer=https%3A%2F%2Fstripchat.com%2Fbadangelsjennyx&Accept=application%2Fx-mpegURL&Accept-Language=en-US%2Cen%3Bq%3D0.9
2026-01-25 10:39:59.944 T:21247 warning <general>: AddOnLog: inputstream.adaptive: [AS-0] Segment download failed, attempt 4...
2026-01-25 10:39:59.944 T:21247   debug <general>: CurlFile::Open - <https://media-hls.saawsedge.com/b-hls-25/72074659/72074659_480p_h264_740_TSLQ1hYOh8dXGG8f_1769366390.mp4?User-Agent=Mozilla%2F5.0%20%28Windows%20NT%206.2%3B%20WOW64%3B%20rv%3A104.0.0.0%29%20Gecko%2F20100101%20Firefox%2F104.0.0.0&Origin=https%3A%2F%2Fstripchat.com&Referer=https%3A%2F%2Fstripchat.com%2Fbadangelsjennyx&Accept=application%2Fx-mpegURL&Accept-Language=en-US%2Cen%3Bq%3D0.9>
2026-01-25 10:40:00.008 T:21247   error <general>: AddOnLog: inputstream.adaptive: [AS-0] Download failed, HTTP error 500: https://media-hls.saawsedge.com/b-hls-25/72074659/72074659_480p_h264_740_TSLQ1hYOh8dXGG8f_1769366390.mp4?User-Agent=Mozilla%2F5.0%20%28Windows%20NT%206.2%3B%20WOW64%3B%20rv%3A104.0.0.0%29%20Gecko%2F20100101%20Firefox%2F104.0.0.0&Origin=https%3A%2F%2Fstripchat.com&Referer=https%3A%2F%2Fstripchat.com%2Fbadangelsjennyx&Accept=application%2Fx-mpegURL&Accept-Language=en-US%2Cen%3Bq%3D0.9
2026-01-25 10:40:00.850 T:21246   debug <general>: CurlFile::Open - <https://media-hls.saawsedge.com/b-hls-25/72074659/72074659_480p.m3u8>
2026-01-25 10:40:00.910 T:21246   debug <general>: AddOnLog: inputstream.adaptive: Download finished: https://media-hls.saawsedge.com/b-hls-25/72074659/72074659_480p.m3u8 (downloaded 766 byte, speed 5569.00 byte/s)
2026-01-25 10:40:01.008 T:21247 warning <general>: AddOnLog: inputstream.adaptive: [AS-0] Segment download failed, attempt 5...
2026-01-25 10:40:01.009 T:21247   debug <general>: CurlFile::Open - <https://media-hls.saawsedge.com/b-hls-25/72074659/72074659_480p_h264_740_TSLQ1hYOh8dXGG8f_1769366390.mp4?User-Agent=Mozilla%2F5.0%20%28Windows%20NT%206.2%3B%20WOW64%3B%20rv%3A104.0.0.0%29%20Gecko%2F20100101%20Firefox%2F104.0.0.0&Origin=https%3A%2F%2Fstripchat.com&Referer=https%3A%2F%2Fstripchat.com%2Fbadangelsjennyx&Accept=application%2Fx-mpegURL&Accept-Language=en-US%2Cen%3Bq%3D0.9>
2026-01-25 10:40:01.066 T:21247   error <general>: AddOnLog: inputstream.adaptive: [AS-0] Download failed, HTTP error 500: https://media-hls.saawsedge.com/b-hls-25/72074659/72074659_480p_h264_740_TSLQ1hYOh8dXGG8f_1769366390.mp4?User-Agent=Mozilla%2F5.0%20%28Windows%20NT%206.2%3B%20WOW64%3B%20rv%3A104.0.0.0%29%20Gecko%2F20100101%20Firefox%2F104.0.0.0&Origin=https%3A%2F%2Fstripchat.com&Referer=https%3A%2F%2Fstripchat.com%2Fbadangelsjennyx&Accept=application%2Fx-mpegURL&Accept-Language=en-US%2Cen%3Bq%3D0.9
2026-01-25 10:40:02.067 T:21247 warning <general>: AddOnLog: inputstream.adaptive: [AS-0] Segment download failed, attempt 6...
2026-01-25 10:40:02.067 T:21247   debug <general>: CurlFile::Open - <https://media-hls.saawsedge.com/b-hls-25/72074659/72074659_480p_h264_740_TSLQ1hYOh8dXGG8f_1769366390.mp4?User-Agent=Mozilla%2F5.0%20%28Windows%20NT%206.2%3B%20WOW64%3B%20rv%3A104.0.0.0%29%20Gecko%2F20100101%20Firefox%2F104.0.0.0&Origin=https%3A%2F%2Fstripchat.com&Referer=https%3A%2F%2Fstripchat.com%2Fbadangelsjennyx&Accept=application%2Fx-mpegURL&Accept-Language=en-US%2Cen%3Bq%3D0.9>
2026-01-25 10:40:02.126 T:21247   error <general>: AddOnLog: inputstream.adaptive: [AS-0] Download failed, HTTP error 500: https://media-hls.saawsedge.com/b-hls-25/72074659/72074659_480p_h264_740_TSLQ1hYOh8dXGG8f_1769366390.mp4?User-Agent=Mozilla%2F5.0%20%28Windows%20NT%206.2%3B%20WOW64%3B%20rv%3A104.0.0.0%29%20Gecko%2F20100101%20Firefox%2F104.0.0.0&Origin=https%3A%2F%2Fstripchat.com&Referer=https%3A%2F%2Fstripchat.com%2Fbadangelsjennyx&Accept=application%2Fx-mpegURL&Accept-Language=en-US%2Cen%3Bq%3D0.9
2026-01-25 10:40:02.710 T:20016   debug <general>: ------ Window Init (VideoOSD.xml) ------
2026-01-25 10:40:02.712 T:20016   debug <general>: ------ Window Init (DialogSeekBar.xml) ------
2026-01-25 10:40:02.712 T:20016   debug <general>: ------ Window Init (Pointer.xml) ------
2026-01-25 10:40:02.721 T:20016   debug <general>: ------ Window Init (Custom_1109_TopBarOverlay.xml) ------
2026-01-25 10:40:02.910 T:21246   debug <general>: CurlFile::Open - <https://media-hls.saawsedge.com/b-hls-25/72074659/72074659_480p.m3u8>
2026-01-25 10:40:02.964 T:21246   debug <general>: AddOnLog: inputstream.adaptive: Download finished: https://media-hls.saawsedge.com/b-hls-25/72074659/72074659_480p.m3u8 (downloaded 766 byte, speed 6122.00 byte/s)
2026-01-25 10:40:03.126 T:21247 warning <general>: AddOnLog: inputstream.adaptive: [AS-0] Segment download failed, attempt 7...
2026-01-25 10:40:03.126 T:21247   debug <general>: CurlFile::Open - <https://media-hls.saawsedge.com/b-hls-25/72074659/72074659_480p_h264_740_TSLQ1hYOh8dXGG8f_1769366390.mp4?User-Agent=Mozilla%2F5.0%20%28Windows%20NT%206.2%3B%20WOW64%3B%20rv%3A104.0.0.0%29%20Gecko%2F20100101%20Firefox%2F104.0.0.0&Origin=https%3A%2F%2Fstripchat.com&Referer=https%3A%2F%2Fstripchat.com%2Fbadangelsjennyx&Accept=application%2Fx-mpegURL&Accept-Language=en-US%2Cen%3Bq%3D0.9>
2026-01-25 10:40:03.176 T:21247   error <general>: AddOnLog: inputstream.adaptive: [AS-0] Download failed, HTTP error 500: https://media-hls.saawsedge.com/b-hls-25/72074659/72074659_480p_h264_740_TSLQ1hYOh8dXGG8f_1769366390.mp4?User-Agent=Mozilla%2F5.0%20%28Windows%20NT%206.2%3B%20WOW64%3B%20rv%3A104.0.0.0%29%20Gecko%2F20100101%20Firefox%2F104.0.0.0&Origin=https%3A%2F%2Fstripchat.com&Referer=https%3A%2F%2Fstripchat.com%2Fbadangelsjennyx&Accept=application%2Fx-mpegURL&Accept-Language=en-US%2Cen%3Bq%3D0.9
2026-01-25 10:40:04.176 T:21247 warning <general>: AddOnLog: inputstream.adaptive: [AS-0] Segment download failed, attempt 8...
2026-01-25 10:40:04.176 T:21247   debug <general>: CurlFile::Open - <https://media-hls.saawsedge.com/b-hls-25/72074659/72074659_480p_h264_740_TSLQ1hYOh8dXGG8f_1769366390.mp4?User-Agent=Mozilla%2F5.0%20%28Windows%20NT%206.2%3B%20WOW64%3B%20rv%3A104.0.0.0%29%20Gecko%2F20100101%20Firefox%2F104.0.0.0&Origin=https%3A%2F%2Fstripchat.com&Referer=https%3A%2F%2Fstripchat.com%2Fbadangelsjennyx&Accept=application%2Fx-mpegURL&Accept-Language=en-US%2Cen%3Bq%3D0.9>
2026-01-25 10:40:04.238 T:21247   error <general>: AddOnLog: inputstream.adaptive: [AS-0] Download failed, HTTP error 500: https://media-hls.saawsedge.com/b-hls-25/72074659/72074659_480p_h264_740_TSLQ1hYOh8dXGG8f_1769366390.mp4?User-Agent=Mozilla%2F5.0%20%28Windows%20NT%206.2%3B%20WOW64%3B%20rv%3A104.0.0.0%29%20Gecko%2F20100101%20Firefox%2F104.0.0.0&Origin=https%3A%2F%2Fstripchat.com&Referer=https%3A%2F%2Fstripchat.com%2Fbadangelsjennyx&Accept=application%2Fx-mpegURL&Accept-Language=en-US%2Cen%3Bq%3D0.9
2026-01-25 10:40:04.891 T:20140   debug <general>: AddOnLog: pvr.hts: new connection requested
2026-01-25 10:40:04.892 T:20140   error <general>: AddOnLog: pvr.hts: unable to connect to 127.0.0.1:9982
2026-01-25 10:40:04.964 T:21246   debug <general>: CurlFile::Open - <https://media-hls.saawsedge.com/b-hls-25/72074659/72074659_480p.m3u8>
2026-01-25 10:40:05.183 T:21246   debug <general>: AddOnLog: inputstream.adaptive: Download finished: https://media-hls.saawsedge.com/b-hls-25/72074659/72074659_480p.m3u8 (downloaded 766 byte, speed 1524.00 byte/s)
2026-01-25 10:40:05.238 T:21247 warning <general>: AddOnLog: inputstream.adaptive: [AS-0] Segment download failed, attempt 9...
2026-01-25 10:40:05.239 T:21247   debug <general>: CurlFile::Open - <https://media-hls.saawsedge.com/b-hls-25/72074659/72074659_480p_h264_740_TSLQ1hYOh8dXGG8f_1769366390.mp4?User-Agent=Mozilla%2F5.0%20%28Windows%20NT%206.2%3B%20WOW64%3B%20rv%3A104.0.0.0%29%20Gecko%2F20100101%20Firefox%2F104.0.0.0&Origin=https%3A%2F%2Fstripchat.com&Referer=https%3A%2F%2Fstripchat.com%2Fbadangelsjennyx&Accept=application%2Fx-mpegURL&Accept-Language=en-US%2Cen%3Bq%3D0.9>
2026-01-25 10:40:05.289 T:21247   error <general>: AddOnLog: inputstream.adaptive: [AS-0] Download failed, HTTP error 500: https://media-hls.saawsedge.com/b-hls-25/72074659/72074659_480p_h264_740_TSLQ1hYOh8dXGG8f_1769366390.mp4?User-Agent=Mozilla%2F5.0%20%28Windows%20NT%206.2%3B%20WOW64%3B%20rv%3A104.0.0.0%29%20Gecko%2F20100101%20Firefox%2F104.0.0.0&Origin=https%3A%2F%2Fstripchat.com&Referer=https%3A%2F%2Fstripchat.com%2Fbadangelsjennyx&Accept=application%2Fx-mpegURL&Accept-Language=en-US%2Cen%3Bq%3D0.9
2026-01-25 10:40:06.289 T:21247 warning <general>: AddOnLog: inputstream.adaptive: [AS-0] Segment download failed, attempt 10...
2026-01-25 10:40:06.290 T:21247   debug <general>: CurlFile::Open - <https://media-hls.saawsedge.com/b-hls-25/72074659/72074659_480p_h264_740_TSLQ1hYOh8dXGG8f_1769366390.mp4?User-Agent=Mozilla%2F5.0%20%28Windows%20NT%206.2%3B%20WOW64%3B%20rv%3A104.0.0.0%29%20Gecko%2F20100101%20Firefox%2F104.0.0.0&Origin=https%3A%2F%2Fstripchat.com&Referer=https%3A%2F%2Fstripchat.com%2Fbadangelsjennyx&Accept=application%2Fx-mpegURL&Accept-Language=en-US%2Cen%3Bq%3D0.9>
2026-01-25 10:40:06.346 T:21247   error <general>: AddOnLog: inputstream.adaptive: [AS-0] Download failed, HTTP error 500: https://media-hls.saawsedge.com/b-hls-25/72074659/72074659_480p_h264_740_TSLQ1hYOh8dXGG8f_1769366390.mp4?User-Agent=Mozilla%2F5.0%20%28Windows%20NT%206.2%3B%20WOW64%3B%20rv%3A104.0.0.0%29%20Gecko%2F20100101%20Firefox%2F104.0.0.0&Origin=https%3A%2F%2Fstripchat.com&Referer=https%3A%2F%2Fstripchat.com%2Fbadangelsjennyx&Accept=application%2Fx-mpegURL&Accept-Language=en-US%2Cen%3Bq%3D0.9
2026-01-25 10:40:06.346 T:21245   debug <general>: CVideoPlayer::SetCaching - caching state 0
2026-01-25 10:40:06.346 T:21245   debug <general>: CDVDClock::SetSpeedAdjust - adjusted:0.000000
2026-01-25 10:40:06.346 T:21245    info <general>: Process - eof reading from demuxer
2026-01-25 10:40:06.346 T:21245    info <general>: CVideoPlayer::OnExit()
2026-01-25 10:40:06.346 T:21245    info <general>: VideoPlayer: eof, waiting for queues to empty
2026-01-25 10:40:06.346 T:21249   debug <general>: CDVDAudio::Resume - resume audio stream
2026-01-25 10:40:06.347 T:21249    info <general>: CVideoPlayerAudio::Process - stream stalled
2026-01-25 10:40:06.347 T:21245   debug <general>: CVideoPlayer: updating file item stream details with available streams
2026-01-25 10:40:06.347 T:21245    info <general>: Closing stream player 1
2026-01-25 10:40:06.347 T:21245   debug <general>: AddOnLog: inputstream.adaptive: EnableStream(1002: false)
2026-01-25 10:40:06.347 T:21245    info <general>: CDVDMessageQueue(audio)::WaitUntilEmpty
2026-01-25 10:40:06.357 T:21249   debug <general>: CVideoPlayerAudio - CDVDMsg::GENERAL_SYNCHRONIZE
2026-01-25 10:40:06.357 T:21249    info <general>: thread end: CVideoPlayerAudio::OnExit()
2026-01-25 10:40:06.357 T:21245    info <general>: Waiting for audio thread to exit
2026-01-25 10:40:06.357 T:21249   debug <general>: Thread VideoPlayerAudio 139907051808448 terminating
2026-01-25 10:40:06.357 T:21245    info <general>: Closing audio device
2026-01-25 10:40:06.357 T:21245    info <general>: Deleting audio codec
2026-01-25 10:40:06.357 T:21245    info <general>: Closing stream player 2
2026-01-25 10:40:06.357 T:21245   debug <general>: AddOnLog: inputstream.adaptive: EnableStream(1001: false)
2026-01-25 10:40:06.357 T:21245    info <general>: waiting for video thread to exit
2026-01-25 10:40:06.361 T:21248    info <general>: thread end: video_thread
2026-01-25 10:40:06.361 T:21248   debug <general>: Thread VideoPlayerVideo 139907060201152 terminating
2026-01-25 10:40:06.362 T:21245    info <general>: deleting video codec
2026-01-25 10:40:06.364 T:21245   debug <general>: AddOnLog: inputstream.adaptive: Close()
2026-01-25 10:40:06.364 T:21245   debug <general>: AddOnLog: inputstream.adaptive: CSession::~CSession()
2026-01-25 10:40:06.364 T:21245   debug <general>: AddOnLog: inputstream.adaptive: CSession::DeleteStreams()
2026-01-25 10:40:06.364 T:21245   debug <general>: SECTION:UnloadDll(/usr/lib64/kodi/addons/inputstream.adaptive/inputstream.adaptive.so.21.5.14)
2026-01-25 10:40:06.364 T:21245    info <general>: ADDON: Dll Destroyed - InputStream Adaptive
2026-01-25 10:40:06.365 T:21245   debug <general>: Thread VideoPlayer 139907074877120 terminating
2026-01-25 10:40:06.365 T:20181   debug <general>: DoWork - Saving file state for video item https://edge-hls.saawsedge.com/hls/72074659/master/72074659_480p.m3u8
2026-01-25 10:40:06.366 T:20181   debug <general>: DoWork - Marking video item https://edge-hls.saawsedge.com/hls/72074659/master/72074659_480p.m3u8 as watched
2026-01-25 10:40:06.372 T:20016   debug <general>: Flush - flushing renderer
2026-01-25 10:40:06.373 T:20016    info <general>: VAAPI::Close
2026-01-25 10:40:06.373 T:21263    info <general>: COutput::OnExit: Output Thread terminated
2026-01-25 10:40:06.373 T:21263   debug <general>: Thread Vaapi-Output 139906538006208 terminating
2026-01-25 10:40:06.373 T:20016    info <general>: VAAPI::Close - closing decoder context
2026-01-25 10:40:06.375 T:20016   debug <general>: GL: Requested render method: 0
2026-01-25 10:40:06.375 T:20016   debug <general>: GL: using shader format: 7
2026-01-25 10:40:06.375 T:20016   debug <general>: GL: using tonemap method: 1
2026-01-25 10:40:06.375 T:20016    info <general>: GL: Selecting YUV 2 RGB shader
2026-01-25 10:40:06.375 T:20016    info <general>: GL: Using GL_ARB_pixel_buffer_object
2026-01-25 10:40:06.375 T:20016    info <general>: Using GL_TEXTURE_2D
2026-01-25 10:40:06.586 T:20069   debug <general>: OnPlayBackEnded: CApplicationPlayerCallback::OnPlayBackEnded
2026-01-25 10:40:06.595 T:20016    info <general>: CVideoPlayer::CloseFile()
2026-01-25 10:40:06.595 T:20016   debug <general>: DeleteRenderer - deleting renderer
2026-01-25 10:40:06.595 T:20016   debug <general>: LinuxRendererGL: Cleaning up GL resources
2026-01-25 10:40:06.596 T:20016    info <general>: VideoPlayer: waiting for threads to exit
2026-01-25 10:40:06.596 T:20016    info <general>: VideoPlayer: finished waiting
2026-01-25 10:40:06.596 T:20016    info <general>: CVideoPlayer::CloseFile()
2026-01-25 10:40:06.596 T:20016    info <general>: VideoPlayer: waiting for threads to exit
2026-01-25 10:40:06.596 T:20016    info <general>: VideoPlayer: finished waiting
2026-01-25 10:40:06.596 T:20016   debug <general>: Radio UECP (RDS) Processor - delete ~CDVDRadioRDSData
2026-01-25 10:40:06.596 T:20016   debug <general>: Audio ID3 tag processor - delete ~CVideoPlayerAudioID3
2026-01-25 10:40:06.596 T:20016   debug <general>: CGUIWindowManager::PreviousWindow: Deactivate
2026-01-25 10:40:06.596 T:20016   debug <general>: ------ Window Deinit (VideoOSD.xml) ------
2026-01-25 10:40:06.597 T:20016   debug <general>: ------ Window Deinit (VideoFullScreen.xml) ------
2026-01-25 10:40:06.598 T:20016    info <general>: SetResolutionExternal: Kodi asked to switch mode to 2880x1800 @90.001 Hz on output "SDC 0x4171" full screen
2026-01-25 10:40:06.598 T:20016   debug <general>: SetResolutionExternal: Not setting full screen: already full screen on requested output
2026-01-25 10:40:06.598 T:20016   debug <general>: CGUIWindowManager::PreviousWindow: Activate new
2026-01-25 10:40:06.598 T:20016   debug <general>: ------ Window Init (MyVideoNav.xml) ------
2026-01-25 10:40:06.599 T:20016   error <general>: Control 50 in window 10025 has been asked to focus, but it can't
2026-01-25 10:40:06.599 T:20016    info <general>: SetResolutionExternal: Kodi asked to switch mode to 2880x1800 @90.001 Hz on output "SDC 0x4171" full screen
2026-01-25 10:40:06.599 T:20016   debug <general>: SetResolutionExternal: Not setting full screen: already full screen on requested output
2026-01-25 10:40:06.599 T:20016   debug <general>: CGUIMediaWindow::GetDirectory (plugin://plugin.video.cumination/?channel=None&keyword&mode=stripchat.List&name=%5bCOLOR%20hotpink%5dFemale%20HD%5b%2fCOLOR%5d&page&section=None&url=https%3a%2f%2fstripchat.com%2fapi%2ffront%2fmodels%3flimit%3d80%26parentTag%3dautoTagNew%26sortBy%3dtrending%26offset%3d0%26primaryTag%3dgirls%26broadcastHD%3dtrue)
2026-01-25 10:40:06.599 T:20016   debug <general>:   ParentPath = [plugin://plugin.video.cumination/?channel=None&keyword&mode=stripchat.List&name=%5bCOLOR%20hotpink%5dFemale%20HD%5b%2fCOLOR%5d&page&section=None&url=https%3a%2f%2fstripchat.com%2fapi%2ffront%2fmodels%3flimit%3d80%26parentTag%3dautoTagNew%26sortBy%3dtrending%26offset%3d0%26primaryTag%3dgirls%26broadcastHD%3dtrue]
2026-01-25 10:40:06.599 T:21709   debug <general>: Thread waiting start, auto delete: false
2026-01-25 10:40:06.602 T:20181   debug <general>: CAddonDatabase::SetLastUsed[plugin.video.cumination] took 3 ms
2026-01-25 10:40:06.602 T:21709   debug <general>: CScriptRunner: running add-on script Cumination('plugin://plugin.video.cumination/', '6', '?channel=None&keyword&mode=stripchat.List&name=%5bCOLOR%20hotpink%5dFemale%20HD%5b%2fCOLOR%5d&page&section=None&url=https%3a%2f%2fstripchat.com%2fapi%2ffront%2fmodels%3flimit%3d80%26parentTag%3dautoTagNew%26sortBy%3dtrending%26offset%3d0%26primaryTag%3dgirls%26broadcastHD%3dtrue')
2026-01-25 10:40:06.602 T:21710   debug <general>: Thread LanguageInvoker start, auto delete: false
2026-01-25 10:40:06.602 T:21710   debug <general>: initializing python engine.
2026-01-25 10:40:06.602 T:21710   debug <general>: CPythonInvoker(9, /home/rpeters1428/.kodi/addons/plugin.video.cumination/default.py): start processing
2026-01-25 10:40:06.610 T:21710   debug <general>: -->Python Interpreter Initialized<--
2026-01-25 10:40:06.610 T:21710   debug <general>: 
                                                   
2026-01-25 10:40:06.610 T:21710   debug <general>: CPythonInvoker(9, /home/rpeters1428/.kodi/addons/plugin.video.cumination/default.py): the source file to load is "/home/rpeters1428/.kodi/addons/plugin.video.cumination/default.py"
2026-01-25 10:40:06.610 T:21710   debug <general>: CPythonInvoker(9): full python path:
2026-01-25 10:40:06.610 T:21710   debug <general>: CPythonInvoker(9):   custom python path:
2026-01-25 10:40:06.610 T:21710   debug <general>: CPythonInvoker(9):     /home/rpeters1428/.kodi/addons/plugin.video.cumination
2026-01-25 10:40:06.610 T:21710   debug <general>: CPythonInvoker(9):     /home/rpeters1428/.kodi/addons/script.common.plugin.cache/resources/lib/storage_server/
2026-01-25 10:40:06.610 T:21710   debug <general>: CPythonInvoker(9):     /home/rpeters1428/.kodi/addons/script.module.beautifulsoup4/lib
2026-01-25 10:40:06.610 T:21710   debug <general>: CPythonInvoker(9):     /home/rpeters1428/.kodi/addons/script.module.certifi/lib
2026-01-25 10:40:06.610 T:21710   debug <general>: CPythonInvoker(9):     /home/rpeters1428/.kodi/addons/script.module.chardet/lib
2026-01-25 10:40:06.610 T:21710   debug <general>: CPythonInvoker(9):     /home/rpeters1428/.kodi/addons/script.module.idna/lib
2026-01-25 10:40:06.610 T:21710   debug <general>: CPythonInvoker(9):     /home/rpeters1428/.kodi/addons/script.module.inputstreamhelper/lib
2026-01-25 10:40:06.610 T:21710   debug <general>: CPythonInvoker(9):     /home/rpeters1428/.kodi/addons/script.module.kodi-six/libs
2026-01-25 10:40:06.610 T:21710   debug <general>: CPythonInvoker(9):     /home/rpeters1428/.kodi/addons/script.module.requests/lib
2026-01-25 10:40:06.610 T:21710   debug <general>: CPythonInvoker(9):     /home/rpeters1428/.kodi/addons/script.module.resolveurl.xxx/lib
2026-01-25 10:40:06.610 T:21710   debug <general>: CPythonInvoker(9):     /home/rpeters1428/.kodi/addons/script.module.resolveurl/lib
2026-01-25 10:40:06.610 T:21710   debug <general>: CPythonInvoker(9):     /home/rpeters1428/.kodi/addons/script.module.six/lib
2026-01-25 10:40:06.610 T:21710   debug <general>: CPythonInvoker(9):     /home/rpeters1428/.kodi/addons/script.module.soupsieve/lib
2026-01-25 10:40:06.610 T:21710   debug <general>: CPythonInvoker(9):     /home/rpeters1428/.kodi/addons/script.module.urllib3/lib
2026-01-25 10:40:06.610 T:21710   debug <general>: CPythonInvoker(9):     /home/rpeters1428/.kodi/addons/script.module.websocket/lib
2026-01-25 10:40:06.610 T:21710   debug <general>: CPythonInvoker(9):   default python path:
2026-01-25 10:40:06.610 T:21710   debug <general>: CPythonInvoker(9):     /usr/lib64/python314.zip
2026-01-25 10:40:06.610 T:21710   debug <general>: CPythonInvoker(9):     /usr/lib64/python3.14
2026-01-25 10:40:06.610 T:21710   debug <general>: CPythonInvoker(9):     /usr/lib64/python3.14/lib-dynload
2026-01-25 10:40:06.610 T:21710   debug <general>: CPythonInvoker(9):     /home/rpeters1428/.local/lib/python3.14/site-packages
2026-01-25 10:40:06.610 T:21710   debug <general>: CPythonInvoker(9):     /usr/lib64/python3.14/site-packages
2026-01-25 10:40:06.610 T:21710   debug <general>: CPythonInvoker(9):     /usr/lib/python3.14/site-packages
2026-01-25 10:40:06.610 T:21710   debug <general>: CPythonInvoker(9): adding args:
2026-01-25 10:40:06.610 T:21710   debug <general>: CPythonInvoker(9):  plugin://plugin.video.cumination/
2026-01-25 10:40:06.610 T:21710   debug <general>: CPythonInvoker(9):  6
2026-01-25 10:40:06.610 T:21710   debug <general>: CPythonInvoker(9):  ?channel=None&keyword&mode=stripchat.List&name=%5bCOLOR%20hotpink%5dFemale%20HD%5b%2fCOLOR%5d&page&section=None&url=https%3a%2f%2fstripchat.com%2fapi%2ffront%2fmodels%3flimit%3d80%26parentTag%3dautoTagNew%26sortBy%3dtrending%26offset%3d0%26primaryTag%3dgirls%26broadcastHD%3dtrue
2026-01-25 10:40:06.610 T:21710   debug <general>: CPythonInvoker(9):  resume:false
2026-01-25 10:40:06.610 T:21710   debug <general>: CPythonInvoker(9, /home/rpeters1428/.kodi/addons/plugin.video.cumination/default.py): entering source directory /home/rpeters1428/.kodi/addons/plugin.video.cumination
2026-01-25 10:40:06.610 T:21710   debug <general>: CPythonInvoker(9, /home/rpeters1428/.kodi/addons/plugin.video.cumination/default.py): instantiating addon using automatically obtained id of "plugin.video.cumination" dependent on version 3.0.0 of the xbmc.python api
2026-01-25 10:40:06.634 T:21710   debug <CAddonSettings[0@plugin.video.cumination]>: trying to load setting definitions from old format...
2026-01-25 10:40:06.634 T:21710   debug <CSettingsManager>: requested setting (changelog_seen_version) was not found.
2026-01-25 10:40:06.634 T:21710   debug <CSettingsManager>: requested setting (cuminationage) was not found.
2026-01-25 10:40:06.634 T:21710   debug <CSettingsManager>: requested setting (current_ua) was not found.
2026-01-25 10:40:06.634 T:21710   debug <CSettingsManager>: requested setting (last_ua_create) was not found.
2026-01-25 10:40:06.671 T:21710   debug <CSettingsManager>: requested setting (cblogged) was not found.
2026-01-25 10:40:06.672 T:21710   debug <CSettingsManager>: requested setting (spankbang_quality) was not found.
2026-01-25 10:40:06.672 T:21710   debug <CSettingsManager>: requested setting (spankbang_length) was not found.
2026-01-25 10:40:06.674 T:21710   debug <CSettingsManager>: requested setting (htvlogged) was not found.
2026-01-25 10:40:06.676 T:21710   debug <CSettingsManager>: requested setting (jblogged) was not found.
2026-01-25 10:40:06.699 T:20016   debug <general>: ------ Window Init (DialogBusy.xml) ------
2026-01-25 10:40:06.700 T:20016   debug <general>: Uninhibiting OS screen saver
2026-01-25 10:40:06.731 T:20016   debug <general>: ------ Window Deinit (DialogSeekBar.xml) ------
2026-01-25 10:40:06.733 T:20016   debug <general>: ProcessMouse: trying mouse action leftclick
2026-01-25 10:40:06.736 T:21710   debug <CSettingsManager>: requested setting (ptlogged) was not found.
2026-01-25 10:40:06.736 T:21710   debug <CSettingsManager>: requested setting (ptlength) was not found.
2026-01-25 10:40:06.736 T:21710    info <general>: @@@@Cumination: Import Error Cryptodome: No module named 'Cryptodome'
2026-01-25 10:40:06.740 T:21710   debug <CSettingsManager>: requested setting (tahlogged) was not found.
2026-01-25 10:40:06.743 T:21710   debug <CSettingsManager>: requested setting (whlogged) was not found.
2026-01-25 10:40:06.743 T:21710   debug <CSettingsManager>: requested setting (xflogged) was not found.
2026-01-25 10:40:06.750 T:21710   debug <CSettingsManager>: requested setting (pincode) was not found.
2026-01-25 10:40:06.750 T:21710   debug <CSettingsManager>: requested setting (logintime) was not found.
2026-01-25 10:40:06.752 T:21710    info <general>: @@@@Cumination: Stripchat: Fetching model list from API
2026-01-25 10:40:06.897 T:20016   debug <general>: ------ Window Deinit (Custom_1109_TopBarOverlay.xml) ------
2026-01-25 10:40:07.067 T:21710    info <general>: @@@@Cumination: Stripchat: Successfully loaded 80 models
2026-01-25 10:40:07.086 T:21710   debug <CSettingsManager>: requested setting (favorder) was not found.
2026-01-25 10:40:07.100 T:21710   debug <general>: Skipped 79 duplicate messages..
2026-01-25 10:40:07.100 T:21710   debug <general>: CPythonInvoker(9, /home/rpeters1428/.kodi/addons/plugin.video.cumination/default.py): script aborted
2026-01-25 10:40:07.100 T:21710   debug <general>: onExecutionDone(9, /home/rpeters1428/.kodi/addons/plugin.video.cumination/default.py)
2026-01-25 10:40:07.100 T:21710   debug <general>: .
2026-01-25 10:40:07.102 T:21709   debug <general>: Skipped 2 duplicate messages..
2026-01-25 10:40:07.102 T:21709   debug <general>: Thread waiting 139907074877120 terminating
2026-01-25 10:40:07.127 T:21710   debug <general>: Python interpreter stopped
2026-01-25 10:40:07.127 T:21710   debug <general>: Thread LanguageInvoker 139908383483584 terminating
2026-01-25 10:40:07.178 T:20016   debug <general>: ------ Window Deinit (DialogBusy.xml) ------
2026-01-25 10:40:07.184 T:21719   debug <general>: Thread BackgroundLoader start, auto delete: false
2026-01-25 10:40:07.184 T:20016   debug <general>: [threads] name: 'BackgroundLoader' priority: '1'
2026-01-25 10:40:07.187 T:21719   debug <general>: Thread BackgroundLoader 139907307648704 terminating
2026-01-25 10:40:07.556 T:20069   debug <general>: CCurlFile::GetMimeType - <https://img.strpst.com/thumbs/1769366370/72074659_webp> -> image/webp
2026-01-25 10:40:07.556 T:20069   debug <general>: CurlFile::Open - <https://img.strpst.com/thumbs/1769366370/72074659_webp>
2026-01-25 10:40:07.660 T:20069   debug <general>: Caching image 'https://img.strpst.com/thumbs/1769366370/72074659_webp' to 'c/cfbadc8d.jpg':
2026-01-25 10:40:07.660 T:20069   debug <general>: cached image 'special://masterprofile/Thumbnails/c/cfbadc8d.jpg' size 640x360
2026-01-25 10:40:07.708 T:20016   debug <general>: CheckIdle - Closing session to https://img.strpst.com (easy=0x7f3f00537ef0, multi=0x7f3f00260030)
2026-01-25 10:40:07.949 T:20056   debug <general>: Presentation: Frame was discarded by compositor
2026-01-25 10:40:08.721 T:21722   debug <general>: Skipped 15 duplicate messages..
2026-01-25 10:40:08.721 T:21722   debug <general>: Thread Timer start, auto delete: false
2026-01-25 10:40:08.749 T:20056   debug <general>: Presentation: Frame was discarded by compositor
2026-01-25 10:40:08.788 T:20016   debug <general>: Keyboard: scancode: 0x1, sym: 0x1b (escape), unicode: 0x1b, modifier: 0x0
2026-01-25 10:40:08.794 T:20056   debug <general>: Presentation: Frame was discarded by compositor
2026-01-25 10:40:08.836 T:21722   debug <general>: Thread Timer 139907316041408 terminating
2026-01-25 10:40:08.872 T:20056   debug <general>: Presentation: Frame was discarded by compositor
2026-01-25 10:40:08.913 T:20016   debug <general>: Keyboard: scancode: 0x1, sym: 0x1b (escape), unicode: 0x1b, modifier: 0x0
2026-01-25 10:40:08.913 T:20016   debug <general>: HandleKey: escape (0xf01b) pressed, window 10025, action is PreviousMenu
2026-01-25 10:40:08.913 T:20016   debug <general>: CGUIWindowManager::PreviousWindow: Deactivate
2026-01-25 10:40:08.913 T:20067    info <general>: CActiveAESink::OpenSink - initialize sink
2026-01-25 10:40:08.913 T:20067   debug <general>: CActiveAESink::OpenSink - trying to open device PIPEWIRE:Default
2026-01-25 10:40:08.913 T:20067   debug <general>: CPipewireStream::StateChanged - stream state changed unconnected -> connecting
2026-01-25 10:40:08.914 T:20016   debug <general>: ------ Window Deinit (Pointer.xml) ------
2026-01-25 10:40:08.914 T:20067   debug <general>: CAESinkPipewire::Initialize - rate: 44100
2026-01-25 10:40:08.914 T:20067   debug <general>: CAESinkPipewire::Initialize - channels: 2
2026-01-25 10:40:08.914 T:20067   debug <general>: CAESinkPipewire::Initialize - format: f32
2026-01-25 10:40:08.914 T:20067   debug <general>: CAESinkPipewire::Initialize - samplesize: 4
2026-01-25 10:40:08.914 T:20067   debug <general>: CAESinkPipewire::Initialize - framesize: 8
2026-01-25 10:40:08.914 T:20067   debug <general>: CAESinkPipewire::Initialize - latency: 2205/44100 (0.017s)
2026-01-25 10:40:08.914 T:20067   debug <general>: CAESinkPipewire::Initialize - waiting
2026-01-25 10:40:08.914 T:20021   debug <general>: CPipewireStream::StateChanged - stream state changed connecting -> paused
2026-01-25 10:40:08.914 T:20067   debug <general>: CAESinkPipewire::Initialize - initialized
2026-01-25 10:40:08.914 T:20067   debug <general>: CActiveAESink::OpenSink - PIPEWIRE Initialized:
2026-01-25 10:40:08.914 T:20067   debug <general>:   Output Device : Default
2026-01-25 10:40:08.914 T:20067   debug <general>:   Sample Rate   : 44100
2026-01-25 10:40:08.914 T:20067   debug <general>:   Sample Format : AE_FMT_FLOAT
2026-01-25 10:40:08.914 T:20067   debug <general>:   Channel Count : 2
2026-01-25 10:40:08.914 T:20067   debug <general>:   Channel Layout: FL, FR
2026-01-25 10:40:08.914 T:20067   debug <general>:   Frames        : 2205
2026-01-25 10:40:08.914 T:20067   debug <general>:   Frame Size    : 8
2026-01-25 10:40:08.918 T:20056   debug <general>: Presentation: Frame was discarded by compositor
2026-01-25 10:40:08.922 T:20021   debug <general>: CPipewireStream::StateChanged - stream state changed paused -> streaming
2026-01-25 10:40:08.922 T:20021   debug <general>: CPipewireStream::StateChanged - stream node 90
2026-01-25 10:40:08.981 T:20021   debug <general>: CPipewireNode::Info - node 62 changed
2026-01-25 10:40:09.221 T:20016   debug <general>: Skipped 3 duplicate messages..
2026-01-25 10:40:09.221 T:20016   debug <general>: ------ Window Deinit (MyVideoNav.xml) ------
2026-01-25 10:40:09.221 T:20016   debug <general>: FreeVisualisation() done
2026-01-25 10:40:09.231 T:20016   debug <general>: CGUIWindowManager::PreviousWindow: Activate new
2026-01-25 10:40:09.231 T:20016   debug <general>: ------ Window Init (Home.xml) ------
2026-01-25 10:40:09.232 T:20016   debug <general>: CDirectoryProvider[addons://]: refreshing..
2026-01-25 10:40:09.232 T:20016   debug <general>: CDirectoryProvider[addons://sources/video/]: refreshing..
2026-01-25 10:40:09.232 T:20016   debug <general>: CDirectoryProvider[addons://sources/audio/]: refreshing..
2026-01-25 10:40:09.232 T:20016   debug <general>: CDirectoryProvider[addons://sources/game/]: refreshing..
2026-01-25 10:40:09.232 T:20016   debug <general>: CDirectoryProvider[addons://sources/executable/]: refreshing..
2026-01-25 10:40:09.232 T:20016   debug <general>: CDirectoryProvider[addons://sources/image/]: refreshing..
2026-01-25 10:40:09.232 T:20016   debug <general>: CDirectoryProvider[library://video/]: refreshing..
2026-01-25 10:40:09.232 T:20016   debug <general>: CDirectoryProvider[sources://video/]: refreshing..
2026-01-25 10:40:09.232 T:20016   debug <general>: CDirectoryProvider[special://videoplaylists/]: refreshing..
2026-01-25 10:40:09.232 T:20016   debug <general>: CDirectoryProvider[pvr://tv/]: refreshing..
2026-01-25 10:40:09.232 T:20016   debug <general>: CDirectoryProvider[pvr://channels/tv/*?view=lastplayed]: refreshing..
2026-01-25 10:40:09.232 T:20016   debug <general>: CDirectoryProvider[pvr://channels/tv]: refreshing..
2026-01-25 10:40:09.232 T:20016   debug <general>: CDirectoryProvider[pvr://radio/]: refreshing..
2026-01-25 10:40:09.232 T:20016   debug <general>: CDirectoryProvider[pvr://channels/radio/*?view=lastplayed]: refreshing..
2026-01-25 10:40:09.232 T:20016   debug <general>: CDirectoryProvider[pvr://channels/radio]: refreshing..
2026-01-25 10:40:09.232 T:20016   debug <general>: CDirectoryProvider[favourites://]: refreshing..
2026-01-25 10:40:09.232 T:20016   debug <general>: CDirectoryProvider[sources://pictures/]: refreshing..
2026-01-25 10:40:09.232 T:20016   debug <general>: CDirectoryProvider[addons://sources/game/]: refreshing..
2026-01-25 10:40:09.233 T:20181   debug <general>: CAddonDatabase: SELECT repo.id FROM repo .. took 0 ms
2026-01-25 10:40:09.234 T:20069   debug <general>: CMultiPathDirectory::GetDirectory(multipath://special%3a%2f%2fprofile%2fplaylists%2fvideo/special%3a%2f%2fprofile%2fplaylists%2fmixed/)
2026-01-25 10:40:09.234 T:20069   debug <general>: Getting Directory (special://profile/playlists/video)
2026-01-25 10:40:09.234 T:20069   debug <general>: Getting Directory (special://profile/playlists/mixed)
2026-01-25 10:40:09.234 T:20069   debug <general>: CMultiPathDirectory::MergeItems, items = 0
2026-01-25 10:40:09.238 T:20181   debug <general>: CAddonDatabase: query  SELECT addons.*, repo.addonID AS repoID FROM addons JOIN addonlinkrepo ON addons.id=addonlinkrepo.idAddon JOIN repo ON repo.id=addonlinkrepo.idRepo WHERE addonlinkrepo.idRepo IN (1,2) ORDER BY repo.addonID, addons.addonID returned 791 rows in 5 ms
2026-01-25 10:40:09.252 T:20181   debug <general>: CAddonDatabase::GetAddons took 19 ms
2026-01-25 10:40:09.254 T:20181   debug <general>: CAddonMgr::GetAvailableUpdatesOrOutdatedAddons took 22 ms
2026-01-25 10:40:09.788 T:21723   debug <general>: Thread Timer start, auto delete: false
2026-01-25 10:40:09.810 T:20016   debug <general>: Keyboard: scancode: 0x1, sym: 0x1b (escape), unicode: 0x1b, modifier: 0x0
2026-01-25 10:40:09.918 T:20056   debug <general>: Presentation: Frame was discarded by compositor
2026-01-25 10:40:09.923 T:21723   debug <general>: Thread Timer 139907316041408 terminating
2026-01-25 10:40:09.959 T:20056   debug <general>: Presentation: Frame was discarded by compositor
2026-01-25 10:40:09.999 T:20016   debug <general>: Keyboard: scancode: 0x1, sym: 0x1b (escape), unicode: 0x1b, modifier: 0x0
2026-01-25 10:40:09.999 T:20016   debug <general>: HandleKey: escape (0xf01b) pressed, window 10000, action is PreviousMenu
