2026-02-13 17:38:29.057 T:91443   debug <general>: AddOnLog: inputstream.adaptive: [AS-0] Download finished: https://media-hls.saawsedge.com/b-hls-27/41991456/41991456_480p_h264_3770_w4AOVpZ2fGGDyjoT_1771033104.mp4?User-Agent=Mozilla%2F5.0%20%28Windows%20NT%2010.0%3B%20WOW64%29%20AppleWebKit%2F537.36%20%28KHTML%2C%20like%20Gecko%29%20Chrome%2F98.0.0.0%20Safari%2F537.36&Origin=https%3A%2F%2Fstripchat.com&Referer=https%3A%2F%2Fstripchat.com%2Fdirtypub&Accept=application%2Fx-mpegURL&Accept-Language=en-US%2Cen%3Bq%3D0.9 (downloaded 325988 byte, speed 2810822.00 byte/s)
2026-02-13 17:38:29.058 T:91636   debug <general>: AddOnLog: inputstream.adaptive: ensureSegment: [AS-0] Begin WaitForSegment stream rep. id "" period id ""
2026-02-13 17:38:29.212 T:91285   debug <general>: CheckIdle - Closing session to https://rpeters1430.github.io (easy=0x7fe758094ff0, multi=0x7fe758022f30)
2026-02-13 17:38:30.179 T:91285   debug <general>: ------ Window Deinit (Pointer.xml) ------
2026-02-13 17:38:30.941 T:91442   debug <general>: CurlFile::Open - <https://media-hls.saawsedge.com/b-hls-27/41991456/41991456_480p.m3u8>
2026-02-13 17:38:31.016 T:91442   debug <general>: AddOnLog: inputstream.adaptive: Download finished: https://media-hls.saawsedge.com/b-hls-27/41991456/41991456_480p.m3u8 (downloaded 770 byte, speed 4440.00 byte/s)
2026-02-13 17:38:31.016 T:91442   debug <general>: AddOnLog: inputstream.adaptive: PrepareSegments: End WaitForSegment stream id ""
2026-02-13 17:38:31.016 T:91443   debug <general>: CurlFile::Open - <https://media-hls.saawsedge.com/b-hls-27/41991456/41991456_480p_h264_3771_L7I6Lry0J71VASHm_1771033106.mp4?User-Agent=Mozilla%2F5.0%20%28Windows%20NT%2010.0%3B%20WOW64%29%20AppleWebKit%2F537.36%20%28KHTML%2C%20like%20Gecko%29%20Chrome%2F98.0.0.0%20Safari%2F537.36&Origin=https%3A%2F%2Fstripchat.com&Referer=https%3A%2F%2Fstripchat.com%2Fdirtypub&Accept=application%2Fx-mpegURL&Accept-Language=en-US%2Cen%3Bq%3D0.9>
2026-02-13 17:38:31.155 T:91443   debug <general>: AddOnLog: inputstream.adaptive: [AS-0] Download finished: https://media-hls.saawsedge.com/b-hls-27/41991456/41991456_480p_h264_3771_L7I6Lry0J71VASHm_1771033106.mp4?User-Agent=Mozilla%2F5.0%20%28Windows%20NT%2010.0%3B%20WOW64%29%20AppleWebKit%2F537.36%20%28KHTML%2C%20like%20Gecko%29%20Chrome%2F98.0.0.0%20Safari%2F537.36&Origin=https%3A%2F%2Fstripchat.com&Referer=https%3A%2F%2Fstripchat.com%2Fdirtypub&Accept=application%2Fx-mpegURL&Accept-Language=en-US%2Cen%3Bq%3D0.9 (downloaded 304520 byte, speed 2187329.00 byte/s)
2026-02-13 17:38:31.156 T:91697   debug <general>: AddOnLog: inputstream.adaptive: ensureSegment: [AS-0] Begin WaitForSegment stream rep. id "" period id ""
2026-02-13 17:38:31.394 T:91444   debug <general>: CPtsTracker: detected pattern of length 1: 33333.33, frameduration: 33333.333333
2026-02-13 17:38:31.426 T:91285   debug <general>: ------ Window Init (VideoOSD.xml) ------
2026-02-13 17:38:31.426 T:91285    info <general>: Loading skin file: VideoOSD.xml, load type: KEEP_IN_MEMORY
2026-02-13 17:38:31.437 T:91285   debug <general>: ------ Window Init (DialogSeekBar.xml) ------
2026-02-13 17:38:31.437 T:91285   debug <general>: ------ Window Init (Pointer.xml) ------
2026-02-13 17:38:31.438 T:91285   debug <general>: ------ Window Init (Custom_1109_TopBarOverlay.xml) ------
2026-02-13 17:38:32.274 T:91350   debug <general>: AddOnLog: pvr.hts: new connection requested
2026-02-13 17:38:32.274 T:91350   error <general>: AddOnLog: pvr.hts: unable to connect to 127.0.0.1:9982
2026-02-13 17:38:33.016 T:91442   debug <general>: CurlFile::Open - <https://media-hls.saawsedge.com/b-hls-27/41991456/41991456_480p.m3u8>
2026-02-13 17:38:33.242 T:91442   debug <general>: AddOnLog: inputstream.adaptive: Download finished: https://media-hls.saawsedge.com/b-hls-27/41991456/41991456_480p.m3u8 (downloaded 770 byte, speed 1463.00 byte/s)
2026-02-13 17:38:33.242 T:91442   debug <general>: AddOnLog: inputstream.adaptive: PrepareSegments: End WaitForSegment stream id ""
2026-02-13 17:38:33.242 T:91443   debug <general>: CurlFile::Open - <https://media-hls.saawsedge.com/b-hls-27/41991456/41991456_480p_h264_3772_mqWBtrGY17De432X_1771033108.mp4?User-Agent=Mozilla%2F5.0%20%28Windows%20NT%2010.0%3B%20WOW64%29%20AppleWebKit%2F537.36%20%28KHTML%2C%20like%20Gecko%29%20Chrome%2F98.0.0.0%20Safari%2F537.36&Origin=https%3A%2F%2Fstripchat.com&Referer=https%3A%2F%2Fstripchat.com%2Fdirtypub&Accept=application%2Fx-mpegURL&Accept-Language=en-US%2Cen%3Bq%3D0.9>
2026-02-13 17:38:33.342 T:91443   debug <general>: AddOnLog: inputstream.adaptive: [AS-0] Download finished: https://media-hls.saawsedge.com/b-hls-27/41991456/41991456_480p_h264_3772_mqWBtrGY17De432X_1771033108.mp4?User-Agent=Mozilla%2F5.0%20%28Windows%20NT%2010.0%3B%20WOW64%29%20AppleWebKit%2F537.36%20%28KHTML%2C%20like%20Gecko%29%20Chrome%2F98.0.0.0%20Safari%2F537.36&Origin=https%3A%2F%2Fstripchat.com&Referer=https%3A%2F%2Fstripchat.com%2Fdirtypub&Accept=application%2Fx-mpegURL&Accept-Language=en-US%2Cen%3Bq%3D0.9 (downloaded 294945 byte, speed 2971588.00 byte/s)
2026-02-13 17:38:33.342 T:91761   debug <general>: AddOnLog: inputstream.adaptive: ensureSegment: [AS-0] Begin WaitForSegment stream rep. id "" period id ""
2026-02-13 17:38:35.242 T:91442   debug <general>: CurlFile::Open - <https://media-hls.saawsedge.com/b-hls-27/41991456/41991456_480p.m3u8>
2026-02-13 17:38:35.576 T:91442   debug <general>: AddOnLog: inputstream.adaptive: Download finished: https://media-hls.saawsedge.com/b-hls-27/41991456/41991456_480p.m3u8 (downloaded 770 byte, speed 999.00 byte/s)
2026-02-13 17:38:35.577 T:91442   debug <general>: AddOnLog: inputstream.adaptive: PrepareSegments: End WaitForSegment stream id ""
2026-02-13 17:38:35.577 T:91443   debug <general>: CurlFile::Open - <https://media-hls.saawsedge.com/b-hls-27/41991456/41991456_480p_h264_3773_uR3K0Wc4QAozBMwZ_1771033110.mp4?User-Agent=Mozilla%2F5.0%20%28Windows%20NT%2010.0%3B%20WOW64%29%20AppleWebKit%2F537.36%20%28KHTML%2C%20like%20Gecko%29%20Chrome%2F98.0.0.0%20Safari%2F537.36&Origin=https%3A%2F%2Fstripchat.com&Referer=https%3A%2F%2Fstripchat.com%2Fdirtypub&Accept=application%2Fx-mpegURL&Accept-Language=en-US%2Cen%3Bq%3D0.9>
2026-02-13 17:38:35.672 T:91443   debug <general>: AddOnLog: inputstream.adaptive: [AS-0] Download finished: https://media-hls.saawsedge.com/b-hls-27/41991456/41991456_480p_h264_3773_uR3K0Wc4QAozBMwZ_1771033110.mp4?User-Agent=Mozilla%2F5.0%20%28Windows%20NT%2010.0%3B%20WOW64%29%20AppleWebKit%2F537.36%20%28KHTML%2C%20like%20Gecko%29%20Chrome%2F98.0.0.0%20Safari%2F537.36&Origin=https%3A%2F%2Fstripchat.com&Referer=https%3A%2F%2Fstripchat.com%2Fdirtypub&Accept=application%2Fx-mpegURL&Accept-Language=en-US%2Cen%3Bq%3D0.9 (downloaded 299211 byte, speed 3134248.00 byte/s)
2026-02-13 17:38:35.673 T:91822   debug <general>: AddOnLog: inputstream.adaptive: ensureSegment: [AS-0] Begin WaitForSegment stream rep. id "" period id ""
2026-02-13 17:38:37.447 T:91285   debug <general>: ProcessMouse: trying mouse action leftclick
2026-02-13 17:38:37.447 T:91285    info <general>: CVideoPlayer::CloseFile()
2026-02-13 17:38:37.447 T:91285   debug <general>: DeleteRenderer - deleting renderer
2026-02-13 17:38:37.447 T:91439    info <general>: CVideoPlayer::OnExit()
2026-02-13 17:38:37.447 T:91285   debug <general>: LinuxRendererGL: Cleaning up GL resources
2026-02-13 17:38:37.447 T:91439   debug <general>: CVideoPlayer: updating file item stream details with available streams
2026-02-13 17:38:37.448 T:91285    info <general>: VideoPlayer: waiting for threads to exit
2026-02-13 17:38:37.448 T:91439    info <general>: Closing stream player 1
2026-02-13 17:38:37.448 T:91439   debug <general>: AddOnLog: inputstream.adaptive: EnableStream(1002: false)
2026-02-13 17:38:37.448 T:91439    info <general>: Waiting for audio thread to exit
2026-02-13 17:38:37.456 T:91445    info <general>: thread end: CVideoPlayerAudio::OnExit()
2026-02-13 17:38:37.456 T:91445   debug <general>: Thread VideoPlayerAudio 140630172886720 terminating
2026-02-13 17:38:37.457 T:91439    info <general>: Closing audio device
2026-02-13 17:38:37.457 T:91439    info <general>: Deleting audio codec
2026-02-13 17:38:37.457 T:91439    info <general>: Closing stream player 2
2026-02-13 17:38:37.457 T:91439   debug <general>: AddOnLog: inputstream.adaptive: EnableStream(1001: false)
2026-02-13 17:38:37.457 T:91439    info <general>: waiting for video thread to exit
2026-02-13 17:38:37.486 T:91444 warning <general>: OutputPicture - timeout waiting for buffer
2026-02-13 17:38:37.486 T:91444    info <general>: thread end: video_thread
2026-02-13 17:38:37.486 T:91444   debug <general>: Thread VideoPlayerVideo 140630181279424 terminating
2026-02-13 17:38:37.487 T:91439    info <general>: deleting video codec
2026-02-13 17:38:37.488 T:91439    info <general>: VAAPI::Close
2026-02-13 17:38:37.488 T:91455    info <general>: COutput::OnExit: Output Thread terminated
2026-02-13 17:38:37.488 T:91455   debug <general>: Thread Vaapi-Output 140629954774720 terminating
2026-02-13 17:38:37.488 T:91439    info <general>: VAAPI::Close - closing decoder context
2026-02-13 17:38:37.490 T:91439   debug <general>: AddOnLog: inputstream.adaptive: Close()
2026-02-13 17:38:37.490 T:91439   debug <general>: AddOnLog: inputstream.adaptive: CSession::~CSession()
2026-02-13 17:38:37.490 T:91439   debug <general>: AddOnLog: inputstream.adaptive: CSession::DeleteStreams()
2026-02-13 17:38:37.490 T:91439   debug <general>: SECTION:UnloadDll(/usr/lib64/kodi/addons/inputstream.adaptive/inputstream.adaptive.so.21.5.14)
2026-02-13 17:38:37.490 T:91439    info <general>: ADDON: Dll Destroyed - InputStream Adaptive
2026-02-13 17:38:37.491 T:91439   debug <general>: Thread VideoPlayer 140630338545344 terminating
2026-02-13 17:38:37.491 T:91285    info <general>: VideoPlayer: finished waiting
2026-02-13 17:38:37.491 T:91285    info <general>: CVideoPlayer::CloseFile()
2026-02-13 17:38:37.491 T:91285    info <general>: VideoPlayer: waiting for threads to exit
2026-02-13 17:38:37.491 T:91285    info <general>: VideoPlayer: finished waiting
2026-02-13 17:38:37.491 T:91331   debug <general>: DoWork - Saving file state for video item https://edge-hls.saawsedge.com/hls/41991456/master/41991456_480p.m3u8
2026-02-13 17:38:37.491 T:91285   debug <general>: Radio UECP (RDS) Processor - delete ~CDVDRadioRDSData
2026-02-13 17:38:37.491 T:91285   debug <general>: Audio ID3 tag processor - delete ~CVideoPlayerAudioID3
2026-02-13 17:38:37.844 T:91331   debug <general>: OnPlayBackStopped: CApplication::OnPlayBackStopped
2026-02-13 17:38:37.845 T:91285   debug <general>: CGUIWindowManager::PreviousWindow: Deactivate
2026-02-13 17:38:37.845 T:91285   debug <general>: ------ Window Deinit (VideoOSD.xml) ------
2026-02-13 17:38:37.845 T:91285   debug <general>: ------ Window Deinit (VideoFullScreen.xml) ------
2026-02-13 17:38:37.847 T:91285    info <general>: SetResolutionExternal: Kodi asked to switch mode to 2880x1800 @90.001 Hz on output "SDC 0x4171" full screen
2026-02-13 17:38:37.847 T:91285   debug <general>: SetResolutionExternal: Not setting full screen: already full screen on requested output
2026-02-13 17:38:37.847 T:91285   debug <general>: CGUIWindowManager::PreviousWindow: Activate new
2026-02-13 17:38:37.847 T:91285   debug <general>: ------ Window Init (MyVideoNav.xml) ------
2026-02-13 17:38:37.847 T:91285   error <general>: Control 50 in window 10025 has been asked to focus, but it can't
2026-02-13 17:38:37.876 T:91285   debug <general>: ------ Window Deinit (DialogSeekBar.xml) ------
2026-02-13 17:38:37.882 T:91285   debug <general>: ------ Window Deinit (Custom_1109_TopBarOverlay.xml) ------
2026-02-13 17:38:37.883 T:91285    info <general>: SetResolutionExternal: Kodi asked to switch mode to 2880x1800 @90.001 Hz on output "SDC 0x4171" full screen
2026-02-13 17:38:37.883 T:91285   debug <general>: SetResolutionExternal: Not setting full screen: already full screen on requested output
2026-02-13 17:38:37.883 T:91285   debug <general>: CGUIMediaWindow::GetDirectory (plugin://plugin.video.cumination/?channel=None&keyword&mode=stripchat.List&name=%5bCOLOR%20hotpink%5dFemale%20HD%5b%2fCOLOR%5d&page&section=None&url=https%3a%2f%2fstripchat.com%2fapi%2ffront%2fmodels%3flimit%3d80%26parentTag%3dautoTagNew%26sortBy%3dtrending%26offset%3d0%26primaryTag%3dgirls%26broadcastHD%3dtrue)
2026-02-13 17:38:37.883 T:91285   debug <general>:   ParentPath = [plugin://plugin.video.cumination/?channel=None&keyword&mode=stripchat.List&name=%5bCOLOR%20hotpink%5dFemale%20HD%5b%2fCOLOR%5d&page&section=None&url=https%3a%2f%2fstripchat.com%2fapi%2ffront%2fmodels%3flimit%3d80%26parentTag%3dautoTagNew%26sortBy%3dtrending%26offset%3d0%26primaryTag%3dgirls%26broadcastHD%3dtrue]
2026-02-13 17:38:37.884 T:91823   debug <general>: Thread waiting start, auto delete: false
2026-02-13 17:38:37.888 T:91331   debug <general>: CAddonDatabase::SetLastUsed[plugin.video.cumination] took 4 ms
2026-02-13 17:38:37.888 T:91823   debug <general>: CScriptRunner: running add-on script Cumination('plugin://plugin.video.cumination/', '5', '?channel=None&keyword&mode=stripchat.List&name=%5bCOLOR%20hotpink%5dFemale%20HD%5b%2fCOLOR%5d&page&section=None&url=https%3a%2f%2fstripchat.com%2fapi%2ffront%2fmodels%3flimit%3d80%26parentTag%3dautoTagNew%26sortBy%3dtrending%26offset%3d0%26primaryTag%3dgirls%26broadcastHD%3dtrue')
2026-02-13 17:38:37.888 T:91824   debug <general>: Thread LanguageInvoker start, auto delete: false
2026-02-13 17:38:37.888 T:91824   debug <general>: initializing python engine.
2026-02-13 17:38:37.888 T:91824   debug <general>: CPythonInvoker(7, /home/rpeters1428/.kodi/addons/plugin.video.cumination/default.py): start processing
2026-02-13 17:38:37.896 T:91824   debug <general>: -->Python Interpreter Initialized<--
2026-02-13 17:38:37.896 T:91824   debug <general>: 
                                                   
2026-02-13 17:38:37.896 T:91824   debug <general>: CPythonInvoker(7, /home/rpeters1428/.kodi/addons/plugin.video.cumination/default.py): the source file to load is "/home/rpeters1428/.kodi/addons/plugin.video.cumination/default.py"
2026-02-13 17:38:37.896 T:91824   debug <general>: CPythonInvoker(7): full python path:
2026-02-13 17:38:37.896 T:91824   debug <general>: CPythonInvoker(7):   custom python path:
2026-02-13 17:38:37.896 T:91824   debug <general>: CPythonInvoker(7):     /home/rpeters1428/.kodi/addons/plugin.video.cumination
2026-02-13 17:38:37.896 T:91824   debug <general>: CPythonInvoker(7):     /home/rpeters1428/.kodi/addons/script.common.plugin.cache/resources/lib/storage_server/
2026-02-13 17:38:37.896 T:91824   debug <general>: CPythonInvoker(7):     /home/rpeters1428/.kodi/addons/script.module.beautifulsoup4/lib
2026-02-13 17:38:37.896 T:91824   debug <general>: CPythonInvoker(7):     /home/rpeters1428/.kodi/addons/script.module.certifi/lib
2026-02-13 17:38:37.896 T:91824   debug <general>: CPythonInvoker(7):     /home/rpeters1428/.kodi/addons/script.module.chardet/lib
2026-02-13 17:38:37.896 T:91824   debug <general>: CPythonInvoker(7):     /home/rpeters1428/.kodi/addons/script.module.idna/lib
2026-02-13 17:38:37.896 T:91824   debug <general>: CPythonInvoker(7):     /home/rpeters1428/.kodi/addons/script.module.inputstreamhelper/lib
2026-02-13 17:38:37.896 T:91824   debug <general>: CPythonInvoker(7):     /home/rpeters1428/.kodi/addons/script.module.kodi-six/libs
2026-02-13 17:38:37.896 T:91824   debug <general>: CPythonInvoker(7):     /home/rpeters1428/.kodi/addons/script.module.requests/lib
2026-02-13 17:38:37.896 T:91824   debug <general>: CPythonInvoker(7):     /home/rpeters1428/.kodi/addons/script.module.resolveurl.xxx/lib
2026-02-13 17:38:37.896 T:91824   debug <general>: CPythonInvoker(7):     /home/rpeters1428/.kodi/addons/script.module.resolveurl/lib
2026-02-13 17:38:37.896 T:91824   debug <general>: CPythonInvoker(7):     /home/rpeters1428/.kodi/addons/script.module.six/lib
2026-02-13 17:38:37.896 T:91824   debug <general>: CPythonInvoker(7):     /home/rpeters1428/.kodi/addons/script.module.soupsieve/lib
2026-02-13 17:38:37.896 T:91824   debug <general>: CPythonInvoker(7):     /home/rpeters1428/.kodi/addons/script.module.urllib3/lib
2026-02-13 17:38:37.896 T:91824   debug <general>: CPythonInvoker(7):     /home/rpeters1428/.kodi/addons/script.module.websocket/lib
2026-02-13 17:38:37.896 T:91824   debug <general>: CPythonInvoker(7):   default python path:
2026-02-13 17:38:37.896 T:91824   debug <general>: CPythonInvoker(7):     /usr/lib64/python314.zip
2026-02-13 17:38:37.896 T:91824   debug <general>: CPythonInvoker(7):     /usr/lib64/python3.14
2026-02-13 17:38:37.896 T:91824   debug <general>: CPythonInvoker(7):     /usr/lib64/python3.14/lib-dynload
2026-02-13 17:38:37.896 T:91824   debug <general>: CPythonInvoker(7):     /home/rpeters1428/.local/lib/python3.14/site-packages
2026-02-13 17:38:37.896 T:91824   debug <general>: CPythonInvoker(7):     /usr/lib64/python3.14/site-packages
2026-02-13 17:38:37.896 T:91824   debug <general>: CPythonInvoker(7):     /usr/lib/python3.14/site-packages
2026-02-13 17:38:37.896 T:91824   debug <general>: CPythonInvoker(7): adding args:
2026-02-13 17:38:37.896 T:91824   debug <general>: CPythonInvoker(7):  plugin://plugin.video.cumination/
2026-02-13 17:38:37.896 T:91824   debug <general>: CPythonInvoker(7):  5
2026-02-13 17:38:37.896 T:91824   debug <general>: CPythonInvoker(7):  ?channel=None&keyword&mode=stripchat.List&name=%5bCOLOR%20hotpink%5dFemale%20HD%5b%2fCOLOR%5d&page&section=None&url=https%3a%2f%2fstripchat.com%2fapi%2ffront%2fmodels%3flimit%3d80%26parentTag%3dautoTagNew%26sortBy%3dtrending%26offset%3d0%26primaryTag%3dgirls%26broadcastHD%3dtrue
2026-02-13 17:38:37.896 T:91824   debug <general>: CPythonInvoker(7):  resume:false
2026-02-13 17:38:37.896 T:91824   debug <general>: CPythonInvoker(7, /home/rpeters1428/.kodi/addons/plugin.video.cumination/default.py): entering source directory /home/rpeters1428/.kodi/addons/plugin.video.cumination
2026-02-13 17:38:37.896 T:91824   debug <general>: CPythonInvoker(7, /home/rpeters1428/.kodi/addons/plugin.video.cumination/default.py): instantiating addon using automatically obtained id of "plugin.video.cumination" dependent on version 3.0.0 of the xbmc.python api
2026-02-13 17:38:37.921 T:91824   debug <CAddonSettings[0@plugin.video.cumination]>: trying to load setting definitions from old format...
2026-02-13 17:38:37.921 T:91824   debug <CSettingsManager>: requested setting (changelog_seen_version) was not found.
2026-02-13 17:38:37.921 T:91824   debug <CSettingsManager>: requested setting (cuminationage) was not found.
2026-02-13 17:38:37.921 T:91824   debug <CSettingsManager>: requested setting (current_ua) was not found.
2026-02-13 17:38:37.921 T:91824   debug <CSettingsManager>: requested setting (last_ua_create) was not found.
2026-02-13 17:38:37.984 T:91285   debug <general>: ------ Window Init (DialogBusy.xml) ------
2026-02-13 17:38:37.985 T:91285   debug <general>: Uninhibiting OS screen saver
2026-02-13 17:38:38.014 T:91824    info <general>: @@@@Cumination: Import Error Cryptodome: No module named 'Cryptodome'
2026-02-13 17:38:38.019 T:91824   debug <CSettingsManager>: requested setting (tahlogged) was not found.
2026-02-13 17:38:38.021 T:91824   debug <CSettingsManager>: requested setting (xflogged) was not found.
2026-02-13 17:38:38.026 T:91824   debug <CSettingsManager>: requested setting (htvlogged) was not found.
2026-02-13 17:38:38.031 T:91824   debug <CSettingsManager>: requested setting (jblogged) was not found.
2026-02-13 17:38:38.034 T:91824   debug <CSettingsManager>: requested setting (spankbang_quality) was not found.
2026-02-13 17:38:38.034 T:91824   debug <CSettingsManager>: requested setting (spankbang_length) was not found.
2026-02-13 17:38:38.037 T:91824   debug <CSettingsManager>: requested setting (ptlogged) was not found.
2026-02-13 17:38:38.037 T:91824   debug <CSettingsManager>: requested setting (ptlength) was not found.
2026-02-13 17:38:38.038 T:91824   debug <CSettingsManager>: requested setting (cblogged) was not found.
2026-02-13 17:38:38.045 T:91824   debug <CSettingsManager>: requested setting (whlogged) was not found.
2026-02-13 17:38:38.045 T:91824   debug <CSettingsManager>: requested setting (pincode) was not found.
2026-02-13 17:38:38.045 T:91824   debug <CSettingsManager>: requested setting (logintime) was not found.
2026-02-13 17:38:38.047 T:91824    info <general>: @@@@Cumination: Stripchat: Fetching model list from API
2026-02-13 17:38:38.348 T:91824    info <general>: @@@@Cumination: Stripchat: Successfully loaded 80 models
2026-02-13 17:38:38.350 T:91824   debug <CSettingsManager>: requested setting (favorder) was not found.
2026-02-13 17:38:38.363 T:91824   debug <general>: Skipped 79 duplicate messages..
2026-02-13 17:38:38.363 T:91824   debug <general>: CPythonInvoker(7, /home/rpeters1428/.kodi/addons/plugin.video.cumination/default.py): script aborted
2026-02-13 17:38:38.363 T:91824   debug <general>: onExecutionDone(7, /home/rpeters1428/.kodi/addons/plugin.video.cumination/default.py)
2026-02-13 17:38:38.363 T:91824   debug <general>: .
2026-02-13 17:38:38.365 T:91823   debug <general>: Skipped 2 duplicate messages..
2026-02-13 17:38:38.365 T:91823   debug <general>: Thread waiting 140630338545344 terminating
2026-02-13 17:38:38.390 T:91824   debug <general>: Python interpreter stopped
2026-02-13 17:38:38.390 T:91824   debug <general>: Thread LanguageInvoker 140631187912384 terminating
2026-02-13 17:38:38.442 T:91285   debug <general>: ------ Window Deinit (DialogBusy.xml) ------
2026-02-13 17:38:38.448 T:91825   debug <general>: Thread BackgroundLoader start, auto delete: false
2026-02-13 17:38:38.448 T:91285   debug <general>: [threads] name: 'BackgroundLoader' priority: '1'
2026-02-13 17:38:38.452 T:91825   debug <general>: Thread BackgroundLoader 140631548602048 terminating
2026-02-13 17:38:38.737 T:91333   debug <general>: CCurlFile::GetMimeType - <https://static-proxy.strpst.com/previews/3/0/d/30decb5b5d504d885f7316c2158453c6-thumb-small> -> image/webp
2026-02-13 17:38:38.737 T:91333   debug <general>: CurlFile::Open - <https://static-proxy.strpst.com/previews/3/0/d/30decb5b5d504d885f7316c2158453c6-thumb-small>
2026-02-13 17:38:38.850 T:91333   error <general>: ffmpeg[0x55ecb64e1de0]: [webp] invalid TIFF header in Exif data
2026-02-13 17:38:38.850 T:91333   debug <general>: Caching image 'https://static-proxy.strpst.com/previews/3/0/d/30decb5b5d504d885f7316c2158453c6-thumb-small' to '2/2ef04ad7.jpg':
2026-02-13 17:38:38.850 T:91333   debug <general>: cached image 'special://masterprofile/Thumbnails/2/2ef04ad7.jpg' size 200x150
2026-02-13 17:38:39.243 T:91332   debug <general>: CCurlFile::GetMimeType - <https://img.strpst.com/thumbs/1771033080/236964647_webp> -> image/webp
2026-02-13 17:38:39.243 T:91332   debug <general>: CurlFile::Open - <https://img.strpst.com/thumbs/1771033080/236964647_webp>
2026-02-13 17:38:39.306 T:91332   debug <general>: Caching image 'https://img.strpst.com/thumbs/1771033080/236964647_webp' to 'd/d3a08cb0.jpg':
2026-02-13 17:38:39.306 T:91332   debug <general>: cached image 'special://masterprofile/Thumbnails/d/d3a08cb0.jpg' size 270x360
2026-02-13 17:38:39.449 T:91332   debug <general>: CCurlFile::GetMimeType - <https://static-proxy.strpst.com/previews/5/4/c/54ca66ca6f3b69d10caea0f805440040-thumb-small> -> image/webp
2026-02-13 17:38:39.449 T:91332   debug <general>: CurlFile::Open - <https://static-proxy.strpst.com/previews/5/4/c/54ca66ca6f3b69d10caea0f805440040-thumb-small>
2026-02-13 17:38:39.511 T:91332   error <general>: ffmpeg[0x55ecb65c0f00]: [webp] invalid TIFF header in Exif data
2026-02-13 17:38:39.511 T:91332   debug <general>: Caching image 'https://static-proxy.strpst.com/previews/5/4/c/54ca66ca6f3b69d10caea0f805440040-thumb-small' to 'f/f4a72bcb.jpg':
2026-02-13 17:38:39.511 T:91332   debug <general>: cached image 'special://masterprofile/Thumbnails/f/f4a72bcb.jpg' size 200x150
2026-02-13 17:38:39.640 T:91333   debug <general>: CCurlFile::GetMimeType - <https://img.strpst.com/thumbs/1771033080/150254049_webp> -> image/webp
2026-02-13 17:38:39.640 T:91333   debug <general>: CurlFile::Open - <https://img.strpst.com/thumbs/1771033080/150254049_webp>
2026-02-13 17:38:39.689 T:91333   debug <general>: Caching image 'https://img.strpst.com/thumbs/1771033080/150254049_webp' to '7/7707cea2.jpg':
2026-02-13 17:38:39.689 T:91333   debug <general>: cached image 'special://masterprofile/Thumbnails/7/7707cea2.jpg' size 270x360
2026-02-13 17:38:40.047 T:91325   debug <general>: Presentation: Frame was discarded by compositor
2026-02-13 17:38:40.924 T:91331   debug <general>: Skipped 12 duplicate messages..
2026-02-13 17:38:40.924 T:91331   debug <general>: CCurlFile::GetMimeType - <https://img.strpst.com/thumbs/1771033080/195038849_webp> -> image/webp
2026-02-13 17:38:40.924 T:91331   debug <general>: CurlFile::Open - <https://img.strpst.com/thumbs/1771033080/195038849_webp>
2026-02-13 17:38:40.975 T:91331   debug <general>: Caching image 'https://img.strpst.com/thumbs/1771033080/195038849_webp' to 'f/fdaa9bf6.jpg':
2026-02-13 17:38:40.975 T:91331   debug <general>: cached image 'special://masterprofile/Thumbnails/f/fdaa9bf6.jpg' size 270x360
2026-02-13 17:38:41.293 T:91325   debug <general>: Presentation: Frame was discarded by compositor
2026-02-13 17:38:42.002 T:91333   debug <general>: Skipped 8 duplicate messages..
2026-02-13 17:38:42.002 T:91333   debug <general>: CCurlFile::GetMimeType - <https://static-proxy.strpst.com/previews/9/f/9/9f93a9e06607ff94cee5c49fffa92d98-thumb-small> -> image/webp
2026-02-13 17:38:42.002 T:91333   debug <general>: CurlFile::Open - <https://static-proxy.strpst.com/previews/9/f/9/9f93a9e06607ff94cee5c49fffa92d98-thumb-small>
2026-02-13 17:38:42.062 T:91333   error <general>: ffmpeg[0x55ecb64e1de0]: [webp] invalid TIFF header in Exif data
2026-02-13 17:38:42.063 T:91333   debug <general>: Caching image 'https://static-proxy.strpst.com/previews/9/f/9/9f93a9e06607ff94cee5c49fffa92d98-thumb-small' to '9/9dfc9abd.jpg':
2026-02-13 17:38:42.063 T:91333   debug <general>: cached image 'special://masterprofile/Thumbnails/9/9dfc9abd.jpg' size 200x150
2026-02-13 17:38:42.274 T:91350   debug <general>: AddOnLog: pvr.hts: new connection requested
2026-02-13 17:38:42.275 T:91350   error <general>: AddOnLog: pvr.hts: unable to connect to 127.0.0.1:9982
2026-02-13 17:38:42.520 T:91332   debug <general>: CCurlFile::GetMimeType - <https://img.strpst.com/thumbs/1771033080/23194959_webp> -> image/webp
2026-02-13 17:38:42.520 T:91332   debug <general>: CurlFile::Open - <https://img.strpst.com/thumbs/1771033080/23194959_webp>
2026-02-13 17:38:42.582 T:91332   debug <general>: Caching image 'https://img.strpst.com/thumbs/1771033080/23194959_webp' to '8/85d243b3.jpg':
2026-02-13 17:38:42.582 T:91332   debug <general>: cached image 'special://masterprofile/Thumbnails/8/85d243b3.jpg' size 270x360
2026-02-13 17:38:42.900 T:91325   debug <general>: Presentation: Frame was discarded by compositor
2026-02-13 17:38:43.745 T:91836   debug <general>: Skipped 12 duplicate messages..
2026-02-13 17:38:43.745 T:91836   debug <general>: Thread JobWorker start, auto delete: true
2026-02-13 17:38:43.745 T:91836   debug <general>: [threads] name: 'JobWorker' priority: '1'
2026-02-13 17:38:43.745 T:91836   debug <general>: easy_acquire - Created session to https://img.strpst.com
2026-02-13 17:38:43.879 T:91333   debug <general>: CCurlFile::GetMimeType - <https://img.strpst.com/thumbs/1771033080/229677285_webp> -> image/webp
2026-02-13 17:38:43.879 T:91333   debug <general>: CurlFile::Open - <https://img.strpst.com/thumbs/1771033080/229677285_webp>
2026-02-13 17:38:43.924 T:91333   debug <general>: Caching image 'https://img.strpst.com/thumbs/1771033080/229677285_webp' to 'a/a1765906.jpg':
2026-02-13 17:38:43.924 T:91333   debug <general>: cached image 'special://masterprofile/Thumbnails/a/a1765906.jpg' size 270x360
2026-02-13 17:38:44.328 T:91332   debug <general>: CCurlFile::GetMimeType - <https://img.strpst.com/thumbs/1771033080/214069064_webp> -> image/webp
2026-02-13 17:38:44.328 T:91332   debug <general>: CurlFile::Open - <https://img.strpst.com/thumbs/1771033080/214069064_webp>
2026-02-13 17:38:44.366 T:91836   debug <general>: CCurlFile::GetMimeType - <https://img.strpst.com/thumbs/1771033080/238337097_webp> -> image/webp
2026-02-13 17:38:44.366 T:91836   debug <general>: CurlFile::Open - <https://img.strpst.com/thumbs/1771033080/238337097_webp>
2026-02-13 17:38:44.390 T:91332   debug <general>: Caching image 'https://img.strpst.com/thumbs/1771033080/214069064_webp' to 'f/f49b2529.jpg':
2026-02-13 17:38:44.390 T:91332   debug <general>: cached image 'special://masterprofile/Thumbnails/f/f49b2529.jpg' size 270x360
2026-02-13 17:38:44.421 T:91836   debug <general>: Caching image 'https://img.strpst.com/thumbs/1771033080/238337097_webp' to '9/99fd230d.jpg':
2026-02-13 17:38:44.421 T:91836   debug <general>: cached image 'special://masterprofile/Thumbnails/9/99fd230d.jpg' size 270x360
2026-02-13 17:38:44.732 T:91325   debug <general>: Presentation: Frame was discarded by compositor
2026-02-13 17:38:46.308 T:91333   debug <general>: Skipped 16 duplicate messages..
2026-02-13 17:38:46.308 T:91333   debug <general>: CCurlFile::GetMimeType - <https://img.strpst.com/thumbs/1771033080/96668230_webp> -> image/webp
2026-02-13 17:38:46.308 T:91333   debug <general>: CurlFile::Open - <https://img.strpst.com/thumbs/1771033080/96668230_webp>
2026-02-13 17:38:46.367 T:91333   debug <general>: Caching image 'https://img.strpst.com/thumbs/1771033080/96668230_webp' to '9/91748aa9.jpg':
2026-02-13 17:38:46.367 T:91333   debug <general>: cached image 'special://masterprofile/Thumbnails/9/91748aa9.jpg' size 270x360
2026-02-13 17:38:46.678 T:91325   debug <general>: Presentation: Frame was discarded by compositor
2026-02-13 17:38:48.198 T:91836   debug <general>: Skipped 16 duplicate messages..
2026-02-13 17:38:48.198 T:91836   debug <general>: CCurlFile::GetMimeType - <https://img.strpst.com/thumbs/1771033080/227884923_webp> -> image/webp
2026-02-13 17:38:48.198 T:91836   debug <general>: CurlFile::Open - <https://img.strpst.com/thumbs/1771033080/227884923_webp>
2026-02-13 17:38:48.259 T:91836   debug <general>: Caching image 'https://img.strpst.com/thumbs/1771033080/227884923_webp' to '4/4545a2fc.jpg':
2026-02-13 17:38:48.259 T:91836   debug <general>: cached image 'special://masterprofile/Thumbnails/4/4545a2fc.jpg' size 640x360
2026-02-13 17:38:48.451 T:91836   debug <general>: easy_acquire - Created session to https://static-proxy.strpst.com
2026-02-13 17:38:48.454 T:91331   debug <general>: CCurlFile::GetMimeType - <https://img.strpst.com/thumbs/1771033080/133123248_webp> -> image/webp
2026-02-13 17:38:48.454 T:91331   debug <general>: CurlFile::Open - <https://img.strpst.com/thumbs/1771033080/133123248_webp>
2026-02-13 17:38:48.525 T:91331   debug <general>: Caching image 'https://img.strpst.com/thumbs/1771033080/133123248_webp' to 'f/fe292e01.jpg':
2026-02-13 17:38:48.525 T:91331   debug <general>: cached image 'special://masterprofile/Thumbnails/f/fe292e01.jpg' size 270x360
2026-02-13 17:38:48.568 T:91332   debug <general>: CCurlFile::GetMimeType - <https://static-proxy.strpst.com/previews/c/7/0/c702708e05c150c8f3ece6e49e9cf921-thumb-small> -> image/webp
2026-02-13 17:38:48.568 T:91332   debug <general>: CurlFile::Open - <https://static-proxy.strpst.com/previews/c/7/0/c702708e05c150c8f3ece6e49e9cf921-thumb-small>
2026-02-13 17:38:48.574 T:91836   debug <general>: CCurlFile::GetMimeType - <https://static-proxy.strpst.com/previews/a/d/7/ad75c543ada40dba8dac6dceedd98c1c-thumb-small> -> image/webp
2026-02-13 17:38:48.574 T:91836   debug <general>: CurlFile::Open - <https://static-proxy.strpst.com/previews/a/d/7/ad75c543ada40dba8dac6dceedd98c1c-thumb-small>
2026-02-13 17:38:48.623 T:91332   error <general>: ffmpeg[0x55ecb65c0f00]: [webp] invalid TIFF header in Exif data
2026-02-13 17:38:48.623 T:91332   debug <general>: Caching image 'https://static-proxy.strpst.com/previews/c/7/0/c702708e05c150c8f3ece6e49e9cf921-thumb-small' to 'f/f4d99574.jpg':
2026-02-13 17:38:48.623 T:91332   debug <general>: cached image 'special://masterprofile/Thumbnails/f/f4d99574.jpg' size 200x150
2026-02-13 17:38:48.696 T:91333   debug <general>: CCurlFile::GetMimeType - <https://img.strpst.com/thumbs/1771033080/115739165_webp> -> image/webp
2026-02-13 17:38:48.696 T:91333   debug <general>: CurlFile::Open - <https://img.strpst.com/thumbs/1771033080/115739165_webp>
2026-02-13 17:38:48.712 T:91836   error <general>: ffmpeg[0x7fe7580227b0]: [webp] invalid TIFF header in Exif data
2026-02-13 17:38:48.713 T:91836   debug <general>: Caching image 'https://static-proxy.strpst.com/previews/a/d/7/ad75c543ada40dba8dac6dceedd98c1c-thumb-small' to 'f/fe537fb0.jpg':
2026-02-13 17:38:48.713 T:91836   debug <general>: cached image 'special://masterprofile/Thumbnails/f/fe537fb0.jpg' size 200x150
2026-02-13 17:38:48.750 T:91333   debug <general>: Caching image 'https://img.strpst.com/thumbs/1771033080/115739165_webp' to '1/1569f2af.jpg':
2026-02-13 17:38:48.750 T:91333   debug <general>: cached image 'special://masterprofile/Thumbnails/1/1569f2af.jpg' size 480x360
2026-02-13 17:38:48.832 T:91331   debug <general>: CCurlFile::GetMimeType - <https://img.strpst.com/thumbs/1771033080/162211869_webp> -> image/webp
2026-02-13 17:38:48.832 T:91331   debug <general>: CurlFile::Open - <https://img.strpst.com/thumbs/1771033080/162211869_webp>
2026-02-13 17:38:48.912 T:91331   debug <general>: Caching image 'https://img.strpst.com/thumbs/1771033080/162211869_webp' to '3/33647ddf.jpg':
2026-02-13 17:38:48.912 T:91331   debug <general>: cached image 'special://masterprofile/Thumbnails/3/33647ddf.jpg' size 640x360
2026-02-13 17:38:49.271 T:91325   debug <general>: Presentation: Frame was discarded by compositor
2026-02-13 17:38:50.192 T:91331   debug <general>: Skipped 6 duplicate messages..
2026-02-13 17:38:50.192 T:91331   debug <general>: CCurlFile::GetMimeType - <https://img.strpst.com/thumbs/1771033080/60544525_webp> -> image/webp
2026-02-13 17:38:50.192 T:91331   debug <general>: CurlFile::Open - <https://img.strpst.com/thumbs/1771033080/60544525_webp>
2026-02-13 17:38:50.257 T:91331   debug <general>: Caching image 'https://img.strpst.com/thumbs/1771033080/60544525_webp' to 'b/b674a625.jpg':
2026-02-13 17:38:50.257 T:91331   debug <general>: cached image 'special://masterprofile/Thumbnails/b/b674a625.jpg' size 270x360
2026-02-13 17:38:50.573 T:91325   debug <general>: Presentation: Frame was discarded by compositor
2026-02-13 17:38:52.275 T:91350   debug <general>: Skipped 11 duplicate messages..
2026-02-13 17:38:52.275 T:91350   debug <general>: AddOnLog: pvr.hts: new connection requested
2026-02-13 17:38:52.275 T:91350   error <general>: AddOnLog: pvr.hts: unable to connect to 127.0.0.1:9982
2026-02-13 17:38:52.766 T:91325   debug <general>: Presentation: Frame was discarded by compositor
2026-02-13 17:38:53.203 T:91836   debug <general>: Skipped 5 duplicate messages..
2026-02-13 17:38:53.203 T:91836   debug <general>: CCurlFile::GetMimeType - <https://static-proxy.strpst.com/previews/c/1/8/c18ab133612d28b62c1f10feeeb3ce80-thumb-small> -> image/webp
2026-02-13 17:38:53.203 T:91836   debug <general>: CurlFile::Open - <https://static-proxy.strpst.com/previews/c/1/8/c18ab133612d28b62c1f10feeeb3ce80-thumb-small>
2026-02-13 17:38:53.242 T:91836   error <general>: ffmpeg[0x7fe7580227b0]: [webp] invalid TIFF header in Exif data
2026-02-13 17:38:53.243 T:91836   debug <general>: Caching image 'https://static-proxy.strpst.com/previews/c/1/8/c18ab133612d28b62c1f10feeeb3ce80-thumb-small' to '3/352854e8.jpg':
2026-02-13 17:38:53.243 T:91836   debug <general>: cached image 'special://masterprofile/Thumbnails/3/352854e8.jpg' size 200x150
2026-02-13 17:38:53.680 T:91331   debug <general>: CCurlFile::GetMimeType - <https://img.strpst.com/thumbs/1771033080/85060454_webp> -> image/webp
2026-02-13 17:38:53.680 T:91331   debug <general>: CurlFile::Open - <https://img.strpst.com/thumbs/1771033080/85060454_webp>
2026-02-13 17:38:53.742 T:91331   debug <general>: Caching image 'https://img.strpst.com/thumbs/1771033080/85060454_webp' to 'f/f5775ea3.jpg':
2026-02-13 17:38:53.742 T:91331   debug <general>: cached image 'special://masterprofile/Thumbnails/f/f5775ea3.jpg' size 270x360
2026-02-13 17:38:54.034 T:91325   debug <general>: Presentation: Frame was discarded by compositor
2026-02-13 17:38:54.839 T:91836   debug <general>: Skipped 10 duplicate messages..
2026-02-13 17:38:54.839 T:91836   debug <general>: CCurlFile::GetMimeType - <https://static-proxy.strpst.com/previews/2/f/2/2f2b0db063066ed0772dd0e093cb8988-thumb-small> -> image/webp
2026-02-13 17:38:54.839 T:91836   debug <general>: CurlFile::Open - <https://static-proxy.strpst.com/previews/2/f/2/2f2b0db063066ed0772dd0e093cb8988-thumb-small>
2026-02-13 17:38:54.901 T:91332   debug <general>: CCurlFile::GetMimeType - <https://static-proxy.strpst.com/previews/5/e/3/5e3244b269d90678312b7c12caf7ee0c-thumb-small> -> image/webp
2026-02-13 17:38:54.901 T:91332   debug <general>: CurlFile::Open - <https://static-proxy.strpst.com/previews/5/e/3/5e3244b269d90678312b7c12caf7ee0c-thumb-small>
2026-02-13 17:38:54.902 T:91836   error <general>: ffmpeg[0x7fe7580227b0]: [webp] invalid TIFF header in Exif data
2026-02-13 17:38:54.902 T:91836   debug <general>: Caching image 'https://static-proxy.strpst.com/previews/2/f/2/2f2b0db063066ed0772dd0e093cb8988-thumb-small' to 'c/ce195478.jpg':
2026-02-13 17:38:54.902 T:91836   debug <general>: cached image 'special://masterprofile/Thumbnails/c/ce195478.jpg' size 200x150
2026-02-13 17:38:54.966 T:91332   error <general>: ffmpeg[0x55ecb65c0f00]: [webp] invalid TIFF header in Exif data
2026-02-13 17:38:54.966 T:91332   debug <general>: Caching image 'https://static-proxy.strpst.com/previews/5/e/3/5e3244b269d90678312b7c12caf7ee0c-thumb-small' to 'b/bb176a22.jpg':
2026-02-13 17:38:54.966 T:91332   debug <general>: cached image 'special://masterprofile/Thumbnails/b/bb176a22.jpg' size 200x150
2026-02-13 17:38:55.006 T:91333   debug <general>: CCurlFile::GetMimeType - <https://img.strpst.com/thumbs/1771033080/242850587_webp> -> image/webp
2026-02-13 17:38:55.006 T:91333   debug <general>: CurlFile::Open - <https://img.strpst.com/thumbs/1771033080/242850587_webp>
2026-02-13 17:38:55.047 T:91836   debug <general>: CCurlFile::GetMimeType - <https://static-proxy.strpst.com/previews/3/a/1/3a13ade881ffcab4535467017793844d-thumb-small> -> image/webp
2026-02-13 17:38:55.047 T:91836   debug <general>: CurlFile::Open - <https://static-proxy.strpst.com/previews/3/a/1/3a13ade881ffcab4535467017793844d-thumb-small>
2026-02-13 17:38:55.077 T:91333   debug <general>: Caching image 'https://img.strpst.com/thumbs/1771033080/242850587_webp' to '4/415ecf27.jpg':
2026-02-13 17:38:55.077 T:91333   debug <general>: cached image 'special://masterprofile/Thumbnails/4/415ecf27.jpg' size 270x360
2026-02-13 17:38:55.113 T:91836   error <general>: ffmpeg[0x7fe7580227b0]: [webp] invalid TIFF header in Exif data
2026-02-13 17:38:55.113 T:91836   debug <general>: Caching image 'https://static-proxy.strpst.com/previews/3/a/1/3a13ade881ffcab4535467017793844d-thumb-small' to 'e/ee1f50b6.jpg':
2026-02-13 17:38:55.113 T:91836   debug <general>: cached image 'special://masterprofile/Thumbnails/e/ee1f50b6.jpg' size 200x150
2026-02-13 17:38:55.287 T:91331   debug <general>: CCurlFile::GetMimeType - <https://img.strpst.com/thumbs/1771033080/60111344_webp> -> image/webp
2026-02-13 17:38:55.287 T:91331   debug <general>: CurlFile::Open - <https://img.strpst.com/thumbs/1771033080/60111344_webp>
2026-02-13 17:38:55.350 T:91331   debug <general>: Caching image 'https://img.strpst.com/thumbs/1771033080/60111344_webp' to '8/808b1754.jpg':
2026-02-13 17:38:55.350 T:91331   debug <general>: cached image 'special://masterprofile/Thumbnails/8/808b1754.jpg' size 270x360
2026-02-13 17:38:55.488 T:91332   debug <general>: CCurlFile::GetMimeType - <https://img.strpst.com/thumbs/1771033080/65692631_webp> -> image/webp
2026-02-13 17:38:55.488 T:91332   debug <general>: CurlFile::Open - <https://img.strpst.com/thumbs/1771033080/65692631_webp>
2026-02-13 17:38:55.547 T:91332   debug <general>: Caching image 'https://img.strpst.com/thumbs/1771033080/65692631_webp' to 'd/d628cd5a.jpg':
2026-02-13 17:38:55.547 T:91332   debug <general>: cached image 'special://masterprofile/Thumbnails/d/d628cd5a.jpg' size 640x360
2026-02-13 17:38:55.613 T:91836   debug <general>: CCurlFile::GetMimeType - <https://static-proxy.strpst.com/previews/5/5/6/556ff25623e7aa2df66a48b5a6df5bdc-thumb-small> -> image/webp
2026-02-13 17:38:55.613 T:91836   debug <general>: CurlFile::Open - <https://static-proxy.strpst.com/previews/5/5/6/556ff25623e7aa2df66a48b5a6df5bdc-thumb-small>
2026-02-13 17:38:55.669 T:91836   error <general>: ffmpeg[0x7fe7580227b0]: [webp] invalid TIFF header in Exif data
2026-02-13 17:38:55.669 T:91836   debug <general>: Caching image 'https://static-proxy.strpst.com/previews/5/5/6/556ff25623e7aa2df66a48b5a6df5bdc-thumb-small' to 'e/ef204e35.jpg':
2026-02-13 17:38:55.669 T:91836   debug <general>: cached image 'special://masterprofile/Thumbnails/e/ef204e35.jpg' size 200x150
2026-02-13 17:38:56.134 T:91333   debug <general>: CCurlFile::GetMimeType - <https://img.strpst.com/thumbs/1771033080/199130137_webp> -> image/webp
2026-02-13 17:38:56.134 T:91333   debug <general>: CurlFile::Open - <https://img.strpst.com/thumbs/1771033080/199130137_webp>
2026-02-13 17:38:56.177 T:91333   debug <general>: Caching image 'https://img.strpst.com/thumbs/1771033080/199130137_webp' to '4/4ed0cbe1.jpg':
2026-02-13 17:38:56.177 T:91333   debug <general>: cached image 'special://masterprofile/Thumbnails/4/4ed0cbe1.jpg' size 270x360
2026-02-13 17:38:56.482 T:91325   debug <general>: Presentation: Frame was discarded by compositor
2026-02-13 17:38:56.762 T:91332   debug <general>: Skipped 2 duplicate messages..
2026-02-13 17:38:56.762 T:91332   debug <general>: CCurlFile::GetMimeType - <https://static-proxy.strpst.com/previews/8/8/5/885ce3e60237d309c60b3f511f065ec5-thumb-small> -> image/webp
2026-02-13 17:38:56.762 T:91332   debug <general>: CurlFile::Open - <https://static-proxy.strpst.com/previews/8/8/5/885ce3e60237d309c60b3f511f065ec5-thumb-small>
2026-02-13 17:38:56.823 T:91332   error <general>: ffmpeg[0x55ecb65c0f00]: [webp] invalid TIFF header in Exif data
2026-02-13 17:38:56.824 T:91332   debug <general>: Caching image 'https://static-proxy.strpst.com/previews/8/8/5/885ce3e60237d309c60b3f511f065ec5-thumb-small' to 'e/ed829be1.jpg':
2026-02-13 17:38:56.824 T:91332   debug <general>: cached image 'special://masterprofile/Thumbnails/e/ed829be1.jpg' size 200x150
2026-02-13 17:38:57.265 T:91331   debug <general>: CCurlFile::GetMimeType - <https://img.strpst.com/thumbs/1771033080/168864238_webp> -> image/webp
2026-02-13 17:38:57.265 T:91331   debug <general>: CurlFile::Open - <https://img.strpst.com/thumbs/1771033080/168864238_webp>
2026-02-13 17:38:57.339 T:91331   debug <general>: Caching image 'https://img.strpst.com/thumbs/1771033080/168864238_webp' to '9/90580006.jpg':
2026-02-13 17:38:57.339 T:91331   debug <general>: cached image 'special://masterprofile/Thumbnails/9/90580006.jpg' size 480x360
2026-02-13 17:38:57.673 T:91325   debug <general>: Presentation: Frame was discarded by compositor
2026-02-13 17:38:57.713 T:91285   debug <general>: SECTION:UnloadDelayed(DLL: special://xbmcbin/system/libsse4-x86_64-linux.so)
2026-02-13 17:38:57.719 T:91325   debug <general>: Presentation: Frame was discarded by compositor
2026-02-13 17:38:59.552 T:91331   debug <general>: Skipped 28 duplicate messages..
2026-02-13 17:38:59.552 T:91331   debug <general>: CCurlFile::GetMimeType - <https://static-proxy.strpst.com/previews/7/d/b/7db2bda7bb58fd538cb9b65f06a8f1a2-thumb-small> -> image/webp
2026-02-13 17:38:59.552 T:91331   debug <general>: CurlFile::Open - <https://static-proxy.strpst.com/previews/7/d/b/7db2bda7bb58fd538cb9b65f06a8f1a2-thumb-small>
2026-02-13 17:38:59.609 T:91331   error <general>: ffmpeg[0x55ecb5edabc0]: [webp] invalid TIFF header in Exif data
2026-02-13 17:38:59.609 T:91331   debug <general>: Caching image 'https://static-proxy.strpst.com/previews/7/d/b/7db2bda7bb58fd538cb9b65f06a8f1a2-thumb-small' to '2/23fafaf2.jpg':
2026-02-13 17:38:59.609 T:91331   debug <general>: cached image 'special://masterprofile/Thumbnails/2/23fafaf2.jpg' size 200x150
2026-02-13 17:38:59.628 T:91836   debug <general>: CCurlFile::GetMimeType - <https://static-proxy.strpst.com/previews/c/5/b/c5b429ae4e04ba402e8bbc33997dc97c-thumb-small> -> image/webp
2026-02-13 17:38:59.628 T:91836   debug <general>: CurlFile::Open - <https://static-proxy.strpst.com/previews/c/5/b/c5b429ae4e04ba402e8bbc33997dc97c-thumb-small>
2026-02-13 17:38:59.689 T:91836   error <general>: ffmpeg[0x7fe7580227b0]: [webp] invalid TIFF header in Exif data
2026-02-13 17:38:59.689 T:91836   debug <general>: Caching image 'https://static-proxy.strpst.com/previews/c/5/b/c5b429ae4e04ba402e8bbc33997dc97c-thumb-small' to '3/3480ef57.jpg':
2026-02-13 17:38:59.689 T:91836   debug <general>: cached image 'special://masterprofile/Thumbnails/3/3480ef57.jpg' size 200x150
2026-02-13 17:38:59.725 T:91333   debug <general>: CCurlFile::GetMimeType - <https://img.strpst.com/thumbs/1771033080/228065500_webp> -> image/webp
2026-02-13 17:38:59.725 T:91333   debug <general>: CurlFile::Open - <https://img.strpst.com/thumbs/1771033080/228065500_webp>
2026-02-13 17:38:59.732 T:91331   debug <general>: CCurlFile::GetMimeType - <https://static-proxy.strpst.com/previews/8/7/5/87544d3f80c78cc159f2f3a0a75adf47-thumb-small> -> image/webp
2026-02-13 17:38:59.732 T:91331   debug <general>: CurlFile::Open - <https://static-proxy.strpst.com/previews/8/7/5/87544d3f80c78cc159f2f3a0a75adf47-thumb-small>
2026-02-13 17:38:59.767 T:91332   debug <general>: CCurlFile::GetMimeType - <https://img.strpst.com/thumbs/1771033080/41997078_webp> -> image/webp
2026-02-13 17:38:59.767 T:91332   debug <general>: CurlFile::Open - <https://img.strpst.com/thumbs/1771033080/41997078_webp>
2026-02-13 17:38:59.771 T:91331   error <general>: ffmpeg[0x55ecb5edabc0]: [webp] invalid TIFF header in Exif data
2026-02-13 17:38:59.771 T:91331   debug <general>: Caching image 'https://static-proxy.strpst.com/previews/8/7/5/87544d3f80c78cc159f2f3a0a75adf47-thumb-small' to '5/506aa95f.jpg':
2026-02-13 17:38:59.771 T:91331   debug <general>: cached image 'special://masterprofile/Thumbnails/5/506aa95f.jpg' size 200x150
2026-02-13 17:38:59.797 T:91836   debug <general>: CCurlFile::GetMimeType - <https://static-proxy.strpst.com/previews/a/a/5/aa5e609f3ee7ac308ff9cb9d85e7341a-thumb-small> -> image/webp
2026-02-13 17:38:59.797 T:91836   debug <general>: CurlFile::Open - <https://static-proxy.strpst.com/previews/a/a/5/aa5e609f3ee7ac308ff9cb9d85e7341a-thumb-small>
2026-02-13 17:38:59.798 T:91333   debug <general>: Caching image 'https://img.strpst.com/thumbs/1771033080/228065500_webp' to '5/58ac30a9.jpg':
2026-02-13 17:38:59.798 T:91333   debug <general>: cached image 'special://masterprofile/Thumbnails/5/58ac30a9.jpg' size 270x360
2026-02-13 17:38:59.843 T:91332   debug <general>: Caching image 'https://img.strpst.com/thumbs/1771033080/41997078_webp' to '3/3b2c1a09.jpg':
2026-02-13 17:38:59.843 T:91332   debug <general>: cached image 'special://masterprofile/Thumbnails/3/3b2c1a09.jpg' size 270x360
2026-02-13 17:38:59.855 T:91836   error <general>: ffmpeg[0x7fe7580227b0]: [webp] invalid TIFF header in Exif data
2026-02-13 17:38:59.855 T:91836   debug <general>: Caching image 'https://static-proxy.strpst.com/previews/a/a/5/aa5e609f3ee7ac308ff9cb9d85e7341a-thumb-small' to '9/9582e53b.jpg':
2026-02-13 17:38:59.855 T:91836   debug <general>: cached image 'special://masterprofile/Thumbnails/9/9582e53b.jpg' size 200x150
2026-02-13 17:38:59.902 T:91290   debug <general>: CPipewireStream::Drained
2026-02-13 17:38:59.903 T:91290   debug <general>: CPipewireStream::StateChanged - stream state changed streaming -> paused
2026-02-13 17:38:59.903 T:91290   debug <general>: CPipewireNode::Info - node 62 changed
2026-02-13 17:38:59.976 T:91332   debug <general>: CCurlFile::GetMimeType - <https://static-proxy.strpst.com/previews/b/e/6/be697e8ea1d5d4732dcd578509fca540-thumb-small> -> image/webp
2026-02-13 17:38:59.977 T:91332   debug <general>: CurlFile::Open - <https://static-proxy.strpst.com/previews/b/e/6/be697e8ea1d5d4732dcd578509fca540-thumb-small>
2026-02-13 17:39:00.041 T:91332   error <general>: ffmpeg[0x55ecb65c0f00]: [webp] invalid TIFF header in Exif data
2026-02-13 17:39:00.041 T:91332   debug <general>: Caching image 'https://static-proxy.strpst.com/previews/b/e/6/be697e8ea1d5d4732dcd578509fca540-thumb-small' to '8/8c90c69c.jpg':
2026-02-13 17:39:00.041 T:91332   debug <general>: cached image 'special://masterprofile/Thumbnails/8/8c90c69c.jpg' size 200x150
2026-02-13 17:39:00.157 T:91333   debug <general>: CCurlFile::GetMimeType - <https://img.strpst.com/thumbs/1771033080/199939107_webp> -> image/webp
2026-02-13 17:39:00.157 T:91333   debug <general>: CurlFile::Open - <https://img.strpst.com/thumbs/1771033080/199939107_webp>
2026-02-13 17:39:00.219 T:91333   debug <general>: Caching image 'https://img.strpst.com/thumbs/1771033080/199939107_webp' to '3/3048b5f4.jpg':
2026-02-13 17:39:00.219 T:91333   debug <general>: cached image 'special://masterprofile/Thumbnails/3/3048b5f4.jpg' size 270x360
2026-02-13 17:39:00.297 T:91331   debug <general>: CCurlFile::GetMimeType - <https://img.strpst.com/thumbs/1771033080/193405421_webp> -> image/webp
2026-02-13 17:39:00.297 T:91331   debug <general>: CurlFile::Open - <https://img.strpst.com/thumbs/1771033080/193405421_webp>
2026-02-13 17:39:00.359 T:91331   debug <general>: Caching image 'https://img.strpst.com/thumbs/1771033080/193405421_webp' to 'f/faa6863f.jpg':
