2026-02-04 18:13:58.364 T:15724   debug <general>: Caching image 'https://pix-fl.phncdn.com/c6371/videos/202602/02/38176885/original_38176885.mp4/plain/ex:1:no/bg:0:0:0/rs:fit:320:180/vts:724?hdnea=st=1770257399~exp=1770343799~hdl=-1~hmac=cdf1a0f08aef4335d9dc18ae810646f7449d2555|Referer=https://www.pornhub.com/&User-Agent=Mozilla/5.0 (Windows NT 10.0; Win64; x64; rv:92.0.0.0) Gecko/20100101 Firefox/92.0.0.0' to '3/3c0cc747.jpg':
2026-02-04 18:13:58.364 T:15724   debug <general>: cached image 'special://masterprofile/Thumbnails/3/3c0cc747.jpg' size 320x180
2026-02-04 18:13:58.960 T:23976   debug <general>: CInputManager::ProcessMouse: trying mouse action wheeldown
2026-02-04 18:13:59.044 T:29380    info <general>: Skipped 1 duplicate messages..
2026-02-04 18:13:59.044 T:29380   debug <general>: CCurlFile::XFILE::CCurlFile::GetMimeType - <https://pix-fl.phncdn.com/c6371/videos/202602/03/38280955/original_38280955.mp4/plain/ex:1:no/bg:0:0:0/rs:fit:320:180/vts:3277?hdnea=st=1770257399~exp=1770343799~hdl=-1~hmac=59b2ed4c1e8e7cdbc1e3c2faabd733a61ae10767|Referer=https://www.pornhub.com/&User-Agent=Mozilla/5.0 (Windows NT 10.0; Win64; x64; rv:92.0.0.0) Gecko/20100101 Firefox/92.0.0.0> -> image/jpeg
2026-02-04 18:13:59.044 T:29380   debug <general>: CurlFile::XFILE::CCurlFile::Open - <https://pix-fl.phncdn.com/c6371/videos/202602/03/38280955/original_38280955.mp4/plain/ex:1:no/bg:0:0:0/rs:fit:320:180/vts:3277?hdnea=st=1770257399~exp=1770343799~hdl=-1~hmac=59b2ed4c1e8e7cdbc1e3c2faabd733a61ae10767>
2026-02-04 18:13:59.076 T:23976   debug <general>: CInputManager::ProcessMouse: trying mouse action wheeldown
2026-02-04 18:13:59.077 T:33084   debug <general>: XCURL::DllLibCurlGlobal::easy_acquire - Created session to https://pix-cdn77.phncdn.com
2026-02-04 18:13:59.083 T:29380   debug <general>: Caching image 'https://pix-fl.phncdn.com/c6371/videos/202602/03/38280955/original_38280955.mp4/plain/ex:1:no/bg:0:0:0/rs:fit:320:180/vts:3277?hdnea=st=1770257399~exp=1770343799~hdl=-1~hmac=59b2ed4c1e8e7cdbc1e3c2faabd733a61ae10767|Referer=https://www.pornhub.com/&User-Agent=Mozilla/5.0 (Windows NT 10.0; Win64; x64; rv:92.0.0.0) Gecko/20100101 Firefox/92.0.0.0' to 'b/bb635060.jpg':
2026-02-04 18:13:59.083 T:29380   debug <general>: cached image 'special://masterprofile/Thumbnails/b/bb635060.jpg' size 320x180
2026-02-04 18:13:59.158 T:15724   debug <general>: CCurlFile::XFILE::CCurlFile::GetMimeType - <https://pix-cdn77.phncdn.com/c6371/videos/202602/02/38177005/original_38177005.mp4/plain/ex:1:no/bg:0:0:0/rs:fit:320:180/vts:747?hash=_5tKdeUjb_u_ASKgW8sBrjxo33c=&validto=1770343799|Referer=https://www.pornhub.com/&User-Agent=Mozilla/5.0 (Windows NT 10.0; Win64; x64; rv:92.0.0.0) Gecko/20100101 Firefox/92.0.0.0> -> image/jpeg
2026-02-04 18:13:59.158 T:15724   debug <general>: CurlFile::XFILE::CCurlFile::Open - <https://pix-cdn77.phncdn.com/c6371/videos/202602/02/38177005/original_38177005.mp4/plain/ex:1:no/bg:0:0:0/rs:fit:320:180/vts:747?hash=_5tKdeUjb_u_ASKgW8sBrjxo33c=&validto=1770343799>
2026-02-04 18:13:59.345 T:15724   debug <general>: Caching image 'https://pix-cdn77.phncdn.com/c6371/videos/202602/02/38177005/original_38177005.mp4/plain/ex:1:no/bg:0:0:0/rs:fit:320:180/vts:747?hash=_5tKdeUjb_u_ASKgW8sBrjxo33c=&validto=1770343799|Referer=https://www.pornhub.com/&User-Agent=Mozilla/5.0 (Windows NT 10.0; Win64; x64; rv:92.0.0.0) Gecko/20100101 Firefox/92.0.0.0' to '5/5fe9fce6.jpg':
2026-02-04 18:13:59.345 T:15724   debug <general>: cached image 'special://masterprofile/Thumbnails/5/5fe9fce6.jpg' size 320x180
2026-02-04 18:13:59.434 T:33084   debug <general>: CCurlFile::XFILE::CCurlFile::GetMimeType - <https://pix-cdn77.phncdn.com/c6371/videos/202601/24/37220615/original_37220615.mp4/plain/ex:1:no/bg:0:0:0/rs:fit:320:180/vts:744?hash=Wp8hOe5UywHfAygFqesBfuy84Kg=&validto=1770343803|Referer=https://www.pornhub.com/&User-Agent=Mozilla/5.0 (Windows NT 10.0; Win64; x64; rv:92.0.0.0) Gecko/20100101 Firefox/92.0.0.0> -> image/jpeg
2026-02-04 18:13:59.434 T:33084   debug <general>: CurlFile::XFILE::CCurlFile::Open - <https://pix-cdn77.phncdn.com/c6371/videos/202601/24/37220615/original_37220615.mp4/plain/ex:1:no/bg:0:0:0/rs:fit:320:180/vts:744?hash=Wp8hOe5UywHfAygFqesBfuy84Kg=&validto=1770343803>
2026-02-04 18:13:59.633 T:33084   debug <general>: Caching image 'https://pix-cdn77.phncdn.com/c6371/videos/202601/24/37220615/original_37220615.mp4/plain/ex:1:no/bg:0:0:0/rs:fit:320:180/vts:744?hash=Wp8hOe5UywHfAygFqesBfuy84Kg=&validto=1770343803|Referer=https://www.pornhub.com/&User-Agent=Mozilla/5.0 (Windows NT 10.0; Win64; x64; rv:92.0.0.0) Gecko/20100101 Firefox/92.0.0.0' to 'f/f2c4feba.jpg':
2026-02-04 18:13:59.633 T:33084   debug <general>: cached image 'special://masterprofile/Thumbnails/f/f2c4feba.jpg' size 320x180
2026-02-04 18:13:59.692 T:23976   debug <general>: CInputManager::ProcessMouse: trying mouse action wheelup
2026-02-04 18:14:02.652 T:23976    info <general>: Skipped 37 duplicate messages..
2026-02-04 18:14:02.652 T:23976   debug <general>: CInputManager::ProcessMouse: trying mouse action leftclick
2026-02-04 18:14:02.652 T:23976   debug <general>: CGUIMediaWindow::GetDirectory (plugin://plugin.video.cumination/?channel=None&keyword&mode=pornhub.Categories&name=%5bCOLOR%20hotpink%5dCategories%5b%2fCOLOR%5d&page=None&section=None&url=https%3a%2f%2fwww.pornhub.com%2fcategories)
2026-02-04 18:14:02.652 T:23976   debug <general>:   ParentPath = [plugin://plugin.video.cumination/?channel=None&keyword&mode=pornhub.Main&name=%5bCOLOR%20hotpink%5dPornHub%5b%2fCOLOR%5d&page=None&section=None&url=https%3a%2f%2fwww.pornhub.com%2f]
2026-02-04 18:14:02.653 T:36500   debug <general>: Thread waiting start, auto delete: false
2026-02-04 18:14:02.655 T:33084   debug <general>: CAddonDatabase::SetLastUsed[plugin.video.cumination] took 3 ms
2026-02-04 18:14:02.656 T:36500   debug <general>: CScriptRunner: running add-on script Cumination('plugin://plugin.video.cumination/', '4', '?channel=None&keyword&mode=pornhub.Categories&name=%5bCOLOR%20hotpink%5dCategories%5b%2fCOLOR%5d&page=None&section=None&url=https%3a%2f%2fwww.pornhub.com%2fcategories')
2026-02-04 18:14:02.656 T:11192   debug <general>: Thread LanguageInvoker start, auto delete: false
2026-02-04 18:14:02.656 T:11192   debug <general>: initializing python engine.
2026-02-04 18:14:02.656 T:11192   debug <general>: CPythonInvoker(5, C:\Users\James\AppData\Roaming\Kodi\addons\plugin.video.cumination\default.py): start processing
2026-02-04 18:14:02.676 T:11192   debug <general>: -->Python Interpreter Initialized<--
2026-02-04 18:14:02.676 T:11192   debug <general>: 
                                                   
2026-02-04 18:14:02.676 T:11192   debug <general>: CPythonInvoker(5, C:\Users\James\AppData\Roaming\Kodi\addons\plugin.video.cumination\default.py): the source file to load is "C:\Users\James\AppData\Roaming\Kodi\addons\plugin.video.cumination\default.py"
2026-02-04 18:14:02.676 T:11192   debug <general>: CPythonInvoker(5): full python path:
2026-02-04 18:14:02.676 T:11192   debug <general>: CPythonInvoker(5):   custom python path:
2026-02-04 18:14:02.676 T:11192   debug <general>: CPythonInvoker(5):     C:\Users\James\AppData\Roaming\Kodi\addons\plugin.video.cumination
2026-02-04 18:14:02.676 T:11192   debug <general>: CPythonInvoker(5):     C:\Users\James\AppData\Roaming\Kodi\addons\script.common.plugin.cache\resources\lib\storage_server\
2026-02-04 18:14:02.676 T:11192   debug <general>: CPythonInvoker(5):     C:\Users\James\AppData\Roaming\Kodi\addons\script.module.beautifulsoup4\lib
2026-02-04 18:14:02.676 T:11192   debug <general>: CPythonInvoker(5):     C:\Users\James\AppData\Roaming\Kodi\addons\script.module.certifi\lib
2026-02-04 18:14:02.676 T:11192   debug <general>: CPythonInvoker(5):     C:\Users\James\AppData\Roaming\Kodi\addons\script.module.chardet\lib
2026-02-04 18:14:02.676 T:11192   debug <general>: CPythonInvoker(5):     C:\Users\James\AppData\Roaming\Kodi\addons\script.module.idna\lib
2026-02-04 18:14:02.676 T:11192   debug <general>: CPythonInvoker(5):     C:\Users\James\AppData\Roaming\Kodi\addons\script.module.inputstreamhelper\lib
2026-02-04 18:14:02.676 T:11192   debug <general>: CPythonInvoker(5):     C:\Users\James\AppData\Roaming\Kodi\addons\script.module.kodi-six\libs
2026-02-04 18:14:02.676 T:11192   debug <general>: CPythonInvoker(5):     C:\Users\James\AppData\Roaming\Kodi\addons\script.module.requests\lib
2026-02-04 18:14:02.676 T:11192   debug <general>: CPythonInvoker(5):     C:\Users\James\AppData\Roaming\Kodi\addons\script.module.resolveurl.xxx\lib
2026-02-04 18:14:02.676 T:11192   debug <general>: CPythonInvoker(5):     C:\Users\James\AppData\Roaming\Kodi\addons\script.module.resolveurl\lib
2026-02-04 18:14:02.676 T:11192   debug <general>: CPythonInvoker(5):     C:\Users\James\AppData\Roaming\Kodi\addons\script.module.six\lib
2026-02-04 18:14:02.676 T:11192   debug <general>: CPythonInvoker(5):     C:\Users\James\AppData\Roaming\Kodi\addons\script.module.soupsieve\lib
2026-02-04 18:14:02.676 T:11192   debug <general>: CPythonInvoker(5):     C:\Users\James\AppData\Roaming\Kodi\addons\script.module.urllib3\lib
2026-02-04 18:14:02.676 T:11192   debug <general>: CPythonInvoker(5):     C:\Users\James\AppData\Roaming\Kodi\addons\script.module.websocket\lib
2026-02-04 18:14:02.676 T:11192   debug <general>: CPythonInvoker(5):   default python path:
2026-02-04 18:14:02.676 T:11192   debug <general>: CPythonInvoker(5):     C:\Program Files\Kodi\system\python\DLLs
2026-02-04 18:14:02.676 T:11192   debug <general>: CPythonInvoker(5):     C:\Program Files\Kodi\system\python\Lib
2026-02-04 18:14:02.676 T:11192   debug <general>: CPythonInvoker(5):     C:\Program Files\Kodi\system\python\Lib\site-packages
2026-02-04 18:14:02.676 T:11192   debug <general>: CPythonInvoker(5): adding args:
2026-02-04 18:14:02.676 T:11192   debug <general>: CPythonInvoker(5):  plugin://plugin.video.cumination/
2026-02-04 18:14:02.676 T:11192   debug <general>: CPythonInvoker(5):  4
2026-02-04 18:14:02.676 T:11192   debug <general>: CPythonInvoker(5):  ?channel=None&keyword&mode=pornhub.Categories&name=%5bCOLOR%20hotpink%5dCategories%5b%2fCOLOR%5d&page=None&section=None&url=https%3a%2f%2fwww.pornhub.com%2fcategories
2026-02-04 18:14:02.676 T:11192   debug <general>: CPythonInvoker(5):  resume:false
2026-02-04 18:14:02.676 T:11192   debug <general>: CPythonInvoker(5, C:\Users\James\AppData\Roaming\Kodi\addons\plugin.video.cumination\default.py): entering source directory C:\Users\James\AppData\Roaming\Kodi\addons\plugin.video.cumination
2026-02-04 18:14:02.676 T:11192   debug <general>: CPythonInvoker(5, C:\Users\James\AppData\Roaming\Kodi\addons\plugin.video.cumination\default.py): instantiating addon using automatically obtained id of "plugin.video.cumination" dependent on version 3.0.0 of the xbmc.python api
2026-02-04 18:14:02.754 T:23976   debug <general>: ------ Window Init (DialogBusy.xml) ------
2026-02-04 18:14:02.777 T:11192   debug <CAddonSettings[0@plugin.video.cumination]>: trying to load setting definitions from old format...
2026-02-04 18:14:02.777 T:11192   debug <CSettingsManager>: requested setting (changelog_seen_version) was not found.
2026-02-04 18:14:02.777 T:11192   debug <CSettingsManager>: requested setting (cuminationage) was not found.
2026-02-04 18:14:02.777 T:11192   debug <CSettingsManager>: requested setting (current_ua) was not found.
2026-02-04 18:14:02.777 T:11192   debug <CSettingsManager>: requested setting (last_ua_create) was not found.
2026-02-04 18:14:02.904 T:11192   debug <CSettingsManager>: requested setting (cblogged) was not found.
2026-02-04 18:14:02.906 T:11192   debug <CSettingsManager>: requested setting (spankbang_quality) was not found.
2026-02-04 18:14:02.906 T:11192   debug <CSettingsManager>: requested setting (spankbang_length) was not found.
2026-02-04 18:14:02.910 T:11192   debug <CSettingsManager>: requested setting (htvlogged) was not found.
2026-02-04 18:14:03.002 T:11192   debug <CSettingsManager>: requested setting (jblogged) was not found.
2026-02-04 18:14:03.022 T:11192   debug <CSettingsManager>: requested setting (ptlogged) was not found.
2026-02-04 18:14:03.022 T:11192   debug <CSettingsManager>: requested setting (ptlength) was not found.
2026-02-04 18:14:03.078 T:11192   debug <CSettingsManager>: requested setting (tahlogged) was not found.
2026-02-04 18:14:03.083 T:11192   debug <CSettingsManager>: requested setting (whlogged) was not found.
2026-02-04 18:14:03.084 T:11192   debug <CSettingsManager>: requested setting (xflogged) was not found.
2026-02-04 18:14:03.091 T:11192   debug <CSettingsManager>: requested setting (pincode) was not found.
2026-02-04 18:14:03.091 T:11192   debug <CSettingsManager>: requested setting (logintime) was not found.
2026-02-04 18:14:03.094 T:11192    info <general>: @@@@Cumination: PornHub Categories URL: https://www.pornhub.com/categories
2026-02-04 18:14:05.059 T:11192   debug <general>: CPythonInvoker(5, C:\Users\James\AppData\Roaming\Kodi\addons\plugin.video.cumination\default.py): script aborted
2026-02-04 18:14:05.059 T:11192   debug <general>: CPythonInvoker::onExecutionDone(5, C:\Users\James\AppData\Roaming\Kodi\addons\plugin.video.cumination\default.py)
2026-02-04 18:14:05.059 T:11192   debug <general>: .
2026-02-04 18:14:05.059 T:36500    info <general>: Skipped 1 duplicate messages..
2026-02-04 18:14:05.059 T:36500   debug <general>: Thread waiting 36500 terminating
2026-02-04 18:14:05.074 T:11192   debug <general>: Python interpreter stopped
2026-02-04 18:14:05.074 T:11192   debug <general>: Thread LanguageInvoker 11192 terminating
2026-02-04 18:14:05.138 T:23976   debug <general>: ------ Window Deinit (DialogBusy.xml) ------
2026-02-04 18:14:05.142 T:23976   debug <general>: Saving fileitems [plugin://plugin.video.cumination/?channel=None&keyword&mode=pornhub.Categories&name=%5bCOLOR%20hotpink%5dCategories%5b%2fCOLOR%5d&page=None&section=None&url=https%3a%2f%2fwww.pornhub.com%2fcategories]
2026-02-04 18:14:05.143 T:23976   debug <general>:   -- items: 113, sort method: 0, ascending: false
2026-02-04 18:14:05.144 T:6148    debug <general>: Thread BackgroundLoader start, auto delete: false
2026-02-04 18:14:05.149 T:6148    debug <general>: Thread BackgroundLoader 6148 terminating
2026-02-04 18:14:05.760 T:33084   debug <general>: CCurlFile::XFILE::CCurlFile::GetMimeType - <https://ei.phncdn.com/static/images/categories/(m=qYR256TbeqM48zjadOf)(mh=tlgiFH6tSInx683z)roku_3.jpg?cache=1538054514> -> image/jpeg
2026-02-04 18:14:05.761 T:33084   debug <general>: CurlFile::XFILE::CCurlFile::Open - <https://ei.phncdn.com/static/images/categories/(m=qYR256TbeqM48zjadOf)(mh=tlgiFH6tSInx683z)roku_3.jpg?cache=1538054514>
2026-02-04 18:14:05.780 T:15724   debug <general>: XCURL::DllLibCurlGlobal::easy_acquire - Created session to https://ei.phncdn.com
2026-02-04 18:14:05.870 T:23976   debug <general>: CInputManager::ProcessMouse: trying mouse action wheeldown
2026-02-04 18:14:05.871 T:29380   debug <general>: XCURL::DllLibCurlGlobal::easy_acquire - Created session to https://ei.phncdn.com
2026-02-04 18:14:05.890 T:15724   debug <general>: CCurlFile::XFILE::CCurlFile::GetMimeType - <https://ei.phncdn.com/static/images/categories/(m=q6S256TbeqM48zjadOf)(mh=i0gmcmAFuChChyMW)roku_35.jpg?cache=1538054554> -> image/jpeg
2026-02-04 18:14:05.890 T:15724   debug <general>: CurlFile::XFILE::CCurlFile::Open - <https://ei.phncdn.com/static/images/categories/(m=q6S256TbeqM48zjadOf)(mh=i0gmcmAFuChChyMW)roku_35.jpg?cache=1538054554>
2026-02-04 18:14:05.910 T:23976   debug <general>: CInputManager::ProcessMouse: trying mouse action wheeldown
2026-02-04 18:14:05.911 T:31652   debug <general>: Thread JobWorker start, auto delete: true
2026-02-04 18:14:05.911 T:31652   debug <general>: XCURL::DllLibCurlGlobal::easy_acquire - Created session to https://ei.phncdn.com
2026-02-04 18:14:05.919 T:33084   debug <general>: Caching image 'https://ei.phncdn.com/static/images/categories/(m=qYR256TbeqM48zjadOf)(mh=tlgiFH6tSInx683z)roku_3.jpg?cache=1538054514' to '1/122b0e87.jpg':
2026-02-04 18:14:05.919 T:33084   debug <general>: cached image 'special://masterprofile/Thumbnails/1/122b0e87.jpg' size 400x226
2026-02-04 18:14:05.941 T:23976   debug <general>: CInputManager::ProcessMouse: trying mouse action wheeldown
2026-02-04 18:14:05.969 T:33084   debug <general>: CCurlFile::XFILE::CCurlFile::GetMimeType - <https://ei.phncdn.com/static/images/categories/(m=qIW256TbeqM48zjadOf)(mh=iJepai-yFVNlQKZy)roku_5.jpg?cache=1538054658> -> image/jpeg
2026-02-04 18:14:05.969 T:33084   debug <general>: CurlFile::XFILE::CCurlFile::Open - <https://ei.phncdn.com/static/images/categories/(m=qIW256TbeqM48zjadOf)(mh=iJepai-yFVNlQKZy)roku_5.jpg?cache=1538054658>
2026-02-04 18:14:05.975 T:23976   debug <general>: CInputManager::ProcessMouse: trying mouse action wheeldown
2026-02-04 18:14:05.984 T:29380   debug <general>: CCurlFile::XFILE::CCurlFile::GetMimeType - <https://ei.phncdn.com/static/images/categories/(m=q0T256TbeqM48zjadOf)(mh=LUiF_U-Qh653JOsO)roku_98.jpg?cache=1538054580> -> image/jpeg
2026-02-04 18:14:05.984 T:29380   debug <general>: CurlFile::XFILE::CCurlFile::Open - <https://ei.phncdn.com/static/images/categories/(m=q0T256TbeqM48zjadOf)(mh=LUiF_U-Qh653JOsO)roku_98.jpg?cache=1538054580>
2026-02-04 18:14:06.018 T:31652   debug <general>: CCurlFile::XFILE::CCurlFile::GetMimeType - <https://ei.phncdn.com/static/images/categories/(m=qKV256TbeqM48zjadOf)(mh=RnLrV2LBlmKG7bOR)roku_1.jpg?cache=1538054628> -> image/jpeg
2026-02-04 18:14:06.018 T:31652   debug <general>: CurlFile::XFILE::CCurlFile::Open - <https://ei.phncdn.com/static/images/categories/(m=qKV256TbeqM48zjadOf)(mh=RnLrV2LBlmKG7bOR)roku_1.jpg?cache=1538054628>
2026-02-04 18:14:06.020 T:33084   debug <general>: Caching image 'https://ei.phncdn.com/static/images/categories/(m=qIW256TbeqM48zjadOf)(mh=iJepai-yFVNlQKZy)roku_5.jpg?cache=1538054658' to '9/9c917249.jpg':
2026-02-04 18:14:06.020 T:33084   debug <general>: cached image 'special://masterprofile/Thumbnails/9/9c917249.jpg' size 400x226
2026-02-04 18:14:06.037 T:15724   debug <general>: Caching image 'https://ei.phncdn.com/static/images/categories/(m=q6S256TbeqM48zjadOf)(mh=i0gmcmAFuChChyMW)roku_35.jpg?cache=1538054554' to 'b/b6c90a78.jpg':
2026-02-04 18:14:06.037 T:15724   debug <general>: cached image 'special://masterprofile/Thumbnails/b/b6c90a78.jpg' size 400x226
2026-02-04 18:14:06.038 T:23976   debug <general>: CInputManager::ProcessMouse: trying mouse action wheeldown
2026-02-04 18:14:06.058 T:33084   debug <general>: CCurlFile::XFILE::CCurlFile::GetMimeType - <https://ei.phncdn.com/static/images/categories/(m=qLX256TbeqM48zjadOf)(mh=CX1hLUY6GU7hwpsf)roku_89.jpg?cache=1538054693> -> image/jpeg
2026-02-04 18:14:06.059 T:33084   debug <general>: CurlFile::XFILE::CCurlFile::Open - <https://ei.phncdn.com/static/images/categories/(m=qLX256TbeqM48zjadOf)(mh=CX1hLUY6GU7hwpsf)roku_89.jpg?cache=1538054693>
2026-02-04 18:14:06.073 T:15724   debug <general>: CCurlFile::XFILE::CCurlFile::GetMimeType - <https://ei.phncdn.com/static/images/categories/(m=q6Y256TbeqM48zjadOf)(mh=_zTpBS7BsEioDxR2)roku_6.jpg?cache=1538054746> -> image/jpeg
2026-02-04 18:14:06.074 T:15724   debug <general>: CurlFile::XFILE::CCurlFile::Open - <https://ei.phncdn.com/static/images/categories/(m=q6Y256TbeqM48zjadOf)(mh=_zTpBS7BsEioDxR2)roku_6.jpg?cache=1538054746>
2026-02-04 18:14:06.113 T:33084   debug <general>: Caching image 'https://ei.phncdn.com/static/images/categories/(m=qLX256TbeqM48zjadOf)(mh=CX1hLUY6GU7hwpsf)roku_89.jpg?cache=1538054693' to '2/283a7353.jpg':
2026-02-04 18:14:06.113 T:33084   debug <general>: cached image 'special://masterprofile/Thumbnails/2/283a7353.jpg' size 400x226
2026-02-04 18:14:06.124 T:15724   debug <general>: Caching image 'https://ei.phncdn.com/static/images/categories/(m=q6Y256TbeqM48zjadOf)(mh=_zTpBS7BsEioDxR2)roku_6.jpg?cache=1538054746' to '8/892e0d06.jpg':
2026-02-04 18:14:06.125 T:15724   debug <general>: cached image 'special://masterprofile/Thumbnails/8/892e0d06.jpg' size 400x226
2026-02-04 18:14:06.144 T:29380   debug <general>: Caching image 'https://ei.phncdn.com/static/images/categories/(m=q0T256TbeqM48zjadOf)(mh=LUiF_U-Qh653JOsO)roku_98.jpg?cache=1538054580' to 'b/b62b3f88.jpg':
2026-02-04 18:14:06.144 T:29380   debug <general>: cached image 'special://masterprofile/Thumbnails/b/b62b3f88.jpg' size 400x226
2026-02-04 18:14:06.207 T:31652   debug <general>: Caching image 'https://ei.phncdn.com/static/images/categories/(m=qKV256TbeqM48zjadOf)(mh=RnLrV2LBlmKG7bOR)roku_1.jpg?cache=1538054628' to 'a/a32f3e1b.jpg':
2026-02-04 18:14:06.207 T:31652   debug <general>: cached image 'special://masterprofile/Thumbnails/a/a32f3e1b.jpg' size 400x226
2026-02-04 18:14:06.665 T:23976   debug <general>: CInputManager::ProcessMouse: trying mouse action wheeldown
2026-02-04 18:14:06.697 T:31652   debug <general>: CCurlFile::XFILE::CCurlFile::GetMimeType - <https://ei.phncdn.com/static/images/categories/(m=q4Z256TbeqM48zjadOf)(mh=R1FoSBarF-s9uGnq)roku_141.jpg?cache=1538054776> -> image/jpeg
2026-02-04 18:14:06.698 T:31652   debug <general>: CurlFile::XFILE::CCurlFile::Open - <https://ei.phncdn.com/static/images/categories/(m=q4Z256TbeqM48zjadOf)(mh=R1FoSBarF-s9uGnq)roku_141.jpg?cache=1538054776>
2026-02-04 18:14:06.701 T:23976   debug <general>: CInputManager::ProcessMouse: trying mouse action wheeldown
2026-02-04 18:14:06.734 T:15724    info <general>: Skipped 1 duplicate messages..
2026-02-04 18:14:06.734 T:15724   debug <general>: CCurlFile::XFILE::CCurlFile::GetMimeType - <https://ei.phncdn.com/static/images/categories/(m=q_G356TbeqM48zjadOf)(mh=g7Ncog36nAtxm5tB)roku_4.jpg?cache=1538055198> -> image/jpeg
2026-02-04 18:14:06.734 T:15724   debug <general>: CurlFile::XFILE::CCurlFile::Open - <https://ei.phncdn.com/static/images/categories/(m=q_G356TbeqM48zjadOf)(mh=g7Ncog36nAtxm5tB)roku_4.jpg?cache=1538055198>
2026-02-04 18:14:06.747 T:31652   debug <general>: Caching image 'https://ei.phncdn.com/static/images/categories/(m=q4Z256TbeqM48zjadOf)(mh=R1FoSBarF-s9uGnq)roku_141.jpg?cache=1538054776' to '2/2cc2f1ff.jpg':
2026-02-04 18:14:06.747 T:31652   debug <general>: cached image 'special://masterprofile/Thumbnails/2/2cc2f1ff.jpg' size 400x226
2026-02-04 18:14:06.763 T:29380   debug <general>: CCurlFile::XFILE::CCurlFile::GetMimeType - <https://ei.phncdn.com/static/images/categories/(m=qYQ356TbeqM48zjadOf)(mh=huvUzHCwhG1DvBRU)roku_7.jpg?cache=1538055506> -> image/jpeg
2026-02-04 18:14:06.763 T:29380   debug <general>: CurlFile::XFILE::CCurlFile::Open - <https://ei.phncdn.com/static/images/categories/(m=qYQ356TbeqM48zjadOf)(mh=huvUzHCwhG1DvBRU)roku_7.jpg?cache=1538055506>
2026-02-04 18:14:06.764 T:23976   debug <general>: CInputManager::ProcessMouse: trying mouse action wheeldown
2026-02-04 18:14:06.779 T:15724   debug <general>: Caching image 'https://ei.phncdn.com/static/images/categories/(m=q_G356TbeqM48zjadOf)(mh=g7Ncog36nAtxm5tB)roku_4.jpg?cache=1538055198' to '4/4d513511.jpg':
2026-02-04 18:14:06.779 T:15724   debug <general>: cached image 'special://masterprofile/Thumbnails/4/4d513511.jpg' size 400x226
2026-02-04 18:14:06.812 T:29380   debug <general>: Caching image 'https://ei.phncdn.com/static/images/categories/(m=qYQ356TbeqM48zjadOf)(mh=huvUzHCwhG1DvBRU)roku_7.jpg?cache=1538055506' to '3/33cf0429.jpg':
2026-02-04 18:14:06.812 T:29380   debug <general>: cached image 'special://masterprofile/Thumbnails/3/33cf0429.jpg' size 400x226
2026-02-04 18:14:06.816 T:23976   debug <general>: CInputManager::ProcessMouse: trying mouse action wheeldown
2026-02-04 18:14:06.842 T:15724   debug <general>: CCurlFile::XFILE::CCurlFile::GetMimeType - <https://ei.phncdn.com/static/images/categories/(m=qHP356TbeqM48zjadOf)(mh=m8vZfrnvTaWc_AWK)roku_8.jpg?cache=1538055457> -> image/jpeg
2026-02-04 18:14:06.842 T:15724   debug <general>: CurlFile::XFILE::CCurlFile::Open - <https://ei.phncdn.com/static/images/categories/(m=qHP356TbeqM48zjadOf)(mh=m8vZfrnvTaWc_AWK)roku_8.jpg?cache=1538055457>
2026-02-04 18:14:06.884 T:15724   debug <general>: Caching image 'https://ei.phncdn.com/static/images/categories/(m=qHP356TbeqM48zjadOf)(mh=m8vZfrnvTaWc_AWK)roku_8.jpg?cache=1538055457' to '9/99dfc980.jpg':
2026-02-04 18:14:06.884 T:15724   debug <general>: cached image 'special://masterprofile/Thumbnails/9/99dfc980.jpg' size 400x226
2026-02-04 18:14:07.135 T:15724   debug <general>: CCurlFile::XFILE::CCurlFile::GetMimeType - <https://ei.phncdn.com/static/images/categories/(m=qZR356TbeqM48zjadOf)(mh=BJ5M0KKln25pHGtf)roku_76.jpg?cache=1538055539> -> image/jpeg
2026-02-04 18:14:07.135 T:15724   debug <general>: CurlFile::XFILE::CCurlFile::Open - <https://ei.phncdn.com/static/images/categories/(m=qZR356TbeqM48zjadOf)(mh=BJ5M0KKln25pHGtf)roku_76.jpg?cache=1538055539>
2026-02-04 18:14:07.186 T:15724   debug <general>: Caching image 'https://ei.phncdn.com/static/images/categories/(m=qZR356TbeqM48zjadOf)(mh=BJ5M0KKln25pHGtf)roku_76.jpg?cache=1538055539' to 'c/c5905dd7.jpg':
2026-02-04 18:14:07.186 T:15724   debug <general>: cached image 'special://masterprofile/Thumbnails/c/c5905dd7.jpg' size 400x226
2026-02-04 18:14:07.327 T:23976   debug <general>: CInputManager::ProcessMouse: trying mouse action wheeldown
2026-02-04 18:14:07.369 T:15724    info <general>: Skipped 1 duplicate messages..
2026-02-04 18:14:07.369 T:15724   debug <general>: CCurlFile::XFILE::CCurlFile::GetMimeType - <https://ei.phncdn.com/static/images/categories/(m=q9S356TbeqM48zjadOf)(mh=v4zUcrXEpVJXoliu)roku_9.jpg?cache=1538055581> -> image/jpeg
2026-02-04 18:14:07.369 T:15724   debug <general>: CurlFile::XFILE::CCurlFile::Open - <https://ei.phncdn.com/static/images/categories/(m=q9S356TbeqM48zjadOf)(mh=v4zUcrXEpVJXoliu)roku_9.jpg?cache=1538055581>
2026-02-04 18:14:07.388 T:31652   debug <general>: CCurlFile::XFILE::CCurlFile::GetMimeType - <https://ei.phncdn.com/static/images/categories/(m=q22356TbeqM48zjadOf)(mh=tJsvozBptl1YzvdX)roku_13.jpg?cache=1538055894> -> image/jpeg
2026-02-04 18:14:07.388 T:31652   debug <general>: CurlFile::XFILE::CCurlFile::Open - <https://ei.phncdn.com/static/images/categories/(m=q22356TbeqM48zjadOf)(mh=tJsvozBptl1YzvdX)roku_13.jpg?cache=1538055894>
2026-02-04 18:14:07.396 T:23976   debug <general>: CInputManager::ProcessMouse: trying mouse action wheeldown
2026-02-04 18:14:07.415 T:15724   debug <general>: Caching image 'https://ei.phncdn.com/static/images/categories/(m=q9S356TbeqM48zjadOf)(mh=v4zUcrXEpVJXoliu)roku_9.jpg?cache=1538055581' to 'f/f3feb6ec.jpg':
2026-02-04 18:14:07.415 T:15724   debug <general>: cached image 'special://masterprofile/Thumbnails/f/f3feb6ec.jpg' size 400x226
2026-02-04 18:14:07.435 T:29380   debug <general>: CCurlFile::XFILE::CCurlFile::GetMimeType - <https://ei.phncdn.com/static/images/categories/(m=qU3356TbeqM48zjadOf)(mh=KMJGuEyRdm_HdpfY)roku_10.jpg?cache=1538055918> -> image/jpeg
2026-02-04 18:14:07.435 T:29380   debug <general>: CurlFile::XFILE::CCurlFile::Open - <https://ei.phncdn.com/static/images/categories/(m=qU3356TbeqM48zjadOf)(mh=KMJGuEyRdm_HdpfY)roku_10.jpg?cache=1538055918>
2026-02-04 18:14:07.451 T:31652   debug <general>: Caching image 'https://ei.phncdn.com/static/images/categories/(m=q22356TbeqM48zjadOf)(mh=tJsvozBptl1YzvdX)roku_13.jpg?cache=1538055894' to 'a/a06351fb.jpg':
2026-02-04 18:14:07.451 T:31652   debug <general>: cached image 'special://masterprofile/Thumbnails/a/a06351fb.jpg' size 400x226
2026-02-04 18:14:07.483 T:29380   debug <general>: Caching image 'https://ei.phncdn.com/static/images/categories/(m=qU3356TbeqM48zjadOf)(mh=KMJGuEyRdm_HdpfY)roku_10.jpg?cache=1538055918' to '1/11804703.jpg':
2026-02-04 18:14:07.483 T:29380   debug <general>: cached image 'special://masterprofile/Thumbnails/1/11804703.jpg' size 400x226
2026-02-04 18:14:07.493 T:23976   debug <general>: CInputManager::ProcessMouse: trying mouse action wheeldown
2026-02-04 18:14:07.527 T:29380   debug <general>: CCurlFile::XFILE::CCurlFile::GetMimeType - <https://ei.phncdn.com/static/images/categories/(m=qR4356TbeqM48zjadOf)(mh=F2Z2jRKsV-AZCVeD)roku_102.jpg?cache=1538055947> -> image/jpeg
2026-02-04 18:14:07.527 T:29380   debug <general>: CurlFile::XFILE::CCurlFile::Open - <https://ei.phncdn.com/static/images/categories/(m=qR4356TbeqM48zjadOf)(mh=F2Z2jRKsV-AZCVeD)roku_102.jpg?cache=1538055947>
2026-02-04 18:14:07.575 T:29380   debug <general>: Caching image 'https://ei.phncdn.com/static/images/categories/(m=qR4356TbeqM48zjadOf)(mh=F2Z2jRKsV-AZCVeD)roku_102.jpg?cache=1538055947' to 'd/db225123.jpg':
2026-02-04 18:14:07.575 T:29380   debug <general>: cached image 'special://masterprofile/Thumbnails/d/db225123.jpg' size 400x226
2026-02-04 18:14:07.899 T:23976   debug <general>: CInputManager::ProcessMouse: trying mouse action wheeldown
2026-02-04 18:14:07.933 T:29380   debug <general>: CCurlFile::XFILE::CCurlFile::GetMimeType - <https://ei.phncdn.com/static/images/categories/(m=q86356TbeqM48zjadOf)(mh=0oWhlP5ftnBnF2mX)roku_96.jpg?cache=1538056028> -> image/jpeg
2026-02-04 18:14:07.933 T:29380   debug <general>: CurlFile::XFILE::CCurlFile::Open - <https://ei.phncdn.com/static/images/categories/(m=q86356TbeqM48zjadOf)(mh=0oWhlP5ftnBnF2mX)roku_96.jpg?cache=1538056028>
2026-02-04 18:14:07.934 T:23976   debug <general>: CInputManager::ProcessMouse: trying mouse action wheeldown
2026-02-04 18:14:07.962 T:15724    info <general>: Skipped 1 duplicate messages..
2026-02-04 18:14:07.962 T:15724   debug <general>: CCurlFile::XFILE::CCurlFile::GetMimeType - <https://ei.phncdn.com/static/images/categories/(m=qN8356TbeqM48zjadOf)(mh=pW_qbp6fKRIOrzEB)roku_11.jpg?cache=1538056071> -> image/jpeg
2026-02-04 18:14:07.963 T:15724   debug <general>: CurlFile::XFILE::CCurlFile::Open - <https://ei.phncdn.com/static/images/categories/(m=qN8356TbeqM48zjadOf)(mh=pW_qbp6fKRIOrzEB)roku_11.jpg?cache=1538056071>
2026-02-04 18:14:07.970 T:29380   debug <general>: Caching image 'https://ei.phncdn.com/static/images/categories/(m=q86356TbeqM48zjadOf)(mh=0oWhlP5ftnBnF2mX)roku_96.jpg?cache=1538056028' to '1/1068213b.jpg':
2026-02-04 18:14:07.970 T:29380   debug <general>: cached image 'special://masterprofile/Thumbnails/1/1068213b.jpg' size 400x226
2026-02-04 18:14:07.993 T:31652   debug <general>: CCurlFile::XFILE::CCurlFile::GetMimeType - <https://ei.phncdn.com/static/images/categories/(m=qJ9356TbeqM48zjadOf)(mh=aVEmYYOvySs5ok91)roku_14.jpg?cache=1538056099> -> image/jpeg
2026-02-04 18:14:07.993 T:31652   debug <general>: CurlFile::XFILE::CCurlFile::Open - <https://ei.phncdn.com/static/images/categories/(m=qJ9356TbeqM48zjadOf)(mh=aVEmYYOvySs5ok91)roku_14.jpg?cache=1538056099>
2026-02-04 18:14:08.008 T:23976   debug <general>: CInputManager::ProcessMouse: trying mouse action wheeldown
2026-02-04 18:14:08.011 T:15724   debug <general>: Caching image 'https://ei.phncdn.com/static/images/categories/(m=qN8356TbeqM48zjadOf)(mh=pW_qbp6fKRIOrzEB)roku_11.jpg?cache=1538056071' to '4/44b70962.jpg':
2026-02-04 18:14:08.011 T:15724   debug <general>: cached image 'special://masterprofile/Thumbnails/4/44b70962.jpg' size 400x226
2026-02-04 18:14:08.036 T:31652   debug <general>: Caching image 'https://ei.phncdn.com/static/images/categories/(m=qJ9356TbeqM48zjadOf)(mh=aVEmYYOvySs5ok91)roku_14.jpg?cache=1538056099' to '8/8f77be45.jpg':
2026-02-04 18:14:08.036 T:31652   debug <general>: cached image 'special://masterprofile/Thumbnails/8/8f77be45.jpg' size 400x226
2026-02-04 18:14:08.040 T:29380   debug <general>: CCurlFile::XFILE::CCurlFile::GetMimeType - <https://ei.phncdn.com/static/images/categories/(m=qP_356TbeqM48zjadOf)(mh=xzT3IJc5JVxHb483)roku_86.jpg?cache=1538056137> -> image/jpeg
2026-02-04 18:14:08.040 T:29380   debug <general>: CurlFile::XFILE::CCurlFile::Open - <https://ei.phncdn.com/static/images/categories/(m=qP_356TbeqM48zjadOf)(mh=xzT3IJc5JVxHb483)roku_86.jpg?cache=1538056137>
2026-02-04 18:14:08.083 T:29380   debug <general>: Caching image 'https://ei.phncdn.com/static/images/categories/(m=qP_356TbeqM48zjadOf)(mh=xzT3IJc5JVxHb483)roku_86.jpg?cache=1538056137' to '7/7dfd3913.jpg':
2026-02-04 18:14:08.083 T:29380   debug <general>: cached image 'special://masterprofile/Thumbnails/7/7dfd3913.jpg' size 400x226
2026-02-04 18:14:08.135 T:23976   debug <general>: CInputManager::ProcessMouse: trying mouse action wheeldown
2026-02-04 18:14:08.158 T:29380   debug <general>: CCurlFile::XFILE::CCurlFile::GetMimeType - <https://ei.phncdn.com/static/images/categories/(m=q77ONI0beqM48zjadOf)(mh=UCUhiIrytAD-1DS7)roku_90.jpg?cache=1747166075> -> image/jpeg
2026-02-04 18:14:08.158 T:29380   debug <general>: CurlFile::XFILE::CCurlFile::Open - <https://ei.phncdn.com/static/images/categories/(m=q77ONI0beqM48zjadOf)(mh=UCUhiIrytAD-1DS7)roku_90.jpg?cache=1747166075>
2026-02-04 18:14:08.199 T:29380   debug <general>: Caching image 'https://ei.phncdn.com/static/images/categories/(m=q77ONI0beqM48zjadOf)(mh=UCUhiIrytAD-1DS7)roku_90.jpg?cache=1747166075' to 'c/c6fb6673.jpg':
2026-02-04 18:14:08.199 T:29380   debug <general>: cached image 'special://masterprofile/Thumbnails/c/c6fb6673.jpg' size 400x226
2026-02-04 18:14:08.284 T:23976   debug <general>: CInputManager::ProcessMouse: trying mouse action wheeldown
2026-02-04 18:14:08.309 T:29380   debug <general>: CCurlFile::XFILE::CCurlFile::GetMimeType - <https://ei.phncdn.com/static/images/categories/(m=q2WONI0beqM48zjadOf)(mh=43tFM2VnQj8eoFtY)roku_12.jpg?cache=1747165718> -> image/jpeg
2026-02-04 18:14:08.309 T:29380   debug <general>: CurlFile::XFILE::CCurlFile::Open - <https://ei.phncdn.com/static/images/categories/(m=q2WONI0beqM48zjadOf)(mh=43tFM2VnQj8eoFtY)roku_12.jpg?cache=1747165718>
2026-02-04 18:14:08.351 T:29380   debug <general>: Caching image 'https://ei.phncdn.com/static/images/categories/(m=q2WONI0beqM48zjadOf)(mh=43tFM2VnQj8eoFtY)roku_12.jpg?cache=1747165718' to '1/1818d937.jpg':
2026-02-04 18:14:08.351 T:29380   debug <general>: cached image 'special://masterprofile/Thumbnails/1/1818d937.jpg' size 400x226
2026-02-04 18:14:08.764 T:29380   debug <general>: CCurlFile::XFILE::CCurlFile::GetMimeType - <https://ei.phncdn.com/static/images/categories/(m=q5P556TbeqM48zjadOf)(mh=kB-z95pzSsGUTww5)roku_732.jpg?cache=1538057529> -> image/jpeg
2026-02-04 18:14:08.765 T:29380   debug <general>: CurlFile::XFILE::CCurlFile::Open - <https://ei.phncdn.com/static/images/categories/(m=q5P556TbeqM48zjadOf)(mh=kB-z95pzSsGUTww5)roku_732.jpg?cache=1538057529>
2026-02-04 18:14:08.806 T:29380   debug <general>: Caching image 'https://ei.phncdn.com/static/images/categories/(m=q5P556TbeqM48zjadOf)(mh=kB-z95pzSsGUTww5)roku_732.jpg?cache=1538057529' to '2/2a7a19a7.jpg':
2026-02-04 18:14:08.806 T:29380   debug <general>: cached image 'special://masterprofile/Thumbnails/2/2a7a19a7.jpg' size 400x226
2026-02-04 18:14:09.021 T:29380   debug <general>: CCurlFile::XFILE::CCurlFile::GetMimeType - <https://ei.phncdn.com/static/images/categories/(m=q-Q556TbeqM48zjadOf)(mh=MKramG93RoX3tKaH)roku_79.jpg?cache=1538057567> -> image/jpeg
2026-02-04 18:14:09.021 T:29380   debug <general>: CurlFile::XFILE::CCurlFile::Open - <https://ei.phncdn.com/static/images/categories/(m=q-Q556TbeqM48zjadOf)(mh=MKramG93RoX3tKaH)roku_79.jpg?cache=1538057567>
2026-02-04 18:14:09.064 T:29380   debug <general>: Caching image 'https://ei.phncdn.com/static/images/categories/(m=q-Q556TbeqM48zjadOf)(mh=MKramG93RoX3tKaH)roku_79.jpg?cache=1538057567' to 'e/e8b152e9.jpg':
2026-02-04 18:14:09.064 T:29380   debug <general>: cached image 'special://masterprofile/Thumbnails/e/e8b152e9.jpg' size 400x226
2026-02-04 18:14:09.211 T:29380   debug <general>: CCurlFile::XFILE::CCurlFile::GetMimeType - <https://ei.phncdn.com/static/images/categories/(m=qXT556TbeqM48zjadOf)(mh=T1I9FhZGsg4r902c)roku_57.jpg?cache=1538057649> -> image/jpeg
2026-02-04 18:14:09.211 T:29380   debug <general>: CurlFile::XFILE::CCurlFile::Open - <https://ei.phncdn.com/static/images/categories/(m=qXT556TbeqM48zjadOf)(mh=T1I9FhZGsg4r902c)roku_57.jpg?cache=1538057649>
2026-02-04 18:14:09.254 T:29380   debug <general>: Caching image 'https://ei.phncdn.com/static/images/categories/(m=qXT556TbeqM48zjadOf)(mh=T1I9FhZGsg4r902c)roku_57.jpg?cache=1538057649' to 'a/a6f2c68c.jpg':
2026-02-04 18:14:09.254 T:29380   debug <general>: cached image 'special://masterprofile/Thumbnails/a/a6f2c68c.jpg' size 400x226
2026-02-04 18:14:09.619 T:23976   debug <general>: CInputManager::ProcessMouse: trying mouse action leftclick
2026-02-04 18:14:09.619 T:23976   debug <general>: CGUIMediaWindow::GetDirectory (plugin://plugin.video.cumination/?channel=None&keyword&mode=pornhub.List&name=Compilation%20%5bCOLOR%20orange%5d(18%2c577%20Videos%20videos)%5b%2fCOLOR%5d&page&section=None&url=https%3a%2f%2fwww.pornhub.com%2fvideo%3fc%3d57)
2026-02-04 18:14:09.619 T:23976   debug <general>:   ParentPath = [plugin://plugin.video.cumination/?channel=None&keyword&mode=pornhub.Categories&name=%5bCOLOR%20hotpink%5dCategories%5b%2fCOLOR%5d&page=None&section=None&url=https%3a%2f%2fwww.pornhub.com%2fcategories]
2026-02-04 18:14:09.619 T:20444   debug <general>: Thread waiting start, auto delete: false
2026-02-04 18:14:09.622 T:29380   debug <general>: CAddonDatabase::SetLastUsed[plugin.video.cumination] took 2 ms
2026-02-04 18:14:09.622 T:20444   debug <general>: CScriptRunner: running add-on script Cumination('plugin://plugin.video.cumination/', '5', '?channel=None&keyword&mode=pornhub.List&name=Compilation%20%5bCOLOR%20orange%5d(18%2c577%20Videos%20videos)%5b%2fCOLOR%5d&page&section=None&url=https%3a%2f%2fwww.pornhub.com%2fvideo%3fc%3d57')
2026-02-04 18:14:09.622 T:35464   debug <general>: Thread LanguageInvoker start, auto delete: false
2026-02-04 18:14:09.622 T:35464   debug <general>: initializing python engine.
2026-02-04 18:14:09.622 T:35464   debug <general>: CPythonInvoker(6, C:\Users\James\AppData\Roaming\Kodi\addons\plugin.video.cumination\default.py): start processing
2026-02-04 18:14:09.643 T:35464   debug <general>: -->Python Interpreter Initialized<--
2026-02-04 18:14:09.643 T:35464   debug <general>: 
                                                   
2026-02-04 18:14:09.643 T:35464   debug <general>: CPythonInvoker(6, C:\Users\James\AppData\Roaming\Kodi\addons\plugin.video.cumination\default.py): the source file to load is "C:\Users\James\AppData\Roaming\Kodi\addons\plugin.video.cumination\default.py"
2026-02-04 18:14:09.643 T:35464   debug <general>: CPythonInvoker(6): full python path:
2026-02-04 18:14:09.643 T:35464   debug <general>: CPythonInvoker(6):   custom python path:
2026-02-04 18:14:09.643 T:35464   debug <general>: CPythonInvoker(6):     C:\Users\James\AppData\Roaming\Kodi\addons\plugin.video.cumination
2026-02-04 18:14:09.643 T:35464   debug <general>: CPythonInvoker(6):     C:\Users\James\AppData\Roaming\Kodi\addons\script.common.plugin.cache\resources\lib\storage_server\
2026-02-04 18:14:09.643 T:35464   debug <general>: CPythonInvoker(6):     C:\Users\James\AppData\Roaming\Kodi\addons\script.module.beautifulsoup4\lib
2026-02-04 18:14:09.643 T:35464   debug <general>: CPythonInvoker(6):     C:\Users\James\AppData\Roaming\Kodi\addons\script.module.certifi\lib
2026-02-04 18:14:09.643 T:35464   debug <general>: CPythonInvoker(6):     C:\Users\James\AppData\Roaming\Kodi\addons\script.module.chardet\lib
2026-02-04 18:14:09.643 T:35464   debug <general>: CPythonInvoker(6):     C:\Users\James\AppData\Roaming\Kodi\addons\script.module.idna\lib
2026-02-04 18:14:09.643 T:35464   debug <general>: CPythonInvoker(6):     C:\Users\James\AppData\Roaming\Kodi\addons\script.module.inputstreamhelper\lib
2026-02-04 18:14:09.643 T:35464   debug <general>: CPythonInvoker(6):     C:\Users\James\AppData\Roaming\Kodi\addons\script.module.kodi-six\libs
2026-02-04 18:14:09.643 T:35464   debug <general>: CPythonInvoker(6):     C:\Users\James\AppData\Roaming\Kodi\addons\script.module.requests\lib
2026-02-04 18:14:09.643 T:35464   debug <general>: CPythonInvoker(6):     C:\Users\James\AppData\Roaming\Kodi\addons\script.module.resolveurl.xxx\lib
2026-02-04 18:14:09.643 T:35464   debug <general>: CPythonInvoker(6):     C:\Users\James\AppData\Roaming\Kodi\addons\script.module.resolveurl\lib
2026-02-04 18:14:09.643 T:35464   debug <general>: CPythonInvoker(6):     C:\Users\James\AppData\Roaming\Kodi\addons\script.module.six\lib
2026-02-04 18:14:09.643 T:35464   debug <general>: CPythonInvoker(6):     C:\Users\James\AppData\Roaming\Kodi\addons\script.module.soupsieve\lib
2026-02-04 18:14:09.643 T:35464   debug <general>: CPythonInvoker(6):     C:\Users\James\AppData\Roaming\Kodi\addons\script.module.urllib3\lib
2026-02-04 18:14:09.643 T:35464   debug <general>: CPythonInvoker(6):     C:\Users\James\AppData\Roaming\Kodi\addons\script.module.websocket\lib
2026-02-04 18:14:09.643 T:35464   debug <general>: CPythonInvoker(6):   default python path:
2026-02-04 18:14:09.643 T:35464   debug <general>: CPythonInvoker(6):     C:\Program Files\Kodi\system\python\DLLs
2026-02-04 18:14:09.643 T:35464   debug <general>: CPythonInvoker(6):     C:\Program Files\Kodi\system\python\Lib
2026-02-04 18:14:09.643 T:35464   debug <general>: CPythonInvoker(6):     C:\Program Files\Kodi\system\python\Lib\site-packages
2026-02-04 18:14:09.643 T:35464   debug <general>: CPythonInvoker(6): adding args:
2026-02-04 18:14:09.643 T:35464   debug <general>: CPythonInvoker(6):  plugin://plugin.video.cumination/
2026-02-04 18:14:09.643 T:35464   debug <general>: CPythonInvoker(6):  5
2026-02-04 18:14:09.643 T:35464   debug <general>: CPythonInvoker(6):  ?channel=None&keyword&mode=pornhub.List&name=Compilation%20%5bCOLOR%20orange%5d(18%2c577%20Videos%20videos)%5b%2fCOLOR%5d&page&section=None&url=https%3a%2f%2fwww.pornhub.com%2fvideo%3fc%3d57
2026-02-04 18:14:09.643 T:35464   debug <general>: CPythonInvoker(6):  resume:false
2026-02-04 18:14:09.643 T:35464   debug <general>: CPythonInvoker(6, C:\Users\James\AppData\Roaming\Kodi\addons\plugin.video.cumination\default.py): entering source directory C:\Users\James\AppData\Roaming\Kodi\addons\plugin.video.cumination
2026-02-04 18:14:09.643 T:35464   debug <general>: CPythonInvoker(6, C:\Users\James\AppData\Roaming\Kodi\addons\plugin.video.cumination\default.py): instantiating addon using automatically obtained id of "plugin.video.cumination" dependent on version 3.0.0 of the xbmc.python api
2026-02-04 18:14:09.721 T:23976   debug <general>: ------ Window Init (DialogBusy.xml) ------
2026-02-04 18:14:09.740 T:35464   debug <CAddonSettings[0@plugin.video.cumination]>: trying to load setting definitions from old format...
2026-02-04 18:14:09.741 T:35464   debug <CSettingsManager>: requested setting (changelog_seen_version) was not found.
2026-02-04 18:14:09.741 T:35464   debug <CSettingsManager>: requested setting (cuminationage) was not found.
2026-02-04 18:14:09.741 T:35464   debug <CSettingsManager>: requested setting (current_ua) was not found.
2026-02-04 18:14:09.741 T:35464   debug <CSettingsManager>: requested setting (last_ua_create) was not found.
2026-02-04 18:14:09.867 T:35464   debug <CSettingsManager>: requested setting (cblogged) was not found.
2026-02-04 18:14:09.869 T:35464   debug <CSettingsManager>: requested setting (spankbang_quality) was not found.
2026-02-04 18:14:09.870 T:35464   debug <CSettingsManager>: requested setting (spankbang_length) was not found.
2026-02-04 18:14:09.873 T:35464   debug <CSettingsManager>: requested setting (htvlogged) was not found.
2026-02-04 18:14:09.967 T:35464   debug <CSettingsManager>: requested setting (jblogged) was not found.
2026-02-04 18:14:09.988 T:35464   debug <CSettingsManager>: requested setting (ptlogged) was not found.
2026-02-04 18:14:09.988 T:35464   debug <CSettingsManager>: requested setting (ptlength) was not found.
2026-02-04 18:14:10.046 T:35464   debug <CSettingsManager>: requested setting (tahlogged) was not found.
2026-02-04 18:14:10.052 T:35464   debug <CSettingsManager>: requested setting (whlogged) was not found.
2026-02-04 18:14:10.052 T:35464   debug <CSettingsManager>: requested setting (xflogged) was not found.
2026-02-04 18:14:10.060 T:35464   debug <CSettingsManager>: requested setting (pincode) was not found.
2026-02-04 18:14:10.060 T:35464   debug <CSettingsManager>: requested setting (logintime) was not found.
2026-02-04 18:14:10.063 T:35464   debug <CSettingsManager>: requested setting (pornhubproduction) was not found.
2026-02-04 18:14:10.063 T:35464   debug <CSettingsManager>: requested setting (pornhubminlength) was not found.
2026-02-04 18:14:10.063 T:35464   debug <CSettingsManager>: requested setting (pornhubmaxlength) was not found.
2026-02-04 18:14:10.063 T:35464   debug <CSettingsManager>: requested setting (pornhubquality) was not found.
2026-02-04 18:14:10.063 T:35464   debug <CSettingsManager>: requested setting (pornhubcountry) was not found.
2026-02-04 18:14:10.063 T:35464   debug <CSettingsManager>: requested setting (pornhubsortby) was not found.
2026-02-04 18:14:10.063 T:35464   debug <CSettingsManager>: requested setting (pornhubtime) was not found.
2026-02-04 18:14:10.063 T:35464   debug <CSettingsManager>: requested setting (pornhubproduction) was not found.
2026-02-04 18:14:10.063 T:35464   debug <CSettingsManager>: requested setting (pornhubminlength) was not found.
2026-02-04 18:14:10.063 T:35464   debug <CSettingsManager>: requested setting (pornhubmaxlength) was not found.
2026-02-04 18:14:10.063 T:35464   debug <CSettingsManager>: requested setting (pornhubquality) was not found.
2026-02-04 18:14:10.063 T:35464   debug <CSettingsManager>: requested setting (pornhubcountry) was not found.
2026-02-04 18:14:10.063 T:35464   debug <CSettingsManager>: requested setting (pornhubsortby) was not found.
2026-02-04 18:14:10.063 T:35464   debug <CSettingsManager>: requested setting (pornhubtime) was not found.
2026-02-04 18:14:12.455 T:35464   debug <CSettingsManager>: requested setting (favorder) was not found.
2026-02-04 18:14:12.521 T:35464    info <general>: Skipped 33 duplicate messages..
2026-02-04 18:14:12.521 T:35464   debug <general>: CPythonInvoker(6, C:\Users\James\AppData\Roaming\Kodi\addons\plugin.video.cumination\default.py): script aborted
2026-02-04 18:14:12.521 T:35464   debug <general>: CPythonInvoker::onExecutionDone(6, C:\Users\James\AppData\Roaming\Kodi\addons\plugin.video.cumination\default.py)
2026-02-04 18:14:12.521 T:35464   debug <general>: .
2026-02-04 18:14:12.522 T:20444    info <general>: Skipped 1 duplicate messages..
2026-02-04 18:14:12.522 T:20444   debug <general>: Thread waiting 20444 terminating
2026-02-04 18:14:12.538 T:35464   debug <general>: Python interpreter stopped
2026-02-04 18:14:12.538 T:35464   debug <general>: Thread LanguageInvoker 35464 terminating
2026-02-04 18:14:12.602 T:23976   debug <general>: ------ Window Deinit (DialogBusy.xml) ------
2026-02-04 18:14:12.605 T:23976   debug <general>: Saving fileitems [plugin://plugin.video.cumination/?channel=None&keyword&mode=pornhub.List&name=Compilation%20%5bCOLOR%20orange%5d(18%2c577%20Videos%20videos)%5b%2fCOLOR%5d&page&section=None&url=https%3a%2f%2fwww.pornhub.com%2fvideo%3fc%3d57]
2026-02-04 18:14:12.606 T:23976   debug <general>:   -- items: 36, sort method: 0, ascending: false
2026-02-04 18:14:12.607 T:44200   debug <general>: Thread BackgroundLoader start, auto delete: false
2026-02-04 18:14:12.610 T:44200   debug <general>: Thread BackgroundLoader 44200 terminating
2026-02-04 18:14:12.849 T:33084   debug <general>: XCURL::DllLibCurlGlobal::easy_acquire - Created session to https://pix-cdn77.phncdn.com
2026-02-04 18:14:12.890 T:29380   debug <general>: CCurlFile::XFILE::CCurlFile::GetMimeType - <https://pix-cdn77.phncdn.com/c6251/videos/202602/02/38158365/original/019c1f73-5303-7612-a48b-fed9b0477037.png/plain/rs:fit:320:180?hash=8cvmpf32D9MJapG5Eq4jHrRoGQQ=&validto=1770343911|Referer=https://www.pornhub.com/&User-Agent=Mozilla/5.0 (Windows NT 10.0; Win64; x64; rv:92.0.0.0) Gecko/20100101 Firefox/92.0.0.0> -> image/png
2026-02-04 18:14:12.890 T:29380   debug <general>: CurlFile::XFILE::CCurlFile::Open - <https://pix-cdn77.phncdn.com/c6251/videos/202602/02/38158365/original/019c1f73-5303-7612-a48b-fed9b0477037.png/plain/rs:fit:320:180?hash=8cvmpf32D9MJapG5Eq4jHrRoGQQ=&validto=1770343911>
2026-02-04 18:14:12.929 T:31652   debug <general>: CCurlFile::XFILE::CCurlFile::GetMimeType - <https://pix-fl.phncdn.com/c6371/videos/202511/10/29273405/original_29273405.mp4/plain/ex:1:no/bg:0:0:0/rs:fit:320:180/vts:52?hdnea=st=1770257450~exp=1770343850~hdl=-1~hmac=3b22d09d84928445f3aa35e62998f30a9f4984b6|Referer=https://www.pornhub.com/&User-Agent=Mozilla/5.0 (Windows NT 10.0; Win64; x64; rv:92.0.0.0) Gecko/20100101 Firefox/92.0.0.0> -> image/jpeg
2026-02-04 18:14:12.929 T:31652   debug <general>: CurlFile::XFILE::CCurlFile::Open - <https://pix-fl.phncdn.com/c6371/videos/202511/10/29273405/original_29273405.mp4/plain/ex:1:no/bg:0:0:0/rs:fit:320:180/vts:52?hdnea=st=1770257450~exp=1770343850~hdl=-1~hmac=3b22d09d84928445f3aa35e62998f30a9f4984b6>
2026-02-04 18:14:12.968 T:31652   debug <general>: Caching image 'https://pix-fl.phncdn.com/c6371/videos/202511/10/29273405/original_29273405.mp4/plain/ex:1:no/bg:0:0:0/rs:fit:320:180/vts:52?hdnea=st=1770257450~exp=1770343850~hdl=-1~hmac=3b22d09d84928445f3aa35e62998f30a9f4984b6|Referer=https://www.pornhub.com/&User-Agent=Mozilla/5.0 (Windows NT 10.0; Win64; x64; rv:92.0.0.0) Gecko/20100101 Firefox/92.0.0.0' to '8/8b841da7.jpg':
2026-02-04 18:14:12.968 T:31652   debug <general>: cached image 'special://masterprofile/Thumbnails/8/8b841da7.jpg' size 320x180
2026-02-04 18:14:12.976 T:33084   debug <general>: CCurlFile::XFILE::CCurlFile::GetMimeType - <https://pix-cdn77.phncdn.com/c6251/videos/202511/14/29631895/original/019a9e2f-e844-7b8a-ba81-decf7da3f6f8.jpg/plain/rs:fit:320:180?hash=l0JR4K5yaqIz2kJI2MeNJvzK2UU=&validto=1770343144|Referer=https://www.pornhub.com/&User-Agent=Mozilla/5.0 (Windows NT 10.0; Win64; x64; rv:92.0.0.0) Gecko/20100101 Firefox/92.0.0.0> -> image/jpeg
