2026-02-28 10:56:20.281 T:17936   debug <general>: AddOnLog: inputstream.adaptive: [AS-0] Download finished: https://media-hls.doppiocdn.com/b-hls-11/163955134/163955134_480p_h264_init_WpuOGTsNNGIX47a6.mp4?User-Agent=Mozilla%2F5.0%20%28Windows%20NT%206.2%3B%20Win64%3B%20x64%29%20AppleWebKit%2F537.36%20%28KHTML%2C%20like%20Gecko%29%20Chrome%2F115.0.0.0%20Safari%2F537.36&Origin=https%3A%2F%2Fstripchat.com&Referer=https%3A%2F%2Fstripchat.com%2FAsian_Asami&Accept=application%2Fx-mpegURL&Accept-Language=en-US%2Cen%3Bq%3D0.9 (downloaded 1236 byte, speed 6574.00 byte/s)
2026-02-28 10:56:20.282 T:17936   debug <general>: AddOnLog: inputstream.adaptive: CFragmentedSampleReader::UpdateSampleDescription: Codec fourcc: avc1 (1635148593)
2026-02-28 10:56:20.282 T:17936   debug <general>: AddOnLog: inputstream.adaptive: GetStream(1001)
2026-02-28 10:56:20.282 T:17936   debug <general>: CDVDDemuxClient::RequestStream(): added/updated stream 1001 with codec_id 27
2026-02-28 10:56:20.282 T:17936    info <general>: Creating video codec with codec id: 27
2026-02-28 10:56:20.282 T:17936    info <general>: CDVDVideoCodecFFmpeg::Open() Using codec: H.264 / AVC / MPEG-4 AVC / MPEG-4 part 10
2026-02-28 10:56:20.283 T:17936   debug <general>: CDVDVideoCodecFFmpeg - Updated codec: ff-h264
2026-02-28 10:56:20.283 T:17936   debug <general>: CVideoPlayerVideo::OpenStream - open stream with codec id: 27
2026-02-28 10:56:20.283 T:17936    info <general>: Creating video thread
2026-02-28 10:56:20.283 T:8324    debug <general>: Thread VideoPlayerVideo start, auto delete: false
2026-02-28 10:56:20.283 T:8324     info <general>: running thread: video_thread
2026-02-28 10:56:20.283 T:8324    debug <general>: CVideoPlayerVideo - CDVDMsg::GENERAL_PAUSE: false
2026-02-28 10:56:20.284 T:17936    info <general>: Opening stream: 1002 source: 256
2026-02-28 10:56:20.284 T:17936   debug <general>: AddOnLog: inputstream.adaptive: OpenStream(1002)
2026-02-28 10:56:20.284 T:17936   debug <general>: AddOnLog: inputstream.adaptive: GetStream(1002)
2026-02-28 10:56:20.284 T:17936    info <general>: Finding audio codec for: 86018
2026-02-28 10:56:20.285 T:17936    info <general>: CDVDAudioCodecFFmpeg::Open() Successful opened audio decoder aac
2026-02-28 10:56:20.285 T:17936    info <general>: CVideoPlayerAudio::OpenStream: Allowing max Out-Of-Sync Value of 50 ms
2026-02-28 10:56:20.285 T:17936    info <general>: Creating audio thread
2026-02-28 10:56:20.285 T:10540   debug <general>: Thread VideoPlayerAudio start, auto delete: false
2026-02-28 10:56:20.285 T:10540    info <general>: running thread: CVideoPlayerAudio::Process()
2026-02-28 10:56:20.286 T:10540   debug <general>: CVideoPlayerAudio - CDVDMsg::GENERAL_PAUSE: false
2026-02-28 10:56:20.286 T:17936   debug <general>: CVideoPlayer::SetCaching - caching state 2
2026-02-28 10:56:20.286 T:17936   debug <general>: CDVDClock::SetSpeedAdjust - adjusted:0.000000
2026-02-28 10:56:20.286 T:17936   debug <general>: CVideoPlayer::HandleMessages - player 2 reported state: 0
2026-02-28 10:56:20.286 T:17936   debug <general>: CVideoPlayer::HandleMessages - player 1 reported state: 0
2026-02-28 10:56:20.286 T:18144   debug <general>: CApplicationPlayerCallback::OnAVChange: CApplication::OnAVChange
2026-02-28 10:56:20.286 T:10480   debug <general>: CurlFile::XFILE::CCurlFile::Open - <https://media-hls.doppiocdn.com/b-hls-11/media.mp4?User-Agent=Mozilla%2F5.0%20%28Windows%20NT%206.2%3B%20Win64%3B%20x64%29%20AppleWebKit%2F537.36%20%28KHTML%2C%20like%20Gecko%29%20Chrome%2F115.0.0.0%20Safari%2F537.36&Origin=https%3A%2F%2Fstripchat.com&Referer=https%3A%2F%2Fstripchat.com%2FAsian_Asami&Accept=application%2Fx-mpegURL&Accept-Language=en-US%2Cen%3Bq%3D0.9>
2026-02-28 10:56:20.297 T:10540   debug <general>: CDVDAudio::Pause - pausing audio stream
2026-02-28 10:56:20.509 T:10480   error <general>: AddOnLog: inputstream.adaptive: [AS-0] Download failed, HTTP error 404: https://media-hls.doppiocdn.com/b-hls-11/media.mp4?User-Agent=Mozilla%2F5.0%20%28Windows%20NT%206.2%3B%20Win64%3B%20x64%29%20AppleWebKit%2F537.36%20%28KHTML%2C%20like%20Gecko%29%20Chrome%2F115.0.0.0%20Safari%2F537.36&Origin=https%3A%2F%2Fstripchat.com&Referer=https%3A%2F%2Fstripchat.com%2FAsian_Asami&Accept=application%2Fx-mpegURL&Accept-Language=en-US%2Cen%3Bq%3D0.9
2026-02-28 10:56:21.510 T:10480 warning <general>: AddOnLog: inputstream.adaptive: [AS-0] Segment download failed, attempt 2...
2026-02-28 10:56:21.510 T:10480   debug <general>: CurlFile::XFILE::CCurlFile::Open - <https://media-hls.doppiocdn.com/b-hls-11/media.mp4?User-Agent=Mozilla%2F5.0%20%28Windows%20NT%206.2%3B%20Win64%3B%20x64%29%20AppleWebKit%2F537.36%20%28KHTML%2C%20like%20Gecko%29%20Chrome%2F115.0.0.0%20Safari%2F537.36&Origin=https%3A%2F%2Fstripchat.com&Referer=https%3A%2F%2Fstripchat.com%2FAsian_Asami&Accept=application%2Fx-mpegURL&Accept-Language=en-US%2Cen%3Bq%3D0.9>
2026-02-28 10:56:21.544 T:10480   error <general>: AddOnLog: inputstream.adaptive: [AS-0] Download failed, HTTP error 404: https://media-hls.doppiocdn.com/b-hls-11/media.mp4?User-Agent=Mozilla%2F5.0%20%28Windows%20NT%206.2%3B%20Win64%3B%20x64%29%20AppleWebKit%2F537.36%20%28KHTML%2C%20like%20Gecko%29%20Chrome%2F115.0.0.0%20Safari%2F537.36&Origin=https%3A%2F%2Fstripchat.com&Referer=https%3A%2F%2Fstripchat.com%2FAsian_Asami&Accept=application%2Fx-mpegURL&Accept-Language=en-US%2Cen%3Bq%3D0.9
2026-02-28 10:56:22.094 T:14128   debug <general>: CurlFile::XFILE::CCurlFile::Open - <https://media-hls.doppiocdn.com/b-hls-11/163955134/163955134_480p.m3u8?psch=v2&pkey=Ook7quaiNgiyuhai>
2026-02-28 10:56:22.290 T:14128   debug <general>: AddOnLog: inputstream.adaptive: Download finished: https://media-hls.doppiocdn.com/b-hls-11/163955134/163955134_480p.m3u8?psch=v2&pkey=Ook7quaiNgiyuhai (downloaded 1042 byte, speed 2087.00 byte/s)
2026-02-28 10:56:22.546 T:10480 warning <general>: AddOnLog: inputstream.adaptive: [AS-0] Segment download failed, attempt 3...
2026-02-28 10:56:22.547 T:10480   debug <general>: CurlFile::XFILE::CCurlFile::Open - <https://media-hls.doppiocdn.com/b-hls-11/media.mp4?User-Agent=Mozilla%2F5.0%20%28Windows%20NT%206.2%3B%20Win64%3B%20x64%29%20AppleWebKit%2F537.36%20%28KHTML%2C%20like%20Gecko%29%20Chrome%2F115.0.0.0%20Safari%2F537.36&Origin=https%3A%2F%2Fstripchat.com&Referer=https%3A%2F%2Fstripchat.com%2FAsian_Asami&Accept=application%2Fx-mpegURL&Accept-Language=en-US%2Cen%3Bq%3D0.9>
2026-02-28 10:56:22.587 T:10480   error <general>: AddOnLog: inputstream.adaptive: [AS-0] Download failed, HTTP error 404: https://media-hls.doppiocdn.com/b-hls-11/media.mp4?User-Agent=Mozilla%2F5.0%20%28Windows%20NT%206.2%3B%20Win64%3B%20x64%29%20AppleWebKit%2F537.36%20%28KHTML%2C%20like%20Gecko%29%20Chrome%2F115.0.0.0%20Safari%2F537.36&Origin=https%3A%2F%2Fstripchat.com&Referer=https%3A%2F%2Fstripchat.com%2FAsian_Asami&Accept=application%2Fx-mpegURL&Accept-Language=en-US%2Cen%3Bq%3D0.9
2026-02-28 10:56:23.127 T:10584   debug <general>: CAESinkDirectSound::Deinitialize: Cleaning up
2026-02-28 10:56:23.145 T:15700   debug <general>: CMMNotificationClient::OnPropertyValueChanged: Changed device property of {0.0.0.00000000}.{08125949-2fdf-42e8-aaf3-21678eb821d7} is (c4f6b0fa-fd32-4c99-8050-8f8a193a7e48)#3
2026-02-28 10:56:23.146 T:19012   debug <general>: CMMNotificationClient::OnPropertyValueChanged: Changed device property of {0.0.0.00000000}.{7b2f6964-c02b-4081-8289-f1038cf5670e} is (c4f6b0fa-fd32-4c99-8050-8f8a193a7e48)#3
2026-02-28 10:56:23.147 T:19012   debug <general>: CMMNotificationClient::OnPropertyValueChanged: Changed device property of {0.0.1.00000000}.{9ca1d704-2f16-47f2-a138-bb41a82b99b3} is (c4f6b0fa-fd32-4c99-8050-8f8a193a7e48)#3
2026-02-28 10:56:23.148 T:19012    info <general>: Skipped 1 duplicate messages..
2026-02-28 10:56:23.148 T:19012   debug <general>: CMMNotificationClient::OnPropertyValueChanged: Changed device property of {0.0.1.00000000}.{c055fb43-ba26-4af8-b0ef-98351433ea11} is (c4f6b0fa-fd32-4c99-8050-8f8a193a7e48)#3
2026-02-28 10:56:23.464 T:15700    info <general>: Skipped 1 duplicate messages..
2026-02-28 10:56:23.464 T:15700   debug <general>: CMMNotificationClient::OnPropertyValueChanged: Changed device property of {0.0.1.00000000}.{9ca1d704-2f16-47f2-a138-bb41a82b99b3} is (1e99d4a8-6f5d-4170-a207-ae86976df3f6)#0
2026-02-28 10:56:23.466 T:19012    info <general>: Skipped 1 duplicate messages..
2026-02-28 10:56:23.466 T:19012   debug <general>: CMMNotificationClient::OnPropertyValueChanged: Changed device property of {0.0.1.00000000}.{c055fb43-ba26-4af8-b0ef-98351433ea11} is (1e99d4a8-6f5d-4170-a207-ae86976df3f6)#0
2026-02-28 10:56:23.588 T:10480    info <general>: Skipped 1 duplicate messages..
2026-02-28 10:56:23.588 T:10480 warning <general>: AddOnLog: inputstream.adaptive: [AS-0] Segment download failed, attempt 4...
2026-02-28 10:56:23.588 T:10480   debug <general>: CurlFile::XFILE::CCurlFile::Open - <https://media-hls.doppiocdn.com/b-hls-11/media.mp4?User-Agent=Mozilla%2F5.0%20%28Windows%20NT%206.2%3B%20Win64%3B%20x64%29%20AppleWebKit%2F537.36%20%28KHTML%2C%20like%20Gecko%29%20Chrome%2F115.0.0.0%20Safari%2F537.36&Origin=https%3A%2F%2Fstripchat.com&Referer=https%3A%2F%2Fstripchat.com%2FAsian_Asami&Accept=application%2Fx-mpegURL&Accept-Language=en-US%2Cen%3Bq%3D0.9>
2026-02-28 10:56:23.623 T:10480   error <general>: AddOnLog: inputstream.adaptive: [AS-0] Download failed, HTTP error 404: https://media-hls.doppiocdn.com/b-hls-11/media.mp4?User-Agent=Mozilla%2F5.0%20%28Windows%20NT%206.2%3B%20Win64%3B%20x64%29%20AppleWebKit%2F537.36%20%28KHTML%2C%20like%20Gecko%29%20Chrome%2F115.0.0.0%20Safari%2F537.36&Origin=https%3A%2F%2Fstripchat.com&Referer=https%3A%2F%2Fstripchat.com%2FAsian_Asami&Accept=application%2Fx-mpegURL&Accept-Language=en-US%2Cen%3Bq%3D0.9
2026-02-28 10:56:24.291 T:14128   debug <general>: CurlFile::XFILE::CCurlFile::Open - <https://media-hls.doppiocdn.com/b-hls-11/163955134/163955134_480p.m3u8?psch=v2&pkey=Ook7quaiNgiyuhai>
2026-02-28 10:56:24.484 T:14128   debug <general>: AddOnLog: inputstream.adaptive: Download finished: https://media-hls.doppiocdn.com/b-hls-11/163955134/163955134_480p.m3u8?psch=v2&pkey=Ook7quaiNgiyuhai (downloaded 1042 byte, speed 2140.00 byte/s)
2026-02-28 10:56:24.623 T:10480 warning <general>: AddOnLog: inputstream.adaptive: [AS-0] Segment download failed, attempt 5...
2026-02-28 10:56:24.624 T:10480   debug <general>: CurlFile::XFILE::CCurlFile::Open - <https://media-hls.doppiocdn.com/b-hls-11/media.mp4?User-Agent=Mozilla%2F5.0%20%28Windows%20NT%206.2%3B%20Win64%3B%20x64%29%20AppleWebKit%2F537.36%20%28KHTML%2C%20like%20Gecko%29%20Chrome%2F115.0.0.0%20Safari%2F537.36&Origin=https%3A%2F%2Fstripchat.com&Referer=https%3A%2F%2Fstripchat.com%2FAsian_Asami&Accept=application%2Fx-mpegURL&Accept-Language=en-US%2Cen%3Bq%3D0.9>
2026-02-28 10:56:24.661 T:10480   error <general>: AddOnLog: inputstream.adaptive: [AS-0] Download failed, HTTP error 404: https://media-hls.doppiocdn.com/b-hls-11/media.mp4?User-Agent=Mozilla%2F5.0%20%28Windows%20NT%206.2%3B%20Win64%3B%20x64%29%20AppleWebKit%2F537.36%20%28KHTML%2C%20like%20Gecko%29%20Chrome%2F115.0.0.0%20Safari%2F537.36&Origin=https%3A%2F%2Fstripchat.com&Referer=https%3A%2F%2Fstripchat.com%2FAsian_Asami&Accept=application%2Fx-mpegURL&Accept-Language=en-US%2Cen%3Bq%3D0.9
2026-02-28 10:56:25.662 T:10480 warning <general>: AddOnLog: inputstream.adaptive: [AS-0] Segment download failed, attempt 6...
2026-02-28 10:56:25.667 T:10480   debug <general>: CurlFile::XFILE::CCurlFile::Open - <https://media-hls.doppiocdn.com/b-hls-11/media.mp4?User-Agent=Mozilla%2F5.0%20%28Windows%20NT%206.2%3B%20Win64%3B%20x64%29%20AppleWebKit%2F537.36%20%28KHTML%2C%20like%20Gecko%29%20Chrome%2F115.0.0.0%20Safari%2F537.36&Origin=https%3A%2F%2Fstripchat.com&Referer=https%3A%2F%2Fstripchat.com%2FAsian_Asami&Accept=application%2Fx-mpegURL&Accept-Language=en-US%2Cen%3Bq%3D0.9>
2026-02-28 10:56:25.703 T:10480   error <general>: AddOnLog: inputstream.adaptive: [AS-0] Download failed, HTTP error 404: https://media-hls.doppiocdn.com/b-hls-11/media.mp4?User-Agent=Mozilla%2F5.0%20%28Windows%20NT%206.2%3B%20Win64%3B%20x64%29%20AppleWebKit%2F537.36%20%28KHTML%2C%20like%20Gecko%29%20Chrome%2F115.0.0.0%20Safari%2F537.36&Origin=https%3A%2F%2Fstripchat.com&Referer=https%3A%2F%2Fstripchat.com%2FAsian_Asami&Accept=application%2Fx-mpegURL&Accept-Language=en-US%2Cen%3Bq%3D0.9
2026-02-28 10:56:26.485 T:14128   debug <general>: CurlFile::XFILE::CCurlFile::Open - <https://media-hls.doppiocdn.com/b-hls-11/163955134/163955134_480p.m3u8?psch=v2&pkey=Ook7quaiNgiyuhai>
2026-02-28 10:56:26.687 T:14128   debug <general>: AddOnLog: inputstream.adaptive: Download finished: https://media-hls.doppiocdn.com/b-hls-11/163955134/163955134_480p.m3u8?psch=v2&pkey=Ook7quaiNgiyuhai (downloaded 1042 byte, speed 2064.00 byte/s)
2026-02-28 10:56:26.703 T:10480 warning <general>: AddOnLog: inputstream.adaptive: [AS-0] Segment download failed, attempt 7...
2026-02-28 10:56:26.704 T:10480   debug <general>: CurlFile::XFILE::CCurlFile::Open - <https://media-hls.doppiocdn.com/b-hls-11/media.mp4?User-Agent=Mozilla%2F5.0%20%28Windows%20NT%206.2%3B%20Win64%3B%20x64%29%20AppleWebKit%2F537.36%20%28KHTML%2C%20like%20Gecko%29%20Chrome%2F115.0.0.0%20Safari%2F537.36&Origin=https%3A%2F%2Fstripchat.com&Referer=https%3A%2F%2Fstripchat.com%2FAsian_Asami&Accept=application%2Fx-mpegURL&Accept-Language=en-US%2Cen%3Bq%3D0.9>
2026-02-28 10:56:26.918 T:10480   error <general>: AddOnLog: inputstream.adaptive: [AS-0] Download failed, HTTP error 404: https://media-hls.doppiocdn.com/b-hls-11/media.mp4?User-Agent=Mozilla%2F5.0%20%28Windows%20NT%206.2%3B%20Win64%3B%20x64%29%20AppleWebKit%2F537.36%20%28KHTML%2C%20like%20Gecko%29%20Chrome%2F115.0.0.0%20Safari%2F537.36&Origin=https%3A%2F%2Fstripchat.com&Referer=https%3A%2F%2Fstripchat.com%2FAsian_Asami&Accept=application%2Fx-mpegURL&Accept-Language=en-US%2Cen%3Bq%3D0.9
2026-02-28 10:56:27.920 T:10480 warning <general>: AddOnLog: inputstream.adaptive: [AS-0] Segment download failed, attempt 8...
2026-02-28 10:56:27.920 T:10480   debug <general>: CurlFile::XFILE::CCurlFile::Open - <https://media-hls.doppiocdn.com/b-hls-11/media.mp4?User-Agent=Mozilla%2F5.0%20%28Windows%20NT%206.2%3B%20Win64%3B%20x64%29%20AppleWebKit%2F537.36%20%28KHTML%2C%20like%20Gecko%29%20Chrome%2F115.0.0.0%20Safari%2F537.36&Origin=https%3A%2F%2Fstripchat.com&Referer=https%3A%2F%2Fstripchat.com%2FAsian_Asami&Accept=application%2Fx-mpegURL&Accept-Language=en-US%2Cen%3Bq%3D0.9>
2026-02-28 10:56:27.957 T:10480   error <general>: AddOnLog: inputstream.adaptive: [AS-0] Download failed, HTTP error 404: https://media-hls.doppiocdn.com/b-hls-11/media.mp4?User-Agent=Mozilla%2F5.0%20%28Windows%20NT%206.2%3B%20Win64%3B%20x64%29%20AppleWebKit%2F537.36%20%28KHTML%2C%20like%20Gecko%29%20Chrome%2F115.0.0.0%20Safari%2F537.36&Origin=https%3A%2F%2Fstripchat.com&Referer=https%3A%2F%2Fstripchat.com%2FAsian_Asami&Accept=application%2Fx-mpegURL&Accept-Language=en-US%2Cen%3Bq%3D0.9
2026-02-28 10:56:28.688 T:14128   debug <general>: CurlFile::XFILE::CCurlFile::Open - <https://media-hls.doppiocdn.com/b-hls-11/163955134/163955134_480p.m3u8?psch=v2&pkey=Ook7quaiNgiyuhai>
2026-02-28 10:56:28.890 T:14128   debug <general>: AddOnLog: inputstream.adaptive: Download finished: https://media-hls.doppiocdn.com/b-hls-11/163955134/163955134_480p.m3u8?psch=v2&pkey=Ook7quaiNgiyuhai (downloaded 1042 byte, speed 2061.00 byte/s)
2026-02-28 10:56:28.958 T:10480 warning <general>: AddOnLog: inputstream.adaptive: [AS-0] Segment download failed, attempt 9...
2026-02-28 10:56:28.959 T:10480   debug <general>: CurlFile::XFILE::CCurlFile::Open - <https://media-hls.doppiocdn.com/b-hls-11/media.mp4?User-Agent=Mozilla%2F5.0%20%28Windows%20NT%206.2%3B%20Win64%3B%20x64%29%20AppleWebKit%2F537.36%20%28KHTML%2C%20like%20Gecko%29%20Chrome%2F115.0.0.0%20Safari%2F537.36&Origin=https%3A%2F%2Fstripchat.com&Referer=https%3A%2F%2Fstripchat.com%2FAsian_Asami&Accept=application%2Fx-mpegURL&Accept-Language=en-US%2Cen%3Bq%3D0.9>
2026-02-28 10:56:28.995 T:10480   error <general>: AddOnLog: inputstream.adaptive: [AS-0] Download failed, HTTP error 404: https://media-hls.doppiocdn.com/b-hls-11/media.mp4?User-Agent=Mozilla%2F5.0%20%28Windows%20NT%206.2%3B%20Win64%3B%20x64%29%20AppleWebKit%2F537.36%20%28KHTML%2C%20like%20Gecko%29%20Chrome%2F115.0.0.0%20Safari%2F537.36&Origin=https%3A%2F%2Fstripchat.com&Referer=https%3A%2F%2Fstripchat.com%2FAsian_Asami&Accept=application%2Fx-mpegURL&Accept-Language=en-US%2Cen%3Bq%3D0.9
2026-02-28 10:56:29.996 T:10480 warning <general>: AddOnLog: inputstream.adaptive: [AS-0] Segment download failed, attempt 10...
2026-02-28 10:56:29.996 T:10480   debug <general>: CurlFile::XFILE::CCurlFile::Open - <https://media-hls.doppiocdn.com/b-hls-11/media.mp4?User-Agent=Mozilla%2F5.0%20%28Windows%20NT%206.2%3B%20Win64%3B%20x64%29%20AppleWebKit%2F537.36%20%28KHTML%2C%20like%20Gecko%29%20Chrome%2F115.0.0.0%20Safari%2F537.36&Origin=https%3A%2F%2Fstripchat.com&Referer=https%3A%2F%2Fstripchat.com%2FAsian_Asami&Accept=application%2Fx-mpegURL&Accept-Language=en-US%2Cen%3Bq%3D0.9>
2026-02-28 10:56:30.041 T:10480   error <general>: AddOnLog: inputstream.adaptive: [AS-0] Download failed, HTTP error 404: https://media-hls.doppiocdn.com/b-hls-11/media.mp4?User-Agent=Mozilla%2F5.0%20%28Windows%20NT%206.2%3B%20Win64%3B%20x64%29%20AppleWebKit%2F537.36%20%28KHTML%2C%20like%20Gecko%29%20Chrome%2F115.0.0.0%20Safari%2F537.36&Origin=https%3A%2F%2Fstripchat.com&Referer=https%3A%2F%2Fstripchat.com%2FAsian_Asami&Accept=application%2Fx-mpegURL&Accept-Language=en-US%2Cen%3Bq%3D0.9
2026-02-28 10:56:30.049 T:17936   debug <general>: CVideoPlayer::SetCaching - caching state 0
2026-02-28 10:56:30.049 T:17936   debug <general>: CDVDClock::SetSpeedAdjust - adjusted:0.000000
2026-02-28 10:56:30.049 T:17936    info <general>: CVideoPlayer::Process - eof reading from demuxer
2026-02-28 10:56:30.049 T:17936    info <general>: CVideoPlayer::OnExit()
2026-02-28 10:56:30.049 T:17936    info <general>: VideoPlayer: eof, waiting for queues to empty
2026-02-28 10:56:30.049 T:17936   debug <general>: CVideoPlayer: updating file item stream details with available streams
2026-02-28 10:56:30.049 T:17936    info <general>: Closing stream player 1
2026-02-28 10:56:30.049 T:17936   debug <general>: AddOnLog: inputstream.adaptive: EnableStream(1002: false)
2026-02-28 10:56:30.049 T:17936    info <general>: Waiting for audio thread to exit
2026-02-28 10:56:30.052 T:10540    info <general>: thread end: CVideoPlayerAudio::OnExit()
2026-02-28 10:56:30.052 T:10540   debug <general>: Thread VideoPlayerAudio 10540 terminating
2026-02-28 10:56:30.052 T:17936    info <general>: Closing audio device
2026-02-28 10:56:30.052 T:17936    info <general>: Deleting audio codec
2026-02-28 10:56:30.052 T:17936    info <general>: Closing stream player 2
2026-02-28 10:56:30.052 T:17936   debug <general>: AddOnLog: inputstream.adaptive: EnableStream(1001: false)
2026-02-28 10:56:30.052 T:17936    info <general>: waiting for video thread to exit
2026-02-28 10:56:30.052 T:8324     info <general>: thread end: video_thread
2026-02-28 10:56:30.052 T:8324    debug <general>: Thread VideoPlayerVideo 8324 terminating
2026-02-28 10:56:30.052 T:17936    info <general>: deleting video codec
2026-02-28 10:56:30.053 T:17936   debug <general>: AddOnLog: inputstream.adaptive: Close()
2026-02-28 10:56:30.053 T:17936   debug <general>: AddOnLog: inputstream.adaptive: CSession::~CSession()
2026-02-28 10:56:30.053 T:17936   debug <general>: AddOnLog: inputstream.adaptive: CSession::DeleteStreams()
2026-02-28 10:56:30.053 T:18340   debug <general>: CRenderManager::Flush - flushing renderer
2026-02-28 10:56:30.053 T:17936   debug <general>: SECTION:UnloadDll(C:\Users\James\AppData\Roaming\Kodi\addons\inputstream.adaptive\inputstream.adaptive.dll)
2026-02-28 10:56:30.053 T:17936    info <general>: ADDON: Dll Destroyed - InputStream Adaptive
2026-02-28 10:56:30.053 T:17936   debug <general>: Thread VideoPlayer 17936 terminating
2026-02-28 10:56:30.054 T:9124    debug <general>: CApplicationPlayerCallback::OnPlayBackEnded: CApplicationPlayerCallback::OnPlayBackEnded
2026-02-28 10:56:30.063 T:18340    info <general>: CVideoPlayer::CloseFile()
2026-02-28 10:56:30.064 T:18340   debug <general>: CRenderManager::DeleteRenderer - deleting renderer
2026-02-28 10:56:30.064 T:18340    info <general>: VideoPlayer: waiting for threads to exit
2026-02-28 10:56:30.064 T:18340    info <general>: VideoPlayer: finished waiting
2026-02-28 10:56:30.064 T:18340    info <general>: CVideoPlayer::CloseFile()
2026-02-28 10:56:30.064 T:18340    info <general>: VideoPlayer: waiting for threads to exit
2026-02-28 10:56:30.064 T:18340    info <general>: VideoPlayer: finished waiting
2026-02-28 10:56:30.064 T:18340   debug <general>: Radio UECP (RDS) Processor - delete CDVDRadioRDSData::~CDVDRadioRDSData
2026-02-28 10:56:30.064 T:18340   debug <general>: Audio ID3 tag processor - delete CVideoPlayerAudioID3::~CVideoPlayerAudioID3
2026-02-28 10:56:30.073 T:18340   debug <general>: ------ Window Deinit (DialogBusy.xml) ------
2026-02-28 10:56:32.314 T:18340   debug <general>: Keyboard: scancode: 0x1, sym: 0x1b (escape), unicode: 0x1b, modifier: 0x0
2026-02-28 10:56:32.314 T:18340    info <general>: Loading controller layout: C:\Program Files\Kodi\addons\game.controller.keyboard\resources\layout.xml
2026-02-28 10:56:32.431 T:18340   debug <general>: Keyboard: scancode: 0xc001, sym: 0x1b (escape), unicode: 0x00, modifier: 0x0
2026-02-28 10:56:32.432 T:18340   debug <general>: CInputManager::HandleKey: escape (0xf01b) pressed, window 10025, action is PreviousMenu
2026-02-28 10:56:32.432 T:18340   debug <general>: CGUIWindowManager::PreviousWindow: Deactivate
2026-02-28 10:56:32.432 T:10584    info <general>: CActiveAESink::OpenSink - initialize sink
2026-02-28 10:56:32.433 T:10584   debug <general>: CActiveAESink::OpenSink - trying to open device DIRECTSOUND:default
2026-02-28 10:56:32.439 T:10584   debug <general>: CAESinkDirectSound::Initialize: Using Window handle: 0x370844
2026-02-28 10:56:32.443 T:10584   debug <general>: CAESinkDirectSound::Initialize: secondary buffer created
2026-02-28 10:56:32.444 T:10584   debug <general>: CAESinkDirectSound::Initialize: Initializing DirectSound with the following parameters:
2026-02-28 10:56:32.444 T:10584   debug <general>:   Audio Device    : Speakers (Realtek(R) Audio)
2026-02-28 10:56:32.444 T:10584   debug <general>:   Sample Rate     : 44100
2026-02-28 10:56:32.444 T:10584   debug <general>:   Sample Format   : AE_FMT_FLOAT
2026-02-28 10:56:32.444 T:10584   debug <general>:   Bits Per Sample : 32
2026-02-28 10:56:32.444 T:10584   debug <general>:   Valid Bits/Samp : 32
2026-02-28 10:56:32.444 T:10584   debug <general>:   Channel Count   : 2
2026-02-28 10:56:32.444 T:10584   debug <general>:   Block Align     : 8
2026-02-28 10:56:32.444 T:10584   debug <general>:   Avg. Bytes Sec  : 352800
2026-02-28 10:56:32.444 T:10584   debug <general>:   Samples/Block   : 32
2026-02-28 10:56:32.444 T:10584   debug <general>:   Format cBSize   : 22
2026-02-28 10:56:32.444 T:10584   debug <general>:   Channel Layout  : FL, FR
2026-02-28 10:56:32.444 T:10584   debug <general>:   Channel Mask    : 3
2026-02-28 10:56:32.444 T:10584   debug <general>:   Frames          : 882
2026-02-28 10:56:32.444 T:10584   debug <general>:   Frame Size      : 8
2026-02-28 10:56:32.444 T:10584   debug <general>: CActiveAESink::OpenSink - DIRECTSOUND Initialized:
2026-02-28 10:56:32.444 T:10584   debug <general>:   Output Device : default
2026-02-28 10:56:32.444 T:10584   debug <general>:   Sample Rate   : 44100
2026-02-28 10:56:32.444 T:10584   debug <general>:   Sample Format : AE_FMT_FLOAT
2026-02-28 10:56:32.444 T:10584   debug <general>:   Channel Count : 2
2026-02-28 10:56:32.444 T:10584   debug <general>:   Channel Layout: FL, FR
2026-02-28 10:56:32.444 T:10584   debug <general>:   Frames        : 882
2026-02-28 10:56:32.444 T:10584   debug <general>:   Frame Size    : 8
2026-02-28 10:56:32.732 T:18340   debug <general>: ------ Window Deinit (MyVideoNav.xml) ------
2026-02-28 10:56:32.732 T:18340   debug <general>: FreeVisualisation() done
2026-02-28 10:56:32.744 T:18340   debug <general>: CGUIWindowManager::PreviousWindow: Activate new
2026-02-28 10:56:32.747 T:18340   debug <general>: ------ Window Init (AddonBrowser.xml) ------
2026-02-28 10:56:32.747 T:18340   debug <general>: CGUIMediaWindow::GetDirectory (addons://repository.dobbelina/xbmc.addon.video)
2026-02-28 10:56:32.747 T:18340   debug <general>:   ParentPath = [addons://repository.dobbelina/xbmc.addon.video]
2026-02-28 10:56:32.748 T:18340   debug <general>: CAddonDatabase: SELECT repo.id FROM repo .. took 0 ms
2026-02-28 10:56:32.748 T:18340   debug <general>: CAddonDatabase: query  SELECT addons.*, repo.addonID AS repoID FROM addons JOIN addonlinkrepo ON addons.id=addonlinkrepo.idAddon JOIN repo ON repo.id=addonlinkrepo.idRepo WHERE addonlinkrepo.idRepo IN (2) ORDER BY repo.addonID, addons.addonID returned 6 rows in 0 ms
2026-02-28 10:56:32.748 T:18340   debug <general>: CAddonDatabase::GetAddons took 0 ms
2026-02-28 10:56:32.749 T:18340   debug <general>: CAddonDatabase: SELECT repo.id FROM repo .. took 0 ms
2026-02-28 10:56:32.753 T:18340   debug <general>: CAddonDatabase: query  SELECT addons.*, repo.addonID AS repoID FROM addons JOIN addonlinkrepo ON addons.id=addonlinkrepo.idAddon JOIN repo ON repo.id=addonlinkrepo.idRepo WHERE addonlinkrepo.idRepo IN (1,2) ORDER BY repo.addonID, addons.addonID returned 1040 rows in 4 ms
2026-02-28 10:56:32.799 T:18340   debug <general>: CAddonDatabase::GetAddons took 49 ms
2026-02-28 10:56:32.802 T:18340   debug <general>: CAddonMgr::GetAddonsWithAvailableUpdate took 54 ms
2026-02-28 10:56:32.809 T:15416   debug <general>: Thread BackgroundLoader start, auto delete: false
2026-02-28 10:56:32.811 T:15416   debug <general>: Thread BackgroundLoader 15416 terminating
2026-02-28 10:56:33.096 T:10584   debug <general>: CAESinkDirectSound::CheckPlayStatus: Resuming Playback
2026-02-28 10:56:33.097 T:14376   debug <general>: CMMNotificationClient::OnPropertyValueChanged: Changed device property of {0.0.0.00000000}.{08125949-2fdf-42e8-aaf3-21678eb821d7} is (c4f6b0fa-fd32-4c99-8050-8f8a193a7e48)#3
2026-02-28 10:56:33.099 T:19012   debug <general>: CMMNotificationClient::OnPropertyValueChanged: Changed device property of {0.0.0.00000000}.{7b2f6964-c02b-4081-8289-f1038cf5670e} is (c4f6b0fa-fd32-4c99-8050-8f8a193a7e48)#3
2026-02-28 10:56:33.101 T:19012   debug <general>: CMMNotificationClient::OnPropertyValueChanged: Changed device property of {0.0.1.00000000}.{9ca1d704-2f16-47f2-a138-bb41a82b99b3} is (c4f6b0fa-fd32-4c99-8050-8f8a193a7e48)#3
2026-02-28 10:56:33.102 T:19012    info <general>: Skipped 1 duplicate messages..
2026-02-28 10:56:33.102 T:19012   debug <general>: CMMNotificationClient::OnPropertyValueChanged: Changed device property of {0.0.1.00000000}.{c055fb43-ba26-4af8-b0ef-98351433ea11} is (c4f6b0fa-fd32-4c99-8050-8f8a193a7e48)#3
2026-02-28 10:56:33.144 T:18340    info <general>: Skipped 1 duplicate messages..
2026-02-28 10:56:33.144 T:18340   debug <general>: Keyboard: scancode: 0x1, sym: 0x1b (escape), unicode: 0x1b, modifier: 0x0
2026-02-28 10:56:33.244 T:18340   debug <general>: Keyboard: scancode: 0xc001, sym: 0x1b (escape), unicode: 0x00, modifier: 0x0
2026-02-28 10:56:33.244 T:18340   debug <general>: CInputManager::HandleKey: escape (0xf01b) pressed, window 10040, action is PreviousMenu
2026-02-28 10:56:33.244 T:18340   debug <general>: CGUIWindowManager::PreviousWindow: Deactivate
2026-02-28 10:56:33.409 T:14376   debug <general>: CMMNotificationClient::OnPropertyValueChanged: Changed device property of {0.0.1.00000000}.{9ca1d704-2f16-47f2-a138-bb41a82b99b3} is (1e99d4a8-6f5d-4170-a207-ae86976df3f6)#0
2026-02-28 10:56:33.410 T:15700    info <general>: Skipped 1 duplicate messages..
2026-02-28 10:56:33.410 T:15700   debug <general>: CMMNotificationClient::OnPropertyValueChanged: Changed device property of {0.0.1.00000000}.{c055fb43-ba26-4af8-b0ef-98351433ea11} is (1e99d4a8-6f5d-4170-a207-ae86976df3f6)#0
2026-02-28 10:56:33.545 T:18340    info <general>: Skipped 1 duplicate messages..
2026-02-28 10:56:33.545 T:18340   debug <general>: ------ Window Deinit (AddonBrowser.xml) ------
2026-02-28 10:56:33.545 T:18340   debug <general>: FreeVisualisation() done
2026-02-28 10:56:33.556 T:18340   debug <general>: CGUIWindowManager::PreviousWindow: Activate new
2026-02-28 10:56:33.556 T:18340   debug <general>: ------ Window Init (Home.xml) ------
2026-02-28 10:56:33.557 T:18340   debug <general>: CDirectoryProvider[addons://]: refreshing..
2026-02-28 10:56:33.557 T:18340   debug <general>: CDirectoryProvider[addons://sources/video/]: refreshing..
2026-02-28 10:56:33.557 T:18340   debug <general>: CDirectoryProvider[addons://sources/audio/]: refreshing..
2026-02-28 10:56:33.557 T:18340   debug <general>: CDirectoryProvider[addons://sources/game/]: refreshing..
2026-02-28 10:56:33.557 T:18340   debug <general>: CDirectoryProvider[addons://sources/executable/]: refreshing..
2026-02-28 10:56:33.557 T:18340   debug <general>: CDirectoryProvider[addons://sources/image/]: refreshing..
2026-02-28 10:56:33.557 T:18340   debug <general>: CDirectoryProvider[library://video/]: refreshing..
2026-02-28 10:56:33.557 T:18340   debug <general>: CDirectoryProvider[sources://video/]: refreshing..
2026-02-28 10:56:33.557 T:18340   debug <general>: CDirectoryProvider[special://videoplaylists/]: refreshing..
2026-02-28 10:56:33.557 T:18340   debug <general>: CDirectoryProvider[favourites://]: refreshing..
2026-02-28 10:56:33.557 T:18340   debug <general>: CDirectoryProvider[sources://pictures/]: refreshing..
2026-02-28 10:56:33.557 T:18340   debug <general>: CDirectoryProvider[addons://sources/game/]: refreshing..
2026-02-28 10:56:33.558 T:9124    debug <general>: CAddonDatabase: SELECT repo.id FROM repo .. took 0 ms
2026-02-28 10:56:33.560 T:19296   debug <general>: CMultiPathDirectory::GetDirectory(multipath://special%3a%2f%2fprofile%2fplaylists%2fvideo/special%3a%2f%2fprofile%2fplaylists%2fmixed/)
2026-02-28 10:56:33.560 T:19296   debug <general>: Getting Directory (special://profile/playlists/video)
2026-02-28 10:56:33.560 T:19296   debug <general>: Getting Directory (special://profile/playlists/mixed)
2026-02-28 10:56:33.560 T:19296   debug <general>: CMultiPathDirectory::MergeItems, items = 0
2026-02-28 10:56:33.564 T:9124    debug <general>: CAddonDatabase: query  SELECT addons.*, repo.addonID AS repoID FROM addons JOIN addonlinkrepo ON addons.id=addonlinkrepo.idAddon JOIN repo ON repo.id=addonlinkrepo.idRepo WHERE addonlinkrepo.idRepo IN (1,2) ORDER BY repo.addonID, addons.addonID returned 1040 rows in 5 ms
2026-02-28 10:56:33.593 T:9124    debug <general>: CAddonDatabase::GetAddons took 34 ms
2026-02-28 10:56:33.596 T:9124    debug <general>: CAddonMgr::GetAvailableUpdatesOrOutdatedAddons took 39 ms
2026-02-28 10:56:33.878 T:18340   debug <general>: Keyboard: scancode: 0x1, sym: 0x1b (escape), unicode: 0x1b, modifier: 0x0
2026-02-28 10:56:34.001 T:18340   debug <general>: Keyboard: scancode: 0xc001, sym: 0x1b (escape), unicode: 0x00, modifier: 0x0
2026-02-28 10:56:34.001 T:18340   debug <general>: CInputManager::HandleKey: escape (0xf01b) pressed, window 10000, action is PreviousMenu
2026-02-28 10:56:34.002 T:18340   debug <general>: CGUIWindowManager::PreviousWindow: Deactivate
2026-02-28 10:56:34.608 T:18340   debug <general>: ------ Window Init (Pointer.xml) ------
2026-02-28 10:56:35.525 T:18340   debug <general>: CInputManager::ProcessMouse: trying mouse action leftclick
2026-02-28 10:56:35.525 T:18340   debug <general>: Activating window ID: 10111
2026-02-28 10:56:35.525 T:18340   debug <general>: ------ Window Init (DialogButtonMenu.xml) ------
2026-02-28 10:56:35.525 T:18340    info <general>: Loading skin file: DialogButtonMenu.xml, load type: KEEP_IN_MEMORY
2026-02-28 10:56:36.470 T:18340   debug <general>: CInputManager::ProcessMouse: trying mouse action leftclick
2026-02-28 10:56:36.482 T:18340    info <general>: Stopping the application...
2026-02-28 10:56:36.482 T:18340    info <general>: Stopping player
2026-02-28 10:56:36.482 T:18340    info <general>: Storing total System Uptime
2026-02-28 10:56:36.482 T:18340    info <general>: Saving settings
2026-02-28 10:56:36.499 T:18340    info <general>: Saving skin settings
2026-02-28 10:56:36.500 T:18340    info <general>: Stopping all
2026-02-28 10:56:36.500 T:9124    debug <general>: Thread JobWorker 9124 terminating (autodelete)
2026-02-28 10:56:36.500 T:18144   debug <general>: Thread JobWorker 18144 terminating (autodelete)
2026-02-28 10:56:36.500 T:19296   debug <general>: Thread JobWorker 19296 terminating (autodelete)
2026-02-28 10:56:36.501 T:18340   debug <general>: CNetworkBase::NetworkMessage - Signaling network services to stop
2026-02-28 10:56:36.501 T:18340    info <general>: ES: Stopping event server
2026-02-28 10:56:36.501 T:18340    info <general>: [WS-Discovery]: terminating
2026-02-28 10:56:36.502 T:18340   debug <general>: CNetworkBase::NetworkMessage - Waiting for network services to stop
2026-02-28 10:56:36.751 T:13644   debug <general>: Thread TCPServer 13644 terminating
2026-02-28 10:56:36.754 T:9056     info <general>: ES: UDP Event server stopped
2026-02-28 10:56:36.754 T:9056    debug <general>: Thread EventServer 9056 terminating
2026-02-28 10:56:36.754 T:18340   debug <general>: CServiceAddonManager: stopping script.common.plugin.cache.
2026-02-28 10:56:36.754 T:18340   debug <general>: CPythonInvoker(0, C:\Users\James\AppData\Roaming\Kodi\addons\script.common.plugin.cache\resources\lib\entry_point.py): trigger Monitor abort request
2026-02-28 10:56:36.987 T:21740   debug <general>: StorageServer-3.0.0 Closed down
2026-02-28 10:56:36.987 T:268     debug <general>: CPythonInvoker(0, C:\Users\James\AppData\Roaming\Kodi\addons\script.common.plugin.cache\resources\lib\entry_point.py): script successfully run
2026-02-28 10:56:36.987 T:268     debug <general>: CPythonInvoker::onExecutionDone(0, C:\Users\James\AppData\Roaming\Kodi\addons\script.common.plugin.cache\resources\lib\entry_point.py)
2026-02-28 10:56:36.992 T:268     debug <general>: Python interpreter interrupted by user
2026-02-28 10:56:36.992 T:18340   debug <general>: CPythonInvoker(0, C:\Users\James\AppData\Roaming\Kodi\addons\script.common.plugin.cache\resources\lib\entry_point.py): script termination took 238ms
2026-02-28 10:56:36.992 T:18340   debug <general>: CServiceAddonManager: stopping service.xbmc.versioncheck.
2026-02-28 10:56:36.992 T:18340    info <general>: CServiceAddonManager: failed to stop service.xbmc.versioncheck (may have ended)
2026-02-28 10:56:36.992 T:268     debug <general>: Thread LanguageInvoker 268 terminating
2026-02-28 10:56:36.992 T:18744   debug <general>: Thread ActiveAE 18744 terminating
2026-02-28 10:56:37.010 T:10584   debug <general>: Thread AESink 10584 terminating
2026-02-28 10:56:37.011 T:18340   debug <general>: CAESinkDirectSound::Deinitialize: Cleaning up
2026-02-28 10:56:37.013 T:14376   debug <general>: CMMNotificationClient::OnPropertyValueChanged: Changed device property of {0.0.0.00000000}.{08125949-2fdf-42e8-aaf3-21678eb821d7} is (c4f6b0fa-fd32-4c99-8050-8f8a193a7e48)#3
2026-02-28 10:56:37.015 T:14376   debug <general>: CMMNotificationClient::OnPropertyValueChanged: Changed device property of {0.0.0.00000000}.{7b2f6964-c02b-4081-8289-f1038cf5670e} is (c4f6b0fa-fd32-4c99-8050-8f8a193a7e48)#3
2026-02-28 10:56:37.016 T:14376   debug <general>: CMMNotificationClient::OnPropertyValueChanged: Changed device property of {0.0.1.00000000}.{9ca1d704-2f16-47f2-a138-bb41a82b99b3} is (c4f6b0fa-fd32-4c99-8050-8f8a193a7e48)#3
2026-02-28 10:56:37.018 T:14376    info <general>: Skipped 1 duplicate messages..
2026-02-28 10:56:37.018 T:14376   debug <general>: CMMNotificationClient::OnPropertyValueChanged: Changed device property of {0.0.1.00000000}.{c055fb43-ba26-4af8-b0ef-98351433ea11} is (c4f6b0fa-fd32-4c99-8050-8f8a193a7e48)#3
2026-02-28 10:56:37.231 T:18340    info <general>: Skipped 1 duplicate messages..
2026-02-28 10:56:37.231 T:18340    info <general>: Application stopped
2026-02-28 10:56:37.325 T:19012   debug <general>: CMMNotificationClient::OnPropertyValueChanged: Changed device property of {0.0.1.00000000}.{9ca1d704-2f16-47f2-a138-bb41a82b99b3} is (1e99d4a8-6f5d-4170-a207-ae86976df3f6)#0
2026-02-28 10:56:37.327 T:15700    info <general>: Skipped 1 duplicate messages..
2026-02-28 10:56:37.327 T:15700   debug <general>: CMMNotificationClient::OnPropertyValueChanged: Changed device property of {0.0.1.00000000}.{c055fb43-ba26-4af8-b0ef-98351433ea11} is (1e99d4a8-6f5d-4170-a207-ae86976df3f6)#0
2026-02-28 10:56:37.435 T:20116    info <general>: Skipped 1 duplicate messages..
2026-02-28 10:56:37.435 T:20116   debug <general>: Thread PeripEventScan 20116 terminating
2026-02-28 10:56:37.436 T:14964   debug <general>: Thread PeripBusUSB 14964 terminating
2026-02-28 10:56:37.436 T:19504   debug <general>: Thread PeripBusCEC 19504 terminating
2026-02-28 10:56:37.436 T:11052   debug <general>: Thread PeripBusAddon 11052 terminating
2026-02-28 10:56:37.766 T:18340    info <general>: AddOnLog: peripheral.joystick: Disabling joystick interface "directinput"
2026-02-28 10:56:37.766 T:18340    info <general>: AddOnLog: peripheral.joystick: Disabling joystick interface "xinput"
2026-02-28 10:56:37.766 T:18340   debug <general>: SECTION:UnloadDll(C:\Program Files\Kodi\addons\peripheral.joystick\peripheral.joystick.dll)
2026-02-28 10:56:37.766 T:18340    info <general>: ADDON: Dll Destroyed - Joystick Support
2026-02-28 10:56:37.766 T:18340    info <general>: unload skin
2026-02-28 10:56:37.767 T:18340   debug <general>: ------ Window Deinit (Home.xml) ------
2026-02-28 10:56:37.767 T:18340   debug <general>: FreeVisualisation() done
2026-02-28 10:56:37.769 T:18340    info <general>: Skipped 1 duplicate messages..
2026-02-28 10:56:37.769 T:18340   debug <general>: ------ Window Deinit () ------
2026-02-28 10:56:37.770 T:18340   debug <general>: FreeVisualisation() done
2026-02-28 10:56:37.771 T:18340   debug <general>: ------ Window Deinit (Pointer.xml) ------
2026-02-28 10:56:37.771 T:18340   debug <general>: FreeVisualisation() done
2026-02-28 10:56:37.772 T:18340   debug <general>: ------ Window Deinit (DialogButtonMenu.xml) ------
2026-02-28 10:56:37.772 T:18340 warning <general>: CGUITextureManager::Cleanup: Having to cleanup texture lists/focus.png
2026-02-28 10:56:37.773 T:18340   debug <general>: CTextureBundleXBT::CloseBundle - Closed bundle
2026-02-28 10:56:37.783 T:18340    info <general>: Unloaded skin
2026-02-28 10:56:37.783 T:18340   debug <general>: DX::DeviceResources::ReleaseBackBuffer: release buffers.
2026-02-28 10:56:37.870 T:18340    info <general>: unload sections
2026-02-28 10:56:37.873 T:20468   debug <general>: Thread CWin32PowerStateWorker 20468 terminating
2026-02-28 10:56:37.874 T:15532   debug <general>: Thread Timer 15532 terminating
2026-02-28 10:56:37.875 T:18340   debug <general>: CWinSystemWin32::RestoreDesktopResolution: restoring desktop resolution for 'Generic PnP Monitor #1'.
2026-02-28 10:56:37.875 T:19512   debug <general>: Thread RemoteControl 19512 terminating
2026-02-28 10:56:37.882 T:18568   debug <general>: Thread Announce 18568 terminating
2026-02-28 10:56:37.882 T:18340    info <general>: Exiting the application...
