2026-04-13 20:35:12.220 T:30356   debug <general>: ProcessMouse: trying mouse action wheeldown
2026-04-13 20:35:12.594 T:30405   debug <general>: Skipped 27 duplicate messages..
2026-04-13 20:35:12.594 T:30405   debug <general>: CCurlFile::GetMimeType - <https://acdn.sunporno.com/contents/videos_screenshots/89000/89310/324x182/1.jpg> -> image/jpeg
2026-04-13 20:35:12.594 T:30405   debug <general>: CurlFile::Open - <https://acdn.sunporno.com/contents/videos_screenshots/89000/89310/324x182/1.jpg>
2026-04-13 20:35:12.732 T:30405   error <general>: ffmpeg[0x564702ebdb40]: [mjpeg] mjpeg: unsupported coding type (cf)
2026-04-13 20:35:12.732 T:30405   error <general>: ffmpeg[0x564702ebdb40]: [mjpeg] unable to decode APP fields: Invalid data found when processing input
2026-04-13 20:35:12.732 T:30405   error <general>: Skipped 1 duplicate messages..
2026-04-13 20:35:12.732 T:30405   error <general>: ffmpeg[0x564702ebdb40]: [mjpeg] mjpeg: unsupported coding type (c5)
2026-04-13 20:35:12.732 T:30405   debug <general>: ffmpeg[0x564702ebdb40]: [mjpeg] No JPEG data found in image
2026-04-13 20:35:12.732 T:30405   debug <general>: Error [-1094995529] while decoding frame: Unknown error 1094995529
2026-04-13 20:35:12.732 T:30405   debug <general>: LoadFromFileInternal - Load of https://acdn.sunporno.com/contents/videos_screenshots/89000/89310/324x182/1.jpg failed.
2026-04-13 20:35:12.798 T:30356   debug <general>: ProcessMouse: trying mouse action wheeldown
2026-04-13 20:35:13.243 T:30356   debug <general>: Skipped 18 duplicate messages..
2026-04-13 20:35:13.243 T:30356   debug <general>: ProcessMouse: trying mouse action wheelup
2026-04-13 20:35:13.266 T:30405   debug <general>: Skipped 4 duplicate messages..
2026-04-13 20:35:13.266 T:30405   debug <general>: easy_acquire - Created session to https://acdn.sunporno.com
2026-04-13 20:35:13.277 T:30356   debug <general>: ProcessMouse: trying mouse action wheelup
2026-04-13 20:35:13.277 T:30403   debug <general>: easy_acquire - Created session to https://acdn.sunporno.com
2026-04-13 20:35:13.288 T:30356   debug <general>: ProcessMouse: trying mouse action wheelup
2026-04-13 20:35:13.346 T:30404   debug <general>: Skipped 7 duplicate messages..
2026-04-13 20:35:13.346 T:30404   debug <general>: CCurlFile::GetMimeType - <https://acdn.sunporno.com/contents/videos_screenshots/14000/14519/324x182/1.jpg> -> image/jpeg
2026-04-13 20:35:13.346 T:30404   debug <general>: CurlFile::Open - <https://acdn.sunporno.com/contents/videos_screenshots/14000/14519/324x182/1.jpg>
2026-04-13 20:35:13.354 T:30356   debug <general>: ProcessMouse: trying mouse action wheelup
2026-04-13 20:35:13.598 T:30405   debug <general>: Skipped 10 duplicate messages..
2026-04-13 20:35:13.598 T:30405   debug <general>: CCurlFile::GetMimeType - <https://acdn.sunporno.com/contents/videos_screenshots/12000/12012/324x182/1.jpg> -> image/jpeg
2026-04-13 20:35:13.598 T:30405   debug <general>: CurlFile::Open - <https://acdn.sunporno.com/contents/videos_screenshots/12000/12012/324x182/1.jpg>
2026-04-13 20:35:13.599 T:30356   debug <general>: ProcessMouse: trying mouse action wheelup
2026-04-13 20:35:13.628 T:30455   debug <general>: Skipped 3 duplicate messages..
2026-04-13 20:35:13.628 T:30455   debug <general>: CCurlFile::GetMimeType - <https://acdn.sunporno.com/contents/videos_screenshots/89000/89310/324x182/1.jpg> -> image/jpeg
2026-04-13 20:35:13.628 T:30455   debug <general>: CurlFile::Open - <https://acdn.sunporno.com/contents/videos_screenshots/89000/89310/324x182/1.jpg>
2026-04-13 20:35:13.634 T:30356   debug <general>: ProcessMouse: trying mouse action wheelup
2026-04-13 20:35:13.653 T:30403   debug <general>: Skipped 2 duplicate messages..
2026-04-13 20:35:13.653 T:30403   debug <general>: CCurlFile::GetMimeType - <https://acdn.sunporno.com/contents/videos_screenshots/94000/94460/324x182/1.jpg> -> image/jpeg
2026-04-13 20:35:13.653 T:30403   debug <general>: CurlFile::Open - <https://acdn.sunporno.com/contents/videos_screenshots/94000/94460/324x182/1.jpg>
2026-04-13 20:35:13.656 T:30356   debug <general>: ProcessMouse: trying mouse action wheelup
2026-04-13 20:35:13.695 T:30404   debug <general>: Skipped 5 duplicate messages..
2026-04-13 20:35:13.695 T:30404   error <general>: ffmpeg[0x56470304de70]: [mjpeg] mjpeg: unsupported coding type (cb)
2026-04-13 20:35:13.695 T:30404   error <general>: ffmpeg[0x56470304de70]: [mjpeg] mjpeg: unsupported coding type (ca)
2026-04-13 20:35:13.695 T:30404   error <general>: ffmpeg[0x56470304de70]: [mjpeg] dht: len 25341 is too large
2026-04-13 20:35:13.695 T:30404   error <general>: ffmpeg[0x56470304de70]: [mjpeg] huffman table decode error
2026-04-13 20:35:13.695 T:30404   debug <general>: Error [-1094995529] while decoding frame: Unknown error 1094995529
2026-04-13 20:35:13.695 T:30404   debug <general>: LoadFromFileInternal - Load of https://acdn.sunporno.com/contents/videos_screenshots/14000/14519/324x182/1.jpg failed.
2026-04-13 20:35:13.700 T:30356   debug <general>: ProcessMouse: trying mouse action wheelup
2026-04-13 20:35:13.765 T:30455   debug <general>: Skipped 8 duplicate messages..
2026-04-13 20:35:13.765 T:30455   error <general>: ffmpeg[0x564703b00f50]: [mjpeg] mjpeg: unsupported coding type (cf)
2026-04-13 20:35:13.765 T:30455   error <general>: ffmpeg[0x564703b00f50]: [mjpeg] unable to decode APP fields: Invalid data found when processing input
2026-04-13 20:35:13.765 T:30455   error <general>: Skipped 1 duplicate messages..
2026-04-13 20:35:13.765 T:30455   error <general>: ffmpeg[0x564703b00f50]: [mjpeg] mjpeg: unsupported coding type (c5)
2026-04-13 20:35:13.765 T:30455   debug <general>: ffmpeg[0x564703b00f50]: [mjpeg] No JPEG data found in image
2026-04-13 20:35:13.765 T:30455   debug <general>: Error [-1094995529] while decoding frame: Unknown error 1094995529
2026-04-13 20:35:13.765 T:30455   debug <general>: LoadFromFileInternal - Load of https://acdn.sunporno.com/contents/videos_screenshots/89000/89310/324x182/1.jpg failed.
2026-04-13 20:35:13.766 T:30356   debug <general>: ProcessMouse: trying mouse action wheelup
2026-04-13 20:35:13.974 T:30405   debug <general>: Skipped 10 duplicate messages..
2026-04-13 20:35:13.974 T:30405   error <general>: ffmpeg[0x564702ebdb40]: [mjpeg] unable to decode APP fields: Invalid data found when processing input
2026-04-13 20:35:13.974 T:30405   debug <general>: Error [-1094995529] while decoding frame: Unknown error 1094995529
2026-04-13 20:35:13.974 T:30405   debug <general>: LoadFromFileInternal - Load of https://acdn.sunporno.com/contents/videos_screenshots/12000/12012/324x182/1.jpg failed.
2026-04-13 20:35:13.978 T:30356   debug <general>: ProcessMouse: trying mouse action wheelup
2026-04-13 20:35:13.995 T:30403   debug <general>: Skipped 2 duplicate messages..
2026-04-13 20:35:13.995 T:30403   error <general>: ffmpeg[0x564701c9b730]: [mjpeg] invalid id 253
2026-04-13 20:35:13.995 T:30403   debug <general>: Error [-1094995529] while decoding frame: Unknown error 1094995529
2026-04-13 20:35:13.995 T:30403   debug <general>: LoadFromFileInternal - Load of https://acdn.sunporno.com/contents/videos_screenshots/94000/94460/324x182/1.jpg failed.
2026-04-13 20:35:14.000 T:30356   debug <general>: ProcessMouse: trying mouse action wheelup
2026-04-13 20:35:14.367 T:30356   debug <general>: Skipped 46 duplicate messages..
2026-04-13 20:35:14.367 T:30356   debug <general>: CheckIdle - Closing session to https://rpeters1430.github.io (easy=0x7f74e0010f40, multi=0x7f74e000fe20)
2026-04-13 20:35:14.369 T:30356   debug <general>: ProcessMouse: trying mouse action wheelup
2026-04-13 20:35:14.501 T:30356   debug <general>: Skipped 3 duplicate messages..
2026-04-13 20:35:14.501 T:30356   debug <general>: ProcessMouse: trying mouse action wheeldown
2026-04-13 20:35:14.520 T:30404   debug <general>: Skipped 2 duplicate messages..
2026-04-13 20:35:14.520 T:30404   debug <general>: Recaching image '/home/rpeters1428/.kodi/addons/plugin.video.cumination/resources/images/cum-cat.png' to '2/23a3be61.png':
2026-04-13 20:35:14.520 T:30404   debug <general>: cached image 'special://masterprofile/Thumbnails/2/23a3be61.png' size 512x512
2026-04-13 20:35:14.523 T:30356   debug <general>: ProcessMouse: trying mouse action wheeldown
2026-04-13 20:35:14.908 T:30455   debug <general>: Skipped 19 duplicate messages..
2026-04-13 20:35:14.908 T:30455   debug <general>: CCurlFile::GetMimeType - <https://acdn.sunporno.com/contents/videos_screenshots/56000/56963/324x182/3.jpg> -> image/jpeg
2026-04-13 20:35:14.908 T:30455   debug <general>: CurlFile::Open - <https://acdn.sunporno.com/contents/videos_screenshots/56000/56963/324x182/3.jpg>
2026-04-13 20:35:14.916 T:30403   debug <general>: CCurlFile::GetMimeType - <https://acdn.sunporno.com/contents/videos_screenshots/3000/3159/324x182/2.jpg> -> image/jpeg
2026-04-13 20:35:14.916 T:30403   debug <general>: CurlFile::Open - <https://acdn.sunporno.com/contents/videos_screenshots/3000/3159/324x182/2.jpg>
2026-04-13 20:35:14.942 T:30404   debug <general>: CCurlFile::GetMimeType - <https://acdn.sunporno.com/contents/videos_screenshots/12000/12012/324x182/1.jpg> -> image/jpeg
2026-04-13 20:35:14.942 T:30404   debug <general>: CurlFile::Open - <https://acdn.sunporno.com/contents/videos_screenshots/12000/12012/324x182/1.jpg>
2026-04-13 20:35:14.951 T:30405   debug <general>: CCurlFile::GetMimeType - <https://acdn.sunporno.com/contents/videos_screenshots/94000/94460/324x182/1.jpg> -> image/jpeg
2026-04-13 20:35:14.951 T:30405   debug <general>: CurlFile::Open - <https://acdn.sunporno.com/contents/videos_screenshots/94000/94460/324x182/1.jpg>
2026-04-13 20:35:15.037 T:30403   error <general>: ffmpeg[0x564701c9b730]: [mjpeg] unable to decode APP fields: Invalid data found when processing input
2026-04-13 20:35:15.037 T:30455   error <general>: ffmpeg[0x564703b00f50]: [mjpeg] bits 155 is invalid
2026-04-13 20:35:15.037 T:30403   debug <general>: ffmpeg[0x564701c9b730]: [mjpeg] Can not process SOS before SOF, skipping
2026-04-13 20:35:15.037 T:30403   error <general>: ffmpeg[0x564701c9b730]: [mjpeg] bits 255 is invalid
2026-04-13 20:35:15.037 T:30455   debug <general>: Error [-1094995529] while decoding frame: Unknown error 1094995529
2026-04-13 20:35:15.037 T:30455   debug <general>: LoadFromFileInternal - Load of https://acdn.sunporno.com/contents/videos_screenshots/56000/56963/324x182/3.jpg failed.
2026-04-13 20:35:15.037 T:30403   debug <general>: Error [-1094995529] while decoding frame: Unknown error 1094995529
2026-04-13 20:35:15.037 T:30403   debug <general>: LoadFromFileInternal - Load of https://acdn.sunporno.com/contents/videos_screenshots/3000/3159/324x182/2.jpg failed.
2026-04-13 20:35:15.072 T:30404   error <general>: ffmpeg[0x56470304de70]: [mjpeg] unable to decode APP fields: Invalid data found when processing input
2026-04-13 20:35:15.072 T:30404   debug <general>: Error [-1094995529] while decoding frame: Unknown error 1094995529
2026-04-13 20:35:15.072 T:30404   debug <general>: LoadFromFileInternal - Load of https://acdn.sunporno.com/contents/videos_screenshots/12000/12012/324x182/1.jpg failed.
2026-04-13 20:35:15.080 T:30405   error <general>: ffmpeg[0x564702ebdb40]: [mjpeg] invalid id 253
2026-04-13 20:35:15.080 T:30405   debug <general>: Error [-1094995529] while decoding frame: Unknown error 1094995529
2026-04-13 20:35:15.080 T:30405   debug <general>: LoadFromFileInternal - Load of https://acdn.sunporno.com/contents/videos_screenshots/94000/94460/324x182/1.jpg failed.
2026-04-13 20:35:15.102 T:30356   debug <general>: ProcessMouse: trying mouse action wheelup
2026-04-13 20:35:15.471 T:30403   debug <general>: Skipped 39 duplicate messages..
2026-04-13 20:35:15.471 T:30403   debug <general>: CCurlFile::GetMimeType - <https://acdn.sunporno.com/contents/videos_screenshots/76000/76842/324x182/1.jpg> -> image/jpeg
2026-04-13 20:35:15.472 T:30403   debug <general>: CurlFile::Open - <https://acdn.sunporno.com/contents/videos_screenshots/76000/76842/324x182/1.jpg>
2026-04-13 20:35:15.479 T:30405   debug <general>: CCurlFile::GetMimeType - <https://acdn.sunporno.com/contents/videos_screenshots/89000/89310/324x182/1.jpg> -> image/jpeg
2026-04-13 20:35:15.479 T:30405   debug <general>: CurlFile::Open - <https://acdn.sunporno.com/contents/videos_screenshots/89000/89310/324x182/1.jpg>
2026-04-13 20:35:15.491 T:30356   debug <general>: ProcessMouse: trying mouse action wheelup
2026-04-13 20:35:15.519 T:30455   debug <general>: CCurlFile::GetMimeType - <https://acdn.sunporno.com/contents/videos_screenshots/17000/17448/324x182/4.jpg> -> image/jpeg
2026-04-13 20:35:15.519 T:30404   debug <general>: CCurlFile::GetMimeType - <https://acdn.sunporno.com/contents/videos_screenshots/12000/12012/324x182/1.jpg> -> image/jpeg
2026-04-13 20:35:15.519 T:30455   debug <general>: CurlFile::Open - <https://acdn.sunporno.com/contents/videos_screenshots/17000/17448/324x182/4.jpg>
2026-04-13 20:35:15.519 T:30404   debug <general>: CurlFile::Open - <https://acdn.sunporno.com/contents/videos_screenshots/12000/12012/324x182/1.jpg>
2026-04-13 20:35:15.603 T:30403   error <general>: ffmpeg[0x564701c9b730]: [mjpeg] unable to decode APP fields: Invalid data found when processing input
2026-04-13 20:35:15.603 T:30403   debug <general>: ffmpeg[0x564701c9b730]: [mjpeg] Can not process SOS before SOF, skipping
2026-04-13 20:35:15.603 T:30403   error <general>: ffmpeg[0x564701c9b730]: [mjpeg] dqt: len 53650 is too large
2026-04-13 20:35:15.603 T:30403   debug <general>: Error [-1094995529] while decoding frame: Unknown error 1094995529
2026-04-13 20:35:15.603 T:30403   debug <general>: LoadFromFileInternal - Load of https://acdn.sunporno.com/contents/videos_screenshots/76000/76842/324x182/1.jpg failed.
2026-04-13 20:35:15.615 T:30405   error <general>: ffmpeg[0x564702ebdb40]: [mjpeg] mjpeg: unsupported coding type (cf)
2026-04-13 20:35:15.615 T:30405   error <general>: ffmpeg[0x564702ebdb40]: [mjpeg] unable to decode APP fields: Invalid data found when processing input
2026-04-13 20:35:15.615 T:30405   error <general>: Skipped 1 duplicate messages..
2026-04-13 20:35:15.615 T:30405   error <general>: ffmpeg[0x564702ebdb40]: [mjpeg] mjpeg: unsupported coding type (c5)
2026-04-13 20:35:15.615 T:30405   debug <general>: ffmpeg[0x564702ebdb40]: [mjpeg] No JPEG data found in image
2026-04-13 20:35:15.615 T:30405   debug <general>: Error [-1094995529] while decoding frame: Unknown error 1094995529
2026-04-13 20:35:15.615 T:30405   debug <general>: LoadFromFileInternal - Load of https://acdn.sunporno.com/contents/videos_screenshots/89000/89310/324x182/1.jpg failed.
2026-04-13 20:35:15.649 T:30455   error <general>: ffmpeg[0x564703b00f50]: [mjpeg] unable to decode APP fields: Invalid data found when processing input
2026-04-13 20:35:15.650 T:30455   debug <general>: ffmpeg[0x564703b00f50]: [mjpeg] Found EOI before any SOF, ignoring
2026-04-13 20:35:15.650 T:30455   error <general>: ffmpeg[0x564703b00f50]: [mjpeg] unable to decode APP fields: Invalid data found when processing input
2026-04-13 20:35:15.650 T:30455   error <general>: Skipped 1 duplicate messages..
2026-04-13 20:35:15.650 T:30455   debug <general>: ffmpeg[0x564703b00f50]: [mjpeg] Found EOI before any SOF, ignoring
2026-04-13 20:35:15.650 T:30455   error <general>: ffmpeg[0x564703b00f50]: [mjpeg] unable to decode APP fields: Invalid data found when processing input
2026-04-13 20:35:15.650 T:30455   error <general>: Skipped 1 duplicate messages..
2026-04-13 20:35:15.650 T:30455   debug <general>: ffmpeg[0x564703b00f50]: [mjpeg] No JPEG data found in image
2026-04-13 20:35:15.650 T:30455   debug <general>: Error [-1094995529] while decoding frame: Unknown error 1094995529
2026-04-13 20:35:15.650 T:30455   debug <general>: LoadFromFileInternal - Load of https://acdn.sunporno.com/contents/videos_screenshots/17000/17448/324x182/4.jpg failed.
2026-04-13 20:35:15.650 T:30404   error <general>: ffmpeg[0x56470304de70]: [mjpeg] unable to decode APP fields: Invalid data found when processing input
2026-04-13 20:35:15.650 T:30404   debug <general>: Error [-1094995529] while decoding frame: Unknown error 1094995529
2026-04-13 20:35:15.650 T:30404   debug <general>: LoadFromFileInternal - Load of https://acdn.sunporno.com/contents/videos_screenshots/12000/12012/324x182/1.jpg failed.
2026-04-13 20:35:15.915 T:30356   debug <general>: ProcessMouse: trying mouse action wheeldown
2026-04-13 20:35:15.940 T:30405   debug <general>: Skipped 3 duplicate messages..
2026-04-13 20:35:15.940 T:30405   debug <general>: Caching image '/home/rpeters1428/.kodi/addons/plugin.video.cumination/resources/images/cum-search.png' to '7/76450ac5.png':
2026-04-13 20:35:15.940 T:30405   debug <general>: cached image 'special://masterprofile/Thumbnails/7/76450ac5.png' size 512x512
2026-04-13 20:35:15.948 T:30356   debug <general>: ProcessMouse: trying mouse action wheeldown
2026-04-13 20:35:16.259 T:30356   debug <general>: Skipped 27 duplicate messages..
2026-04-13 20:35:16.259 T:30356   debug <general>: ProcessMouse: trying mouse action wheelup
2026-04-13 20:35:16.326 T:30403   debug <general>: CCurlFile::GetMimeType - <https://acdn.sunporno.com/contents/videos_screenshots/56000/56963/324x182/3.jpg> -> image/jpeg
2026-04-13 20:35:16.326 T:30403   debug <general>: CurlFile::Open - <https://acdn.sunporno.com/contents/videos_screenshots/56000/56963/324x182/3.jpg>
2026-04-13 20:35:16.343 T:30455   debug <general>: CCurlFile::GetMimeType - <https://acdn.sunporno.com/contents/videos_screenshots/91000/91102/324x182/1.jpg> -> image/jpeg
2026-04-13 20:35:16.343 T:30455   debug <general>: CurlFile::Open - <https://acdn.sunporno.com/contents/videos_screenshots/91000/91102/324x182/1.jpg>
2026-04-13 20:35:16.358 T:30404   debug <general>: CCurlFile::GetMimeType - <https://acdn.sunporno.com/contents/videos_screenshots/94000/94460/324x182/1.jpg> -> image/jpeg
2026-04-13 20:35:16.358 T:30404   debug <general>: CurlFile::Open - <https://acdn.sunporno.com/contents/videos_screenshots/94000/94460/324x182/1.jpg>
2026-04-13 20:35:16.395 T:30405   debug <general>: CCurlFile::GetMimeType - <https://acdn.sunporno.com/contents/videos_screenshots/89000/89310/324x182/1.jpg> -> image/jpeg
2026-04-13 20:35:16.395 T:30405   debug <general>: CurlFile::Open - <https://acdn.sunporno.com/contents/videos_screenshots/89000/89310/324x182/1.jpg>
2026-04-13 20:35:16.450 T:30403   error <general>: ffmpeg[0x564701c9b730]: [mjpeg] bits 155 is invalid
2026-04-13 20:35:16.450 T:30403   debug <general>: Error [-1094995529] while decoding frame: Unknown error 1094995529
2026-04-13 20:35:16.450 T:30403   debug <general>: LoadFromFileInternal - Load of https://acdn.sunporno.com/contents/videos_screenshots/56000/56963/324x182/3.jpg failed.
2026-04-13 20:35:16.476 T:30455   error <general>: ffmpeg[0x564703b00f50]: [mjpeg] unable to decode APP fields: Invalid data found when processing input
2026-04-13 20:35:16.476 T:30455   error <general>: ffmpeg[0x564703b00f50]: [mjpeg] bits 221 is invalid
2026-04-13 20:35:16.476 T:30455   debug <general>: Error [-1094995529] while decoding frame: Unknown error 1094995529
2026-04-13 20:35:16.476 T:30455   debug <general>: LoadFromFileInternal - Load of https://acdn.sunporno.com/contents/videos_screenshots/91000/91102/324x182/1.jpg failed.
2026-04-13 20:35:16.491 T:30404   error <general>: ffmpeg[0x56470304de70]: [mjpeg] invalid id 253
2026-04-13 20:35:16.491 T:30404   debug <general>: Error [-1094995529] while decoding frame: Unknown error 1094995529
2026-04-13 20:35:16.491 T:30404   debug <general>: LoadFromFileInternal - Load of https://acdn.sunporno.com/contents/videos_screenshots/94000/94460/324x182/1.jpg failed.
2026-04-13 20:35:16.538 T:30405   error <general>: ffmpeg[0x564702ebdb40]: [mjpeg] mjpeg: unsupported coding type (cf)
2026-04-13 20:35:16.538 T:30405   error <general>: ffmpeg[0x564702ebdb40]: [mjpeg] unable to decode APP fields: Invalid data found when processing input
2026-04-13 20:35:16.538 T:30405   error <general>: Skipped 1 duplicate messages..
2026-04-13 20:35:16.538 T:30405   error <general>: ffmpeg[0x564702ebdb40]: [mjpeg] mjpeg: unsupported coding type (c5)
2026-04-13 20:35:16.538 T:30405   debug <general>: ffmpeg[0x564702ebdb40]: [mjpeg] No JPEG data found in image
2026-04-13 20:35:16.538 T:30405   debug <general>: Error [-1094995529] while decoding frame: Unknown error 1094995529
2026-04-13 20:35:16.538 T:30405   debug <general>: LoadFromFileInternal - Load of https://acdn.sunporno.com/contents/videos_screenshots/89000/89310/324x182/1.jpg failed.
2026-04-13 20:35:16.538 T:30403   debug <general>: CTextureCache::CacheImage - Return NULL texture because cache is not ready
2026-04-13 20:35:17.260 T:30356   debug <general>: ProcessMouse: trying mouse action leftclick
2026-04-13 20:35:17.905 T:30356   debug <general>: Skipped 1 duplicate messages..
2026-04-13 20:35:17.905 T:30356   debug <general>: CGUIMediaWindow::GetDirectory (plugin://plugin.video.cumination/?channel=None&keyword&mode=sunporno.List&name=Next%20Page%20(2)&page=None&section=None&url=https%3a%2f%2fwww.sunporno.com%2ftrending%2f2%2f)
2026-04-13 20:35:17.905 T:30356   debug <general>:   ParentPath = [plugin://plugin.video.cumination/?channel=None&keyword&mode=sunporno.Main&name=%5bCOLOR%20yellow%5dSunPorno%5b%2fCOLOR%5d&page=None&section=None&url=https%3a%2f%2fwww.sunporno.com%2f]
2026-04-13 20:35:17.905 T:30489   debug <general>: Thread waiting start, auto delete: false
2026-04-13 20:35:17.919 T:30455   debug <general>: CAddonDatabase::SetLastUsed[plugin.video.cumination] took 14 ms
2026-04-13 20:35:17.919 T:30489   debug <general>: CScriptRunner: running add-on script Cumination('plugin://plugin.video.cumination/', '4', '?channel=None&keyword&mode=sunporno.List&name=Next%20Page%20(2)&page=None&section=None&url=https%3a%2f%2fwww.sunporno.com%2ftrending%2f2%2f')
2026-04-13 20:35:17.919 T:30490   debug <general>: Thread LanguageInvoker start, auto delete: false
2026-04-13 20:35:17.920 T:30490   debug <general>: initializing python engine.
2026-04-13 20:35:17.920 T:30490   debug <general>: CPythonInvoker(5, /home/rpeters1428/.kodi/addons/plugin.video.cumination/default.py): start processing
2026-04-13 20:35:17.928 T:30490   debug <general>: -->Python Interpreter Initialized<--
2026-04-13 20:35:17.928 T:30490   debug <general>: 
                                                   
2026-04-13 20:35:17.928 T:30490   debug <general>: CPythonInvoker(5, /home/rpeters1428/.kodi/addons/plugin.video.cumination/default.py): the source file to load is "/home/rpeters1428/.kodi/addons/plugin.video.cumination/default.py"
2026-04-13 20:35:17.928 T:30490   debug <general>: CPythonInvoker(5): full python path:
2026-04-13 20:35:17.928 T:30490   debug <general>: CPythonInvoker(5):   custom python path:
2026-04-13 20:35:17.928 T:30490   debug <general>: CPythonInvoker(5):     /home/rpeters1428/.kodi/addons/plugin.video.cumination
2026-04-13 20:35:17.928 T:30490   debug <general>: CPythonInvoker(5):     /home/rpeters1428/.kodi/addons/script.common.plugin.cache/resources/lib/storage_server/
2026-04-13 20:35:17.928 T:30490   debug <general>: CPythonInvoker(5):     /home/rpeters1428/.kodi/addons/script.module.beautifulsoup4/lib
2026-04-13 20:35:17.928 T:30490   debug <general>: CPythonInvoker(5):     /home/rpeters1428/.kodi/addons/script.module.certifi/lib
2026-04-13 20:35:17.928 T:30490   debug <general>: CPythonInvoker(5):     /home/rpeters1428/.kodi/addons/script.module.chardet/lib
2026-04-13 20:35:17.928 T:30490   debug <general>: CPythonInvoker(5):     /home/rpeters1428/.kodi/addons/script.module.idna/lib
2026-04-13 20:35:17.928 T:30490   debug <general>: CPythonInvoker(5):     /home/rpeters1428/.kodi/addons/script.module.inputstreamhelper/lib
2026-04-13 20:35:17.928 T:30490   debug <general>: CPythonInvoker(5):     /home/rpeters1428/.kodi/addons/script.module.kodi-six/libs
2026-04-13 20:35:17.928 T:30490   debug <general>: CPythonInvoker(5):     /home/rpeters1428/.kodi/addons/script.module.requests/lib
2026-04-13 20:35:17.928 T:30490   debug <general>: CPythonInvoker(5):     /home/rpeters1428/.kodi/addons/script.module.resolveurl.xxx/lib
2026-04-13 20:35:17.928 T:30490   debug <general>: CPythonInvoker(5):     /home/rpeters1428/.kodi/addons/script.module.resolveurl/lib
2026-04-13 20:35:17.928 T:30490   debug <general>: CPythonInvoker(5):     /home/rpeters1428/.kodi/addons/script.module.six/lib
2026-04-13 20:35:17.928 T:30490   debug <general>: CPythonInvoker(5):     /home/rpeters1428/.kodi/addons/script.module.soupsieve/lib
2026-04-13 20:35:17.928 T:30490   debug <general>: CPythonInvoker(5):     /home/rpeters1428/.kodi/addons/script.module.urllib3/lib
2026-04-13 20:35:17.928 T:30490   debug <general>: CPythonInvoker(5):     /home/rpeters1428/.kodi/addons/script.module.websocket/lib
2026-04-13 20:35:17.928 T:30490   debug <general>: CPythonInvoker(5):   default python path:
2026-04-13 20:35:17.928 T:30490   debug <general>: CPythonInvoker(5):     /usr/lib/python314.zip
2026-04-13 20:35:17.928 T:30490   debug <general>: CPythonInvoker(5):     /usr/lib/python3.14
2026-04-13 20:35:17.928 T:30490   debug <general>: CPythonInvoker(5):     /usr/lib/python3.14/lib-dynload
2026-04-13 20:35:17.928 T:30490   debug <general>: CPythonInvoker(5):     /usr/lib/python3.14/site-packages
2026-04-13 20:35:17.928 T:30490   debug <general>: CPythonInvoker(5): adding args:
2026-04-13 20:35:17.928 T:30490   debug <general>: CPythonInvoker(5):  plugin://plugin.video.cumination/
2026-04-13 20:35:17.928 T:30490   debug <general>: CPythonInvoker(5):  4
2026-04-13 20:35:17.928 T:30490   debug <general>: CPythonInvoker(5):  ?channel=None&keyword&mode=sunporno.List&name=Next%20Page%20(2)&page=None&section=None&url=https%3a%2f%2fwww.sunporno.com%2ftrending%2f2%2f
2026-04-13 20:35:17.928 T:30490   debug <general>: CPythonInvoker(5):  resume:false
2026-04-13 20:35:17.928 T:30490   debug <general>: CPythonInvoker(5, /home/rpeters1428/.kodi/addons/plugin.video.cumination/default.py): entering source directory /home/rpeters1428/.kodi/addons/plugin.video.cumination
2026-04-13 20:35:17.928 T:30490   debug <general>: CPythonInvoker(5, /home/rpeters1428/.kodi/addons/plugin.video.cumination/default.py): instantiating addon using automatically obtained id of "plugin.video.cumination" dependent on version 3.0.0 of the xbmc.python api
2026-04-13 20:35:17.962 T:30490   debug <CAddonSettings[0@plugin.video.cumination]>: trying to load setting definitions from old format...
2026-04-13 20:35:17.963 T:30490   debug <CSettingsManager>: requested setting (changelog_seen_version) was not found.
2026-04-13 20:35:17.963 T:30490   debug <CSettingsManager>: requested setting (cuminationage) was not found.
2026-04-13 20:35:17.963 T:30490   debug <CSettingsManager>: requested setting (current_ua) was not found.
2026-04-13 20:35:17.963 T:30490   debug <CSettingsManager>: requested setting (last_ua_create) was not found.
2026-04-13 20:35:18.006 T:30356   debug <general>: ------ Window Init (DialogBusy.xml) ------
2026-04-13 20:35:18.031 T:30490   debug <CSettingsManager>: requested setting (cblogged) was not found.
2026-04-13 20:35:18.149 T:30490   debug <CSettingsManager>: requested setting (spankbang_quality) was not found.
2026-04-13 20:35:18.149 T:30490   debug <CSettingsManager>: requested setting (spankbang_length) was not found.
2026-04-13 20:35:18.154 T:30490   debug <CSettingsManager>: requested setting (tahlogged) was not found.
2026-04-13 20:35:18.156 T:30490   debug <CSettingsManager>: requested setting (htvlogged) was not found.
2026-04-13 20:35:18.164 T:30490   debug <CSettingsManager>: requested setting (whlogged) was not found.
2026-04-13 20:35:18.167 T:30490   debug <CSettingsManager>: requested setting (ptlogged) was not found.
2026-04-13 20:35:18.167 T:30490   debug <CSettingsManager>: requested setting (ptlength) was not found.
2026-04-13 20:35:18.173 T:30490   debug <CSettingsManager>: requested setting (xflogged) was not found.
2026-04-13 20:35:18.182 T:30490   debug <CSettingsManager>: requested setting (jblogged) was not found.
2026-04-13 20:35:18.184 T:30490   debug <CSettingsManager>: requested setting (pincode) was not found.
2026-04-13 20:35:18.184 T:30490   debug <CSettingsManager>: requested setting (logintime) was not found.
2026-04-13 20:35:19.843 T:30490   debug <general>: CPythonInvoker(5, /home/rpeters1428/.kodi/addons/plugin.video.cumination/default.py): script aborted
2026-04-13 20:35:19.843 T:30490   debug <general>: onExecutionDone(5, /home/rpeters1428/.kodi/addons/plugin.video.cumination/default.py)
2026-04-13 20:35:19.843 T:30490   debug <general>: .
2026-04-13 20:35:19.898 T:30490   debug <general>: Skipped 2 duplicate messages..
2026-04-13 20:35:19.898 T:30490   debug <general>: Python interpreter stopped
2026-04-13 20:35:19.898 T:30490   debug <general>: Thread LanguageInvoker 140139607090880 terminating
2026-04-13 20:35:19.913 T:30489   error <general>: GetDirectory - Error getting plugin://plugin.video.cumination/?channel=None&keyword&mode=sunporno.List&name=Next%20Page%20(2)&page=None&section=None&url=https%3a%2f%2fwww.sunporno.com%2ftrending%2f2%2f
2026-04-13 20:35:19.913 T:30489   debug <general>: Thread waiting 140138932958912 terminating
2026-04-13 20:35:19.919 T:30356   debug <general>: ------ Window Deinit (DialogBusy.xml) ------
2026-04-13 20:35:19.931 T:30356   error <general>: CGUIMediaWindow::GetDirectory(plugin://plugin.video.cumination/?channel=None&keyword&mode=sunporno.List&name=Next%20Page%20(2)&page=None&section=None&url=https%3a%2f%2fwww.sunporno.com%2ftrending%2f2%2f) failed
2026-04-13 20:35:19.931 T:30356   debug <general>: CGUIMediaWindow::GetDirectory (plugin://plugin.video.cumination/?channel=None&keyword&mode=sunporno.Main&name=%5bCOLOR%20yellow%5dSunPorno%5b%2fCOLOR%5d&page=None&section=None&url=https%3a%2f%2fwww.sunporno.com%2f)
2026-04-13 20:35:19.931 T:30356   debug <general>:   ParentPath = [plugin://plugin.video.cumination/?channel=None&keyword&mode=main.site_list&name=%5bCOLOR%20white%5dSites%5b%2fCOLOR%5d&page&section=None&url]
2026-04-13 20:35:19.932 T:30356   debug <general>: Loading items: 14, directory: plugin://plugin.video.cumination/?channel=None&keyword&mode=sunporno.Main&name=%5bCOLOR%20yellow%5dSunPorno%5b%2fCOLOR%5d&page=None&section=None&url=https%3a%2f%2fwww.sunporno.com%2f sort method: 0, ascending: false
2026-04-13 20:35:19.937 T:30403   debug <general>: CAddonDatabase::SetLastUsed[plugin.video.cumination] took 6 ms
2026-04-13 20:35:19.938 T:30491   debug <general>: Thread BackgroundLoader start, auto delete: false
2026-04-13 20:35:19.938 T:30356   debug <general>: [threads] name: 'BackgroundLoader' priority: '1'
2026-04-13 20:35:19.939 T:30491   debug <general>: Thread BackgroundLoader 140139145721536 terminating
2026-04-13 20:35:22.933 T:30356   debug <general>: ------ Window Deinit (Pointer.xml) ------
2026-04-13 20:35:25.840 T:30396   debug <general>: Presentation: Frame was discarded by compositor
2026-04-13 20:35:26.580 T:30369   debug <general>: CPipewireStream::Drained
2026-04-13 20:35:26.580 T:30369   debug <general>: CPipewireStream::StateChanged - stream state changed streaming -> paused
2026-04-13 20:35:26.580 T:30369   debug <general>: CPipewireNode::Info - node 51 changed
2026-04-13 20:35:27.009 T:30356   debug <general>: ------ Window Init (Pointer.xml) ------
2026-04-13 20:35:27.401 T:30455   debug <general>: CCurlFile::GetMimeType - <https://acdn.sunporno.com/contents/videos_screenshots/89000/89310/324x182/1.jpg> -> image/jpeg
2026-04-13 20:35:27.401 T:30455   debug <general>: CurlFile::Open - <https://acdn.sunporno.com/contents/videos_screenshots/89000/89310/324x182/1.jpg>
2026-04-13 20:35:27.407 T:30404   debug <general>: CCurlFile::GetMimeType - <https://acdn.sunporno.com/contents/videos_screenshots/76000/76842/324x182/1.jpg> -> image/jpeg
2026-04-13 20:35:27.407 T:30404   debug <general>: CurlFile::Open - <https://acdn.sunporno.com/contents/videos_screenshots/76000/76842/324x182/1.jpg>
2026-04-13 20:35:27.437 T:30405   debug <general>: CCurlFile::GetMimeType - <https://acdn.sunporno.com/contents/videos_screenshots/14000/14519/324x182/1.jpg> -> image/jpeg
2026-04-13 20:35:27.437 T:30405   debug <general>: CurlFile::Open - <https://acdn.sunporno.com/contents/videos_screenshots/14000/14519/324x182/1.jpg>
2026-04-13 20:35:27.479 T:30403   debug <general>: CCurlFile::GetMimeType - <https://acdn.sunporno.com/contents/videos_screenshots/17000/17448/324x182/4.jpg> -> image/jpeg
2026-04-13 20:35:27.479 T:30403   debug <general>: CurlFile::Open - <https://acdn.sunporno.com/contents/videos_screenshots/17000/17448/324x182/4.jpg>
2026-04-13 20:35:27.533 T:30455   error <general>: ffmpeg[0x564703b00f50]: [mjpeg] mjpeg: unsupported coding type (cf)
2026-04-13 20:35:27.533 T:30455   error <general>: ffmpeg[0x564703b00f50]: [mjpeg] unable to decode APP fields: Invalid data found when processing input
2026-04-13 20:35:27.533 T:30455   error <general>: Skipped 1 duplicate messages..
2026-04-13 20:35:27.533 T:30455   error <general>: ffmpeg[0x564703b00f50]: [mjpeg] mjpeg: unsupported coding type (c5)
2026-04-13 20:35:27.533 T:30455   debug <general>: ffmpeg[0x564703b00f50]: [mjpeg] No JPEG data found in image
2026-04-13 20:35:27.533 T:30455   debug <general>: Error [-1094995529] while decoding frame: Unknown error 1094995529
2026-04-13 20:35:27.533 T:30455   debug <general>: LoadFromFileInternal - Load of https://acdn.sunporno.com/contents/videos_screenshots/89000/89310/324x182/1.jpg failed.
2026-04-13 20:35:27.540 T:30404   error <general>: ffmpeg[0x56470304de70]: [mjpeg] unable to decode APP fields: Invalid data found when processing input
2026-04-13 20:35:27.540 T:30404   debug <general>: ffmpeg[0x56470304de70]: [mjpeg] Can not process SOS before SOF, skipping
2026-04-13 20:35:27.540 T:30404   error <general>: ffmpeg[0x56470304de70]: [mjpeg] dqt: len 53650 is too large
2026-04-13 20:35:27.540 T:30404   debug <general>: Error [-1094995529] while decoding frame: Unknown error 1094995529
2026-04-13 20:35:27.540 T:30404   debug <general>: LoadFromFileInternal - Load of https://acdn.sunporno.com/contents/videos_screenshots/76000/76842/324x182/1.jpg failed.
2026-04-13 20:35:27.572 T:30405   error <general>: ffmpeg[0x564702ebdb40]: [mjpeg] mjpeg: unsupported coding type (cb)
2026-04-13 20:35:27.572 T:30405   error <general>: ffmpeg[0x564702ebdb40]: [mjpeg] mjpeg: unsupported coding type (ca)
2026-04-13 20:35:27.572 T:30405   error <general>: ffmpeg[0x564702ebdb40]: [mjpeg] dht: len 25341 is too large
2026-04-13 20:35:27.572 T:30405   error <general>: ffmpeg[0x564702ebdb40]: [mjpeg] huffman table decode error
2026-04-13 20:35:27.572 T:30405   debug <general>: Error [-1094995529] while decoding frame: Unknown error 1094995529
2026-04-13 20:35:27.572 T:30405   debug <general>: LoadFromFileInternal - Load of https://acdn.sunporno.com/contents/videos_screenshots/14000/14519/324x182/1.jpg failed.
2026-04-13 20:35:27.617 T:30403   error <general>: ffmpeg[0x564701c9b730]: [mjpeg] unable to decode APP fields: Invalid data found when processing input
2026-04-13 20:35:27.617 T:30403   debug <general>: ffmpeg[0x564701c9b730]: [mjpeg] Found EOI before any SOF, ignoring
2026-04-13 20:35:27.617 T:30403   error <general>: ffmpeg[0x564701c9b730]: [mjpeg] unable to decode APP fields: Invalid data found when processing input
2026-04-13 20:35:27.617 T:30403   error <general>: Skipped 1 duplicate messages..
2026-04-13 20:35:27.617 T:30403   debug <general>: ffmpeg[0x564701c9b730]: [mjpeg] Found EOI before any SOF, ignoring
2026-04-13 20:35:27.617 T:30403   error <general>: ffmpeg[0x564701c9b730]: [mjpeg] unable to decode APP fields: Invalid data found when processing input
2026-04-13 20:35:27.617 T:30403   error <general>: Skipped 1 duplicate messages..
2026-04-13 20:35:27.617 T:30403   debug <general>: ffmpeg[0x564701c9b730]: [mjpeg] No JPEG data found in image
2026-04-13 20:35:27.617 T:30403   debug <general>: Error [-1094995529] while decoding frame: Unknown error 1094995529
2026-04-13 20:35:27.617 T:30403   debug <general>: LoadFromFileInternal - Load of https://acdn.sunporno.com/contents/videos_screenshots/17000/17448/324x182/4.jpg failed.
2026-04-13 20:35:27.732 T:30356   debug <general>: ProcessMouse: trying mouse action wheelup
2026-04-13 20:35:27.918 T:30455   debug <general>: Skipped 22 duplicate messages..
2026-04-13 20:35:27.918 T:30455   debug <general>: CCurlFile::GetMimeType - <https://acdn.sunporno.com/contents/videos_screenshots/3000/3159/324x182/2.jpg> -> image/jpeg
2026-04-13 20:35:27.918 T:30455   debug <general>: CurlFile::Open - <https://acdn.sunporno.com/contents/videos_screenshots/3000/3159/324x182/2.jpg>
2026-04-13 20:35:27.920 T:30356   debug <general>: ProcessMouse: trying mouse action wheelup
2026-04-13 20:35:28.052 T:30455   debug <general>: Skipped 3 duplicate messages..
2026-04-13 20:35:28.052 T:30455   error <general>: ffmpeg[0x564703b00f50]: [mjpeg] unable to decode APP fields: Invalid data found when processing input
2026-04-13 20:35:28.052 T:30455   debug <general>: ffmpeg[0x564703b00f50]: [mjpeg] Can not process SOS before SOF, skipping
2026-04-13 20:35:28.052 T:30455   error <general>: ffmpeg[0x564703b00f50]: [mjpeg] bits 255 is invalid
2026-04-13 20:35:28.052 T:30455   debug <general>: Error [-1094995529] while decoding frame: Unknown error 1094995529
2026-04-13 20:35:28.052 T:30455   debug <general>: LoadFromFileInternal - Load of https://acdn.sunporno.com/contents/videos_screenshots/3000/3159/324x182/2.jpg failed.
2026-04-13 20:35:28.056 T:30356   debug <general>: ProcessMouse: trying mouse action wheelup
2026-04-13 20:35:28.114 T:30404   debug <general>: Skipped 8 duplicate messages..
2026-04-13 20:35:28.114 T:30404   debug <general>: CCurlFile::GetMimeType - <https://acdn.sunporno.com/contents/videos_screenshots/56000/56963/324x182/3.jpg> -> image/jpeg
2026-04-13 20:35:28.114 T:30404   debug <general>: CurlFile::Open - <https://acdn.sunporno.com/contents/videos_screenshots/56000/56963/324x182/3.jpg>
2026-04-13 20:35:28.121 T:30356   debug <general>: ProcessMouse: trying mouse action wheelup
2026-04-13 20:35:28.245 T:30404   debug <general>: Skipped 16 duplicate messages..
2026-04-13 20:35:28.245 T:30404   error <general>: ffmpeg[0x56470304de70]: [mjpeg] bits 155 is invalid
2026-04-13 20:35:28.245 T:30404   debug <general>: Error [-1094995529] while decoding frame: Unknown error 1094995529
2026-04-13 20:35:28.245 T:30404   debug <general>: LoadFromFileInternal - Load of https://acdn.sunporno.com/contents/videos_screenshots/56000/56963/324x182/3.jpg failed.
2026-04-13 20:35:28.254 T:30356   debug <general>: ProcessMouse: trying mouse action wheelup
2026-04-13 20:35:29.534 T:30396   debug <general>: Skipped 44 duplicate messages..
2026-04-13 20:35:29.534 T:30396   debug <general>: Presentation: Frame was discarded by compositor
2026-04-13 20:35:31.586 T:30369   debug <general>: CPipewireNode::Info - node 51 changed
2026-04-13 20:35:32.583 T:30396   debug <general>: Skipped 2 duplicate messages..
2026-04-13 20:35:32.583 T:30396   debug <general>: Presentation: Frame was discarded by compositor
2026-04-13 20:35:34.222 T:30356   debug <general>: ------ Window Deinit (Pointer.xml) ------
2026-04-13 20:35:36.593 T:30369   debug <general>: CPipewireNode::Info - node 51 changed
2026-04-13 20:35:38.582 T:30396   debug <general>: Presentation: Frame was discarded by compositor
2026-04-13 20:35:40.731 T:30356   debug <general>: Skipped 1 duplicate messages..
2026-04-13 20:35:40.731 T:30356   debug <general>: ------ Window Init (Pointer.xml) ------
2026-04-13 20:35:40.824 T:30455   debug <general>: CCurlFile::GetMimeType - <https://acdn.sunporno.com/contents/videos_screenshots/3000/3159/324x182/2.jpg> -> image/jpeg
2026-04-13 20:35:40.824 T:30455   debug <general>: CurlFile::Open - <https://acdn.sunporno.com/contents/videos_screenshots/3000/3159/324x182/2.jpg>
2026-04-13 20:35:40.951 T:30455   error <general>: ffmpeg[0x564703b00f50]: [mjpeg] unable to decode APP fields: Invalid data found when processing input
2026-04-13 20:35:40.951 T:30455   debug <general>: ffmpeg[0x564703b00f50]: [mjpeg] Can not process SOS before SOF, skipping
2026-04-13 20:35:40.951 T:30455   error <general>: ffmpeg[0x564703b00f50]: [mjpeg] bits 255 is invalid
2026-04-13 20:35:40.951 T:30455   debug <general>: Error [-1094995529] while decoding frame: Unknown error 1094995529
2026-04-13 20:35:40.951 T:30455   debug <general>: LoadFromFileInternal - Load of https://acdn.sunporno.com/contents/videos_screenshots/3000/3159/324x182/2.jpg failed.
2026-04-13 20:35:41.137 T:30405   debug <general>: CCurlFile::GetMimeType - <https://acdn.sunporno.com/contents/videos_screenshots/56000/56963/324x182/3.jpg> -> image/jpeg
2026-04-13 20:35:41.137 T:30405   debug <general>: CurlFile::Open - <https://acdn.sunporno.com/contents/videos_screenshots/56000/56963/324x182/3.jpg>
2026-04-13 20:35:41.274 T:30405   error <general>: ffmpeg[0x564702ebdb40]: [mjpeg] bits 155 is invalid
2026-04-13 20:35:41.274 T:30405   debug <general>: Error [-1094995529] while decoding frame: Unknown error 1094995529
2026-04-13 20:35:41.274 T:30405   debug <general>: LoadFromFileInternal - Load of https://acdn.sunporno.com/contents/videos_screenshots/56000/56963/324x182/3.jpg failed.
2026-04-13 20:35:41.274 T:30404   debug <general>: CTextureCache::CacheImage - Return NULL texture because cache is not ready
2026-04-13 20:35:42.024 T:30405   debug <general>: CCurlFile::GetMimeType - <https://acdn.sunporno.com/contents/videos_screenshots/3000/3159/324x182/2.jpg> -> image/jpeg
2026-04-13 20:35:42.024 T:30405   debug <general>: CurlFile::Open - <https://acdn.sunporno.com/contents/videos_screenshots/3000/3159/324x182/2.jpg>
2026-04-13 20:35:42.152 T:30405   error <general>: ffmpeg[0x564702ebdb40]: [mjpeg] unable to decode APP fields: Invalid data found when processing input
2026-04-13 20:35:42.152 T:30405   debug <general>: ffmpeg[0x564702ebdb40]: [mjpeg] Can not process SOS before SOF, skipping
2026-04-13 20:35:42.152 T:30405   error <general>: ffmpeg[0x564702ebdb40]: [mjpeg] bits 255 is invalid
2026-04-13 20:35:42.152 T:30405   debug <general>: Error [-1094995529] while decoding frame: Unknown error 1094995529
2026-04-13 20:35:42.152 T:30405   debug <general>: LoadFromFileInternal - Load of https://acdn.sunporno.com/contents/videos_screenshots/3000/3159/324x182/2.jpg failed.
2026-04-13 20:35:42.410 T:30404   debug <general>: CCurlFile::GetMimeType - <https://acdn.sunporno.com/contents/videos_screenshots/91000/91102/324x182/1.jpg> -> image/jpeg
2026-04-13 20:35:42.410 T:30404   debug <general>: CurlFile::Open - <https://acdn.sunporno.com/contents/videos_screenshots/91000/91102/324x182/1.jpg>
2026-04-13 20:35:42.537 T:30404   error <general>: ffmpeg[0x56470304de70]: [mjpeg] unable to decode APP fields: Invalid data found when processing input
2026-04-13 20:35:42.537 T:30404   error <general>: ffmpeg[0x56470304de70]: [mjpeg] bits 221 is invalid
2026-04-13 20:35:42.537 T:30404   debug <general>: Error [-1094995529] while decoding frame: Unknown error 1094995529
2026-04-13 20:35:42.537 T:30404   debug <general>: LoadFromFileInternal - Load of https://acdn.sunporno.com/contents/videos_screenshots/91000/91102/324x182/1.jpg failed.
2026-04-13 20:35:42.775 T:30403   debug <general>: CCurlFile::GetMimeType - <https://acdn.sunporno.com/contents/videos_screenshots/94000/94460/324x182/1.jpg> -> image/jpeg
2026-04-13 20:35:42.775 T:30403   debug <general>: CurlFile::Open - <https://acdn.sunporno.com/contents/videos_screenshots/94000/94460/324x182/1.jpg>
2026-04-13 20:35:42.908 T:30403   error <general>: ffmpeg[0x564701c9b730]: [mjpeg] invalid id 253
2026-04-13 20:35:42.908 T:30403   debug <general>: Error [-1094995529] while decoding frame: Unknown error 1094995529
2026-04-13 20:35:42.908 T:30403   debug <general>: LoadFromFileInternal - Load of https://acdn.sunporno.com/contents/videos_screenshots/94000/94460/324x182/1.jpg failed.
2026-04-13 20:35:43.161 T:30405   debug <general>: CCurlFile::GetMimeType - <https://acdn.sunporno.com/contents/videos_screenshots/12000/12012/324x182/1.jpg> -> image/jpeg
2026-04-13 20:35:43.162 T:30405   debug <general>: CurlFile::Open - <https://acdn.sunporno.com/contents/videos_screenshots/12000/12012/324x182/1.jpg>
2026-04-13 20:35:43.294 T:30405   error <general>: ffmpeg[0x564702ebdb40]: [mjpeg] unable to decode APP fields: Invalid data found when processing input
2026-04-13 20:35:43.294 T:30405   debug <general>: Error [-1094995529] while decoding frame: Unknown error 1094995529
2026-04-13 20:35:43.294 T:30405   debug <general>: LoadFromFileInternal - Load of https://acdn.sunporno.com/contents/videos_screenshots/12000/12012/324x182/1.jpg failed.
2026-04-13 20:35:44.137 T:30356   debug <general>: ProcessMouse: trying mouse action leftclick
2026-04-13 20:35:44.137 T:30356   debug <general>: CScriptRunner: running add-on script Cumination('plugin://plugin.video.cumination/', '-1', '?url=https%3A%2F%2Fwww.sunporno.com%2Fv%2F12012%2Fbig-rack-czech-slut-cherlyn-paid-for-sex%2F&mode=sunporno.Playvid&name=Big+rack+Czech+slut+Cherlyn+paid+for+sex')
2026-04-13 20:35:44.137 T:30505   debug <general>: Thread LanguageInvoker start, auto delete: false
2026-04-13 20:35:44.137 T:30505   debug <general>: initializing python engine.
2026-04-13 20:35:44.137 T:30505   debug <general>: CPythonInvoker(6, /home/rpeters1428/.kodi/addons/plugin.video.cumination/default.py): start processing
2026-04-13 20:35:44.149 T:30505   debug <general>: -->Python Interpreter Initialized<--
2026-04-13 20:35:44.149 T:30505   debug <general>: 
                                                   
2026-04-13 20:35:44.149 T:30505   debug <general>: CPythonInvoker(6, /home/rpeters1428/.kodi/addons/plugin.video.cumination/default.py): the source file to load is "/home/rpeters1428/.kodi/addons/plugin.video.cumination/default.py"
2026-04-13 20:35:44.150 T:30505   debug <general>: CPythonInvoker(6): full python path:
2026-04-13 20:35:44.150 T:30505   debug <general>: CPythonInvoker(6):   custom python path:
2026-04-13 20:35:44.150 T:30505   debug <general>: CPythonInvoker(6):     /home/rpeters1428/.kodi/addons/plugin.video.cumination
2026-04-13 20:35:44.150 T:30505   debug <general>: CPythonInvoker(6):     /home/rpeters1428/.kodi/addons/script.common.plugin.cache/resources/lib/storage_server/
2026-04-13 20:35:44.150 T:30505   debug <general>: CPythonInvoker(6):     /home/rpeters1428/.kodi/addons/script.module.beautifulsoup4/lib
2026-04-13 20:35:44.150 T:30505   debug <general>: CPythonInvoker(6):     /home/rpeters1428/.kodi/addons/script.module.certifi/lib
2026-04-13 20:35:44.150 T:30505   debug <general>: CPythonInvoker(6):     /home/rpeters1428/.kodi/addons/script.module.chardet/lib
2026-04-13 20:35:44.150 T:30505   debug <general>: CPythonInvoker(6):     /home/rpeters1428/.kodi/addons/script.module.idna/lib
2026-04-13 20:35:44.150 T:30505   debug <general>: CPythonInvoker(6):     /home/rpeters1428/.kodi/addons/script.module.inputstreamhelper/lib
2026-04-13 20:35:44.150 T:30505   debug <general>: CPythonInvoker(6):     /home/rpeters1428/.kodi/addons/script.module.kodi-six/libs
2026-04-13 20:35:44.150 T:30505   debug <general>: CPythonInvoker(6):     /home/rpeters1428/.kodi/addons/script.module.requests/lib
2026-04-13 20:35:44.150 T:30505   debug <general>: CPythonInvoker(6):     /home/rpeters1428/.kodi/addons/script.module.resolveurl.xxx/lib
2026-04-13 20:35:44.150 T:30505   debug <general>: CPythonInvoker(6):     /home/rpeters1428/.kodi/addons/script.module.resolveurl/lib
2026-04-13 20:35:44.150 T:30505   debug <general>: CPythonInvoker(6):     /home/rpeters1428/.kodi/addons/script.module.six/lib
2026-04-13 20:35:44.150 T:30505   debug <general>: CPythonInvoker(6):     /home/rpeters1428/.kodi/addons/script.module.soupsieve/lib
2026-04-13 20:35:44.150 T:30505   debug <general>: CPythonInvoker(6):     /home/rpeters1428/.kodi/addons/script.module.urllib3/lib
2026-04-13 20:35:44.150 T:30505   debug <general>: CPythonInvoker(6):     /home/rpeters1428/.kodi/addons/script.module.websocket/lib
2026-04-13 20:35:44.150 T:30505   debug <general>: CPythonInvoker(6):   default python path:
2026-04-13 20:35:44.150 T:30505   debug <general>: CPythonInvoker(6):     /usr/lib/python314.zip
2026-04-13 20:35:44.150 T:30505   debug <general>: CPythonInvoker(6):     /usr/lib/python3.14
2026-04-13 20:35:44.150 T:30505   debug <general>: CPythonInvoker(6):     /usr/lib/python3.14/lib-dynload
2026-04-13 20:35:44.150 T:30505   debug <general>: CPythonInvoker(6):     /usr/lib/python3.14/site-packages
2026-04-13 20:35:44.150 T:30505   debug <general>: CPythonInvoker(6): adding args:
2026-04-13 20:35:44.150 T:30505   debug <general>: CPythonInvoker(6):  plugin://plugin.video.cumination/
2026-04-13 20:35:44.150 T:30505   debug <general>: CPythonInvoker(6):  -1
2026-04-13 20:35:44.150 T:30505   debug <general>: CPythonInvoker(6):  ?url=https%3A%2F%2Fwww.sunporno.com%2Fv%2F12012%2Fbig-rack-czech-slut-cherlyn-paid-for-sex%2F&mode=sunporno.Playvid&name=Big+rack+Czech+slut+Cherlyn+paid+for+sex
2026-04-13 20:35:44.150 T:30505   debug <general>: CPythonInvoker(6):  resume:false
2026-04-13 20:35:44.150 T:30505   debug <general>: CPythonInvoker(6, /home/rpeters1428/.kodi/addons/plugin.video.cumination/default.py): entering source directory /home/rpeters1428/.kodi/addons/plugin.video.cumination
2026-04-13 20:35:44.150 T:30505   debug <general>: CPythonInvoker(6, /home/rpeters1428/.kodi/addons/plugin.video.cumination/default.py): instantiating addon using automatically obtained id of "plugin.video.cumination" dependent on version 3.0.0 of the xbmc.python api
2026-04-13 20:35:44.190 T:30505   debug <CAddonSettings[0@plugin.video.cumination]>: trying to load setting definitions from old format...
2026-04-13 20:35:44.191 T:30505   debug <CSettingsManager>: requested setting (changelog_seen_version) was not found.
