2026-02-24 19:13:02.633 T:747109   debug <CSettingsManager>: requested setting (cuminationage) was not found.
2026-02-24 19:13:02.633 T:747109   debug <CSettingsManager>: requested setting (current_ua) was not found.
2026-02-24 19:13:02.633 T:747109   debug <CSettingsManager>: requested setting (last_ua_create) was not found.
2026-02-24 19:13:02.638 T:746966   debug <general>: Activating window ID: 10147
2026-02-24 19:13:02.638 T:746966   debug <general>: ------ Window Init (DialogTextViewer.xml) ------
2026-02-24 19:13:02.638 T:746966    info <general>: Loading skin file: DialogTextViewer.xml, load type: KEEP_IN_MEMORY
2026-02-24 19:13:03.832 T:746966   debug <general>: ProcessMouse: trying mouse action leftclick
2026-02-24 19:13:03.849 T:746966 warning <general>: CGUIWindowManager - HandleAction - ignoring action 107, because topmost modal dialog closing animation is running
2026-02-24 19:13:04.072 T:746966 warning <general>: Skipped 6 duplicate messages..
2026-02-24 19:13:04.072 T:746966   debug <general>: ------ Window Deinit (DialogTextViewer.xml) ------
2026-02-24 19:13:04.164 T:747109   debug <general>: CPythonInvoker(2, /home/rpeters1428/.kodi/addons/plugin.video.cumination/default.py): script aborted
2026-02-24 19:13:04.165 T:747109   debug <general>: onExecutionDone(2, /home/rpeters1428/.kodi/addons/plugin.video.cumination/default.py)
2026-02-24 19:13:04.165 T:747109   debug <general>: .
2026-02-24 19:13:04.165 T:747108   debug <general>: Skipped 2 duplicate messages..
2026-02-24 19:13:04.165 T:747108   debug <general>: Thread waiting 140192996320960 terminating
2026-02-24 19:13:04.169 T:746966   debug <general>: ------ Window Deinit (DialogBusy.xml) ------
2026-02-24 19:13:04.175 T:747122   debug <general>: Thread BackgroundLoader start, auto delete: false
2026-02-24 19:13:04.175 T:746966   debug <general>: [threads] name: 'BackgroundLoader' priority: '1'
2026-02-24 19:13:04.176 T:747122   debug <general>: Thread BackgroundLoader 140192996320960 terminating
2026-02-24 19:13:04.183 T:747109   debug <general>: Python interpreter stopped
2026-02-24 19:13:04.183 T:747109   debug <general>: Thread LanguageInvoker 140193428399808 terminating
2026-02-24 19:13:04.935 T:747010   debug <general>: Presentation: Frame was discarded by compositor
2026-02-24 19:13:07.612 T:747017   debug <general>: Skipped 7 duplicate messages..
2026-02-24 19:13:07.612 T:747017   debug <general>: Caching image '/home/rpeters1428/.kodi/addons/plugin.video.cumination/resources/images/cum-fav.png' to 'c/c772a499.png':
2026-02-24 19:13:07.612 T:747017   debug <general>: cached image 'special://masterprofile/Thumbnails/c/c772a499.png' size 512x512
2026-02-24 19:13:07.629 T:747016   debug <general>: Caching image '/home/rpeters1428/.kodi/addons/plugin.video.cumination/resources/images/cum-sites.png' to '5/562d3710.png':
2026-02-24 19:13:07.629 T:747016   debug <general>: cached image 'special://masterprofile/Thumbnails/5/562d3710.png' size 512x512
2026-02-24 19:13:08.227 T:746966   debug <general>: ProcessMouse: trying mouse action leftclick
2026-02-24 19:13:08.227 T:746966   debug <general>: CGUIMediaWindow::GetDirectory (plugin://plugin.video.cumination/?channel=None&keyword&mode=main.site_list&name=%5bCOLOR%20white%5dSites%5b%2fCOLOR%5d&page&section=None&url)
2026-02-24 19:13:08.227 T:746966   debug <general>:   ParentPath = [plugin://plugin.video.cumination/]
2026-02-24 19:13:08.227 T:747141   debug <general>: Thread waiting start, auto delete: false
2026-02-24 19:13:08.236 T:747025   debug <general>: CAddonDatabase::SetLastUsed[plugin.video.cumination] took 8 ms
2026-02-24 19:13:08.236 T:747141   debug <general>: CScriptRunner: running add-on script Cumination('plugin://plugin.video.cumination/', '2', '?channel=None&keyword&mode=main.site_list&name=%5bCOLOR%20white%5dSites%5b%2fCOLOR%5d&page&section=None&url')
2026-02-24 19:13:08.236 T:747142   debug <general>: Thread LanguageInvoker start, auto delete: false
2026-02-24 19:13:08.236 T:747142   debug <general>: initializing python engine.
2026-02-24 19:13:08.236 T:747142   debug <general>: CPythonInvoker(3, /home/rpeters1428/.kodi/addons/plugin.video.cumination/default.py): start processing
2026-02-24 19:13:08.242 T:747142   debug <general>: -->Python Interpreter Initialized<--
2026-02-24 19:13:08.242 T:747142   debug <general>: 
                                                   
2026-02-24 19:13:08.242 T:747142   debug <general>: CPythonInvoker(3, /home/rpeters1428/.kodi/addons/plugin.video.cumination/default.py): the source file to load is "/home/rpeters1428/.kodi/addons/plugin.video.cumination/default.py"
2026-02-24 19:13:08.242 T:747142   debug <general>: CPythonInvoker(3): full python path:
2026-02-24 19:13:08.242 T:747142   debug <general>: CPythonInvoker(3):   custom python path:
2026-02-24 19:13:08.242 T:747142   debug <general>: CPythonInvoker(3):     /home/rpeters1428/.kodi/addons/plugin.video.cumination
2026-02-24 19:13:08.242 T:747142   debug <general>: CPythonInvoker(3):     /home/rpeters1428/.kodi/addons/script.common.plugin.cache/resources/lib/storage_server/
2026-02-24 19:13:08.242 T:747142   debug <general>: CPythonInvoker(3):     /home/rpeters1428/.kodi/addons/script.module.beautifulsoup4/lib
2026-02-24 19:13:08.242 T:747142   debug <general>: CPythonInvoker(3):     /home/rpeters1428/.kodi/addons/script.module.certifi/lib
2026-02-24 19:13:08.242 T:747142   debug <general>: CPythonInvoker(3):     /home/rpeters1428/.kodi/addons/script.module.chardet/lib
2026-02-24 19:13:08.242 T:747142   debug <general>: CPythonInvoker(3):     /home/rpeters1428/.kodi/addons/script.module.idna/lib
2026-02-24 19:13:08.242 T:747142   debug <general>: CPythonInvoker(3):     /home/rpeters1428/.kodi/addons/script.module.inputstreamhelper/lib
2026-02-24 19:13:08.242 T:747142   debug <general>: CPythonInvoker(3):     /home/rpeters1428/.kodi/addons/script.module.kodi-six/libs
2026-02-24 19:13:08.242 T:747142   debug <general>: CPythonInvoker(3):     /home/rpeters1428/.kodi/addons/script.module.requests/lib
2026-02-24 19:13:08.242 T:747142   debug <general>: CPythonInvoker(3):     /home/rpeters1428/.kodi/addons/script.module.resolveurl.xxx/lib
2026-02-24 19:13:08.242 T:747142   debug <general>: CPythonInvoker(3):     /home/rpeters1428/.kodi/addons/script.module.resolveurl/lib
2026-02-24 19:13:08.242 T:747142   debug <general>: CPythonInvoker(3):     /home/rpeters1428/.kodi/addons/script.module.six/lib
2026-02-24 19:13:08.242 T:747142   debug <general>: CPythonInvoker(3):     /home/rpeters1428/.kodi/addons/script.module.soupsieve/lib
2026-02-24 19:13:08.242 T:747142   debug <general>: CPythonInvoker(3):     /home/rpeters1428/.kodi/addons/script.module.urllib3/lib
2026-02-24 19:13:08.242 T:747142   debug <general>: CPythonInvoker(3):     /home/rpeters1428/.kodi/addons/script.module.websocket/lib
2026-02-24 19:13:08.242 T:747142   debug <general>: CPythonInvoker(3):   default python path:
2026-02-24 19:13:08.242 T:747142   debug <general>: CPythonInvoker(3):     /usr/lib/python314.zip
2026-02-24 19:13:08.242 T:747142   debug <general>: CPythonInvoker(3):     /usr/lib/python3.14
2026-02-24 19:13:08.242 T:747142   debug <general>: CPythonInvoker(3):     /usr/lib/python3.14/lib-dynload
2026-02-24 19:13:08.242 T:747142   debug <general>: CPythonInvoker(3):     /usr/lib/python3.14/site-packages
2026-02-24 19:13:08.242 T:747142   debug <general>: CPythonInvoker(3): adding args:
2026-02-24 19:13:08.242 T:747142   debug <general>: CPythonInvoker(3):  plugin://plugin.video.cumination/
2026-02-24 19:13:08.242 T:747142   debug <general>: CPythonInvoker(3):  2
2026-02-24 19:13:08.242 T:747142   debug <general>: CPythonInvoker(3):  ?channel=None&keyword&mode=main.site_list&name=%5bCOLOR%20white%5dSites%5b%2fCOLOR%5d&page&section=None&url
2026-02-24 19:13:08.242 T:747142   debug <general>: CPythonInvoker(3):  resume:false
2026-02-24 19:13:08.242 T:747142   debug <general>: CPythonInvoker(3, /home/rpeters1428/.kodi/addons/plugin.video.cumination/default.py): entering source directory /home/rpeters1428/.kodi/addons/plugin.video.cumination
2026-02-24 19:13:08.242 T:747142   debug <general>: CPythonInvoker(3, /home/rpeters1428/.kodi/addons/plugin.video.cumination/default.py): instantiating addon using automatically obtained id of "plugin.video.cumination" dependent on version 3.0.0 of the xbmc.python api
2026-02-24 19:13:08.261 T:747142   debug <CAddonSettings[0@plugin.video.cumination]>: trying to load setting definitions from old format...
2026-02-24 19:13:08.262 T:747142   debug <CSettingsManager>: requested setting (changelog_seen_version) was not found.
2026-02-24 19:13:08.262 T:747142   debug <CSettingsManager>: requested setting (cuminationage) was not found.
2026-02-24 19:13:08.262 T:747142   debug <CSettingsManager>: requested setting (current_ua) was not found.
2026-02-24 19:13:08.262 T:747142   debug <CSettingsManager>: requested setting (last_ua_create) was not found.
2026-02-24 19:13:08.283 T:747142   debug <CSettingsManager>: requested setting (tahlogged) was not found.
2026-02-24 19:13:08.297 T:747142   debug <CSettingsManager>: requested setting (spankbang_quality) was not found.
2026-02-24 19:13:08.297 T:747142   debug <CSettingsManager>: requested setting (spankbang_length) was not found.
2026-02-24 19:13:08.298 T:747142   debug <CSettingsManager>: requested setting (htvlogged) was not found.
2026-02-24 19:13:08.327 T:746966   debug <general>: ------ Window Init (DialogBusy.xml) ------
2026-02-24 19:13:08.346 T:747142   debug <CSettingsManager>: requested setting (whlogged) was not found.
2026-02-24 19:13:08.348 T:747142   debug <CSettingsManager>: requested setting (xflogged) was not found.
2026-02-24 19:13:08.362 T:747142   debug <CSettingsManager>: requested setting (cblogged) was not found.
2026-02-24 19:13:08.364 T:747142   debug <CSettingsManager>: requested setting (ptlogged) was not found.
2026-02-24 19:13:08.364 T:747142   debug <CSettingsManager>: requested setting (ptlength) was not found.
2026-02-24 19:13:08.364 T:747142   debug <CSettingsManager>: requested setting (jblogged) was not found.
2026-02-24 19:13:08.368 T:747142   debug <CSettingsManager>: requested setting (pincode) was not found.
2026-02-24 19:13:08.368 T:747142   debug <CSettingsManager>: requested setting (logintime) was not found.
2026-02-24 19:13:08.401 T:747142   debug <general>: CPythonInvoker(3, /home/rpeters1428/.kodi/addons/plugin.video.cumination/default.py): script aborted
2026-02-24 19:13:08.401 T:747142   debug <general>: onExecutionDone(3, /home/rpeters1428/.kodi/addons/plugin.video.cumination/default.py)
2026-02-24 19:13:08.401 T:747142   debug <general>: .
2026-02-24 19:13:08.402 T:747141   debug <general>: Skipped 2 duplicate messages..
2026-02-24 19:13:08.401 T:747141   debug <general>: Thread waiting 140192832812736 terminating
2026-02-24 19:13:08.418 T:747142   debug <general>: Python interpreter stopped
2026-02-24 19:13:08.418 T:747142   debug <general>: Thread LanguageInvoker 140193428399808 terminating
2026-02-24 19:13:08.480 T:746966   debug <general>: ------ Window Deinit (DialogBusy.xml) ------
2026-02-24 19:13:08.483 T:747147   debug <general>: Thread BackgroundLoader start, auto delete: false
2026-02-24 19:13:08.483 T:746966   debug <general>: [threads] name: 'BackgroundLoader' priority: '1'
2026-02-24 19:13:08.485 T:747147   debug <general>: Thread BackgroundLoader 140192996320960 terminating
2026-02-24 19:13:08.494 T:747025   debug <general>: Caching image '/home/rpeters1428/.kodi/addons/plugin.video.cumination/resources/images/aagmaal.png' to '7/7c0eca14.png':
2026-02-24 19:13:08.494 T:747025   debug <general>: cached image 'special://masterprofile/Thumbnails/7/7c0eca14.png' size 256x256
2026-02-24 19:13:08.495 T:747010   debug <general>: Presentation: Frame was discarded by compositor
2026-02-24 19:13:08.622 T:747025   debug <general>: Caching image '/home/rpeters1428/.kodi/addons/plugin.video.cumination/resources/images/aagmaalpro.png' to '9/9198ab14.jpg':
2026-02-24 19:13:08.622 T:747025   debug <general>: cached image 'special://masterprofile/Thumbnails/9/9198ab14.jpg' size 256x256
2026-02-24 19:13:09.016 T:746966   debug <general>: ProcessMouse: trying mouse action wheeldown
2026-02-24 19:13:09.016 T:747025   debug <general>: Caching image '/home/rpeters1428/.kodi/addons/plugin.video.cumination/resources/images/absoluporn.png' to '5/5d7ce35f.png':
2026-02-24 19:13:09.016 T:747025   debug <general>: cached image 'special://masterprofile/Thumbnails/5/5d7ce35f.png' size 256x256
2026-02-24 19:13:09.062 T:746966   debug <general>: ProcessMouse: trying mouse action wheeldown
2026-02-24 19:13:09.062 T:747025   debug <general>: Caching image '/home/rpeters1428/.kodi/addons/plugin.video.cumination/resources/images/allclassic.png' to 'e/e4d18e38.png':
2026-02-24 19:13:09.062 T:747025   debug <general>: cached image 'special://masterprofile/Thumbnails/e/e4d18e38.png' size 256x256
2026-02-24 19:13:09.084 T:746966   debug <general>: ProcessMouse: trying mouse action wheeldown
2026-02-24 19:13:09.085 T:747025   debug <general>: Caching image '/home/rpeters1428/.kodi/addons/plugin.video.cumination/resources/images/amateurtv.png' to 'b/b2c3ee9f.png':
2026-02-24 19:13:09.085 T:747025   debug <general>: cached image 'special://masterprofile/Thumbnails/b/b2c3ee9f.png' size 256x256
2026-02-24 19:13:09.102 T:746966   debug <general>: ProcessMouse: trying mouse action wheeldown
2026-02-24 19:13:09.102 T:747025   debug <general>: Caching image '/home/rpeters1428/.kodi/addons/plugin.video.cumination/resources/images/ah.png' to 'a/acd290c4.png':
2026-02-24 19:13:09.102 T:747025   debug <general>: cached image 'special://masterprofile/Thumbnails/a/acd290c4.png' size 256x256
2026-02-24 19:13:09.124 T:746966   debug <general>: ProcessMouse: trying mouse action wheeldown
2026-02-24 19:13:09.125 T:747025   debug <general>: Caching image '/home/rpeters1428/.kodi/addons/plugin.video.cumination/resources/images/anybunny.png' to '7/74b0de7e.png':
2026-02-24 19:13:09.125 T:747025   debug <general>: cached image 'special://masterprofile/Thumbnails/7/74b0de7e.png' size 256x256
2026-02-24 19:13:09.142 T:746966   debug <general>: ProcessMouse: trying mouse action wheeldown
2026-02-24 19:13:09.143 T:747025   debug <general>: Caching image '/home/rpeters1428/.kodi/addons/plugin.video.cumination/resources/images/archivebate.png' to 'b/b54bd901.png':
2026-02-24 19:13:09.143 T:747025   debug <general>: cached image 'special://masterprofile/Thumbnails/b/b54bd901.png' size 256x256
2026-02-24 19:13:09.159 T:746966   debug <general>: ProcessMouse: trying mouse action wheeldown
2026-02-24 19:13:09.159 T:747025   debug <general>: Caching image '/home/rpeters1428/.kodi/addons/plugin.video.cumination/resources/images/ask4porn.png' to '6/645ba3b0.png':
2026-02-24 19:13:09.159 T:747025   debug <general>: cached image 'special://masterprofile/Thumbnails/6/645ba3b0.png' size 256x256
2026-02-24 19:13:09.187 T:746966   debug <general>: ProcessMouse: trying mouse action wheeldown
2026-02-24 19:13:09.188 T:747025   debug <general>: Caching image '/home/rpeters1428/.kodi/addons/plugin.video.cumination/resources/images/avple.png' to 'c/cfd6dacc.png':
2026-02-24 19:13:09.188 T:747025   debug <general>: cached image 'special://masterprofile/Thumbnails/c/cfd6dacc.png' size 256x256
2026-02-24 19:13:09.673 T:746966   debug <general>: ProcessMouse: trying mouse action wheeldown
2026-02-24 19:13:09.674 T:747025   debug <general>: Caching image '/home/rpeters1428/.kodi/addons/plugin.video.cumination/resources/images/awmnet.png' to '2/23c484e8.png':
2026-02-24 19:13:09.674 T:747025   debug <general>: cached image 'special://masterprofile/Thumbnails/2/23c484e8.png' size 256x256
2026-02-24 19:13:09.691 T:747025   debug <general>: Caching image '/home/rpeters1428/.kodi/addons/plugin.video.cumination/resources/images/beeg.png' to '2/250952c6.png':
2026-02-24 19:13:09.691 T:747025   debug <general>: cached image 'special://masterprofile/Thumbnails/2/250952c6.png' size 256x256
2026-02-24 19:13:09.713 T:746966   debug <general>: ProcessMouse: trying mouse action wheeldown
2026-02-24 19:13:09.714 T:747025   debug <general>: Caching image '/home/rpeters1428/.kodi/addons/plugin.video.cumination/resources/images/beemtube.png' to '8/83007649.png':
2026-02-24 19:13:09.714 T:747025   debug <general>: cached image 'special://masterprofile/Thumbnails/8/83007649.png' size 256x256
2026-02-24 19:13:09.742 T:746966   debug <general>: ProcessMouse: trying mouse action wheeldown
2026-02-24 19:13:09.743 T:747025   debug <general>: Caching image '/home/rpeters1428/.kodi/addons/plugin.video.cumination/resources/images/blendporn.png' to 'e/e62677f4.png':
2026-02-24 19:13:09.743 T:747025   debug <general>: cached image 'special://masterprofile/Thumbnails/e/e62677f4.png' size 256x256
2026-02-24 19:13:09.805 T:746966   debug <general>: ProcessMouse: trying mouse action wheeldown
2026-02-24 19:13:09.805 T:747025   debug <general>: Caching image '/home/rpeters1428/.kodi/addons/plugin.video.cumination/resources/images/bongacams.png' to '8/8350e293.png':
2026-02-24 19:13:09.805 T:747025   debug <general>: cached image 'special://masterprofile/Thumbnails/8/8350e293.png' size 256x256
2026-02-24 19:13:10.330 T:746966   debug <general>: ProcessMouse: trying mouse action wheeldown
2026-02-24 19:13:10.331 T:747025   debug <general>: Caching image '/home/rpeters1428/.kodi/addons/plugin.video.cumination/resources/images/cam4.png' to 'c/c07bfdfa.png':
2026-02-24 19:13:10.331 T:747025   debug <general>: cached image 'special://masterprofile/Thumbnails/c/c07bfdfa.png' size 256x256
2026-02-24 19:13:10.353 T:746966   debug <general>: ProcessMouse: trying mouse action wheeldown
2026-02-24 19:13:10.353 T:747025   debug <general>: Caching image '/home/rpeters1428/.kodi/addons/plugin.video.cumination/resources/images/camcaps.png' to '7/782c7d55.png':
2026-02-24 19:13:10.353 T:747025   debug <general>: cached image 'special://masterprofile/Thumbnails/7/782c7d55.png' size 256x256
2026-02-24 19:13:10.376 T:746966   debug <general>: ProcessMouse: trying mouse action wheeldown
2026-02-24 19:13:10.377 T:747025   debug <general>: Caching image '/home/rpeters1428/.kodi/addons/plugin.video.cumination/resources/images/camsoda.png' to 'c/cad6f268.png':
2026-02-24 19:13:10.377 T:747025   debug <general>: cached image 'special://masterprofile/Thumbnails/c/cad6f268.png' size 256x256
2026-02-24 19:13:10.399 T:746966   debug <general>: ProcessMouse: trying mouse action wheeldown
2026-02-24 19:13:10.399 T:747025   debug <general>: Caching image '/home/rpeters1428/.kodi/addons/plugin.video.cumination/resources/images/camwhoresbay.png' to 'b/b353f4dc.png':
2026-02-24 19:13:10.399 T:747025   debug <general>: cached image 'special://masterprofile/Thumbnails/b/b353f4dc.png' size 256x256
2026-02-24 19:13:10.439 T:746966   debug <general>: ProcessMouse: trying mouse action wheeldown
2026-02-24 19:13:10.439 T:747025   debug <general>: Caching image '/home/rpeters1428/.kodi/addons/plugin.video.cumination/resources/images/celebsroulette.png' to '6/6d3cef1a.png':
2026-02-24 19:13:10.439 T:747025   debug <general>: cached image 'special://masterprofile/Thumbnails/6/6d3cef1a.png' size 256x256
2026-02-24 19:13:10.600 T:747010   debug <general>: Presentation: Frame was discarded by compositor
2026-02-24 19:13:10.999 T:746966   debug <general>: Skipped 2 duplicate messages..
2026-02-24 19:13:10.999 T:746966   debug <general>: ProcessMouse: trying mouse action wheeldown
2026-02-24 19:13:11.000 T:747017   debug <general>: Caching image '/home/rpeters1428/.kodi/addons/plugin.video.cumination/resources/images/chaturbate.png' to '3/32603a72.png':
2026-02-24 19:13:11.000 T:747017   debug <general>: cached image 'special://masterprofile/Thumbnails/3/32603a72.png' size 256x256
2026-02-24 19:13:11.050 T:746966   debug <general>: ProcessMouse: trying mouse action wheeldown
2026-02-24 19:13:11.051 T:747025   debug <general>: Caching image '/home/rpeters1428/.kodi/addons/plugin.video.cumination/resources/images/cumlouder.png' to '8/859d2bd5.png':
2026-02-24 19:13:11.051 T:747025   debug <general>: cached image 'special://masterprofile/Thumbnails/8/859d2bd5.png' size 256x256
2026-02-24 19:13:11.936 T:746966   debug <general>: ProcessMouse: trying mouse action leftclick
2026-02-24 19:13:11.937 T:746966   debug <general>: CGUIMediaWindow::GetDirectory (plugin://plugin.video.cumination/?channel=None&keyword&mode=cumlouder.Main&name=%5bCOLOR%20hotpink%5dCum%20Louder%5b%2fCOLOR%5d&page=None&section=None&url=https%3a%2f%2fwww.cumlouder.com%2f)
2026-02-24 19:13:11.937 T:746966   debug <general>:   ParentPath = [plugin://plugin.video.cumination/?channel=None&keyword&mode=main.site_list&name=%5bCOLOR%20white%5dSites%5b%2fCOLOR%5d&page&section=None&url]
2026-02-24 19:13:11.937 T:747168   debug <general>: Thread waiting start, auto delete: false
2026-02-24 19:13:11.941 T:747025   debug <general>: CAddonDatabase::SetLastUsed[plugin.video.cumination] took 4 ms
2026-02-24 19:13:11.941 T:747168   debug <general>: CScriptRunner: running add-on script Cumination('plugin://plugin.video.cumination/', '3', '?channel=None&keyword&mode=cumlouder.Main&name=%5bCOLOR%20hotpink%5dCum%20Louder%5b%2fCOLOR%5d&page=None&section=None&url=https%3a%2f%2fwww.cumlouder.com%2f')
2026-02-24 19:13:11.941 T:747169   debug <general>: Thread LanguageInvoker start, auto delete: false
2026-02-24 19:13:11.941 T:747169   debug <general>: initializing python engine.
2026-02-24 19:13:11.942 T:747169   debug <general>: CPythonInvoker(4, /home/rpeters1428/.kodi/addons/plugin.video.cumination/default.py): start processing
2026-02-24 19:13:11.947 T:747169   debug <general>: -->Python Interpreter Initialized<--
2026-02-24 19:13:11.947 T:747169   debug <general>: 
                                                   
2026-02-24 19:13:11.947 T:747169   debug <general>: CPythonInvoker(4, /home/rpeters1428/.kodi/addons/plugin.video.cumination/default.py): the source file to load is "/home/rpeters1428/.kodi/addons/plugin.video.cumination/default.py"
2026-02-24 19:13:11.947 T:747169   debug <general>: CPythonInvoker(4): full python path:
2026-02-24 19:13:11.947 T:747169   debug <general>: CPythonInvoker(4):   custom python path:
2026-02-24 19:13:11.947 T:747169   debug <general>: CPythonInvoker(4):     /home/rpeters1428/.kodi/addons/plugin.video.cumination
2026-02-24 19:13:11.947 T:747169   debug <general>: CPythonInvoker(4):     /home/rpeters1428/.kodi/addons/script.common.plugin.cache/resources/lib/storage_server/
2026-02-24 19:13:11.947 T:747169   debug <general>: CPythonInvoker(4):     /home/rpeters1428/.kodi/addons/script.module.beautifulsoup4/lib
2026-02-24 19:13:11.947 T:747169   debug <general>: CPythonInvoker(4):     /home/rpeters1428/.kodi/addons/script.module.certifi/lib
2026-02-24 19:13:11.947 T:747169   debug <general>: CPythonInvoker(4):     /home/rpeters1428/.kodi/addons/script.module.chardet/lib
2026-02-24 19:13:11.947 T:747169   debug <general>: CPythonInvoker(4):     /home/rpeters1428/.kodi/addons/script.module.idna/lib
2026-02-24 19:13:11.947 T:747169   debug <general>: CPythonInvoker(4):     /home/rpeters1428/.kodi/addons/script.module.inputstreamhelper/lib
2026-02-24 19:13:11.947 T:747169   debug <general>: CPythonInvoker(4):     /home/rpeters1428/.kodi/addons/script.module.kodi-six/libs
2026-02-24 19:13:11.947 T:747169   debug <general>: CPythonInvoker(4):     /home/rpeters1428/.kodi/addons/script.module.requests/lib
2026-02-24 19:13:11.947 T:747169   debug <general>: CPythonInvoker(4):     /home/rpeters1428/.kodi/addons/script.module.resolveurl.xxx/lib
2026-02-24 19:13:11.947 T:747169   debug <general>: CPythonInvoker(4):     /home/rpeters1428/.kodi/addons/script.module.resolveurl/lib
2026-02-24 19:13:11.947 T:747169   debug <general>: CPythonInvoker(4):     /home/rpeters1428/.kodi/addons/script.module.six/lib
2026-02-24 19:13:11.947 T:747169   debug <general>: CPythonInvoker(4):     /home/rpeters1428/.kodi/addons/script.module.soupsieve/lib
2026-02-24 19:13:11.947 T:747169   debug <general>: CPythonInvoker(4):     /home/rpeters1428/.kodi/addons/script.module.urllib3/lib
2026-02-24 19:13:11.947 T:747169   debug <general>: CPythonInvoker(4):     /home/rpeters1428/.kodi/addons/script.module.websocket/lib
2026-02-24 19:13:11.947 T:747169   debug <general>: CPythonInvoker(4):   default python path:
2026-02-24 19:13:11.947 T:747169   debug <general>: CPythonInvoker(4):     /usr/lib/python314.zip
2026-02-24 19:13:11.947 T:747169   debug <general>: CPythonInvoker(4):     /usr/lib/python3.14
2026-02-24 19:13:11.947 T:747169   debug <general>: CPythonInvoker(4):     /usr/lib/python3.14/lib-dynload
2026-02-24 19:13:11.947 T:747169   debug <general>: CPythonInvoker(4):     /usr/lib/python3.14/site-packages
2026-02-24 19:13:11.947 T:747169   debug <general>: CPythonInvoker(4): adding args:
2026-02-24 19:13:11.947 T:747169   debug <general>: CPythonInvoker(4):  plugin://plugin.video.cumination/
2026-02-24 19:13:11.947 T:747169   debug <general>: CPythonInvoker(4):  3
2026-02-24 19:13:11.947 T:747169   debug <general>: CPythonInvoker(4):  ?channel=None&keyword&mode=cumlouder.Main&name=%5bCOLOR%20hotpink%5dCum%20Louder%5b%2fCOLOR%5d&page=None&section=None&url=https%3a%2f%2fwww.cumlouder.com%2f
2026-02-24 19:13:11.947 T:747169   debug <general>: CPythonInvoker(4):  resume:false
2026-02-24 19:13:11.947 T:747169   debug <general>: CPythonInvoker(4, /home/rpeters1428/.kodi/addons/plugin.video.cumination/default.py): entering source directory /home/rpeters1428/.kodi/addons/plugin.video.cumination
2026-02-24 19:13:11.947 T:747169   debug <general>: CPythonInvoker(4, /home/rpeters1428/.kodi/addons/plugin.video.cumination/default.py): instantiating addon using automatically obtained id of "plugin.video.cumination" dependent on version 3.0.0 of the xbmc.python api
2026-02-24 19:13:11.967 T:747169   debug <CAddonSettings[0@plugin.video.cumination]>: trying to load setting definitions from old format...
2026-02-24 19:13:11.967 T:747169   debug <CSettingsManager>: requested setting (changelog_seen_version) was not found.
2026-02-24 19:13:11.967 T:747169   debug <CSettingsManager>: requested setting (cuminationage) was not found.
2026-02-24 19:13:11.967 T:747169   debug <CSettingsManager>: requested setting (current_ua) was not found.
2026-02-24 19:13:11.967 T:747169   debug <CSettingsManager>: requested setting (last_ua_create) was not found.
2026-02-24 19:13:11.984 T:747169   debug <CSettingsManager>: requested setting (tahlogged) was not found.
2026-02-24 19:13:11.995 T:747169   debug <CSettingsManager>: requested setting (spankbang_quality) was not found.
2026-02-24 19:13:11.995 T:747169   debug <CSettingsManager>: requested setting (spankbang_length) was not found.
2026-02-24 19:13:11.995 T:747169   debug <CSettingsManager>: requested setting (htvlogged) was not found.
2026-02-24 19:13:12.024 T:747169   debug <CSettingsManager>: requested setting (whlogged) was not found.
2026-02-24 19:13:12.026 T:747169   debug <CSettingsManager>: requested setting (xflogged) was not found.
2026-02-24 19:13:12.037 T:746966   debug <general>: ------ Window Init (DialogBusy.xml) ------
2026-02-24 19:13:12.039 T:747169   debug <CSettingsManager>: requested setting (cblogged) was not found.
2026-02-24 19:13:12.041 T:747169   debug <CSettingsManager>: requested setting (ptlogged) was not found.
2026-02-24 19:13:12.041 T:747169   debug <CSettingsManager>: requested setting (ptlength) was not found.
2026-02-24 19:13:12.041 T:747169   debug <CSettingsManager>: requested setting (jblogged) was not found.
2026-02-24 19:13:12.045 T:747169   debug <CSettingsManager>: requested setting (pincode) was not found.
2026-02-24 19:13:12.045 T:747169   debug <CSettingsManager>: requested setting (logintime) was not found.
2026-02-24 19:13:12.846 T:747010   debug <general>: Presentation: Frame was discarded by compositor
2026-02-24 19:13:13.978 T:747169   debug <CSettingsManager>: Skipped 1 duplicate messages..
2026-02-24 19:13:13.978 T:747169   debug <CSettingsManager>: requested setting (favorder) was not found.
2026-02-24 19:13:14.059 T:747169   debug <general>: Skipped 29 duplicate messages..
2026-02-24 19:13:14.059 T:747169   debug <general>: CPythonInvoker(4, /home/rpeters1428/.kodi/addons/plugin.video.cumination/default.py): script aborted
2026-02-24 19:13:14.059 T:747169   debug <general>: onExecutionDone(4, /home/rpeters1428/.kodi/addons/plugin.video.cumination/default.py)
2026-02-24 19:13:14.059 T:747169   debug <general>: .
2026-02-24 19:13:14.060 T:747168   debug <general>: Skipped 2 duplicate messages..
2026-02-24 19:13:14.060 T:747168   debug <general>: Thread waiting 140192832812736 terminating
2026-02-24 19:13:14.078 T:747169   debug <general>: Python interpreter stopped
2026-02-24 19:13:14.078 T:747169   debug <general>: Thread LanguageInvoker 140193428399808 terminating
2026-02-24 19:13:14.106 T:746966   debug <general>: ------ Window Deinit (DialogBusy.xml) ------
2026-02-24 19:13:14.108 T:746966   debug <general>: Saving fileitems [plugin://plugin.video.cumination/?channel=None&keyword&mode=cumlouder.Main&name=%5bCOLOR%20hotpink%5dCum%20Louder%5b%2fCOLOR%5d&page=None&section=None&url=https%3a%2f%2fwww.cumlouder.com%2f]
2026-02-24 19:13:14.108 T:746966   debug <general>:   -- items: 36, sort method: 0, ascending: false
2026-02-24 19:13:14.109 T:747182   debug <general>: Thread BackgroundLoader start, auto delete: false
2026-02-24 19:13:14.110 T:746966   debug <general>: [threads] name: 'BackgroundLoader' priority: '1'
2026-02-24 19:13:14.111 T:747182   debug <general>: Thread BackgroundLoader 140192996320960 terminating
2026-02-24 19:13:14.831 T:747025   debug <general>: Caching image '/home/rpeters1428/.kodi/addons/plugin.video.cumination/resources/images/cum-cat.png' to '2/23a3be61.png':
2026-02-24 19:13:14.831 T:747025   debug <general>: cached image 'special://masterprofile/Thumbnails/2/23a3be61.png' size 512x512
2026-02-24 19:13:15.151 T:747017   debug <general>: Caching image '/home/rpeters1428/.kodi/addons/plugin.video.cumination/resources/images/cum-search.png' to '7/76450ac5.png':
2026-02-24 19:13:15.151 T:747017   debug <general>: cached image 'special://masterprofile/Thumbnails/7/76450ac5.png' size 512x512
2026-02-24 19:13:15.213 T:747025   debug <general>: easy_acquire - Created session to https://th0cdn.cumlouder.com
2026-02-24 19:13:15.629 T:747025   debug <general>: CCurlFile::GetMimeType - <https://th0cdn.cumlouder.com/941850b88500e28336d9b55673bf6eea/thumbnail_001.jpg> -> image/jpeg
2026-02-24 19:13:15.629 T:747025   debug <general>: CurlFile::Open - <https://th0cdn.cumlouder.com/941850b88500e28336d9b55673bf6eea/thumbnail_001.jpg>
2026-02-24 19:13:15.932 T:747025   debug <general>: Caching image 'https://th0cdn.cumlouder.com/941850b88500e28336d9b55673bf6eea/thumbnail_001.jpg' to 'd/d3a46ec8.jpg':
2026-02-24 19:13:15.932 T:747025   debug <general>: cached image 'special://masterprofile/Thumbnails/d/d3a46ec8.jpg' size 229x196
2026-02-24 19:13:16.075 T:746966   debug <general>: ProcessMouse: trying mouse action wheelup
2026-02-24 19:13:16.115 T:746966   debug <general>: ProcessMouse: trying mouse action wheeldown
2026-02-24 19:13:16.149 T:747016   debug <general>: Skipped 1 duplicate messages..
2026-02-24 19:13:16.149 T:747016   debug <general>: easy_acquire - Created session to https://th0cdn.cumlouder.com
2026-02-24 19:13:16.206 T:746966   debug <general>: ProcessMouse: trying mouse action wheeldown
2026-02-24 19:13:16.206 T:747017   debug <general>: easy_acquire - Created session to https://th0cdn.cumlouder.com
2026-02-24 19:13:16.408 T:747025   debug <general>: CCurlFile::GetMimeType - <https://th0cdn.cumlouder.com/4da07883551f7399b6ec3d5887445905/thumbnail_001.jpg> -> image/jpeg
2026-02-24 19:13:16.408 T:747025   debug <general>: CurlFile::Open - <https://th0cdn.cumlouder.com/4da07883551f7399b6ec3d5887445905/thumbnail_001.jpg>
2026-02-24 19:13:16.453 T:747016   debug <general>: CCurlFile::GetMimeType - <https://th0cdn.cumlouder.com/d2b22ccbb72f586ba49889075f455043/thumbnail_001.jpg> -> image/jpeg
2026-02-24 19:13:16.453 T:747016   debug <general>: CurlFile::Open - <https://th0cdn.cumlouder.com/d2b22ccbb72f586ba49889075f455043/thumbnail_001.jpg>
2026-02-24 19:13:16.504 T:747017   debug <general>: CCurlFile::GetMimeType - <https://th0cdn.cumlouder.com/2259080b343f6fa3fbe8ec27e2b942b5/thumbnail_001.jpg> -> image/jpeg
2026-02-24 19:13:16.505 T:747017   debug <general>: CurlFile::Open - <https://th0cdn.cumlouder.com/2259080b343f6fa3fbe8ec27e2b942b5/thumbnail_001.jpg>
2026-02-24 19:13:16.519 T:747025   debug <general>: Caching image 'https://th0cdn.cumlouder.com/4da07883551f7399b6ec3d5887445905/thumbnail_001.jpg' to 'f/fe7cc14b.jpg':
2026-02-24 19:13:16.519 T:747025   debug <general>: cached image 'special://masterprofile/Thumbnails/f/fe7cc14b.jpg' size 229x196
2026-02-24 19:13:16.749 T:747016   debug <general>: Caching image 'https://th0cdn.cumlouder.com/d2b22ccbb72f586ba49889075f455043/thumbnail_001.jpg' to 'd/d82048fd.jpg':
2026-02-24 19:13:16.749 T:747016   debug <general>: cached image 'special://masterprofile/Thumbnails/d/d82048fd.jpg' size 229x196
2026-02-24 19:13:16.813 T:747017   debug <general>: Caching image 'https://th0cdn.cumlouder.com/2259080b343f6fa3fbe8ec27e2b942b5/thumbnail_001.jpg' to '4/4927a8b7.jpg':
2026-02-24 19:13:16.813 T:747017   debug <general>: cached image 'special://masterprofile/Thumbnails/4/4927a8b7.jpg' size 229x196
2026-02-24 19:13:17.635 T:746966   debug <general>: ProcessMouse: trying mouse action wheeldown
2026-02-24 19:13:17.835 T:747205   debug <general>: Skipped 2 duplicate messages..
2026-02-24 19:13:17.835 T:747205   debug <general>: Thread JobWorker start, auto delete: true
2026-02-24 19:13:17.835 T:747205   debug <general>: [threads] name: 'JobWorker' priority: '1'
2026-02-24 19:13:17.835 T:747205   debug <general>: easy_acquire - Created session to https://th0cdn.cumlouder.com
2026-02-24 19:13:17.852 T:746966   debug <general>: ProcessMouse: trying mouse action wheeldown
2026-02-24 19:13:17.974 T:747025   debug <general>: Skipped 3 duplicate messages..
2026-02-24 19:13:17.974 T:747025   debug <general>: CCurlFile::GetMimeType - <https://th0cdn.cumlouder.com/b2b81cae42bd220ba345273bba0bb59e/thumbnail_001.jpg> -> image/jpeg
2026-02-24 19:13:17.974 T:747025   debug <general>: CurlFile::Open - <https://th0cdn.cumlouder.com/b2b81cae42bd220ba345273bba0bb59e/thumbnail_001.jpg>
2026-02-24 19:13:18.092 T:747025   debug <general>: Caching image 'https://th0cdn.cumlouder.com/b2b81cae42bd220ba345273bba0bb59e/thumbnail_001.jpg' to 'd/d11b7b90.jpg':
2026-02-24 19:13:18.092 T:747025   debug <general>: cached image 'special://masterprofile/Thumbnails/d/d11b7b90.jpg' size 229x196
2026-02-24 19:13:18.101 T:747016   debug <general>: CCurlFile::GetMimeType - <https://th0cdn.cumlouder.com/616eb4f7f3dbbde4f3ea4e49b2280cad/thumbnail_001.jpg> -> image/jpeg
2026-02-24 19:13:18.101 T:747016   debug <general>: CurlFile::Open - <https://th0cdn.cumlouder.com/616eb4f7f3dbbde4f3ea4e49b2280cad/thumbnail_001.jpg>
2026-02-24 19:13:18.146 T:747017   debug <general>: CCurlFile::GetMimeType - <https://th0cdn.cumlouder.com/9c242c7700c06fabfd60756db57230f3/thumbnail_001.jpg> -> image/jpeg
2026-02-24 19:13:18.146 T:747017   debug <general>: CurlFile::Open - <https://th0cdn.cumlouder.com/9c242c7700c06fabfd60756db57230f3/thumbnail_001.jpg>
2026-02-24 19:13:18.164 T:747205   debug <general>: CCurlFile::GetMimeType - <https://th0cdn.cumlouder.com/8a178b59ce6e4344dc228df8bb28ac44/thumbnail_001.jpg> -> image/jpeg
2026-02-24 19:13:18.164 T:747205   debug <general>: CurlFile::Open - <https://th0cdn.cumlouder.com/8a178b59ce6e4344dc228df8bb28ac44/thumbnail_001.jpg>
2026-02-24 19:13:18.213 T:747016   debug <general>: Caching image 'https://th0cdn.cumlouder.com/616eb4f7f3dbbde4f3ea4e49b2280cad/thumbnail_001.jpg' to '3/335db058.jpg':
2026-02-24 19:13:18.213 T:747016   debug <general>: cached image 'special://masterprofile/Thumbnails/3/335db058.jpg' size 229x196
2026-02-24 19:13:18.268 T:747017   debug <general>: Caching image 'https://th0cdn.cumlouder.com/9c242c7700c06fabfd60756db57230f3/thumbnail_001.jpg' to '6/6e047354.jpg':
2026-02-24 19:13:18.268 T:747017   debug <general>: cached image 'special://masterprofile/Thumbnails/6/6e047354.jpg' size 229x196
2026-02-24 19:13:18.431 T:747025   debug <general>: CCurlFile::GetMimeType - <https://th0cdn.cumlouder.com/03d613bcc118f713e4ce0c816577dd1d/thumbnail_001.jpg> -> image/jpeg
2026-02-24 19:13:18.431 T:747025   debug <general>: CurlFile::Open - <https://th0cdn.cumlouder.com/03d613bcc118f713e4ce0c816577dd1d/thumbnail_001.jpg>
2026-02-24 19:13:18.491 T:747205   debug <general>: Caching image 'https://th0cdn.cumlouder.com/8a178b59ce6e4344dc228df8bb28ac44/thumbnail_001.jpg' to '2/2fd3131e.jpg':
2026-02-24 19:13:18.491 T:747205   debug <general>: cached image 'special://masterprofile/Thumbnails/2/2fd3131e.jpg' size 229x196
2026-02-24 19:13:18.568 T:747025   debug <general>: Caching image 'https://th0cdn.cumlouder.com/03d613bcc118f713e4ce0c816577dd1d/thumbnail_001.jpg' to 'd/d3091f04.jpg':
2026-02-24 19:13:18.568 T:747025   debug <general>: cached image 'special://masterprofile/Thumbnails/d/d3091f04.jpg' size 229x196
2026-02-24 19:13:18.704 T:746966   debug <general>: ProcessMouse: trying mouse action wheeldown
2026-02-24 19:13:19.065 T:747017   debug <general>: Skipped 5 duplicate messages..
2026-02-24 19:13:19.065 T:747017   debug <general>: CCurlFile::GetMimeType - <https://th0cdn.cumlouder.com/eed34ca41862cf471056042953696b78/thumbnail_001.jpg> -> image/jpeg
2026-02-24 19:13:19.065 T:747017   debug <general>: CurlFile::Open - <https://th0cdn.cumlouder.com/eed34ca41862cf471056042953696b78/thumbnail_001.jpg>
2026-02-24 19:13:19.144 T:746966   debug <general>: ProcessMouse: trying mouse action wheeldown
2026-02-24 19:13:19.189 T:747017   debug <general>: Caching image 'https://th0cdn.cumlouder.com/eed34ca41862cf471056042953696b78/thumbnail_001.jpg' to 'c/c31a7e5d.jpg':
2026-02-24 19:13:19.189 T:747017   debug <general>: cached image 'special://masterprofile/Thumbnails/c/c31a7e5d.jpg' size 229x196
2026-02-24 19:13:19.257 T:747205   debug <general>: CCurlFile::GetMimeType - <https://th0cdn.cumlouder.com/3f44d8d6b6e956241ff05bdddd0283a4/thumbnail_001.jpg> -> image/jpeg
2026-02-24 19:13:19.257 T:747205   debug <general>: CurlFile::Open - <https://th0cdn.cumlouder.com/3f44d8d6b6e956241ff05bdddd0283a4/thumbnail_001.jpg>
2026-02-24 19:13:19.317 T:747025   debug <general>: CCurlFile::GetMimeType - <https://th0cdn.cumlouder.com/03d81eddbea823b0b8e6739003c59c66/thumbnail_001.jpg> -> image/jpeg
2026-02-24 19:13:19.317 T:747025   debug <general>: CurlFile::Open - <https://th0cdn.cumlouder.com/03d81eddbea823b0b8e6739003c59c66/thumbnail_001.jpg>
2026-02-24 19:13:19.327 T:747016   debug <general>: CCurlFile::GetMimeType - <https://th0cdn.cumlouder.com/2d7feb74faaec128c28f99980da91276/thumbnail_001.jpg> -> image/jpeg
2026-02-24 19:13:19.327 T:747016   debug <general>: CurlFile::Open - <https://th0cdn.cumlouder.com/2d7feb74faaec128c28f99980da91276/thumbnail_001.jpg>
2026-02-24 19:13:19.389 T:747205   debug <general>: Caching image 'https://th0cdn.cumlouder.com/3f44d8d6b6e956241ff05bdddd0283a4/thumbnail_001.jpg' to '8/87816551.jpg':
2026-02-24 19:13:19.389 T:747205   debug <general>: cached image 'special://masterprofile/Thumbnails/8/87816551.jpg' size 229x196
2026-02-24 19:13:19.446 T:747025   debug <general>: Caching image 'https://th0cdn.cumlouder.com/03d81eddbea823b0b8e6739003c59c66/thumbnail_001.jpg' to '3/3cb831af.jpg':
2026-02-24 19:13:19.446 T:747025   debug <general>: cached image 'special://masterprofile/Thumbnails/3/3cb831af.jpg' size 229x196
2026-02-24 19:13:19.456 T:747016   debug <general>: Caching image 'https://th0cdn.cumlouder.com/2d7feb74faaec128c28f99980da91276/thumbnail_001.jpg' to '8/873b96a1.jpg':
2026-02-24 19:13:19.456 T:747016   debug <general>: cached image 'special://masterprofile/Thumbnails/8/873b96a1.jpg' size 229x196
2026-02-24 19:13:19.523 T:747017   debug <general>: CCurlFile::GetMimeType - <https://th0cdn.cumlouder.com/badd8b849944e3ac8296215beb349f54/thumbnail_001.jpg> -> image/jpeg
2026-02-24 19:13:19.523 T:747017   debug <general>: CurlFile::Open - <https://th0cdn.cumlouder.com/badd8b849944e3ac8296215beb349f54/thumbnail_001.jpg>
2026-02-24 19:13:19.625 T:747017   debug <general>: Caching image 'https://th0cdn.cumlouder.com/badd8b849944e3ac8296215beb349f54/thumbnail_001.jpg' to 'd/deefc482.jpg':
2026-02-24 19:13:19.625 T:747017   debug <general>: cached image 'special://masterprofile/Thumbnails/d/deefc482.jpg' size 229x196
2026-02-24 19:13:19.915 T:747010   debug <general>: Presentation: Frame was discarded by compositor
2026-02-24 19:13:20.052 T:746966   debug <general>: ProcessMouse: trying mouse action wheeldown
2026-02-24 19:13:20.281 T:747010   debug <general>: Skipped 6 duplicate messages..
2026-02-24 19:13:20.281 T:747010   debug <general>: Presentation: Frame was discarded by compositor
2026-02-24 19:13:20.326 T:747025   debug <general>: CCurlFile::GetMimeType - <https://th0cdn.cumlouder.com/83fba777c736fc022b9cb108666bf044/thumbnail_001.jpg> -> image/jpeg
2026-02-24 19:13:20.326 T:747025   debug <general>: CurlFile::Open - <https://th0cdn.cumlouder.com/83fba777c736fc022b9cb108666bf044/thumbnail_001.jpg>
2026-02-24 19:13:20.334 T:747205   debug <general>: CCurlFile::GetMimeType - <https://th0cdn.cumlouder.com/654cc17b905e3f044137981e69a4bf97/thumbnail_001.jpg> -> image/jpeg
2026-02-24 19:13:20.334 T:747205   debug <general>: CurlFile::Open - <https://th0cdn.cumlouder.com/654cc17b905e3f044137981e69a4bf97/thumbnail_001.jpg>
2026-02-24 19:13:20.364 T:747016   debug <general>: CCurlFile::GetMimeType - <https://th0cdn.cumlouder.com/b55f1671bcd3083bd48d10809685b4b6/thumbnail_001.jpg> -> image/jpeg
2026-02-24 19:13:20.364 T:747016   debug <general>: CurlFile::Open - <https://th0cdn.cumlouder.com/b55f1671bcd3083bd48d10809685b4b6/thumbnail_001.jpg>
2026-02-24 19:13:20.382 T:747017   debug <general>: CCurlFile::GetMimeType - <https://th0cdn.cumlouder.com/128fee275bd93f8ecbb9b5ae53ceca0f/thumbnail_001.jpg> -> image/jpeg
2026-02-24 19:13:20.382 T:747017   debug <general>: CurlFile::Open - <https://th0cdn.cumlouder.com/128fee275bd93f8ecbb9b5ae53ceca0f/thumbnail_001.jpg>
2026-02-24 19:13:20.428 T:747025   debug <general>: Caching image 'https://th0cdn.cumlouder.com/83fba777c736fc022b9cb108666bf044/thumbnail_001.jpg' to 'b/b9a247d5.jpg':
2026-02-24 19:13:20.428 T:747025   debug <general>: cached image 'special://masterprofile/Thumbnails/b/b9a247d5.jpg' size 229x196
2026-02-24 19:13:20.444 T:747205   debug <general>: Caching image 'https://th0cdn.cumlouder.com/654cc17b905e3f044137981e69a4bf97/thumbnail_001.jpg' to 'b/b5b908d3.jpg':
2026-02-24 19:13:20.444 T:747205   debug <general>: cached image 'special://masterprofile/Thumbnails/b/b5b908d3.jpg' size 229x196
2026-02-24 19:13:20.465 T:747016   debug <general>: Caching image 'https://th0cdn.cumlouder.com/b55f1671bcd3083bd48d10809685b4b6/thumbnail_001.jpg' to '1/10d3d7b7.jpg':
2026-02-24 19:13:20.465 T:747016   debug <general>: cached image 'special://masterprofile/Thumbnails/1/10d3d7b7.jpg' size 229x196
2026-02-24 19:13:20.482 T:747017   debug <general>: Caching image 'https://th0cdn.cumlouder.com/128fee275bd93f8ecbb9b5ae53ceca0f/thumbnail_001.jpg' to 'f/f88ad482.jpg':
2026-02-24 19:13:20.482 T:747017   debug <general>: cached image 'special://masterprofile/Thumbnails/f/f88ad482.jpg' size 229x196
2026-02-24 19:13:20.607 T:746966   debug <general>: ProcessMouse: trying mouse action wheelup
2026-02-24 19:13:20.711 T:747025   debug <general>: Skipped 6 duplicate messages..
2026-02-24 19:13:20.711 T:747025   debug <general>: CCurlFile::GetMimeType - <https://th0cdn.cumlouder.com/bf7756fd54a6dcb2d32f4672f08af1ea/thumbnail_001.jpg> -> image/jpeg
2026-02-24 19:13:20.711 T:747025   debug <general>: CurlFile::Open - <https://th0cdn.cumlouder.com/bf7756fd54a6dcb2d32f4672f08af1ea/thumbnail_001.jpg>
2026-02-24 19:13:20.722 T:746966   debug <general>: ProcessMouse: trying mouse action wheelup
2026-02-24 19:13:20.816 T:747025   debug <general>: Caching image 'https://th0cdn.cumlouder.com/bf7756fd54a6dcb2d32f4672f08af1ea/thumbnail_001.jpg' to '0/0bf12727.jpg':
2026-02-24 19:13:20.816 T:747025   debug <general>: cached image 'special://masterprofile/Thumbnails/0/0bf12727.jpg' size 229x196
2026-02-24 19:13:20.896 T:747017   debug <general>: CCurlFile::GetMimeType - <https://th0cdn.cumlouder.com/25f416338ed598da7c7c28b7f9f92c09/thumbnail_001.jpg> -> image/jpeg
2026-02-24 19:13:20.896 T:747017   debug <general>: CurlFile::Open - <https://th0cdn.cumlouder.com/25f416338ed598da7c7c28b7f9f92c09/thumbnail_001.jpg>
2026-02-24 19:13:20.909 T:747205   debug <general>: CCurlFile::GetMimeType - <https://th0cdn.cumlouder.com/2d5fb1ecd865bff5dd1b6afd6da8d2a4/thumbnail_001.jpg> -> image/jpeg
2026-02-24 19:13:20.909 T:747205   debug <general>: CurlFile::Open - <https://th0cdn.cumlouder.com/2d5fb1ecd865bff5dd1b6afd6da8d2a4/thumbnail_001.jpg>
2026-02-24 19:13:20.992 T:747016   debug <general>: CCurlFile::GetMimeType - <https://th0cdn.cumlouder.com/f0d7c180ff521deeb0b535c200c6229e/thumbnail_001.jpg> -> image/jpeg
2026-02-24 19:13:20.992 T:747016   debug <general>: CurlFile::Open - <https://th0cdn.cumlouder.com/f0d7c180ff521deeb0b535c200c6229e/thumbnail_001.jpg>
2026-02-24 19:13:21.003 T:747017   debug <general>: Caching image 'https://th0cdn.cumlouder.com/25f416338ed598da7c7c28b7f9f92c09/thumbnail_001.jpg' to 'c/c5d44d39.jpg':
2026-02-24 19:13:21.003 T:747017   debug <general>: cached image 'special://masterprofile/Thumbnails/c/c5d44d39.jpg' size 229x196
2026-02-24 19:13:21.012 T:747205   debug <general>: Caching image 'https://th0cdn.cumlouder.com/2d5fb1ecd865bff5dd1b6afd6da8d2a4/thumbnail_001.jpg' to '4/45736b5a.jpg':
2026-02-24 19:13:21.012 T:747205   debug <general>: cached image 'special://masterprofile/Thumbnails/4/45736b5a.jpg' size 229x196
2026-02-24 19:13:21.099 T:747016   debug <general>: Caching image 'https://th0cdn.cumlouder.com/f0d7c180ff521deeb0b535c200c6229e/thumbnail_001.jpg' to '9/97112abc.jpg':
2026-02-24 19:13:21.099 T:747016   debug <general>: cached image 'special://masterprofile/Thumbnails/9/97112abc.jpg' size 229x196
2026-02-24 19:13:21.144 T:746966   debug <general>: ProcessMouse: trying mouse action wheelup
2026-02-24 19:13:21.438 T:747205   debug <general>: Skipped 8 duplicate messages..
2026-02-24 19:13:21.438 T:747205   debug <general>: CCurlFile::GetMimeType - <https://th0cdn.cumlouder.com/bca7a1206e7145217489564f42c8e5e6/thumbnail_001.jpg> -> image/jpeg
2026-02-24 19:13:21.438 T:747205   debug <general>: CurlFile::Open - <https://th0cdn.cumlouder.com/bca7a1206e7145217489564f42c8e5e6/thumbnail_001.jpg>
2026-02-24 19:13:21.500 T:747016   debug <general>: CCurlFile::GetMimeType - <https://th0cdn.cumlouder.com/41b250a242f01fe56044ad5aa71fb2ff/thumbnail_001.jpg> -> image/jpeg
2026-02-24 19:13:21.500 T:747016   debug <general>: CurlFile::Open - <https://th0cdn.cumlouder.com/41b250a242f01fe56044ad5aa71fb2ff/thumbnail_001.jpg>
2026-02-24 19:13:21.514 T:747025   debug <general>: CCurlFile::GetMimeType - <https://th0cdn.cumlouder.com/ae49f92cc9b24bc07c7f686f8444b61d/thumbnail_001.jpg> -> image/jpeg
2026-02-24 19:13:21.514 T:747025   debug <general>: CurlFile::Open - <https://th0cdn.cumlouder.com/ae49f92cc9b24bc07c7f686f8444b61d/thumbnail_001.jpg>
2026-02-24 19:13:21.552 T:747205   debug <general>: Caching image 'https://th0cdn.cumlouder.com/bca7a1206e7145217489564f42c8e5e6/thumbnail_001.jpg' to '1/1ea7eb27.jpg':
2026-02-24 19:13:21.552 T:747205   debug <general>: cached image 'special://masterprofile/Thumbnails/1/1ea7eb27.jpg' size 229x196
2026-02-24 19:13:21.596 T:746966   debug <general>: ProcessMouse: trying mouse action wheelup
2026-02-24 19:13:21.605 T:747016   debug <general>: Caching image 'https://th0cdn.cumlouder.com/41b250a242f01fe56044ad5aa71fb2ff/thumbnail_001.jpg' to '6/68d568d7.jpg':
2026-02-24 19:13:21.605 T:747016   debug <general>: cached image 'special://masterprofile/Thumbnails/6/68d568d7.jpg' size 229x196
2026-02-24 19:13:21.612 T:747025   debug <general>: Caching image 'https://th0cdn.cumlouder.com/ae49f92cc9b24bc07c7f686f8444b61d/thumbnail_001.jpg' to '0/0772ac56.jpg':
2026-02-24 19:13:21.612 T:747025   debug <general>: cached image 'special://masterprofile/Thumbnails/0/0772ac56.jpg' size 229x196
2026-02-24 19:13:21.613 T:746966   debug <general>: ProcessMouse: trying mouse action wheelup
2026-02-24 19:13:22.991 T:747010   debug <general>: Skipped 14 duplicate messages..
2026-02-24 19:13:22.991 T:747010   debug <general>: Presentation: Frame was discarded by compositor
2026-02-24 19:13:25.752 T:746966   debug <general>: Skipped 4 duplicate messages..
2026-02-24 19:13:25.752 T:746966   debug <general>: ProcessMouse: trying mouse action leftclick
2026-02-24 19:13:25.752 T:746966   debug <general>: CScriptRunner: running add-on script Cumination('plugin://plugin.video.cumination/', '-1', '?url=https%3A%2F%2Fwww.cumlouder.com%2Fporn-video%2Flatina-eliza-ibarra-is-on-the-menu-today-so-she-servers-herself-hot-and-wet%2F&mode=cumlouder.Playvid&name=')
2026-02-24 19:13:25.752 T:747291   debug <general>: Thread LanguageInvoker start, auto delete: false
2026-02-24 19:13:25.752 T:747291   debug <general>: initializing python engine.
2026-02-24 19:13:25.752 T:747291   debug <general>: CPythonInvoker(5, /home/rpeters1428/.kodi/addons/plugin.video.cumination/default.py): start processing
2026-02-24 19:13:25.756 T:747291   debug <general>: -->Python Interpreter Initialized<--
2026-02-24 19:13:25.756 T:747291   debug <general>: 
                                                   
2026-02-24 19:13:25.756 T:747291   debug <general>: CPythonInvoker(5, /home/rpeters1428/.kodi/addons/plugin.video.cumination/default.py): the source file to load is "/home/rpeters1428/.kodi/addons/plugin.video.cumination/default.py"
