2026-02-27 21:56:55.723 T:7376    debug <general>: AddOnLog: inputstream.adaptive: [Repr. chooser] Selected representation
                                                   ID  (Bandwidth: 0 bit/s, Resolution: 0x0)
2026-02-27 21:56:55.723 T:7376    debug <general>: AddOnLog: inputstream.adaptive: Created AdaptiveStream [AS-0] with adaptation set ID: "", stream type: video
2026-02-27 21:56:55.723 T:7376    debug <general>: AddOnLog: inputstream.adaptive: Created AdaptiveStream [AS-1] with adaptation set ID: "", stream type: audio
2026-02-27 21:56:55.723 T:7376    debug <general>: AddOnLog: inputstream.adaptive: GetCapabilities()
2026-02-27 21:56:55.723 T:7376     info <general>: Creating Demuxer
2026-02-27 21:56:55.723 T:7376    debug <general>: AddOnLog: inputstream.adaptive: GetStreamIds()
2026-02-27 21:56:55.723 T:7376    debug <general>: AddOnLog: inputstream.adaptive: GetStream(1001)
2026-02-27 21:56:55.723 T:7376    debug <general>: AddOnLog: inputstream.adaptive: GetStream(1002)
2026-02-27 21:56:55.723 T:7376    debug <general>: CDVDDemuxClient::RequestStream(): added/updated stream 1001 with codec_id 27
2026-02-27 21:56:55.723 T:7376    debug <general>: CDVDDemuxClient::RequestStream(): added/updated stream 1002 with codec_id 86018
2026-02-27 21:56:55.723 T:7376     info <general>: Opening stream: 1001 source: 256
2026-02-27 21:56:55.723 T:7376    debug <general>: AddOnLog: inputstream.adaptive: OpenStream(1001)
2026-02-27 21:56:55.724 T:7376    debug <general>: CurlFile::XFILE::CCurlFile::Open - <https://media-hls.doppiocdn.com/b-hls-31/181322331/181322331_480p.m3u8?psch=v2&pkey=Ook7quaiNgiyuhai>
2026-02-27 21:56:55.753 T:13148   debug <general>: ------ Window Deinit (DialogConfirm.xml) ------
2026-02-27 21:56:55.771 T:7376    debug <general>: AddOnLog: inputstream.adaptive: Download finished: https://media-hls.doppiocdn.com/b-hls-31/181322331/181322331_480p.m3u8?psch=v2&pkey=Ook7quaiNgiyuhai (downloaded 1046 byte, speed 8978.00 byte/s)
2026-02-27 21:56:55.772 T:7376    debug <general>: CurlFile::XFILE::CCurlFile::Open - <https://media-hls.doppiocdn.com/b-hls-31/181322331/181322331_480p_h264_init_hC4T0YmmDKCKHSIb.mp4?User-Agent=Mozilla%2F5.0%20%28Windows%20NT%206.2%3B%20Win64%3B%20x64%29%20AppleWebKit%2F537.36%20%28KHTML%2C%20like%20Gecko%29%20Chrome%2F115.0.0.0%20Safari%2F537.36&Origin=https%3A%2F%2Fstripchat.com&Referer=https%3A%2F%2Fstripchat.com%2FEva_kinkystudent&Accept=application%2Fx-mpegURL&Accept-Language=en-US%2Cen%3Bq%3D0.9>
2026-02-27 21:56:55.983 T:7376    debug <general>: AddOnLog: inputstream.adaptive: [AS-0] Download finished: https://media-hls.doppiocdn.com/b-hls-31/181322331/181322331_480p_h264_init_hC4T0YmmDKCKHSIb.mp4?User-Agent=Mozilla%2F5.0%20%28Windows%20NT%206.2%3B%20Win64%3B%20x64%29%20AppleWebKit%2F537.36%20%28KHTML%2C%20like%20Gecko%29%20Chrome%2F115.0.0.0%20Safari%2F537.36&Origin=https%3A%2F%2Fstripchat.com&Referer=https%3A%2F%2Fstripchat.com%2FEva_kinkystudent&Accept=application%2Fx-mpegURL&Accept-Language=en-US%2Cen%3Bq%3D0.9 (downloaded 1236 byte, speed 5857.00 byte/s)
2026-02-27 21:56:55.984 T:7376    debug <general>: AddOnLog: inputstream.adaptive: CFragmentedSampleReader::UpdateSampleDescription: Codec fourcc: avc1 (1635148593)
2026-02-27 21:56:55.984 T:7376    debug <general>: AddOnLog: inputstream.adaptive: GetStream(1001)
2026-02-27 21:56:55.984 T:7376    debug <general>: CDVDDemuxClient::RequestStream(): added/updated stream 1001 with codec_id 27
2026-02-27 21:56:55.984 T:7376     info <general>: Creating video codec with codec id: 27
2026-02-27 21:56:55.984 T:7376     info <general>: CDVDVideoCodecFFmpeg::Open() Using codec: H.264 / AVC / MPEG-4 AVC / MPEG-4 part 10
2026-02-27 21:56:55.984 T:7376    debug <general>: CDVDVideoCodecFFmpeg - Updated codec: ff-h264
2026-02-27 21:56:55.984 T:7376    debug <general>: CVideoPlayerVideo::OpenStream - open stream with codec id: 27
2026-02-27 21:56:55.984 T:7376     info <general>: Creating video thread
2026-02-27 21:56:55.984 T:21056   debug <general>: Thread VideoPlayerVideo start, auto delete: false
2026-02-27 21:56:55.984 T:21056    info <general>: running thread: video_thread
2026-02-27 21:56:55.984 T:21056   debug <general>: CVideoPlayerVideo - CDVDMsg::GENERAL_PAUSE: false
2026-02-27 21:56:55.985 T:7376     info <general>: Opening stream: 1002 source: 256
2026-02-27 21:56:55.985 T:7376    debug <general>: AddOnLog: inputstream.adaptive: OpenStream(1002)
2026-02-27 21:56:55.985 T:7376    debug <general>: AddOnLog: inputstream.adaptive: GetStream(1002)
2026-02-27 21:56:55.985 T:7376     info <general>: Finding audio codec for: 86018
2026-02-27 21:56:55.985 T:7376     info <general>: CDVDAudioCodecFFmpeg::Open() Successful opened audio decoder aac
2026-02-27 21:56:55.985 T:7376     info <general>: CVideoPlayerAudio::OpenStream: Allowing max Out-Of-Sync Value of 50 ms
2026-02-27 21:56:55.985 T:7376     info <general>: Creating audio thread
2026-02-27 21:56:55.986 T:19800   debug <general>: Thread VideoPlayerAudio start, auto delete: false
2026-02-27 21:56:55.986 T:19800    info <general>: running thread: CVideoPlayerAudio::Process()
2026-02-27 21:56:55.986 T:19800   debug <general>: CVideoPlayerAudio - CDVDMsg::GENERAL_PAUSE: false
2026-02-27 21:56:55.986 T:7376    debug <general>: CVideoPlayer::SetCaching - caching state 2
2026-02-27 21:56:55.986 T:7376    debug <general>: CDVDClock::SetSpeedAdjust - adjusted:0.000000
2026-02-27 21:56:55.986 T:7376    debug <general>: CVideoPlayer::HandleMessages - player 2 reported state: 0
2026-02-27 21:56:55.986 T:7376    debug <general>: CVideoPlayer::HandleMessages - player 1 reported state: 0
2026-02-27 21:56:55.986 T:16256   debug <general>: CApplicationPlayerCallback::OnAVChange: CApplication::OnAVChange
2026-02-27 21:56:55.986 T:7376    debug <general>: CDVDClock::SetSpeedAdjust - adjusted:-0.050000
2026-02-27 21:56:55.986 T:3744    debug <general>: CurlFile::XFILE::CCurlFile::Open - <https://media-hls.doppiocdn.com/b-hls-31/media.mp4?User-Agent=Mozilla%2F5.0%20%28Windows%20NT%206.2%3B%20Win64%3B%20x64%29%20AppleWebKit%2F537.36%20%28KHTML%2C%20like%20Gecko%29%20Chrome%2F115.0.0.0%20Safari%2F537.36&Origin=https%3A%2F%2Fstripchat.com&Referer=https%3A%2F%2Fstripchat.com%2FEva_kinkystudent&Accept=application%2Fx-mpegURL&Accept-Language=en-US%2Cen%3Bq%3D0.9>
2026-02-27 21:56:55.996 T:19800   debug <general>: CDVDAudio::Pause - pausing audio stream
2026-02-27 21:56:56.189 T:3744    error <general>: AddOnLog: inputstream.adaptive: [AS-0] Download failed, HTTP error 404: https://media-hls.doppiocdn.com/b-hls-31/media.mp4?User-Agent=Mozilla%2F5.0%20%28Windows%20NT%206.2%3B%20Win64%3B%20x64%29%20AppleWebKit%2F537.36%20%28KHTML%2C%20like%20Gecko%29%20Chrome%2F115.0.0.0%20Safari%2F537.36&Origin=https%3A%2F%2Fstripchat.com&Referer=https%3A%2F%2Fstripchat.com%2FEva_kinkystudent&Accept=application%2Fx-mpegURL&Accept-Language=en-US%2Cen%3Bq%3D0.9
2026-02-27 21:56:57.063 T:12464   debug <general>: CAESinkDirectSound::Deinitialize: Cleaning up
2026-02-27 21:56:57.067 T:21020   debug <general>: CMMNotificationClient::OnPropertyValueChanged: Changed device property of {0.0.0.00000000}.{08125949-2fdf-42e8-aaf3-21678eb821d7} is (c4f6b0fa-fd32-4c99-8050-8f8a193a7e48)#3
2026-02-27 21:56:57.069 T:8332    debug <general>: CMMNotificationClient::OnPropertyValueChanged: Changed device property of {0.0.0.00000000}.{7b2f6964-c02b-4081-8289-f1038cf5670e} is (c4f6b0fa-fd32-4c99-8050-8f8a193a7e48)#3
2026-02-27 21:56:57.071 T:8332    debug <general>: CMMNotificationClient::OnPropertyValueChanged: Changed device property of {0.0.1.00000000}.{9ca1d704-2f16-47f2-a138-bb41a82b99b3} is (c4f6b0fa-fd32-4c99-8050-8f8a193a7e48)#3
2026-02-27 21:56:57.072 T:21020    info <general>: Skipped 1 duplicate messages..
2026-02-27 21:56:57.072 T:21020   debug <general>: CMMNotificationClient::OnPropertyValueChanged: Changed device property of {0.0.1.00000000}.{c055fb43-ba26-4af8-b0ef-98351433ea11} is (c4f6b0fa-fd32-4c99-8050-8f8a193a7e48)#3
2026-02-27 21:56:57.190 T:3744     info <general>: Skipped 1 duplicate messages..
2026-02-27 21:56:57.190 T:3744  warning <general>: AddOnLog: inputstream.adaptive: [AS-0] Segment download failed, attempt 2...
2026-02-27 21:56:57.190 T:3744    debug <general>: CurlFile::XFILE::CCurlFile::Open - <https://media-hls.doppiocdn.com/b-hls-31/media.mp4?User-Agent=Mozilla%2F5.0%20%28Windows%20NT%206.2%3B%20Win64%3B%20x64%29%20AppleWebKit%2F537.36%20%28KHTML%2C%20like%20Gecko%29%20Chrome%2F115.0.0.0%20Safari%2F537.36&Origin=https%3A%2F%2Fstripchat.com&Referer=https%3A%2F%2Fstripchat.com%2FEva_kinkystudent&Accept=application%2Fx-mpegURL&Accept-Language=en-US%2Cen%3Bq%3D0.9>
2026-02-27 21:56:57.237 T:3744    error <general>: AddOnLog: inputstream.adaptive: [AS-0] Download failed, HTTP error 404: https://media-hls.doppiocdn.com/b-hls-31/media.mp4?User-Agent=Mozilla%2F5.0%20%28Windows%20NT%206.2%3B%20Win64%3B%20x64%29%20AppleWebKit%2F537.36%20%28KHTML%2C%20like%20Gecko%29%20Chrome%2F115.0.0.0%20Safari%2F537.36&Origin=https%3A%2F%2Fstripchat.com&Referer=https%3A%2F%2Fstripchat.com%2FEva_kinkystudent&Accept=application%2Fx-mpegURL&Accept-Language=en-US%2Cen%3Bq%3D0.9
2026-02-27 21:56:57.386 T:21020   debug <general>: CMMNotificationClient::OnPropertyValueChanged: Changed device property of {0.0.1.00000000}.{9ca1d704-2f16-47f2-a138-bb41a82b99b3} is (1e99d4a8-6f5d-4170-a207-ae86976df3f6)#0
2026-02-27 21:56:57.388 T:3180     info <general>: Skipped 1 duplicate messages..
2026-02-27 21:56:57.388 T:3180    debug <general>: CMMNotificationClient::OnPropertyValueChanged: Changed device property of {0.0.1.00000000}.{c055fb43-ba26-4af8-b0ef-98351433ea11} is (1e99d4a8-6f5d-4170-a207-ae86976df3f6)#0
2026-02-27 21:56:57.772 T:7380     info <general>: Skipped 1 duplicate messages..
2026-02-27 21:56:57.772 T:7380    debug <general>: CurlFile::XFILE::CCurlFile::Open - <https://media-hls.doppiocdn.com/b-hls-31/181322331/181322331_480p.m3u8?psch=v2&pkey=Ook7quaiNgiyuhai>
2026-02-27 21:56:57.976 T:7380    debug <general>: AddOnLog: inputstream.adaptive: Download finished: https://media-hls.doppiocdn.com/b-hls-31/181322331/181322331_480p.m3u8?psch=v2&pkey=Ook7quaiNgiyuhai (downloaded 1046 byte, speed 1990.00 byte/s)
2026-02-27 21:56:58.238 T:3744  warning <general>: AddOnLog: inputstream.adaptive: [AS-0] Segment download failed, attempt 3...
2026-02-27 21:56:58.239 T:3744    debug <general>: CurlFile::XFILE::CCurlFile::Open - <https://media-hls.doppiocdn.com/b-hls-31/media.mp4?User-Agent=Mozilla%2F5.0%20%28Windows%20NT%206.2%3B%20Win64%3B%20x64%29%20AppleWebKit%2F537.36%20%28KHTML%2C%20like%20Gecko%29%20Chrome%2F115.0.0.0%20Safari%2F537.36&Origin=https%3A%2F%2Fstripchat.com&Referer=https%3A%2F%2Fstripchat.com%2FEva_kinkystudent&Accept=application%2Fx-mpegURL&Accept-Language=en-US%2Cen%3Bq%3D0.9>
2026-02-27 21:56:58.277 T:3744    error <general>: AddOnLog: inputstream.adaptive: [AS-0] Download failed, HTTP error 404: https://media-hls.doppiocdn.com/b-hls-31/media.mp4?User-Agent=Mozilla%2F5.0%20%28Windows%20NT%206.2%3B%20Win64%3B%20x64%29%20AppleWebKit%2F537.36%20%28KHTML%2C%20like%20Gecko%29%20Chrome%2F115.0.0.0%20Safari%2F537.36&Origin=https%3A%2F%2Fstripchat.com&Referer=https%3A%2F%2Fstripchat.com%2FEva_kinkystudent&Accept=application%2Fx-mpegURL&Accept-Language=en-US%2Cen%3Bq%3D0.9
2026-02-27 21:56:59.277 T:3744  warning <general>: AddOnLog: inputstream.adaptive: [AS-0] Segment download failed, attempt 4...
2026-02-27 21:56:59.278 T:3744    debug <general>: CurlFile::XFILE::CCurlFile::Open - <https://media-hls.doppiocdn.com/b-hls-31/media.mp4?User-Agent=Mozilla%2F5.0%20%28Windows%20NT%206.2%3B%20Win64%3B%20x64%29%20AppleWebKit%2F537.36%20%28KHTML%2C%20like%20Gecko%29%20Chrome%2F115.0.0.0%20Safari%2F537.36&Origin=https%3A%2F%2Fstripchat.com&Referer=https%3A%2F%2Fstripchat.com%2FEva_kinkystudent&Accept=application%2Fx-mpegURL&Accept-Language=en-US%2Cen%3Bq%3D0.9>
2026-02-27 21:56:59.327 T:3744    error <general>: AddOnLog: inputstream.adaptive: [AS-0] Download failed, HTTP error 404: https://media-hls.doppiocdn.com/b-hls-31/media.mp4?User-Agent=Mozilla%2F5.0%20%28Windows%20NT%206.2%3B%20Win64%3B%20x64%29%20AppleWebKit%2F537.36%20%28KHTML%2C%20like%20Gecko%29%20Chrome%2F115.0.0.0%20Safari%2F537.36&Origin=https%3A%2F%2Fstripchat.com&Referer=https%3A%2F%2Fstripchat.com%2FEva_kinkystudent&Accept=application%2Fx-mpegURL&Accept-Language=en-US%2Cen%3Bq%3D0.9
2026-02-27 21:56:59.977 T:7380    debug <general>: CurlFile::XFILE::CCurlFile::Open - <https://media-hls.doppiocdn.com/b-hls-31/181322331/181322331_480p.m3u8?psch=v2&pkey=Ook7quaiNgiyuhai>
2026-02-27 21:57:00.191 T:7380    debug <general>: AddOnLog: inputstream.adaptive: Download finished: https://media-hls.doppiocdn.com/b-hls-31/181322331/181322331_480p.m3u8?psch=v2&pkey=Ook7quaiNgiyuhai (downloaded 1046 byte, speed 1850.00 byte/s)
2026-02-27 21:57:00.328 T:3744  warning <general>: AddOnLog: inputstream.adaptive: [AS-0] Segment download failed, attempt 5...
2026-02-27 21:57:00.329 T:3744    debug <general>: CurlFile::XFILE::CCurlFile::Open - <https://media-hls.doppiocdn.com/b-hls-31/media.mp4?User-Agent=Mozilla%2F5.0%20%28Windows%20NT%206.2%3B%20Win64%3B%20x64%29%20AppleWebKit%2F537.36%20%28KHTML%2C%20like%20Gecko%29%20Chrome%2F115.0.0.0%20Safari%2F537.36&Origin=https%3A%2F%2Fstripchat.com&Referer=https%3A%2F%2Fstripchat.com%2FEva_kinkystudent&Accept=application%2Fx-mpegURL&Accept-Language=en-US%2Cen%3Bq%3D0.9>
2026-02-27 21:57:00.367 T:3744    error <general>: AddOnLog: inputstream.adaptive: [AS-0] Download failed, HTTP error 404: https://media-hls.doppiocdn.com/b-hls-31/media.mp4?User-Agent=Mozilla%2F5.0%20%28Windows%20NT%206.2%3B%20Win64%3B%20x64%29%20AppleWebKit%2F537.36%20%28KHTML%2C%20like%20Gecko%29%20Chrome%2F115.0.0.0%20Safari%2F537.36&Origin=https%3A%2F%2Fstripchat.com&Referer=https%3A%2F%2Fstripchat.com%2FEva_kinkystudent&Accept=application%2Fx-mpegURL&Accept-Language=en-US%2Cen%3Bq%3D0.9
2026-02-27 21:57:01.368 T:3744  warning <general>: AddOnLog: inputstream.adaptive: [AS-0] Segment download failed, attempt 6...
2026-02-27 21:57:01.372 T:3744    debug <general>: CurlFile::XFILE::CCurlFile::Open - <https://media-hls.doppiocdn.com/b-hls-31/media.mp4?User-Agent=Mozilla%2F5.0%20%28Windows%20NT%206.2%3B%20Win64%3B%20x64%29%20AppleWebKit%2F537.36%20%28KHTML%2C%20like%20Gecko%29%20Chrome%2F115.0.0.0%20Safari%2F537.36&Origin=https%3A%2F%2Fstripchat.com&Referer=https%3A%2F%2Fstripchat.com%2FEva_kinkystudent&Accept=application%2Fx-mpegURL&Accept-Language=en-US%2Cen%3Bq%3D0.9>
2026-02-27 21:57:01.569 T:3744    error <general>: AddOnLog: inputstream.adaptive: [AS-0] Download failed, HTTP error 404: https://media-hls.doppiocdn.com/b-hls-31/media.mp4?User-Agent=Mozilla%2F5.0%20%28Windows%20NT%206.2%3B%20Win64%3B%20x64%29%20AppleWebKit%2F537.36%20%28KHTML%2C%20like%20Gecko%29%20Chrome%2F115.0.0.0%20Safari%2F537.36&Origin=https%3A%2F%2Fstripchat.com&Referer=https%3A%2F%2Fstripchat.com%2FEva_kinkystudent&Accept=application%2Fx-mpegURL&Accept-Language=en-US%2Cen%3Bq%3D0.9
2026-02-27 21:57:02.192 T:7380    debug <general>: CurlFile::XFILE::CCurlFile::Open - <https://media-hls.doppiocdn.com/b-hls-31/181322331/181322331_480p.m3u8?psch=v2&pkey=Ook7quaiNgiyuhai>
2026-02-27 21:57:02.404 T:7380    debug <general>: AddOnLog: inputstream.adaptive: Download finished: https://media-hls.doppiocdn.com/b-hls-31/181322331/181322331_480p.m3u8?psch=v2&pkey=Ook7quaiNgiyuhai (downloaded 1046 byte, speed 1890.00 byte/s)
2026-02-27 21:57:02.569 T:3744  warning <general>: AddOnLog: inputstream.adaptive: [AS-0] Segment download failed, attempt 7...
2026-02-27 21:57:02.569 T:3744    debug <general>: CurlFile::XFILE::CCurlFile::Open - <https://media-hls.doppiocdn.com/b-hls-31/media.mp4?User-Agent=Mozilla%2F5.0%20%28Windows%20NT%206.2%3B%20Win64%3B%20x64%29%20AppleWebKit%2F537.36%20%28KHTML%2C%20like%20Gecko%29%20Chrome%2F115.0.0.0%20Safari%2F537.36&Origin=https%3A%2F%2Fstripchat.com&Referer=https%3A%2F%2Fstripchat.com%2FEva_kinkystudent&Accept=application%2Fx-mpegURL&Accept-Language=en-US%2Cen%3Bq%3D0.9>
2026-02-27 21:57:02.609 T:3744    error <general>: AddOnLog: inputstream.adaptive: [AS-0] Download failed, HTTP error 404: https://media-hls.doppiocdn.com/b-hls-31/media.mp4?User-Agent=Mozilla%2F5.0%20%28Windows%20NT%206.2%3B%20Win64%3B%20x64%29%20AppleWebKit%2F537.36%20%28KHTML%2C%20like%20Gecko%29%20Chrome%2F115.0.0.0%20Safari%2F537.36&Origin=https%3A%2F%2Fstripchat.com&Referer=https%3A%2F%2Fstripchat.com%2FEva_kinkystudent&Accept=application%2Fx-mpegURL&Accept-Language=en-US%2Cen%3Bq%3D0.9
2026-02-27 21:57:03.609 T:3744  warning <general>: AddOnLog: inputstream.adaptive: [AS-0] Segment download failed, attempt 8...
2026-02-27 21:57:03.610 T:3744    debug <general>: CurlFile::XFILE::CCurlFile::Open - <https://media-hls.doppiocdn.com/b-hls-31/media.mp4?User-Agent=Mozilla%2F5.0%20%28Windows%20NT%206.2%3B%20Win64%3B%20x64%29%20AppleWebKit%2F537.36%20%28KHTML%2C%20like%20Gecko%29%20Chrome%2F115.0.0.0%20Safari%2F537.36&Origin=https%3A%2F%2Fstripchat.com&Referer=https%3A%2F%2Fstripchat.com%2FEva_kinkystudent&Accept=application%2Fx-mpegURL&Accept-Language=en-US%2Cen%3Bq%3D0.9>
2026-02-27 21:57:03.649 T:3744    error <general>: AddOnLog: inputstream.adaptive: [AS-0] Download failed, HTTP error 404: https://media-hls.doppiocdn.com/b-hls-31/media.mp4?User-Agent=Mozilla%2F5.0%20%28Windows%20NT%206.2%3B%20Win64%3B%20x64%29%20AppleWebKit%2F537.36%20%28KHTML%2C%20like%20Gecko%29%20Chrome%2F115.0.0.0%20Safari%2F537.36&Origin=https%3A%2F%2Fstripchat.com&Referer=https%3A%2F%2Fstripchat.com%2FEva_kinkystudent&Accept=application%2Fx-mpegURL&Accept-Language=en-US%2Cen%3Bq%3D0.9
2026-02-27 21:57:04.405 T:7380    debug <general>: CurlFile::XFILE::CCurlFile::Open - <https://media-hls.doppiocdn.com/b-hls-31/181322331/181322331_480p.m3u8?psch=v2&pkey=Ook7quaiNgiyuhai>
2026-02-27 21:57:04.607 T:7380    debug <general>: AddOnLog: inputstream.adaptive: Download finished: https://media-hls.doppiocdn.com/b-hls-31/181322331/181322331_480p.m3u8?psch=v2&pkey=Ook7quaiNgiyuhai (downloaded 1046 byte, speed 1970.00 byte/s)
2026-02-27 21:57:04.650 T:3744  warning <general>: AddOnLog: inputstream.adaptive: [AS-0] Segment download failed, attempt 9...
2026-02-27 21:57:04.650 T:3744    debug <general>: CurlFile::XFILE::CCurlFile::Open - <https://media-hls.doppiocdn.com/b-hls-31/media.mp4?User-Agent=Mozilla%2F5.0%20%28Windows%20NT%206.2%3B%20Win64%3B%20x64%29%20AppleWebKit%2F537.36%20%28KHTML%2C%20like%20Gecko%29%20Chrome%2F115.0.0.0%20Safari%2F537.36&Origin=https%3A%2F%2Fstripchat.com&Referer=https%3A%2F%2Fstripchat.com%2FEva_kinkystudent&Accept=application%2Fx-mpegURL&Accept-Language=en-US%2Cen%3Bq%3D0.9>
2026-02-27 21:57:04.685 T:3744    error <general>: AddOnLog: inputstream.adaptive: [AS-0] Download failed, HTTP error 404: https://media-hls.doppiocdn.com/b-hls-31/media.mp4?User-Agent=Mozilla%2F5.0%20%28Windows%20NT%206.2%3B%20Win64%3B%20x64%29%20AppleWebKit%2F537.36%20%28KHTML%2C%20like%20Gecko%29%20Chrome%2F115.0.0.0%20Safari%2F537.36&Origin=https%3A%2F%2Fstripchat.com&Referer=https%3A%2F%2Fstripchat.com%2FEva_kinkystudent&Accept=application%2Fx-mpegURL&Accept-Language=en-US%2Cen%3Bq%3D0.9
2026-02-27 21:57:05.686 T:3744  warning <general>: AddOnLog: inputstream.adaptive: [AS-0] Segment download failed, attempt 10...
2026-02-27 21:57:05.686 T:3744    debug <general>: CurlFile::XFILE::CCurlFile::Open - <https://media-hls.doppiocdn.com/b-hls-31/media.mp4?User-Agent=Mozilla%2F5.0%20%28Windows%20NT%206.2%3B%20Win64%3B%20x64%29%20AppleWebKit%2F537.36%20%28KHTML%2C%20like%20Gecko%29%20Chrome%2F115.0.0.0%20Safari%2F537.36&Origin=https%3A%2F%2Fstripchat.com&Referer=https%3A%2F%2Fstripchat.com%2FEva_kinkystudent&Accept=application%2Fx-mpegURL&Accept-Language=en-US%2Cen%3Bq%3D0.9>
2026-02-27 21:57:05.728 T:3744    error <general>: AddOnLog: inputstream.adaptive: [AS-0] Download failed, HTTP error 404: https://media-hls.doppiocdn.com/b-hls-31/media.mp4?User-Agent=Mozilla%2F5.0%20%28Windows%20NT%206.2%3B%20Win64%3B%20x64%29%20AppleWebKit%2F537.36%20%28KHTML%2C%20like%20Gecko%29%20Chrome%2F115.0.0.0%20Safari%2F537.36&Origin=https%3A%2F%2Fstripchat.com&Referer=https%3A%2F%2Fstripchat.com%2FEva_kinkystudent&Accept=application%2Fx-mpegURL&Accept-Language=en-US%2Cen%3Bq%3D0.9
2026-02-27 21:57:05.728 T:7376     info <general>: CVideoPlayer::Process - eof reading from demuxer
2026-02-27 21:57:05.728 T:7376     info <general>: CVideoPlayer::OnExit()
2026-02-27 21:57:05.728 T:7376     info <general>: VideoPlayer: eof, waiting for queues to empty
2026-02-27 21:57:05.728 T:7376    debug <general>: CVideoPlayer: updating file item stream details with available streams
2026-02-27 21:57:05.728 T:7376     info <general>: Closing stream player 1
2026-02-27 21:57:05.728 T:7376    debug <general>: AddOnLog: inputstream.adaptive: EnableStream(1002: false)
2026-02-27 21:57:05.728 T:7376     info <general>: Waiting for audio thread to exit
2026-02-27 21:57:05.735 T:19800    info <general>: thread end: CVideoPlayerAudio::OnExit()
2026-02-27 21:57:05.735 T:19800   debug <general>: Thread VideoPlayerAudio 19800 terminating
2026-02-27 21:57:05.736 T:7376     info <general>: Closing audio device
2026-02-27 21:57:05.736 T:7376     info <general>: Deleting audio codec
2026-02-27 21:57:05.736 T:7376     info <general>: Closing stream player 2
2026-02-27 21:57:05.736 T:7376    debug <general>: AddOnLog: inputstream.adaptive: EnableStream(1001: false)
2026-02-27 21:57:05.736 T:7376     info <general>: waiting for video thread to exit
2026-02-27 21:57:05.736 T:21056    info <general>: thread end: video_thread
2026-02-27 21:57:05.736 T:21056   debug <general>: Thread VideoPlayerVideo 21056 terminating
2026-02-27 21:57:05.736 T:7376     info <general>: deleting video codec
2026-02-27 21:57:05.737 T:7376    debug <general>: AddOnLog: inputstream.adaptive: Close()
2026-02-27 21:57:05.737 T:7376    debug <general>: AddOnLog: inputstream.adaptive: CSession::~CSession()
2026-02-27 21:57:05.737 T:7376    debug <general>: AddOnLog: inputstream.adaptive: CSession::DeleteStreams()
2026-02-27 21:57:05.737 T:7376    debug <general>: SECTION:UnloadDll(C:\Users\James\AppData\Roaming\Kodi\addons\inputstream.adaptive\inputstream.adaptive.dll)
2026-02-27 21:57:05.737 T:7376     info <general>: ADDON: Dll Destroyed - InputStream Adaptive
2026-02-27 21:57:05.737 T:7376    debug <general>: Thread VideoPlayer 7376 terminating
2026-02-27 21:57:05.738 T:8172    debug <general>: CApplicationPlayerCallback::OnPlayBackEnded: CApplicationPlayerCallback::OnPlayBackEnded
2026-02-27 21:57:05.745 T:13148    info <general>: CVideoPlayer::CloseFile()
2026-02-27 21:57:05.745 T:13148   debug <general>: CRenderManager::DeleteRenderer - deleting renderer
2026-02-27 21:57:05.745 T:13148    info <general>: VideoPlayer: waiting for threads to exit
2026-02-27 21:57:05.745 T:13148    info <general>: VideoPlayer: finished waiting
2026-02-27 21:57:05.745 T:13148    info <general>: CVideoPlayer::CloseFile()
2026-02-27 21:57:05.745 T:13148    info <general>: VideoPlayer: waiting for threads to exit
2026-02-27 21:57:05.745 T:13148    info <general>: VideoPlayer: finished waiting
2026-02-27 21:57:05.746 T:13148   debug <general>: Radio UECP (RDS) Processor - delete CDVDRadioRDSData::~CDVDRadioRDSData
2026-02-27 21:57:05.746 T:13148   debug <general>: Audio ID3 tag processor - delete CVideoPlayerAudioID3::~CVideoPlayerAudioID3
2026-02-27 21:57:05.755 T:13148   debug <general>: ------ Window Deinit (DialogBusy.xml) ------
2026-02-27 21:57:08.058 T:13148   debug <general>: Keyboard: scancode: 0x1, sym: 0x1b (escape), unicode: 0x1b, modifier: 0x0
2026-02-27 21:57:08.058 T:13148    info <general>: Loading controller layout: C:\Program Files\Kodi\addons\game.controller.keyboard\resources\layout.xml
2026-02-27 21:57:08.192 T:13148   debug <general>: Keyboard: scancode: 0xc001, sym: 0x1b (escape), unicode: 0x00, modifier: 0x0
2026-02-27 21:57:08.192 T:13148   debug <general>: CInputManager::HandleKey: escape (0xf01b) pressed, window 10025, action is PreviousMenu
2026-02-27 21:57:08.192 T:13148   debug <general>: CGUIWindowManager::PreviousWindow: Deactivate
2026-02-27 21:57:08.192 T:12464    info <general>: CActiveAESink::OpenSink - initialize sink
2026-02-27 21:57:08.192 T:12464   debug <general>: CActiveAESink::OpenSink - trying to open device DIRECTSOUND:default
2026-02-27 21:57:08.198 T:12464   debug <general>: CAESinkDirectSound::Initialize: Using Window handle: 0x24065c
2026-02-27 21:57:08.202 T:12464   debug <general>: CAESinkDirectSound::Initialize: secondary buffer created
2026-02-27 21:57:08.203 T:12464   debug <general>: CAESinkDirectSound::Initialize: Initializing DirectSound with the following parameters:
2026-02-27 21:57:08.203 T:12464   debug <general>:   Audio Device    : Speakers (Realtek(R) Audio)
2026-02-27 21:57:08.203 T:12464   debug <general>:   Sample Rate     : 44100
2026-02-27 21:57:08.203 T:12464   debug <general>:   Sample Format   : AE_FMT_FLOAT
2026-02-27 21:57:08.203 T:12464   debug <general>:   Bits Per Sample : 32
2026-02-27 21:57:08.203 T:12464   debug <general>:   Valid Bits/Samp : 32
2026-02-27 21:57:08.203 T:12464   debug <general>:   Channel Count   : 2
2026-02-27 21:57:08.203 T:12464   debug <general>:   Block Align     : 8
2026-02-27 21:57:08.203 T:12464   debug <general>:   Avg. Bytes Sec  : 352800
2026-02-27 21:57:08.203 T:12464   debug <general>:   Samples/Block   : 32
2026-02-27 21:57:08.203 T:12464   debug <general>:   Format cBSize   : 22
2026-02-27 21:57:08.203 T:12464   debug <general>:   Channel Layout  : FL, FR
2026-02-27 21:57:08.203 T:12464   debug <general>:   Channel Mask    : 3
2026-02-27 21:57:08.203 T:12464   debug <general>:   Frames          : 882
2026-02-27 21:57:08.203 T:12464   debug <general>:   Frame Size      : 8
2026-02-27 21:57:08.203 T:12464   debug <general>: CActiveAESink::OpenSink - DIRECTSOUND Initialized:
2026-02-27 21:57:08.203 T:12464   debug <general>:   Output Device : default
2026-02-27 21:57:08.203 T:12464   debug <general>:   Sample Rate   : 44100
2026-02-27 21:57:08.203 T:12464   debug <general>:   Sample Format : AE_FMT_FLOAT
2026-02-27 21:57:08.203 T:12464   debug <general>:   Channel Count : 2
2026-02-27 21:57:08.203 T:12464   debug <general>:   Channel Layout: FL, FR
2026-02-27 21:57:08.203 T:12464   debug <general>:   Frames        : 882
2026-02-27 21:57:08.203 T:12464   debug <general>:   Frame Size    : 8
2026-02-27 21:57:08.505 T:13148   debug <general>: ------ Window Deinit (MyVideoNav.xml) ------
2026-02-27 21:57:08.506 T:13148   debug <general>: FreeVisualisation() done
2026-02-27 21:57:08.515 T:13148   debug <general>: CGUIWindowManager::PreviousWindow: Activate new
2026-02-27 21:57:08.517 T:13148   debug <general>: ------ Window Init (AddonBrowser.xml) ------
2026-02-27 21:57:08.517 T:13148   debug <general>: CGUIMediaWindow::GetDirectory (addons://repository.dobbelina/xbmc.addon.video)
2026-02-27 21:57:08.517 T:13148   debug <general>:   ParentPath = [addons://repository.dobbelina/xbmc.addon.video]
2026-02-27 21:57:08.518 T:13148   debug <general>: CAddonDatabase: SELECT repo.id FROM repo .. took 0 ms
2026-02-27 21:57:08.518 T:13148   debug <general>: CAddonDatabase: query  SELECT addons.*, repo.addonID AS repoID FROM addons JOIN addonlinkrepo ON addons.id=addonlinkrepo.idAddon JOIN repo ON repo.id=addonlinkrepo.idRepo WHERE addonlinkrepo.idRepo IN (2) ORDER BY repo.addonID, addons.addonID returned 6 rows in 0 ms
2026-02-27 21:57:08.518 T:13148   debug <general>: CAddonDatabase::GetAddons took 0 ms
2026-02-27 21:57:08.519 T:13148   debug <general>: CAddonDatabase: SELECT repo.id FROM repo .. took 0 ms
2026-02-27 21:57:08.523 T:13148   debug <general>: CAddonDatabase: query  SELECT addons.*, repo.addonID AS repoID FROM addons JOIN addonlinkrepo ON addons.id=addonlinkrepo.idAddon JOIN repo ON repo.id=addonlinkrepo.idRepo WHERE addonlinkrepo.idRepo IN (1,2) ORDER BY repo.addonID, addons.addonID returned 1040 rows in 4 ms
2026-02-27 21:57:08.551 T:13148   debug <general>: CAddonDatabase::GetAddons took 32 ms
2026-02-27 21:57:08.555 T:13148   debug <general>: CAddonMgr::GetAddonsWithAvailableUpdate took 36 ms
2026-02-27 21:57:08.560 T:18144   debug <general>: Thread BackgroundLoader start, auto delete: false
2026-02-27 21:57:08.563 T:18144   debug <general>: Thread BackgroundLoader 18144 terminating
2026-02-27 21:57:08.726 T:13148   debug <general>: Keyboard: scancode: 0x1, sym: 0x1b (escape), unicode: 0x1b, modifier: 0x0
2026-02-27 21:57:08.856 T:12464   debug <general>: CAESinkDirectSound::CheckPlayStatus: Resuming Playback
2026-02-27 21:57:08.856 T:3180    debug <general>: CMMNotificationClient::OnPropertyValueChanged: Changed device property of {0.0.0.00000000}.{08125949-2fdf-42e8-aaf3-21678eb821d7} is (c4f6b0fa-fd32-4c99-8050-8f8a193a7e48)#3
2026-02-27 21:57:08.858 T:21020   debug <general>: CMMNotificationClient::OnPropertyValueChanged: Changed device property of {0.0.0.00000000}.{7b2f6964-c02b-4081-8289-f1038cf5670e} is (c4f6b0fa-fd32-4c99-8050-8f8a193a7e48)#3
2026-02-27 21:57:08.859 T:21020   debug <general>: CMMNotificationClient::OnPropertyValueChanged: Changed device property of {0.0.1.00000000}.{9ca1d704-2f16-47f2-a138-bb41a82b99b3} is (c4f6b0fa-fd32-4c99-8050-8f8a193a7e48)#3
2026-02-27 21:57:08.859 T:13148   debug <general>: Keyboard: scancode: 0xc001, sym: 0x1b (escape), unicode: 0x00, modifier: 0x0
2026-02-27 21:57:08.860 T:13148   debug <general>: CInputManager::HandleKey: escape (0xf01b) pressed, window 10040, action is PreviousMenu
2026-02-27 21:57:08.860 T:13148   debug <general>: CGUIWindowManager::PreviousWindow: Deactivate
2026-02-27 21:57:08.860 T:3180    debug <general>: CMMNotificationClient::OnPropertyValueChanged: Changed device property of {0.0.1.00000000}.{9ca1d704-2f16-47f2-a138-bb41a82b99b3} is (c4f6b0fa-fd32-4c99-8050-8f8a193a7e48)#3
2026-02-27 21:57:08.861 T:3180    debug <general>: CMMNotificationClient::OnPropertyValueChanged: Changed device property of {0.0.1.00000000}.{c055fb43-ba26-4af8-b0ef-98351433ea11} is (c4f6b0fa-fd32-4c99-8050-8f8a193a7e48)#3
2026-02-27 21:57:09.174 T:21020    info <general>: Skipped 1 duplicate messages..
2026-02-27 21:57:09.174 T:21020   debug <general>: CMMNotificationClient::OnPropertyValueChanged: Changed device property of {0.0.1.00000000}.{9ca1d704-2f16-47f2-a138-bb41a82b99b3} is (1e99d4a8-6f5d-4170-a207-ae86976df3f6)#0
2026-02-27 21:57:09.183 T:13148   debug <general>: ------ Window Deinit (AddonBrowser.xml) ------
2026-02-27 21:57:09.183 T:13148   debug <general>: FreeVisualisation() done
2026-02-27 21:57:09.189 T:21020   debug <general>: CMMNotificationClient::OnPropertyValueChanged: Changed device property of {0.0.1.00000000}.{9ca1d704-2f16-47f2-a138-bb41a82b99b3} is (1e99d4a8-6f5d-4170-a207-ae86976df3f6)#0
2026-02-27 21:57:09.191 T:8332    debug <general>: CMMNotificationClient::OnPropertyValueChanged: Changed device property of {0.0.1.00000000}.{c055fb43-ba26-4af8-b0ef-98351433ea11} is (1e99d4a8-6f5d-4170-a207-ae86976df3f6)#0
2026-02-27 21:57:09.193 T:13148    info <general>: Skipped 1 duplicate messages..
2026-02-27 21:57:09.193 T:13148   debug <general>: CGUIWindowManager::PreviousWindow: Activate new
2026-02-27 21:57:09.193 T:13148   debug <general>: ------ Window Init (Home.xml) ------
2026-02-27 21:57:09.194 T:13148   debug <general>: CDirectoryProvider[addons://]: refreshing..
2026-02-27 21:57:09.194 T:13148   debug <general>: CDirectoryProvider[addons://sources/video/]: refreshing..
2026-02-27 21:57:09.194 T:13148   debug <general>: CDirectoryProvider[addons://sources/audio/]: refreshing..
2026-02-27 21:57:09.194 T:13148   debug <general>: CDirectoryProvider[addons://sources/game/]: refreshing..
2026-02-27 21:57:09.194 T:13148   debug <general>: CDirectoryProvider[addons://sources/executable/]: refreshing..
2026-02-27 21:57:09.194 T:13148   debug <general>: CDirectoryProvider[addons://sources/image/]: refreshing..
2026-02-27 21:57:09.194 T:13148   debug <general>: CDirectoryProvider[library://video/]: refreshing..
2026-02-27 21:57:09.194 T:13148   debug <general>: CDirectoryProvider[sources://video/]: refreshing..
2026-02-27 21:57:09.194 T:13148   debug <general>: CDirectoryProvider[special://videoplaylists/]: refreshing..
2026-02-27 21:57:09.194 T:13148   debug <general>: CDirectoryProvider[favourites://]: refreshing..
2026-02-27 21:57:09.194 T:13148   debug <general>: CDirectoryProvider[sources://pictures/]: refreshing..
2026-02-27 21:57:09.194 T:13148   debug <general>: CDirectoryProvider[addons://sources/game/]: refreshing..
2026-02-27 21:57:09.195 T:8172    debug <general>: CAddonDatabase: SELECT repo.id FROM repo .. took 0 ms
2026-02-27 21:57:09.197 T:20040   debug <general>: CMultiPathDirectory::GetDirectory(multipath://special%3a%2f%2fprofile%2fplaylists%2fvideo/special%3a%2f%2fprofile%2fplaylists%2fmixed/)
2026-02-27 21:57:09.197 T:20040   debug <general>: Getting Directory (special://profile/playlists/video)
2026-02-27 21:57:09.197 T:20040   debug <general>: Getting Directory (special://profile/playlists/mixed)
2026-02-27 21:57:09.197 T:20040   debug <general>: CMultiPathDirectory::MergeItems, items = 0
2026-02-27 21:57:09.200 T:8172    debug <general>: CAddonDatabase: query  SELECT addons.*, repo.addonID AS repoID FROM addons JOIN addonlinkrepo ON addons.id=addonlinkrepo.idAddon JOIN repo ON repo.id=addonlinkrepo.idRepo WHERE addonlinkrepo.idRepo IN (1,2) ORDER BY repo.addonID, addons.addonID returned 1040 rows in 4 ms
2026-02-27 21:57:09.230 T:8172    debug <general>: CAddonDatabase::GetAddons took 35 ms
2026-02-27 21:57:09.234 T:8172    debug <general>: CAddonMgr::GetAvailableUpdatesOrOutdatedAddons took 39 ms
2026-02-27 21:57:09.505 T:13148   debug <general>: Keyboard: scancode: 0x1, sym: 0x1b (escape), unicode: 0x1b, modifier: 0x0
2026-02-27 21:57:09.639 T:13148   debug <general>: Keyboard: scancode: 0xc001, sym: 0x1b (escape), unicode: 0x00, modifier: 0x0
2026-02-27 21:57:09.639 T:13148   debug <general>: CInputManager::HandleKey: escape (0xf01b) pressed, window 10000, action is PreviousMenu
2026-02-27 21:57:09.639 T:13148   debug <general>: CGUIWindowManager::PreviousWindow: Deactivate
2026-02-27 21:57:10.296 T:13148   debug <general>: ------ Window Init (Pointer.xml) ------
2026-02-27 21:57:11.935 T:13148   debug <general>: CInputManager::ProcessMouse: trying mouse action leftclick
2026-02-27 21:57:11.935 T:13148   debug <general>: Activating window ID: 10111
2026-02-27 21:57:11.935 T:13148   debug <general>: ------ Window Init (DialogButtonMenu.xml) ------
2026-02-27 21:57:11.935 T:13148    info <general>: Loading skin file: DialogButtonMenu.xml, load type: KEEP_IN_MEMORY
2026-02-27 21:57:13.255 T:13148   debug <general>: CInputManager::ProcessMouse: trying mouse action leftclick
2026-02-27 21:57:13.266 T:13148    info <general>: Stopping the application...
2026-02-27 21:57:13.266 T:13148    info <general>: Stopping player
2026-02-27 21:57:13.266 T:13148    info <general>: Storing total System Uptime
2026-02-27 21:57:13.266 T:13148    info <general>: Saving settings
2026-02-27 21:57:13.269 T:13148    info <general>: Saving skin settings
2026-02-27 21:57:13.270 T:13148    info <general>: Stopping all
2026-02-27 21:57:13.270 T:8172    debug <general>: Thread JobWorker 8172 terminating (autodelete)
2026-02-27 21:57:13.270 T:20040   debug <general>: Thread JobWorker 20040 terminating (autodelete)
2026-02-27 21:57:13.270 T:16256   debug <general>: Thread JobWorker 16256 terminating (autodelete)
2026-02-27 21:57:13.270 T:13148   debug <general>: CNetworkBase::NetworkMessage - Signaling network services to stop
2026-02-27 21:57:13.270 T:13148    info <general>: ES: Stopping event server
2026-02-27 21:57:13.270 T:13148    info <general>: [WS-Discovery]: terminating
2026-02-27 21:57:13.270 T:13148   debug <general>: CNetworkBase::NetworkMessage - Waiting for network services to stop
2026-02-27 21:57:14.241 T:18468    info <general>: ES: UDP Event server stopped
2026-02-27 21:57:14.241 T:4588    debug <general>: Thread TCPServer 4588 terminating
2026-02-27 21:57:14.241 T:18468   debug <general>: Thread EventServer 18468 terminating
2026-02-27 21:57:14.241 T:13148   debug <general>: CServiceAddonManager: stopping script.common.plugin.cache.
2026-02-27 21:57:14.241 T:13148   debug <general>: CPythonInvoker(0, C:\Users\James\AppData\Roaming\Kodi\addons\script.common.plugin.cache\resources\lib\entry_point.py): trigger Monitor abort request
2026-02-27 21:57:14.659 T:16228   debug <general>: StorageServer-3.0.0 Closed down
2026-02-27 21:57:14.659 T:5340    debug <general>: CPythonInvoker(0, C:\Users\James\AppData\Roaming\Kodi\addons\script.common.plugin.cache\resources\lib\entry_point.py): script successfully run
2026-02-27 21:57:14.659 T:5340    debug <general>: CPythonInvoker::onExecutionDone(0, C:\Users\James\AppData\Roaming\Kodi\addons\script.common.plugin.cache\resources\lib\entry_point.py)
2026-02-27 21:57:14.664 T:5340    debug <general>: Python interpreter interrupted by user
2026-02-27 21:57:14.664 T:13148   debug <general>: CPythonInvoker(0, C:\Users\James\AppData\Roaming\Kodi\addons\script.common.plugin.cache\resources\lib\entry_point.py): script termination took 423ms
2026-02-27 21:57:14.664 T:13148   debug <general>: CServiceAddonManager: stopping service.xbmc.versioncheck.
2026-02-27 21:57:14.664 T:13148    info <general>: CServiceAddonManager: failed to stop service.xbmc.versioncheck (may have ended)
2026-02-27 21:57:14.664 T:5340    debug <general>: Thread LanguageInvoker 5340 terminating
2026-02-27 21:57:14.664 T:16552   debug <general>: Thread ActiveAE 16552 terminating
2026-02-27 21:57:14.685 T:12464   debug <general>: Thread AESink 12464 terminating
2026-02-27 21:57:14.686 T:13148   debug <general>: CAESinkDirectSound::Deinitialize: Cleaning up
2026-02-27 21:57:14.689 T:8332    debug <general>: CMMNotificationClient::OnPropertyValueChanged: Changed device property of {0.0.0.00000000}.{08125949-2fdf-42e8-aaf3-21678eb821d7} is (c4f6b0fa-fd32-4c99-8050-8f8a193a7e48)#3
2026-02-27 21:57:14.690 T:21020   debug <general>: CMMNotificationClient::OnPropertyValueChanged: Changed device property of {0.0.0.00000000}.{7b2f6964-c02b-4081-8289-f1038cf5670e} is (c4f6b0fa-fd32-4c99-8050-8f8a193a7e48)#3
2026-02-27 21:57:14.692 T:21020   debug <general>: CMMNotificationClient::OnPropertyValueChanged: Changed device property of {0.0.1.00000000}.{9ca1d704-2f16-47f2-a138-bb41a82b99b3} is (c4f6b0fa-fd32-4c99-8050-8f8a193a7e48)#3
2026-02-27 21:57:14.693 T:21020    info <general>: Skipped 1 duplicate messages..
2026-02-27 21:57:14.693 T:21020   debug <general>: CMMNotificationClient::OnPropertyValueChanged: Changed device property of {0.0.1.00000000}.{c055fb43-ba26-4af8-b0ef-98351433ea11} is (c4f6b0fa-fd32-4c99-8050-8f8a193a7e48)#3
2026-02-27 21:57:14.916 T:13148    info <general>: Skipped 1 duplicate messages..
2026-02-27 21:57:14.916 T:13148    info <general>: Application stopped
2026-02-27 21:57:14.997 T:8332    debug <general>: CMMNotificationClient::OnPropertyValueChanged: Changed device property of {0.0.1.00000000}.{9ca1d704-2f16-47f2-a138-bb41a82b99b3} is (1e99d4a8-6f5d-4170-a207-ae86976df3f6)#0
2026-02-27 21:57:14.998 T:3180     info <general>: Skipped 1 duplicate messages..
2026-02-27 21:57:14.998 T:3180    debug <general>: CMMNotificationClient::OnPropertyValueChanged: Changed device property of {0.0.1.00000000}.{c055fb43-ba26-4af8-b0ef-98351433ea11} is (1e99d4a8-6f5d-4170-a207-ae86976df3f6)#0
2026-02-27 21:57:15.117 T:17444    info <general>: Skipped 1 duplicate messages..
2026-02-27 21:57:15.117 T:17444   debug <general>: Thread PeripEventScan 17444 terminating
2026-02-27 21:57:15.118 T:19704   debug <general>: Thread PeripBusUSB 19704 terminating
2026-02-27 21:57:15.119 T:14184   debug <general>: Thread PeripBusCEC 14184 terminating
2026-02-27 21:57:15.119 T:19372   debug <general>: Thread PeripBusAddon 19372 terminating
2026-02-27 21:57:15.284 T:13148    info <general>: AddOnLog: peripheral.joystick: Disabling joystick interface "directinput"
2026-02-27 21:57:15.284 T:13148    info <general>: AddOnLog: peripheral.joystick: Disabling joystick interface "xinput"
2026-02-27 21:57:15.284 T:13148   debug <general>: SECTION:UnloadDll(C:\Program Files\Kodi\addons\peripheral.joystick\peripheral.joystick.dll)
2026-02-27 21:57:15.284 T:13148    info <general>: ADDON: Dll Destroyed - Joystick Support
2026-02-27 21:57:15.285 T:13148    info <general>: unload skin
2026-02-27 21:57:15.286 T:13148   debug <general>: ------ Window Deinit (Home.xml) ------
2026-02-27 21:57:15.286 T:13148   debug <general>: FreeVisualisation() done
2026-02-27 21:57:15.287 T:13148    info <general>: Skipped 1 duplicate messages..
2026-02-27 21:57:15.287 T:13148   debug <general>: ------ Window Deinit () ------
2026-02-27 21:57:15.288 T:13148   debug <general>: FreeVisualisation() done
2026-02-27 21:57:15.289 T:13148   debug <general>: ------ Window Deinit (Pointer.xml) ------
2026-02-27 21:57:15.289 T:13148   debug <general>: FreeVisualisation() done
2026-02-27 21:57:15.290 T:13148   debug <general>: ------ Window Deinit (DialogButtonMenu.xml) ------
2026-02-27 21:57:15.290 T:13148 warning <general>: CGUITextureManager::Cleanup: Having to cleanup texture lists/focus.png
2026-02-27 21:57:15.290 T:13148   debug <general>: CTextureBundleXBT::CloseBundle - Closed bundle
2026-02-27 21:57:15.300 T:13148    info <general>: Unloaded skin
2026-02-27 21:57:15.300 T:13148   debug <general>: DX::DeviceResources::ReleaseBackBuffer: release buffers.
2026-02-27 21:57:15.387 T:13148    info <general>: unload sections
2026-02-27 21:57:15.389 T:21100   debug <general>: Thread CWin32PowerStateWorker 21100 terminating
2026-02-27 21:57:15.390 T:16344   debug <general>: Thread Timer 16344 terminating
2026-02-27 21:57:15.392 T:13148   debug <general>: CWinSystemWin32::RestoreDesktopResolution: restoring desktop resolution for 'Generic PnP Monitor #1'.
2026-02-27 21:57:15.392 T:16712   debug <general>: Thread RemoteControl 16712 terminating
2026-02-27 21:57:15.398 T:6148    debug <general>: Thread Announce 6148 terminating
2026-02-27 21:57:15.398 T:13148    info <general>: Exiting the application...
