2026-02-12 10:15:21.740 T:17519   debug <general>: CAddonMgr::FindAddons: Addon 'metadata.album.universal' already present with version 3.1.4 at '/usr/share/kodi/addons/metadata.album.universal/' replaced with version 3.1.18 at '/home/rpeters1428/.kodi/addons/metadata.album.universal/'
2026-02-12 10:15:21.740 T:17519   debug <general>: CAddonMgr::FindAddons: Addon 'metadata.artists.universal' already present with version 4.3.3 at '/usr/share/kodi/addons/metadata.artists.universal/' replaced with version 4.3.21 at '/home/rpeters1428/.kodi/addons/metadata.artists.universal/'
2026-02-12 10:15:21.741 T:17519    info <general>: CAddonMgr::FindAddon: script.module.resolveurl v5.1.192 installed
2026-02-12 10:15:21.752 T:17519   debug <general>: CAddonMgr: script.module.resolveurl successfully loaded
2026-02-12 10:15:21.752 T:17521   debug <general>: ContextMenuManager: addon menus reloaded.
2026-02-12 10:15:21.752 T:17519   debug <general>: POParser: PO file has Win Style Line Endings. Converted in memory to Linux LF for file: /home/rpeters1428/.kodi/addons/script.module.resolveurl/resources/language/resource.language.en_gb/strings.po
2026-02-12 10:15:21.752 T:17519   debug <general>: LocalizeStrings: loaded 104 strings from file /home/rpeters1428/.kodi/addons/script.module.resolveurl/resources/language/resource.language.en_gb/strings.po
2026-02-12 10:15:21.753 T:17519   debug <general>: ADDONS: dependency [script.module.resolveurl] will not be version checked and unpinned
2026-02-12 10:15:21.755 T:17519   debug <general>: CAddonDatabase: SELECT repo.id FROM repo .. took 0 ms
2026-02-12 10:15:21.757 T:17519   debug <general>: CAddonDatabase: query  SELECT addons.*, repo.addonID AS repoID FROM addons JOIN addonlinkrepo ON addons.id=addonlinkrepo.idAddon JOIN repo ON repo.id=addonlinkrepo.idRepo WHERE addonlinkrepo.idRepo IN (1,2) ORDER BY repo.addonID, addons.addonID returned 791 rows in 2 ms
2026-02-12 10:15:21.761 T:17473   debug <general>: CGUIMediaWindow::GetDirectory (addons://repository.dobbelina/xbmc.addon.video)
2026-02-12 10:15:21.761 T:17473   debug <general>:   ParentPath = [addons://repository.dobbelina/xbmc.addon.video]
2026-02-12 10:15:21.761 T:17647   debug <general>: Thread waiting start, auto delete: false
2026-02-12 10:15:21.761 T:17647   debug <general>: CAddonDatabase: SELECT repo.id FROM repo .. took 0 ms
2026-02-12 10:15:21.761 T:17647   debug <general>: CAddonDatabase: query  SELECT addons.*, repo.addonID AS repoID FROM addons JOIN addonlinkrepo ON addons.id=addonlinkrepo.idAddon JOIN repo ON repo.id=addonlinkrepo.idRepo WHERE addonlinkrepo.idRepo IN (2) ORDER BY repo.addonID, addons.addonID returned 8 rows in 0 ms
2026-02-12 10:15:21.762 T:17647   debug <general>: CAddonDatabase::GetAddons took 0 ms
2026-02-12 10:15:21.762 T:17647   debug <general>: CAddonDatabase: SELECT repo.id FROM repo .. took 0 ms
2026-02-12 10:15:21.764 T:17647   debug <general>: CAddonDatabase: query  SELECT addons.*, repo.addonID AS repoID FROM addons JOIN addonlinkrepo ON addons.id=addonlinkrepo.idAddon JOIN repo ON repo.id=addonlinkrepo.idRepo WHERE addonlinkrepo.idRepo IN (1,2) ORDER BY repo.addonID, addons.addonID returned 791 rows in 2 ms
2026-02-12 10:15:21.768 T:17519   debug <general>: CAddonDatabase::GetAddons took 13 ms
2026-02-12 10:15:21.773 T:17631   debug <general>: CCurlFile::GetMimeType - <https://rpeters1430.github.io/repository.dobbelina/plugin.video.cumination/icon.png> -> failed
2026-02-12 10:15:21.774 T:17631   debug <general>: CurlFile::Open - <https://rpeters1430.github.io/repository.dobbelina/plugin.video.cumination/icon.png>
2026-02-12 10:15:21.775 T:17647   debug <general>: CAddonDatabase::GetAddons took 12 ms
2026-02-12 10:15:21.776 T:17647   debug <general>: CAddonMgr::GetAddonsWithAvailableUpdate took 14 ms
2026-02-12 10:15:21.777 T:17647   debug <general>: Thread waiting 139780850968256 terminating
2026-02-12 10:15:21.778 T:17648   debug <general>: Thread BackgroundLoader start, auto delete: false
2026-02-12 10:15:21.778 T:17473   debug <general>: [threads] name: 'BackgroundLoader' priority: '1'
2026-02-12 10:15:21.778 T:17648   debug <general>: Thread BackgroundLoader 139781198722752 terminating
2026-02-12 10:15:21.779 T:17519   debug <general>: Unpacking zip://special%3a%2f%2fhome%2faddons%2fpackages%2fscript.module.resolveurl.xxx-2.1.44.zip/script.module.resolveurl.xxx/ to /home/rpeters1428/.kodi/addons/temp/c38a2ca8-6d35-41d0-aeb8-9bb601e1047e
2026-02-12 10:15:21.797 T:17519   debug <general>: CAddonInfoBuilder::ParseXMLTypes: Binary addon found: audioencoder.kodi.builtin.aac
2026-02-12 10:15:21.798 T:17519   debug <general>: CAddonInfoBuilder::ParseXMLTypes: Binary addon found: audioencoder.kodi.builtin.wma
2026-02-12 10:15:21.801 T:17519   debug <general>: CAddonInfoBuilder::ParseXMLTypes: Binary addon found: screensaver.xbmc.builtin.black
2026-02-12 10:15:21.801 T:17519   debug <general>: CAddonInfoBuilder::ParseXMLTypes: Binary addon found: screensaver.xbmc.builtin.dim
2026-02-12 10:15:21.802 T:17519   debug <general>: CAddonInfoBuilder::ParseXMLTypes: Binary addon found: inputstream.adaptive
2026-02-12 10:15:21.802 T:17519   debug <general>: CAddonInfoBuilder::ParseXMLTypes: Binary addon found: inputstream.rtmp
2026-02-12 10:15:21.803 T:17519   debug <general>: CAddonInfoBuilder::ParseXMLTypes: Binary addon found: pvr.iptvsimple
2026-02-12 10:15:21.803 T:17519   debug <general>: CAddonInfoBuilder::ParseXMLTypes: Binary addon found: pvr.hts
2026-02-12 10:15:21.803 T:17519   debug <general>: CAddonInfoBuilder::ParseXMLTypes: Binary addon found: peripheral.joystick
2026-02-12 10:15:21.803 T:17519   debug <general>: CAddonMgr::FindAddons: Addon 'metadata.common.fanart.tv' already present with version 3.6.3 at '/usr/share/kodi/addons/metadata.common.fanart.tv/' replaced with version 3.6.5 at '/home/rpeters1428/.kodi/addons/metadata.common.fanart.tv/'
2026-02-12 10:15:21.803 T:17519   debug <general>: CAddonMgr::FindAddons: Addon 'metadata.generic.albums' already present with version 1.0.14 at '/usr/share/kodi/addons/metadata.generic.albums/' replaced with version 1.0.18 at '/home/rpeters1428/.kodi/addons/metadata.generic.albums/'
2026-02-12 10:15:21.804 T:17519   debug <general>: CAddonMgr::FindAddons: Addon 'metadata.themoviedb.org.python' already present with version 1.3.1+matrix.1 at '/usr/share/kodi/addons/metadata.themoviedb.org.python/' replaced with version 3.1.3 at '/home/rpeters1428/.kodi/addons/metadata.themoviedb.org.python/'
2026-02-12 10:15:21.804 T:17519   debug <general>: CAddonMgr::FindAddons: Addon 'metadata.tvshows.themoviedb.org.python' already present with version 1.6.0 at '/usr/share/kodi/addons/metadata.tvshows.themoviedb.org.python/' replaced with version 1.7.4 at '/home/rpeters1428/.kodi/addons/metadata.tvshows.themoviedb.org.python/'
2026-02-12 10:15:21.804 T:17519   debug <general>: CAddonMgr::FindAddons: Addon 'service.xbmc.versioncheck' already present with version 0.5.27+matrix.1 at '/usr/share/kodi/addons/service.xbmc.versioncheck/' replaced with version 0.5.30+matrix.1 at '/home/rpeters1428/.kodi/addons/service.xbmc.versioncheck/'
2026-02-12 10:15:21.805 T:17519   debug <general>: CAddonMgr::FindAddons: Addon 'metadata.album.universal' already present with version 3.1.4 at '/usr/share/kodi/addons/metadata.album.universal/' replaced with version 3.1.18 at '/home/rpeters1428/.kodi/addons/metadata.album.universal/'
2026-02-12 10:15:21.805 T:17519   debug <general>: CAddonMgr::FindAddons: Addon 'metadata.artists.universal' already present with version 4.3.3 at '/usr/share/kodi/addons/metadata.artists.universal/' replaced with version 4.3.21 at '/home/rpeters1428/.kodi/addons/metadata.artists.universal/'
2026-02-12 10:15:21.806 T:17519    info <general>: CAddonMgr::FindAddon: script.module.resolveurl.xxx v2.1.44 installed
2026-02-12 10:15:21.806 T:17631   error <general>: CCurlFile::Open - <https://rpeters1430.github.io/repository.dobbelina/plugin.video.cumination/icon.png> Failed with code 404:
                                                   
2026-02-12 10:15:21.810 T:17519   debug <general>: CAddonMgr: script.module.resolveurl.xxx successfully loaded
2026-02-12 10:15:21.810 T:17520   debug <general>: ContextMenuManager: addon menus reloaded.
2026-02-12 10:15:21.810 T:17519   debug <general>: ADDONS: dependency [script.module.resolveurl.xxx] will not be version checked and unpinned
2026-02-12 10:15:21.810 T:17519   debug <general>: CurlFile::Open - <https://mirrors.kodi.tv/addons/omega/script.module.websocket/script.module.websocket-1.6.4.zip>
2026-02-12 10:15:21.816 T:17473   debug <general>: CGUIMediaWindow::GetDirectory (addons://repository.dobbelina/xbmc.addon.video)
2026-02-12 10:15:21.816 T:17473   debug <general>:   ParentPath = [addons://repository.dobbelina/xbmc.addon.video]
2026-02-12 10:15:21.816 T:17650   debug <general>: Thread waiting start, auto delete: false
2026-02-12 10:15:21.817 T:17650   debug <general>: CAddonDatabase: SELECT repo.id FROM repo .. took 0 ms
2026-02-12 10:15:21.817 T:17650   debug <general>: CAddonDatabase: query  SELECT addons.*, repo.addonID AS repoID FROM addons JOIN addonlinkrepo ON addons.id=addonlinkrepo.idAddon JOIN repo ON repo.id=addonlinkrepo.idRepo WHERE addonlinkrepo.idRepo IN (2) ORDER BY repo.addonID, addons.addonID returned 8 rows in 0 ms
2026-02-12 10:15:21.817 T:17650   debug <general>: CAddonDatabase::GetAddons took 0 ms
2026-02-12 10:15:21.818 T:17650   debug <general>: CAddonDatabase: SELECT repo.id FROM repo .. took 0 ms
2026-02-12 10:15:21.819 T:17650   debug <general>: CAddonDatabase: query  SELECT addons.*, repo.addonID AS repoID FROM addons JOIN addonlinkrepo ON addons.id=addonlinkrepo.idAddon JOIN repo ON repo.id=addonlinkrepo.idRepo WHERE addonlinkrepo.idRepo IN (1,2) ORDER BY repo.addonID, addons.addonID returned 791 rows in 1 ms
2026-02-12 10:15:21.830 T:17650   debug <general>: CAddonDatabase::GetAddons took 12 ms
2026-02-12 10:15:21.831 T:17650   debug <general>: CAddonMgr::GetAddonsWithAvailableUpdate took 13 ms
2026-02-12 10:15:21.832 T:17650   debug <general>: Thread waiting 139780850968256 terminating
2026-02-12 10:15:21.833 T:17651   debug <general>: Thread BackgroundLoader start, auto delete: false
2026-02-12 10:15:21.833 T:17473   debug <general>: [threads] name: 'BackgroundLoader' priority: '1'
2026-02-12 10:15:21.833 T:17651   debug <general>: Thread BackgroundLoader 139781198722752 terminating
2026-02-12 10:15:21.865 T:17519   debug <general>: Resolved addon path https://mirrors.kodi.tv/addons/omega/script.module.websocket/script.module.websocket-1.6.4.zip to https://mirrors.xmission.com/kodi/addons/omega/script.module.websocket/script.module.websocket-1.6.4.zip hash cf9fd6754bd7ca7197c0b72eab287efc4b76e5e71ece2656bb96362505b9ba49
2026-02-12 10:15:21.866 T:17519   debug <general>: easy_acquire - Created session to https://mirrors.xmission.com
2026-02-12 10:15:21.905 T:17631   debug <general>: CCurlFile::GetMimeType - <https://rpeters1430.github.io/repository.dobbelina/plugin.video.uwc/icon.png> -> failed
2026-02-12 10:15:21.906 T:17631   debug <general>: CurlFile::Open - <https://rpeters1430.github.io/repository.dobbelina/plugin.video.uwc/icon.png>
2026-02-12 10:15:21.938 T:17631   error <general>: CCurlFile::Open - <https://rpeters1430.github.io/repository.dobbelina/plugin.video.uwc/icon.png> Failed with code 404:
                                                   
2026-02-12 10:15:21.968 T:17513   debug <general>: Presentation: Frame was discarded by compositor
2026-02-12 10:15:22.039 T:17631   debug <general>: Skipped 1 duplicate messages..
2026-02-12 10:15:22.039 T:17631   debug <general>: CCurlFile::GetMimeType - <https://rpeters1430.github.io/repository.dobbelina/plugin.video.cumination/icon.png> -> failed
2026-02-12 10:15:22.039 T:17631   debug <general>: CurlFile::Open - <https://rpeters1430.github.io/repository.dobbelina/plugin.video.cumination/icon.png>
2026-02-12 10:15:22.053 T:17513   debug <general>: Presentation: Frame was discarded by compositor
2026-02-12 10:15:22.073 T:17631   error <general>: CCurlFile::Open - <https://rpeters1430.github.io/repository.dobbelina/plugin.video.cumination/icon.png> Failed with code 404:
                                                   
2026-02-12 10:15:22.180 T:17473   debug <general>: ------ Window Deinit (Pointer.xml) ------
2026-02-12 10:15:22.184 T:17513   debug <general>: Presentation: Frame was discarded by compositor
2026-02-12 10:15:22.256 T:17519   debug <general>: Skipped 1 duplicate messages..
2026-02-12 10:15:22.256 T:17519   debug <general>: CurlFile::Open - <https://mirrors.xmission.com/kodi/addons/omega/script.module.websocket/script.module.websocket-1.6.4.zip>
2026-02-12 10:15:22.324 T:17513   debug <general>: Presentation: Frame was discarded by compositor
2026-02-12 10:15:22.499 T:17519   debug <general>: Skipped 2 duplicate messages..
2026-02-12 10:15:22.499 T:17519   debug <general>: CAddonDatabase: SELECT repo.id FROM repo .. took 0 ms
2026-02-12 10:15:22.502 T:17519   debug <general>: CAddonDatabase: query  SELECT addons.*, repo.addonID AS repoID FROM addons JOIN addonlinkrepo ON addons.id=addonlinkrepo.idAddon JOIN repo ON repo.id=addonlinkrepo.idRepo WHERE addonlinkrepo.idRepo IN (1,2) ORDER BY repo.addonID, addons.addonID returned 791 rows in 2 ms
2026-02-12 10:15:22.505 T:17513   debug <general>: Presentation: Frame was discarded by compositor
2026-02-12 10:15:22.514 T:17519   debug <general>: CAddonDatabase::GetAddons took 14 ms
2026-02-12 10:15:22.515 T:17519   debug <general>: Unpacking zip://special%3a%2f%2fhome%2faddons%2fpackages%2fscript.module.websocket-1.6.4.zip/script.module.websocket/ to /home/rpeters1428/.kodi/addons/temp/e051eb74-d84a-4fa6-b35b-0fc6542796f0
2026-02-12 10:15:22.521 T:17519   debug <general>: CAddonInfoBuilder::ParseXMLTypes: Binary addon found: audioencoder.kodi.builtin.aac
2026-02-12 10:15:22.521 T:17519   debug <general>: CAddonInfoBuilder::ParseXMLTypes: Binary addon found: audioencoder.kodi.builtin.wma
2026-02-12 10:15:22.524 T:17519   debug <general>: CAddonInfoBuilder::ParseXMLTypes: Binary addon found: screensaver.xbmc.builtin.black
2026-02-12 10:15:22.524 T:17519   debug <general>: CAddonInfoBuilder::ParseXMLTypes: Binary addon found: screensaver.xbmc.builtin.dim
2026-02-12 10:15:22.525 T:17519   debug <general>: CAddonInfoBuilder::ParseXMLTypes: Binary addon found: inputstream.adaptive
2026-02-12 10:15:22.525 T:17519   debug <general>: CAddonInfoBuilder::ParseXMLTypes: Binary addon found: inputstream.rtmp
2026-02-12 10:15:22.526 T:17519   debug <general>: CAddonInfoBuilder::ParseXMLTypes: Binary addon found: pvr.iptvsimple
2026-02-12 10:15:22.526 T:17519   debug <general>: CAddonInfoBuilder::ParseXMLTypes: Binary addon found: pvr.hts
2026-02-12 10:15:22.526 T:17519   debug <general>: CAddonInfoBuilder::ParseXMLTypes: Binary addon found: peripheral.joystick
2026-02-12 10:15:22.526 T:17519   debug <general>: CAddonMgr::FindAddons: Addon 'metadata.common.fanart.tv' already present with version 3.6.3 at '/usr/share/kodi/addons/metadata.common.fanart.tv/' replaced with version 3.6.5 at '/home/rpeters1428/.kodi/addons/metadata.common.fanart.tv/'
2026-02-12 10:15:22.526 T:17519   debug <general>: CAddonMgr::FindAddons: Addon 'metadata.generic.albums' already present with version 1.0.14 at '/usr/share/kodi/addons/metadata.generic.albums/' replaced with version 1.0.18 at '/home/rpeters1428/.kodi/addons/metadata.generic.albums/'
2026-02-12 10:15:22.527 T:17519   debug <general>: CAddonMgr::FindAddons: Addon 'metadata.themoviedb.org.python' already present with version 1.3.1+matrix.1 at '/usr/share/kodi/addons/metadata.themoviedb.org.python/' replaced with version 3.1.3 at '/home/rpeters1428/.kodi/addons/metadata.themoviedb.org.python/'
2026-02-12 10:15:22.527 T:17519   debug <general>: CAddonMgr::FindAddons: Addon 'metadata.tvshows.themoviedb.org.python' already present with version 1.6.0 at '/usr/share/kodi/addons/metadata.tvshows.themoviedb.org.python/' replaced with version 1.7.4 at '/home/rpeters1428/.kodi/addons/metadata.tvshows.themoviedb.org.python/'
2026-02-12 10:15:22.527 T:17519   debug <general>: CAddonMgr::FindAddons: Addon 'service.xbmc.versioncheck' already present with version 0.5.27+matrix.1 at '/usr/share/kodi/addons/service.xbmc.versioncheck/' replaced with version 0.5.30+matrix.1 at '/home/rpeters1428/.kodi/addons/service.xbmc.versioncheck/'
2026-02-12 10:15:22.528 T:17519   debug <general>: CAddonMgr::FindAddons: Addon 'metadata.album.universal' already present with version 3.1.4 at '/usr/share/kodi/addons/metadata.album.universal/' replaced with version 3.1.18 at '/home/rpeters1428/.kodi/addons/metadata.album.universal/'
2026-02-12 10:15:22.528 T:17519   debug <general>: CAddonMgr::FindAddons: Addon 'metadata.artists.universal' already present with version 4.3.3 at '/usr/share/kodi/addons/metadata.artists.universal/' replaced with version 4.3.21 at '/home/rpeters1428/.kodi/addons/metadata.artists.universal/'
2026-02-12 10:15:22.529 T:17519    info <general>: CAddonMgr::FindAddon: script.module.websocket v1.6.4 installed
2026-02-12 10:15:22.533 T:17519   debug <general>: CAddonMgr: script.module.websocket successfully loaded
2026-02-12 10:15:22.533 T:17521   debug <general>: ContextMenuManager: addon menus reloaded.
2026-02-12 10:15:22.533 T:17519   debug <general>: ADDONS: dependency [script.module.websocket] will not be version checked and unpinned
2026-02-12 10:15:22.534 T:17519   debug <general>: CurlFile::Open - <https://mirrors.kodi.tv/addons/omega/script.module.requests/script.module.requests-2.31.0.zip>
2026-02-12 10:15:22.580 T:17473   debug <general>: CGUIMediaWindow::GetDirectory (addons://repository.dobbelina/xbmc.addon.video)
2026-02-12 10:15:22.580 T:17473   debug <general>:   ParentPath = [addons://repository.dobbelina/xbmc.addon.video]
2026-02-12 10:15:22.581 T:17655   debug <general>: Thread waiting start, auto delete: false
2026-02-12 10:15:22.581 T:17655   debug <general>: CAddonDatabase: SELECT repo.id FROM repo .. took 0 ms
2026-02-12 10:15:22.581 T:17655   debug <general>: CAddonDatabase: query  SELECT addons.*, repo.addonID AS repoID FROM addons JOIN addonlinkrepo ON addons.id=addonlinkrepo.idAddon JOIN repo ON repo.id=addonlinkrepo.idRepo WHERE addonlinkrepo.idRepo IN (2) ORDER BY repo.addonID, addons.addonID returned 8 rows in 0 ms
2026-02-12 10:15:22.581 T:17655   debug <general>: CAddonDatabase::GetAddons took 0 ms
2026-02-12 10:15:22.581 T:17655   debug <general>: CAddonDatabase: SELECT repo.id FROM repo .. took 0 ms
2026-02-12 10:15:22.583 T:17655   debug <general>: CAddonDatabase: query  SELECT addons.*, repo.addonID AS repoID FROM addons JOIN addonlinkrepo ON addons.id=addonlinkrepo.idAddon JOIN repo ON repo.id=addonlinkrepo.idRepo WHERE addonlinkrepo.idRepo IN (1,2) ORDER BY repo.addonID, addons.addonID returned 791 rows in 1 ms
2026-02-12 10:15:22.592 T:17519   debug <general>: Resolved addon path https://mirrors.kodi.tv/addons/omega/script.module.requests/script.module.requests-2.31.0.zip to https://mirror.math.princeton.edu/pub/xbmc/addons/omega/script.module.requests/script.module.requests-2.31.0.zip hash a5704f0fd7afb4154e1beea9b5f05a002bcd75fa581a1e5fd15ece39bf2bd38a
2026-02-12 10:15:22.593 T:17519   debug <general>: easy_acquire - Created session to https://mirror.math.princeton.edu
2026-02-12 10:15:22.594 T:17655   debug <general>: CAddonDatabase::GetAddons took 12 ms
2026-02-12 10:15:22.595 T:17655   debug <general>: CAddonMgr::GetAddonsWithAvailableUpdate took 13 ms
2026-02-12 10:15:22.595 T:17655   debug <general>: Thread waiting 139780850968256 terminating
2026-02-12 10:15:22.596 T:17657   debug <general>: Thread BackgroundLoader start, auto delete: false
2026-02-12 10:15:22.596 T:17473   debug <general>: [threads] name: 'BackgroundLoader' priority: '1'
2026-02-12 10:15:22.597 T:17657   debug <general>: Thread BackgroundLoader 139781198722752 terminating
2026-02-12 10:15:22.601 T:17513   debug <general>: Presentation: Frame was discarded by compositor
2026-02-12 10:15:22.701 T:17520   debug <general>: Skipped 1 duplicate messages..
2026-02-12 10:15:22.701 T:17520   debug <general>: CCurlFile::GetMimeType - <https://rpeters1430.github.io/repository.dobbelina/plugin.video.cumination/icon.png> -> failed
2026-02-12 10:15:22.701 T:17520   debug <general>: CurlFile::Open - <https://rpeters1430.github.io/repository.dobbelina/plugin.video.cumination/icon.png>
2026-02-12 10:15:22.721 T:17513   debug <general>: Presentation: Frame was discarded by compositor
2026-02-12 10:15:22.739 T:17520   error <general>: CCurlFile::Open - <https://rpeters1430.github.io/repository.dobbelina/plugin.video.cumination/icon.png> Failed with code 404:
                                                   
2026-02-12 10:15:22.762 T:17513   debug <general>: Presentation: Frame was discarded by compositor
2026-02-12 10:15:22.846 T:17520   debug <general>: Skipped 1 duplicate messages..
2026-02-12 10:15:22.846 T:17520   debug <general>: CCurlFile::GetMimeType - <https://rpeters1430.github.io/repository.dobbelina/plugin.video.uwc/icon.png> -> failed
2026-02-12 10:15:22.846 T:17520   debug <general>: CurlFile::Open - <https://rpeters1430.github.io/repository.dobbelina/plugin.video.uwc/icon.png>
2026-02-12 10:15:22.880 T:17520   error <general>: CCurlFile::Open - <https://rpeters1430.github.io/repository.dobbelina/plugin.video.uwc/icon.png> Failed with code 404:
                                                   
2026-02-12 10:15:22.884 T:17513   debug <general>: Presentation: Frame was discarded by compositor
2026-02-12 10:15:23.212 T:17519   debug <general>: Skipped 4 duplicate messages..
2026-02-12 10:15:23.212 T:17519   debug <general>: CurlFile::Open - <https://mirror.math.princeton.edu/pub/xbmc/addons/omega/script.module.requests/script.module.requests-2.31.0.zip>
2026-02-12 10:15:23.247 T:17513   debug <general>: Presentation: Frame was discarded by compositor
2026-02-12 10:15:23.755 T:17519   debug <general>: Skipped 10 duplicate messages..
2026-02-12 10:15:23.755 T:17519   debug <general>: CAddonDatabase: SELECT repo.id FROM repo .. took 0 ms
2026-02-12 10:15:23.757 T:17519   debug <general>: CAddonDatabase: query  SELECT addons.*, repo.addonID AS repoID FROM addons JOIN addonlinkrepo ON addons.id=addonlinkrepo.idAddon JOIN repo ON repo.id=addonlinkrepo.idRepo WHERE addonlinkrepo.idRepo IN (1,2) ORDER BY repo.addonID, addons.addonID returned 791 rows in 2 ms
2026-02-12 10:15:23.768 T:17519   debug <general>: CAddonDatabase::GetAddons took 13 ms
2026-02-12 10:15:23.769 T:17519   debug <general>: CurlFile::Open - <https://mirrors.kodi.tv/addons/omega/script.module.certifi/script.module.certifi-2023.5.7.zip>
2026-02-12 10:15:23.797 T:17513   debug <general>: Presentation: Frame was discarded by compositor
2026-02-12 10:15:23.837 T:17519   debug <general>: Resolved addon path https://mirrors.kodi.tv/addons/omega/script.module.certifi/script.module.certifi-2023.5.7.zip to https://mirror.karneval.cz/pub/xbmc/addons/omega/script.module.certifi/script.module.certifi-2023.5.7.zip hash c16d4cd2efe6e57dbb5e8d71a9beb3af213b1e3d717e8b0b24f0cbdc4c645070
2026-02-12 10:15:23.837 T:17519   debug <general>: easy_acquire - Created session to https://mirror.karneval.cz
2026-02-12 10:15:23.870 T:17513   debug <general>: Presentation: Frame was discarded by compositor
2026-02-12 10:15:24.691 T:17538   debug <general>: Skipped 12 duplicate messages..
2026-02-12 10:15:24.691 T:17538   debug <general>: AddOnLog: pvr.hts: new connection requested
2026-02-12 10:15:24.691 T:17538   error <general>: AddOnLog: pvr.hts: unable to connect to 127.0.0.1:9982
2026-02-12 10:15:24.714 T:17513   debug <general>: Presentation: Frame was discarded by compositor
2026-02-12 10:15:25.117 T:17519   debug <general>: Skipped 7 duplicate messages..
2026-02-12 10:15:25.117 T:17519   debug <general>: CurlFile::Open - <https://mirror.karneval.cz/pub/xbmc/addons/omega/script.module.certifi/script.module.certifi-2023.5.7.zip>
2026-02-12 10:15:25.161 T:17513   debug <general>: Presentation: Frame was discarded by compositor
2026-02-12 10:15:26.341 T:17519   debug <general>: Skipped 11 duplicate messages..
2026-02-12 10:15:26.341 T:17519   debug <general>: CAddonDatabase: SELECT repo.id FROM repo .. took 0 ms
2026-02-12 10:15:26.348 T:17519   debug <general>: CAddonDatabase: query  SELECT addons.*, repo.addonID AS repoID FROM addons JOIN addonlinkrepo ON addons.id=addonlinkrepo.idAddon JOIN repo ON repo.id=addonlinkrepo.idRepo WHERE addonlinkrepo.idRepo IN (1,2) ORDER BY repo.addonID, addons.addonID returned 791 rows in 6 ms
2026-02-12 10:15:26.362 T:17519   debug <general>: CAddonDatabase::GetAddons took 20 ms
2026-02-12 10:15:26.364 T:17519   debug <general>: Unpacking zip://special%3a%2f%2fhome%2faddons%2fpackages%2fscript.module.certifi-2023.5.7.zip/script.module.certifi/ to /home/rpeters1428/.kodi/addons/temp/c82d240a-1640-4bab-a39b-ab1fbb8e66f3
2026-02-12 10:15:26.370 T:17519   debug <general>: CAddonInfoBuilder::ParseXMLTypes: Binary addon found: audioencoder.kodi.builtin.aac
2026-02-12 10:15:26.370 T:17519   debug <general>: CAddonInfoBuilder::ParseXMLTypes: Binary addon found: audioencoder.kodi.builtin.wma
2026-02-12 10:15:26.373 T:17519   debug <general>: CAddonInfoBuilder::ParseXMLTypes: Binary addon found: screensaver.xbmc.builtin.black
2026-02-12 10:15:26.374 T:17519   debug <general>: CAddonInfoBuilder::ParseXMLTypes: Binary addon found: screensaver.xbmc.builtin.dim
2026-02-12 10:15:26.375 T:17519   debug <general>: CAddonInfoBuilder::ParseXMLTypes: Binary addon found: inputstream.adaptive
2026-02-12 10:15:26.375 T:17519   debug <general>: CAddonInfoBuilder::ParseXMLTypes: Binary addon found: inputstream.rtmp
2026-02-12 10:15:26.375 T:17519   debug <general>: CAddonInfoBuilder::ParseXMLTypes: Binary addon found: pvr.iptvsimple
2026-02-12 10:15:26.375 T:17519   debug <general>: CAddonInfoBuilder::ParseXMLTypes: Binary addon found: pvr.hts
2026-02-12 10:15:26.376 T:17519   debug <general>: CAddonInfoBuilder::ParseXMLTypes: Binary addon found: peripheral.joystick
2026-02-12 10:15:26.376 T:17519   debug <general>: CAddonMgr::FindAddons: Addon 'metadata.common.fanart.tv' already present with version 3.6.3 at '/usr/share/kodi/addons/metadata.common.fanart.tv/' replaced with version 3.6.5 at '/home/rpeters1428/.kodi/addons/metadata.common.fanart.tv/'
2026-02-12 10:15:26.376 T:17519   debug <general>: CAddonMgr::FindAddons: Addon 'metadata.generic.albums' already present with version 1.0.14 at '/usr/share/kodi/addons/metadata.generic.albums/' replaced with version 1.0.18 at '/home/rpeters1428/.kodi/addons/metadata.generic.albums/'
2026-02-12 10:15:26.376 T:17519   debug <general>: CAddonMgr::FindAddons: Addon 'metadata.themoviedb.org.python' already present with version 1.3.1+matrix.1 at '/usr/share/kodi/addons/metadata.themoviedb.org.python/' replaced with version 3.1.3 at '/home/rpeters1428/.kodi/addons/metadata.themoviedb.org.python/'
2026-02-12 10:15:26.376 T:17519   debug <general>: CAddonMgr::FindAddons: Addon 'metadata.tvshows.themoviedb.org.python' already present with version 1.6.0 at '/usr/share/kodi/addons/metadata.tvshows.themoviedb.org.python/' replaced with version 1.7.4 at '/home/rpeters1428/.kodi/addons/metadata.tvshows.themoviedb.org.python/'
2026-02-12 10:15:26.377 T:17519   debug <general>: CAddonMgr::FindAddons: Addon 'service.xbmc.versioncheck' already present with version 0.5.27+matrix.1 at '/usr/share/kodi/addons/service.xbmc.versioncheck/' replaced with version 0.5.30+matrix.1 at '/home/rpeters1428/.kodi/addons/service.xbmc.versioncheck/'
2026-02-12 10:15:26.377 T:17519   debug <general>: CAddonMgr::FindAddons: Addon 'metadata.album.universal' already present with version 3.1.4 at '/usr/share/kodi/addons/metadata.album.universal/' replaced with version 3.1.18 at '/home/rpeters1428/.kodi/addons/metadata.album.universal/'
2026-02-12 10:15:26.377 T:17519   debug <general>: CAddonMgr::FindAddons: Addon 'metadata.artists.universal' already present with version 4.3.3 at '/usr/share/kodi/addons/metadata.artists.universal/' replaced with version 4.3.21 at '/home/rpeters1428/.kodi/addons/metadata.artists.universal/'
2026-02-12 10:15:26.378 T:17519    info <general>: CAddonMgr::FindAddon: script.module.certifi v2023.5.7 installed
2026-02-12 10:15:26.382 T:17519   debug <general>: CAddonMgr: script.module.certifi successfully loaded
2026-02-12 10:15:26.382 T:17520   debug <general>: ContextMenuManager: addon menus reloaded.
2026-02-12 10:15:26.382 T:17519   debug <general>: ADDONS: dependency [script.module.certifi] will not be version checked and unpinned
2026-02-12 10:15:26.382 T:17519   debug <general>: CurlFile::Open - <https://mirrors.kodi.tv/addons/omega/script.module.chardet/script.module.chardet-5.1.0.zip>
2026-02-12 10:15:26.389 T:17473   debug <general>: CGUIMediaWindow::GetDirectory (addons://repository.dobbelina/xbmc.addon.video)
2026-02-12 10:15:26.389 T:17473   debug <general>:   ParentPath = [addons://repository.dobbelina/xbmc.addon.video]
2026-02-12 10:15:26.389 T:17675   debug <general>: Thread waiting start, auto delete: false
2026-02-12 10:15:26.389 T:17675   debug <general>: CAddonDatabase: SELECT repo.id FROM repo .. took 0 ms
2026-02-12 10:15:26.389 T:17675   debug <general>: CAddonDatabase: query  SELECT addons.*, repo.addonID AS repoID FROM addons JOIN addonlinkrepo ON addons.id=addonlinkrepo.idAddon JOIN repo ON repo.id=addonlinkrepo.idRepo WHERE addonlinkrepo.idRepo IN (2) ORDER BY repo.addonID, addons.addonID returned 8 rows in 0 ms
2026-02-12 10:15:26.390 T:17675   debug <general>: CAddonDatabase::GetAddons took 0 ms
2026-02-12 10:15:26.390 T:17675   debug <general>: CAddonDatabase: SELECT repo.id FROM repo .. took 0 ms
2026-02-12 10:15:26.394 T:17675   debug <general>: CAddonDatabase: query  SELECT addons.*, repo.addonID AS repoID FROM addons JOIN addonlinkrepo ON addons.id=addonlinkrepo.idAddon JOIN repo ON repo.id=addonlinkrepo.idRepo WHERE addonlinkrepo.idRepo IN (1,2) ORDER BY repo.addonID, addons.addonID returned 791 rows in 4 ms
2026-02-12 10:15:26.408 T:17675   debug <general>: CAddonDatabase::GetAddons took 17 ms
2026-02-12 10:15:26.409 T:17675   debug <general>: CAddonMgr::GetAddonsWithAvailableUpdate took 19 ms
2026-02-12 10:15:26.410 T:17675   debug <general>: Thread waiting 139780842575552 terminating
2026-02-12 10:15:26.412 T:17676   debug <general>: Thread BackgroundLoader start, auto delete: false
2026-02-12 10:15:26.412 T:17473   debug <general>: [threads] name: 'BackgroundLoader' priority: '1'
2026-02-12 10:15:26.412 T:17676   debug <general>: Thread BackgroundLoader 139781198722752 terminating
2026-02-12 10:15:26.448 T:17519   debug <general>: Resolved addon path https://mirrors.kodi.tv/addons/omega/script.module.chardet/script.module.chardet-5.1.0.zip to https://ftp.hosteurope.de/mirror/xbmc.org/addons/omega/script.module.chardet/script.module.chardet-5.1.0.zip hash d5010fc55a9523d86a306ae9e6a8dea0e3248fe079b9ed37280fe86110cd766a
2026-02-12 10:15:26.449 T:17519   debug <general>: easy_acquire - Created session to https://ftp.hosteurope.de
2026-02-12 10:15:26.539 T:17521   debug <general>: CCurlFile::GetMimeType - <https://rpeters1430.github.io/repository.dobbelina/plugin.video.cumination/icon.png> -> failed
2026-02-12 10:15:26.539 T:17521   debug <general>: CurlFile::Open - <https://rpeters1430.github.io/repository.dobbelina/plugin.video.cumination/icon.png>
2026-02-12 10:15:26.586 T:17521   error <general>: CCurlFile::Open - <https://rpeters1430.github.io/repository.dobbelina/plugin.video.cumination/icon.png> Failed with code 404:
                                                   
2026-02-12 10:15:26.701 T:17521   debug <general>: CCurlFile::GetMimeType - <https://rpeters1430.github.io/repository.dobbelina/plugin.video.uwc/icon.png> -> failed
2026-02-12 10:15:26.701 T:17521   debug <general>: CurlFile::Open - <https://rpeters1430.github.io/repository.dobbelina/plugin.video.uwc/icon.png>
2026-02-12 10:15:26.732 T:17521   error <general>: CCurlFile::Open - <https://rpeters1430.github.io/repository.dobbelina/plugin.video.uwc/icon.png> Failed with code 404:
                                                   
2026-02-12 10:15:26.819 T:17513   debug <general>: Presentation: Frame was discarded by compositor
2026-02-12 10:15:27.515 T:17519   debug <general>: Skipped 6 duplicate messages..
2026-02-12 10:15:27.515 T:17519   debug <general>: CurlFile::Open - <https://ftp.hosteurope.de/mirror/xbmc.org/addons/omega/script.module.chardet/script.module.chardet-5.1.0.zip>
2026-02-12 10:15:27.516 T:17513   debug <general>: Presentation: Frame was discarded by compositor
2026-02-12 10:15:28.876 T:17519   debug <general>: Skipped 14 duplicate messages..
2026-02-12 10:15:28.876 T:17519   debug <general>: CAddonDatabase: SELECT repo.id FROM repo .. took 0 ms
2026-02-12 10:15:28.879 T:17519   debug <general>: CAddonDatabase: query  SELECT addons.*, repo.addonID AS repoID FROM addons JOIN addonlinkrepo ON addons.id=addonlinkrepo.idAddon JOIN repo ON repo.id=addonlinkrepo.idRepo WHERE addonlinkrepo.idRepo IN (1,2) ORDER BY repo.addonID, addons.addonID returned 791 rows in 3 ms
2026-02-12 10:15:28.891 T:17519   debug <general>: CAddonDatabase::GetAddons took 15 ms
2026-02-12 10:15:28.892 T:17513   debug <general>: Presentation: Frame was discarded by compositor
2026-02-12 10:15:28.893 T:17519   debug <general>: Unpacking zip://special%3a%2f%2fhome%2faddons%2fpackages%2fscript.module.chardet-5.1.0.zip/script.module.chardet/ to /home/rpeters1428/.kodi/addons/temp/6cca8a0d-198f-4e38-a7de-cee9ff691265
2026-02-12 10:15:28.907 T:17519   debug <general>: CAddonInfoBuilder::ParseXMLTypes: Binary addon found: audioencoder.kodi.builtin.aac
2026-02-12 10:15:28.907 T:17519   debug <general>: CAddonInfoBuilder::ParseXMLTypes: Binary addon found: audioencoder.kodi.builtin.wma
2026-02-12 10:15:28.910 T:17519   debug <general>: CAddonInfoBuilder::ParseXMLTypes: Binary addon found: screensaver.xbmc.builtin.black
2026-02-12 10:15:28.911 T:17519   debug <general>: CAddonInfoBuilder::ParseXMLTypes: Binary addon found: screensaver.xbmc.builtin.dim
2026-02-12 10:15:28.912 T:17519   debug <general>: CAddonInfoBuilder::ParseXMLTypes: Binary addon found: inputstream.adaptive
2026-02-12 10:15:28.912 T:17519   debug <general>: CAddonInfoBuilder::ParseXMLTypes: Binary addon found: inputstream.rtmp
2026-02-12 10:15:28.912 T:17519   debug <general>: CAddonInfoBuilder::ParseXMLTypes: Binary addon found: pvr.iptvsimple
2026-02-12 10:15:28.912 T:17519   debug <general>: CAddonInfoBuilder::ParseXMLTypes: Binary addon found: pvr.hts
2026-02-12 10:15:28.913 T:17519   debug <general>: CAddonInfoBuilder::ParseXMLTypes: Binary addon found: peripheral.joystick
2026-02-12 10:15:28.913 T:17519   debug <general>: CAddonMgr::FindAddons: Addon 'metadata.common.fanart.tv' already present with version 3.6.3 at '/usr/share/kodi/addons/metadata.common.fanart.tv/' replaced with version 3.6.5 at '/home/rpeters1428/.kodi/addons/metadata.common.fanart.tv/'
2026-02-12 10:15:28.913 T:17519   debug <general>: CAddonMgr::FindAddons: Addon 'metadata.generic.albums' already present with version 1.0.14 at '/usr/share/kodi/addons/metadata.generic.albums/' replaced with version 1.0.18 at '/home/rpeters1428/.kodi/addons/metadata.generic.albums/'
2026-02-12 10:15:28.913 T:17519   debug <general>: CAddonMgr::FindAddons: Addon 'metadata.themoviedb.org.python' already present with version 1.3.1+matrix.1 at '/usr/share/kodi/addons/metadata.themoviedb.org.python/' replaced with version 3.1.3 at '/home/rpeters1428/.kodi/addons/metadata.themoviedb.org.python/'
2026-02-12 10:15:28.913 T:17519   debug <general>: CAddonMgr::FindAddons: Addon 'metadata.tvshows.themoviedb.org.python' already present with version 1.6.0 at '/usr/share/kodi/addons/metadata.tvshows.themoviedb.org.python/' replaced with version 1.7.4 at '/home/rpeters1428/.kodi/addons/metadata.tvshows.themoviedb.org.python/'
2026-02-12 10:15:28.914 T:17519   debug <general>: CAddonMgr::FindAddons: Addon 'service.xbmc.versioncheck' already present with version 0.5.27+matrix.1 at '/usr/share/kodi/addons/service.xbmc.versioncheck/' replaced with version 0.5.30+matrix.1 at '/home/rpeters1428/.kodi/addons/service.xbmc.versioncheck/'
2026-02-12 10:15:28.914 T:17519   debug <general>: CAddonMgr::FindAddons: Addon 'metadata.album.universal' already present with version 3.1.4 at '/usr/share/kodi/addons/metadata.album.universal/' replaced with version 3.1.18 at '/home/rpeters1428/.kodi/addons/metadata.album.universal/'
2026-02-12 10:15:28.914 T:17519   debug <general>: CAddonMgr::FindAddons: Addon 'metadata.artists.universal' already present with version 4.3.3 at '/usr/share/kodi/addons/metadata.artists.universal/' replaced with version 4.3.21 at '/home/rpeters1428/.kodi/addons/metadata.artists.universal/'
2026-02-12 10:15:28.915 T:17519    info <general>: CAddonMgr::FindAddon: script.module.chardet v5.1.0 installed
2026-02-12 10:15:28.919 T:17519   debug <general>: CAddonMgr: script.module.chardet successfully loaded
2026-02-12 10:15:28.919 T:17631   debug <general>: ContextMenuManager: addon menus reloaded.
2026-02-12 10:15:28.919 T:17519   debug <general>: ADDONS: dependency [script.module.chardet] will not be version checked and unpinned
2026-02-12 10:15:28.919 T:17519   debug <general>: CurlFile::Open - <https://mirrors.kodi.tv/addons/omega/script.module.idna/script.module.idna-3.10.0.zip>
2026-02-12 10:15:28.926 T:17473   debug <general>: CGUIMediaWindow::GetDirectory (addons://repository.dobbelina/xbmc.addon.video)
2026-02-12 10:15:28.926 T:17473   debug <general>:   ParentPath = [addons://repository.dobbelina/xbmc.addon.video]
2026-02-12 10:15:28.926 T:17681   debug <general>: Thread waiting start, auto delete: false
2026-02-12 10:15:28.927 T:17681   debug <general>: CAddonDatabase: SELECT repo.id FROM repo .. took 0 ms
2026-02-12 10:15:28.927 T:17681   debug <general>: CAddonDatabase: query  SELECT addons.*, repo.addonID AS repoID FROM addons JOIN addonlinkrepo ON addons.id=addonlinkrepo.idAddon JOIN repo ON repo.id=addonlinkrepo.idRepo WHERE addonlinkrepo.idRepo IN (2) ORDER BY repo.addonID, addons.addonID returned 8 rows in 0 ms
2026-02-12 10:15:28.927 T:17681   debug <general>: CAddonDatabase::GetAddons took 0 ms
2026-02-12 10:15:28.927 T:17681   debug <general>: CAddonDatabase: SELECT repo.id FROM repo .. took 0 ms
2026-02-12 10:15:28.929 T:17681   debug <general>: CAddonDatabase: query  SELECT addons.*, repo.addonID AS repoID FROM addons JOIN addonlinkrepo ON addons.id=addonlinkrepo.idAddon JOIN repo ON repo.id=addonlinkrepo.idRepo WHERE addonlinkrepo.idRepo IN (1,2) ORDER BY repo.addonID, addons.addonID returned 791 rows in 1 ms
2026-02-12 10:15:28.940 T:17681   debug <general>: CAddonDatabase::GetAddons took 12 ms
2026-02-12 10:15:28.941 T:17681   debug <general>: CAddonMgr::GetAddonsWithAvailableUpdate took 13 ms
2026-02-12 10:15:28.942 T:17681   debug <general>: Thread waiting 139780842575552 terminating
2026-02-12 10:15:28.943 T:17682   debug <general>: Thread BackgroundLoader start, auto delete: false
2026-02-12 10:15:28.943 T:17473   debug <general>: [threads] name: 'BackgroundLoader' priority: '1'
2026-02-12 10:15:28.943 T:17682   debug <general>: Thread BackgroundLoader 139781198722752 terminating
2026-02-12 10:15:28.974 T:17519   debug <general>: Resolved addon path https://mirrors.kodi.tv/addons/omega/script.module.idna/script.module.idna-3.10.0.zip to https://mirrors.dotsrc.org/kodi/addons/omega/script.module.idna/script.module.idna-3.10.0.zip hash c4ff34dbfab2736e9214a374d331bd6f558d8b3fea8eb7902e210749509242b3
2026-02-12 10:15:28.974 T:17519   debug <general>: easy_acquire - Created session to https://mirrors.dotsrc.org
2026-02-12 10:15:29.022 T:17513   debug <general>: Presentation: Frame was discarded by compositor
2026-02-12 10:15:29.042 T:17631   debug <general>: CCurlFile::GetMimeType - <https://rpeters1430.github.io/repository.dobbelina/plugin.video.cumination/icon.png> -> failed
2026-02-12 10:15:29.042 T:17631   debug <general>: CurlFile::Open - <https://rpeters1430.github.io/repository.dobbelina/plugin.video.cumination/icon.png>
2026-02-12 10:15:29.067 T:17513   debug <general>: Presentation: Frame was discarded by compositor
2026-02-12 10:15:29.071 T:17631   error <general>: CCurlFile::Open - <https://rpeters1430.github.io/repository.dobbelina/plugin.video.cumination/icon.png> Failed with code 404:
                                                   
2026-02-12 10:15:29.148 T:17513   debug <general>: Presentation: Frame was discarded by compositor
2026-02-12 10:15:29.164 T:17631   debug <general>: CCurlFile::GetMimeType - <https://rpeters1430.github.io/repository.dobbelina/plugin.video.uwc/icon.png> -> failed
2026-02-12 10:15:29.164 T:17631   debug <general>: CurlFile::Open - <https://rpeters1430.github.io/repository.dobbelina/plugin.video.uwc/icon.png>
2026-02-12 10:15:29.193 T:17631   error <general>: CCurlFile::Open - <https://rpeters1430.github.io/repository.dobbelina/plugin.video.uwc/icon.png> Failed with code 404:
                                                   
2026-02-12 10:15:29.223 T:17513   debug <general>: Presentation: Frame was discarded by compositor
2026-02-12 10:15:30.041 T:17519   debug <general>: Skipped 17 duplicate messages..
2026-02-12 10:15:30.041 T:17519   debug <general>: CurlFile::Open - <https://mirrors.dotsrc.org/kodi/addons/omega/script.module.idna/script.module.idna-3.10.0.zip>
2026-02-12 10:15:30.073 T:17513   debug <general>: Presentation: Frame was discarded by compositor
2026-02-12 10:15:31.058 T:17519   debug <general>: Skipped 16 duplicate messages..
2026-02-12 10:15:31.058 T:17519   debug <general>: CAddonDatabase: SELECT repo.id FROM repo .. took 0 ms
2026-02-12 10:15:31.060 T:17519   debug <general>: CAddonDatabase: query  SELECT addons.*, repo.addonID AS repoID FROM addons JOIN addonlinkrepo ON addons.id=addonlinkrepo.idAddon JOIN repo ON repo.id=addonlinkrepo.idRepo WHERE addonlinkrepo.idRepo IN (1,2) ORDER BY repo.addonID, addons.addonID returned 791 rows in 2 ms
2026-02-12 10:15:31.072 T:17519   debug <general>: CAddonDatabase::GetAddons took 13 ms
2026-02-12 10:15:31.073 T:17519   debug <general>: Unpacking zip://special%3a%2f%2fhome%2faddons%2fpackages%2fscript.module.idna-3.10.0.zip/script.module.idna/ to /home/rpeters1428/.kodi/addons/temp/b4d9dfb9-ad63-4609-af7b-2efea87df9fb
2026-02-12 10:15:31.078 T:17519   debug <general>: CAddonInfoBuilder::ParseXMLTypes: Binary addon found: audioencoder.kodi.builtin.aac
2026-02-12 10:15:31.078 T:17519   debug <general>: CAddonInfoBuilder::ParseXMLTypes: Binary addon found: audioencoder.kodi.builtin.wma
2026-02-12 10:15:31.081 T:17519   debug <general>: CAddonInfoBuilder::ParseXMLTypes: Binary addon found: screensaver.xbmc.builtin.black
2026-02-12 10:15:31.082 T:17519   debug <general>: CAddonInfoBuilder::ParseXMLTypes: Binary addon found: screensaver.xbmc.builtin.dim
2026-02-12 10:15:31.083 T:17519   debug <general>: CAddonInfoBuilder::ParseXMLTypes: Binary addon found: inputstream.adaptive
2026-02-12 10:15:31.083 T:17519   debug <general>: CAddonInfoBuilder::ParseXMLTypes: Binary addon found: inputstream.rtmp
2026-02-12 10:15:31.083 T:17519   debug <general>: CAddonInfoBuilder::ParseXMLTypes: Binary addon found: pvr.iptvsimple
2026-02-12 10:15:31.083 T:17519   debug <general>: CAddonInfoBuilder::ParseXMLTypes: Binary addon found: pvr.hts
2026-02-12 10:15:31.083 T:17519   debug <general>: CAddonInfoBuilder::ParseXMLTypes: Binary addon found: peripheral.joystick
2026-02-12 10:15:31.084 T:17519   debug <general>: CAddonMgr::FindAddons: Addon 'metadata.common.fanart.tv' already present with version 3.6.3 at '/usr/share/kodi/addons/metadata.common.fanart.tv/' replaced with version 3.6.5 at '/home/rpeters1428/.kodi/addons/metadata.common.fanart.tv/'
2026-02-12 10:15:31.084 T:17519   debug <general>: CAddonMgr::FindAddons: Addon 'metadata.generic.albums' already present with version 1.0.14 at '/usr/share/kodi/addons/metadata.generic.albums/' replaced with version 1.0.18 at '/home/rpeters1428/.kodi/addons/metadata.generic.albums/'
2026-02-12 10:15:31.084 T:17519   debug <general>: CAddonMgr::FindAddons: Addon 'metadata.themoviedb.org.python' already present with version 1.3.1+matrix.1 at '/usr/share/kodi/addons/metadata.themoviedb.org.python/' replaced with version 3.1.3 at '/home/rpeters1428/.kodi/addons/metadata.themoviedb.org.python/'
2026-02-12 10:15:31.084 T:17519   debug <general>: CAddonMgr::FindAddons: Addon 'metadata.tvshows.themoviedb.org.python' already present with version 1.6.0 at '/usr/share/kodi/addons/metadata.tvshows.themoviedb.org.python/' replaced with version 1.7.4 at '/home/rpeters1428/.kodi/addons/metadata.tvshows.themoviedb.org.python/'
2026-02-12 10:15:31.085 T:17519   debug <general>: CAddonMgr::FindAddons: Addon 'service.xbmc.versioncheck' already present with version 0.5.27+matrix.1 at '/usr/share/kodi/addons/service.xbmc.versioncheck/' replaced with version 0.5.30+matrix.1 at '/home/rpeters1428/.kodi/addons/service.xbmc.versioncheck/'
2026-02-12 10:15:31.085 T:17519   debug <general>: CAddonMgr::FindAddons: Addon 'metadata.album.universal' already present with version 3.1.4 at '/usr/share/kodi/addons/metadata.album.universal/' replaced with version 3.1.18 at '/home/rpeters1428/.kodi/addons/metadata.album.universal/'
2026-02-12 10:15:31.085 T:17519   debug <general>: CAddonMgr::FindAddons: Addon 'metadata.artists.universal' already present with version 4.3.3 at '/usr/share/kodi/addons/metadata.artists.universal/' replaced with version 4.3.21 at '/home/rpeters1428/.kodi/addons/metadata.artists.universal/'
2026-02-12 10:15:31.086 T:17519    info <general>: CAddonMgr::FindAddon: script.module.idna v3.10.0 installed
2026-02-12 10:15:31.098 T:17519   debug <general>: CAddonMgr: script.module.idna successfully loaded
2026-02-12 10:15:31.098 T:17521   debug <general>: ContextMenuManager: addon menus reloaded.
2026-02-12 10:15:31.098 T:17519   debug <general>: ADDONS: dependency [script.module.idna] will not be version checked and unpinned
2026-02-12 10:15:31.098 T:17519   debug <general>: CurlFile::Open - <https://mirrors.kodi.tv/addons/omega/script.module.urllib3/script.module.urllib3-2.2.3.zip>
2026-02-12 10:15:31.107 T:17473   debug <general>: CGUIMediaWindow::GetDirectory (addons://repository.dobbelina/xbmc.addon.video)
2026-02-12 10:15:31.107 T:17473   debug <general>:   ParentPath = [addons://repository.dobbelina/xbmc.addon.video]
2026-02-12 10:15:31.108 T:17687   debug <general>: Thread waiting start, auto delete: false
2026-02-12 10:15:31.108 T:17687   debug <general>: CAddonDatabase: SELECT repo.id FROM repo .. took 0 ms
2026-02-12 10:15:31.108 T:17687   debug <general>: CAddonDatabase: query  SELECT addons.*, repo.addonID AS repoID FROM addons JOIN addonlinkrepo ON addons.id=addonlinkrepo.idAddon JOIN repo ON repo.id=addonlinkrepo.idRepo WHERE addonlinkrepo.idRepo IN (2) ORDER BY repo.addonID, addons.addonID returned 8 rows in 0 ms
2026-02-12 10:15:31.108 T:17687   debug <general>: CAddonDatabase::GetAddons took 0 ms
2026-02-12 10:15:31.109 T:17687   debug <general>: CAddonDatabase: SELECT repo.id FROM repo .. took 0 ms
2026-02-12 10:15:31.110 T:17687   debug <general>: CAddonDatabase: query  SELECT addons.*, repo.addonID AS repoID FROM addons JOIN addonlinkrepo ON addons.id=addonlinkrepo.idAddon JOIN repo ON repo.id=addonlinkrepo.idRepo WHERE addonlinkrepo.idRepo IN (1,2) ORDER BY repo.addonID, addons.addonID returned 791 rows in 1 ms
2026-02-12 10:15:31.122 T:17687   debug <general>: CAddonDatabase::GetAddons took 13 ms
2026-02-12 10:15:31.123 T:17687   debug <general>: CAddonMgr::GetAddonsWithAvailableUpdate took 14 ms
2026-02-12 10:15:31.124 T:17687   debug <general>: Thread waiting 139780842575552 terminating
2026-02-12 10:15:31.125 T:17688   debug <general>: Thread BackgroundLoader start, auto delete: false
2026-02-12 10:15:31.125 T:17473   debug <general>: [threads] name: 'BackgroundLoader' priority: '1'
2026-02-12 10:15:31.125 T:17688   debug <general>: Thread BackgroundLoader 139781198722752 terminating
2026-02-12 10:15:31.156 T:17519   debug <general>: Resolved addon path https://mirrors.kodi.tv/addons/omega/script.module.urllib3/script.module.urllib3-2.2.3.zip to https://mirror.netcologne.de/xbmc/addons/omega/script.module.urllib3/script.module.urllib3-2.2.3.zip hash 740b2d63bb50eee9fb35f01c567ec8d3588c5bbd548e2b8d280932be30d82f53
2026-02-12 10:15:31.156 T:17519   debug <general>: easy_acquire - Created session to https://mirror.netcologne.de
2026-02-12 10:15:31.218 T:17513   debug <general>: Presentation: Frame was discarded by compositor
2026-02-12 10:15:31.228 T:17631   debug <general>: CCurlFile::GetMimeType - <https://rpeters1430.github.io/repository.dobbelina/plugin.video.cumination/icon.png> -> failed
2026-02-12 10:15:31.228 T:17631   debug <general>: CurlFile::Open - <https://rpeters1430.github.io/repository.dobbelina/plugin.video.cumination/icon.png>
2026-02-12 10:15:31.263 T:17631   error <general>: CCurlFile::Open - <https://rpeters1430.github.io/repository.dobbelina/plugin.video.cumination/icon.png> Failed with code 404:
                                                   
2026-02-12 10:15:31.370 T:17631   debug <general>: CCurlFile::GetMimeType - <https://rpeters1430.github.io/repository.dobbelina/plugin.video.uwc/icon.png> -> failed
2026-02-12 10:15:31.370 T:17631   debug <general>: CurlFile::Open - <https://rpeters1430.github.io/repository.dobbelina/plugin.video.uwc/icon.png>
2026-02-12 10:15:31.382 T:17513   debug <general>: Presentation: Frame was discarded by compositor
2026-02-12 10:15:31.405 T:17631   error <general>: CCurlFile::Open - <https://rpeters1430.github.io/repository.dobbelina/plugin.video.uwc/icon.png> Failed with code 404:
                                                   
2026-02-12 10:15:31.423 T:17513   debug <general>: Presentation: Frame was discarded by compositor
