2026-02-12 10:14:54.689 T:17538   debug <general>: AddOnLog: pvr.hts: new connection requested
2026-02-12 10:14:54.690 T:17538   error <general>: AddOnLog: pvr.hts: unable to connect to 127.0.0.1:9982
2026-02-12 10:14:54.965 T:17513   debug <general>: Presentation: Frame was discarded by compositor
2026-02-12 10:14:56.062 T:17473   debug <general>: Skipped 3 duplicate messages..
2026-02-12 10:14:56.062 T:17473   debug <general>: ProcessMouse: trying mouse action leftclick
2026-02-12 10:14:56.062 T:17473    info <general>: Loading skin file: FileBrowser.xml, load type: KEEP_IN_MEMORY
2026-02-12 10:14:56.064 T:17473   debug <general>: ------ Window Init (FileBrowser.xml) ------
2026-02-12 10:14:56.065 T:17513   debug <general>: Presentation: Frame was discarded by compositor
2026-02-12 10:14:57.704 T:17473   debug <general>: Skipped 11 duplicate messages..
2026-02-12 10:14:57.704 T:17473   debug <general>: ProcessMouse: trying mouse action leftclick
2026-02-12 10:14:57.711 T:17513   debug <general>: Presentation: Frame was discarded by compositor
2026-02-12 10:14:58.168 T:17478   debug <general>: Skipped 3 duplicate messages..
2026-02-12 10:14:58.168 T:17478   debug <general>: CPipewireNode::Info - node 62 changed
2026-02-12 10:14:58.321 T:17513   debug <general>: Presentation: Frame was discarded by compositor
2026-02-12 10:14:58.861 T:17473   debug <general>: Skipped 9 duplicate messages..
2026-02-12 10:14:58.861 T:17473   debug <general>: ProcessMouse: trying mouse action wheeldown
2026-02-12 10:14:58.869 T:17513   debug <general>: Skipped 3 duplicate messages..
2026-02-12 10:14:58.869 T:17513   debug <general>: Presentation: Frame was discarded by compositor
2026-02-12 10:14:58.904 T:17473   debug <general>: ProcessMouse: trying mouse action wheeldown
2026-02-12 10:14:59.528 T:17513   debug <general>: Skipped 4 duplicate messages..
2026-02-12 10:14:59.528 T:17513   debug <general>: Presentation: Frame was discarded by compositor
2026-02-12 10:15:00.234 T:17473   debug <general>: Skipped 8 duplicate messages..
2026-02-12 10:15:00.234 T:17473   debug <general>: ProcessMouse: trying mouse action leftclick
2026-02-12 10:15:00.241 T:17513   debug <general>: Presentation: Frame was discarded by compositor
2026-02-12 10:15:01.919 T:17473   debug <general>: Skipped 10 duplicate messages..
2026-02-12 10:15:01.919 T:17473   debug <general>: ProcessMouse: trying mouse action leftclick
2026-02-12 10:15:02.166 T:17473   debug <general>: ------ Window Deinit (FileBrowser.xml) ------
2026-02-12 10:15:02.176 T:17473   debug <general>: CAddonInstaller: installing from zip '/home/rpeters1428/Downloads/repository.dobbelina-1.0.5.zip'
2026-02-12 10:15:02.177 T:17520   debug <general>: CAddonMgr::UnloadAddon: repository.dobbelina unloaded
2026-02-12 10:15:02.178 T:17520   debug <general>: CAddonDatabase: SELECT repo.id FROM repo .. took 0 ms
2026-02-12 10:15:02.182 T:17520   debug <general>: CAddonDatabase: query  SELECT addons.*, repo.addonID AS repoID FROM addons JOIN addonlinkrepo ON addons.id=addonlinkrepo.idAddon JOIN repo ON repo.id=addonlinkrepo.idRepo WHERE addonlinkrepo.idRepo IN (1) ORDER BY repo.addonID, addons.addonID returned 783 rows in 3 ms
2026-02-12 10:15:02.195 T:17520   debug <general>: CAddonDatabase::GetAddons took 17 ms
2026-02-12 10:15:02.196 T:17520   debug <general>: Unpacking zip://%2fhome%2frpeters1428%2fDownloads%2frepository.dobbelina-1.0.5.zip/repository.dobbelina/ to /home/rpeters1428/.kodi/addons/temp/ea5f4f42-13d4-458b-a8df-3b59ad27dbce
2026-02-12 10:15:02.199 T:17520   debug <general>: CAddonInfoBuilder::ParseXMLTypes: Binary addon found: audioencoder.kodi.builtin.aac
2026-02-12 10:15:02.199 T:17520   debug <general>: CAddonInfoBuilder::ParseXMLTypes: Binary addon found: audioencoder.kodi.builtin.wma
2026-02-12 10:15:02.202 T:17520   debug <general>: CAddonInfoBuilder::ParseXMLTypes: Binary addon found: screensaver.xbmc.builtin.black
2026-02-12 10:15:02.203 T:17520   debug <general>: CAddonInfoBuilder::ParseXMLTypes: Binary addon found: screensaver.xbmc.builtin.dim
2026-02-12 10:15:02.204 T:17520   debug <general>: CAddonInfoBuilder::ParseXMLTypes: Binary addon found: inputstream.adaptive
2026-02-12 10:15:02.204 T:17520   debug <general>: CAddonInfoBuilder::ParseXMLTypes: Binary addon found: inputstream.rtmp
2026-02-12 10:15:02.204 T:17520   debug <general>: CAddonInfoBuilder::ParseXMLTypes: Binary addon found: pvr.iptvsimple
2026-02-12 10:15:02.204 T:17520   debug <general>: CAddonInfoBuilder::ParseXMLTypes: Binary addon found: pvr.hts
2026-02-12 10:15:02.205 T:17520   debug <general>: CAddonInfoBuilder::ParseXMLTypes: Binary addon found: peripheral.joystick
2026-02-12 10:15:02.205 T:17520   debug <general>: CAddonMgr::FindAddons: Addon 'metadata.common.fanart.tv' already present with version 3.6.3 at '/usr/share/kodi/addons/metadata.common.fanart.tv/' replaced with version 3.6.5 at '/home/rpeters1428/.kodi/addons/metadata.common.fanart.tv/'
2026-02-12 10:15:02.205 T:17520   debug <general>: CAddonMgr::FindAddons: Addon 'metadata.generic.albums' already present with version 1.0.14 at '/usr/share/kodi/addons/metadata.generic.albums/' replaced with version 1.0.18 at '/home/rpeters1428/.kodi/addons/metadata.generic.albums/'
2026-02-12 10:15:02.205 T:17520   debug <general>: CAddonMgr::FindAddons: Addon 'metadata.themoviedb.org.python' already present with version 1.3.1+matrix.1 at '/usr/share/kodi/addons/metadata.themoviedb.org.python/' replaced with version 3.1.3 at '/home/rpeters1428/.kodi/addons/metadata.themoviedb.org.python/'
2026-02-12 10:15:02.205 T:17520   debug <general>: CAddonMgr::FindAddons: Addon 'metadata.tvshows.themoviedb.org.python' already present with version 1.6.0 at '/usr/share/kodi/addons/metadata.tvshows.themoviedb.org.python/' replaced with version 1.7.4 at '/home/rpeters1428/.kodi/addons/metadata.tvshows.themoviedb.org.python/'
2026-02-12 10:15:02.206 T:17520   debug <general>: CAddonMgr::FindAddons: Addon 'service.xbmc.versioncheck' already present with version 0.5.27+matrix.1 at '/usr/share/kodi/addons/service.xbmc.versioncheck/' replaced with version 0.5.30+matrix.1 at '/home/rpeters1428/.kodi/addons/service.xbmc.versioncheck/'
2026-02-12 10:15:02.206 T:17520   debug <general>: CAddonMgr::FindAddons: Addon 'metadata.album.universal' already present with version 3.1.4 at '/usr/share/kodi/addons/metadata.album.universal/' replaced with version 3.1.18 at '/home/rpeters1428/.kodi/addons/metadata.album.universal/'
2026-02-12 10:15:02.206 T:17520   debug <general>: CAddonMgr::FindAddons: Addon 'metadata.artists.universal' already present with version 4.3.3 at '/usr/share/kodi/addons/metadata.artists.universal/' replaced with version 4.3.21 at '/home/rpeters1428/.kodi/addons/metadata.artists.universal/'
2026-02-12 10:15:02.207 T:17520    info <general>: CAddonMgr::FindAddon: repository.dobbelina v1.0.5 installed
2026-02-12 10:15:02.219 T:17520   debug <general>: CAddonMgr: enabled repository.dobbelina
2026-02-12 10:15:02.220 T:17520   debug <general>: ADDONS: repository [repository.dobbelina] updated. now checking for content updates.
2026-02-12 10:15:02.220 T:17519   debug <general>: CRepositoryUpdateJob[repository.dobbelina] checking for updates.
2026-02-12 10:15:02.224 T:17520   debug <general>: CAddonMgr::GetCompatibleVersions took 0 ms
2026-02-12 10:15:02.224 T:17520   debug <general>: ADDONS: pinned Addon: [repository.dobbelina] Origin: [repository.dobbelina] Version: [1.0.5]
2026-02-12 10:15:02.224 T:17529   debug <general>: Thread Timer 139782218819264 terminating
2026-02-12 10:15:02.224 T:17521   debug <general>: CRepositoryUpdater: closest next update check at 02/12/2026 4:09:09 PM (in 21247s)
2026-02-12 10:15:02.224 T:17521   debug <general>: CRepositoryUpdater: checking in 21247000ms
2026-02-12 10:15:02.225 T:17603   debug <general>: Thread Timer start, auto delete: false
2026-02-12 10:15:02.231 T:17473   debug <general>: CGUIMediaWindow::GetDirectory (addons://)
2026-02-12 10:15:02.231 T:17473   debug <general>:   ParentPath = [addons://]
2026-02-12 10:15:02.231 T:17604   debug <general>: Thread waiting start, auto delete: false
2026-02-12 10:15:02.232 T:17604   debug <general>: CAddonDatabase: SELECT repo.id FROM repo .. took 0 ms
2026-02-12 10:15:02.234 T:17604   debug <general>: CAddonDatabase: query  SELECT addons.*, repo.addonID AS repoID FROM addons JOIN addonlinkrepo ON addons.id=addonlinkrepo.idAddon JOIN repo ON repo.id=addonlinkrepo.idRepo WHERE addonlinkrepo.idRepo IN (1,2) ORDER BY repo.addonID, addons.addonID returned 791 rows in 2 ms
2026-02-12 10:15:02.246 T:17604   debug <general>: CAddonDatabase::GetAddons took 13 ms
2026-02-12 10:15:02.247 T:17604   debug <general>: CAddonMgr::GetAvailableUpdatesOrOutdatedAddons took 15 ms
2026-02-12 10:15:02.248 T:17604   debug <general>: Thread waiting 139780850968256 terminating
2026-02-12 10:15:02.249 T:17605   debug <general>: Thread BackgroundLoader start, auto delete: false
2026-02-12 10:15:02.249 T:17473   debug <general>: [threads] name: 'BackgroundLoader' priority: '1'
2026-02-12 10:15:02.249 T:17605   debug <general>: Thread BackgroundLoader 139781198722752 terminating
2026-02-12 10:15:02.249 T:17473   debug <general>: CGUIMediaWindow::GetDirectory (addons://)
2026-02-12 10:15:02.249 T:17473   debug <general>:   ParentPath = [addons://]
2026-02-12 10:15:02.249 T:17606   debug <general>: Thread waiting start, auto delete: false
2026-02-12 10:15:02.250 T:17606   debug <general>: CAddonDatabase: SELECT repo.id FROM repo .. took 0 ms
2026-02-12 10:15:02.251 T:17606   debug <general>: CAddonDatabase: query  SELECT addons.*, repo.addonID AS repoID FROM addons JOIN addonlinkrepo ON addons.id=addonlinkrepo.idAddon JOIN repo ON repo.id=addonlinkrepo.idRepo WHERE addonlinkrepo.idRepo IN (1,2) ORDER BY repo.addonID, addons.addonID returned 791 rows in 1 ms
2026-02-12 10:15:02.262 T:17606   debug <general>: CAddonDatabase::GetAddons took 12 ms
2026-02-12 10:15:02.263 T:17606   debug <general>: CAddonMgr::GetAvailableUpdatesOrOutdatedAddons took 13 ms
2026-02-12 10:15:02.264 T:17606   debug <general>: Thread waiting 139780850968256 terminating
2026-02-12 10:15:02.265 T:17607   debug <general>: Thread BackgroundLoader start, auto delete: false
2026-02-12 10:15:02.265 T:17473   debug <general>: [threads] name: 'BackgroundLoader' priority: '1'
2026-02-12 10:15:02.265 T:17473   debug <general>: ------ Window Init (DialogNotification.xml) ------
2026-02-12 10:15:02.265 T:17607   debug <general>: Thread BackgroundLoader 139781198722752 terminating
2026-02-12 10:15:02.321 T:17519   debug <general>: CurlFile::Open - <https://raw.githubusercontent.com/Gujal00/smrzips/master/addons.xml.md5>
2026-02-12 10:15:02.321 T:17519   debug <general>: easy_acquire - Created session to https://raw.githubusercontent.com
2026-02-12 10:15:02.445 T:17519   debug <general>: CurlFile::Open - <https://rpeters1430.github.io/repository.dobbelina/addons.xml.md5>
2026-02-12 10:15:02.446 T:17519   debug <general>: easy_acquire - Created session to https://rpeters1430.github.io
2026-02-12 10:15:02.629 T:17519   debug <general>: CurlFile::Open - <https://raw.githubusercontent.com/Gujal00/smrzips/master/addons.xml>
2026-02-12 10:15:02.661 T:17519   debug <general>: CurlFile::Open - <https://rpeters1430.github.io/repository.dobbelina/addons.xml>
2026-02-12 10:15:02.739 T:17513   debug <general>: Presentation: Frame was discarded by compositor
2026-02-12 10:15:02.768 T:17519   debug <general>: CRepository: invalidating cached art for 'plugin.video.cumination'
2026-02-12 10:15:02.783 T:17519   debug <general>: CRepositoryUpdater: done.
2026-02-12 10:15:02.783 T:17513   debug <general>: Presentation: Frame was discarded by compositor
2026-02-12 10:15:02.784 T:17519   debug <general>: CAddonDatabase: SELECT repo.id FROM repo .. took 0 ms
2026-02-12 10:15:02.787 T:17519   debug <general>: CAddonDatabase: query  SELECT addons.*, repo.addonID AS repoID FROM addons JOIN addonlinkrepo ON addons.id=addonlinkrepo.idAddon JOIN repo ON repo.id=addonlinkrepo.idRepo WHERE addonlinkrepo.idRepo IN (1,2) ORDER BY repo.addonID, addons.addonID returned 791 rows in 3 ms
2026-02-12 10:15:02.800 T:17519   debug <general>: CAddonDatabase::GetAddons took 15 ms
2026-02-12 10:15:02.801 T:17519   debug <general>: CAddonMgr::GetAvailableUpdatesOrOutdatedAddons took 17 ms
2026-02-12 10:15:02.802 T:17519   debug <general>: CAddonDatabase: SELECT repo.id FROM repo .. took 0 ms
2026-02-12 10:15:02.804 T:17519   debug <general>: CAddonDatabase: query  SELECT addons.*, repo.addonID AS repoID FROM addons JOIN addonlinkrepo ON addons.id=addonlinkrepo.idAddon JOIN repo ON repo.id=addonlinkrepo.idRepo WHERE addonlinkrepo.idRepo IN (1,2) ORDER BY repo.addonID, addons.addonID returned 791 rows in 2 ms
2026-02-12 10:15:02.815 T:17519   debug <general>: CAddonDatabase::GetAddons took 12 ms
2026-02-12 10:15:02.816 T:17519   debug <general>: CAddonMgr::GetAvailableUpdatesOrOutdatedAddons took 13 ms
2026-02-12 10:15:02.817 T:17603   debug <general>: Thread Timer 139782218819264 terminating
2026-02-12 10:15:02.817 T:17519   debug <general>: CRepositoryUpdater: closest next update check at 02/12/2026 4:09:09 PM (in 21247s)
2026-02-12 10:15:02.817 T:17519   debug <general>: CRepositoryUpdater: checking in 21247000ms
2026-02-12 10:15:02.817 T:17610   debug <general>: Thread Timer start, auto delete: false
2026-02-12 10:15:02.821 T:17473   debug <general>: CGUIMediaWindow::GetDirectory (addons://)
2026-02-12 10:15:02.821 T:17473   debug <general>:   ParentPath = [addons://]
2026-02-12 10:15:02.821 T:17611   debug <general>: Thread waiting start, auto delete: false
2026-02-12 10:15:02.822 T:17611   debug <general>: CAddonDatabase: SELECT repo.id FROM repo .. took 0 ms
2026-02-12 10:15:02.824 T:17611   debug <general>: CAddonDatabase: query  SELECT addons.*, repo.addonID AS repoID FROM addons JOIN addonlinkrepo ON addons.id=addonlinkrepo.idAddon JOIN repo ON repo.id=addonlinkrepo.idRepo WHERE addonlinkrepo.idRepo IN (1,2) ORDER BY repo.addonID, addons.addonID returned 791 rows in 2 ms
2026-02-12 10:15:02.835 T:17611   debug <general>: CAddonDatabase::GetAddons took 13 ms
2026-02-12 10:15:02.836 T:17611   debug <general>: CAddonMgr::GetAvailableUpdatesOrOutdatedAddons took 14 ms
2026-02-12 10:15:02.837 T:17611   debug <general>: Thread waiting 139780850968256 terminating
2026-02-12 10:15:02.838 T:17612   debug <general>: Thread BackgroundLoader start, auto delete: false
2026-02-12 10:15:02.838 T:17473   debug <general>: [threads] name: 'BackgroundLoader' priority: '1'
2026-02-12 10:15:02.838 T:17612   debug <general>: Thread BackgroundLoader 139781198722752 terminating
2026-02-12 10:15:03.340 T:17513   debug <general>: Presentation: Frame was discarded by compositor
2026-02-12 10:15:04.690 T:17538   debug <general>: Skipped 15 duplicate messages..
2026-02-12 10:15:04.690 T:17538   debug <general>: AddOnLog: pvr.hts: new connection requested
2026-02-12 10:15:04.690 T:17538   error <general>: AddOnLog: pvr.hts: unable to connect to 127.0.0.1:9982
2026-02-12 10:15:04.727 T:17513   debug <general>: Presentation: Frame was discarded by compositor
2026-02-12 10:15:04.974 T:17473   debug <general>: Skipped 4 duplicate messages..
2026-02-12 10:15:04.974 T:17473   debug <general>: ProcessMouse: trying mouse action leftclick
2026-02-12 10:15:04.974 T:17473   debug <general>: CGUIMediaWindow::GetDirectory (addons://repos/)
2026-02-12 10:15:04.974 T:17473   debug <general>:   ParentPath = [addons://]
2026-02-12 10:15:04.975 T:17613   debug <general>: Thread waiting start, auto delete: false
2026-02-12 10:15:04.975 T:17613   debug <general>: Thread waiting 139780850968256 terminating
2026-02-12 10:15:04.976 T:17614   debug <general>: Thread BackgroundLoader start, auto delete: false
2026-02-12 10:15:04.976 T:17473   debug <general>: [threads] name: 'BackgroundLoader' priority: '1'
2026-02-12 10:15:04.976 T:17614   debug <general>: Thread BackgroundLoader 139781198722752 terminating
2026-02-12 10:15:04.981 T:17513   debug <general>: Presentation: Frame was discarded by compositor
2026-02-12 10:15:06.069 T:17473   debug <general>: Skipped 9 duplicate messages..
2026-02-12 10:15:06.069 T:17473   debug <general>: ProcessMouse: trying mouse action leftclick
2026-02-12 10:15:06.069 T:17473   debug <general>: CGUIMediaWindow::GetDirectory (addons://repository.dobbelina/)
2026-02-12 10:15:06.069 T:17473   debug <general>:   ParentPath = [addons://repos/]
2026-02-12 10:15:06.070 T:17615   debug <general>: Thread waiting start, auto delete: false
2026-02-12 10:15:06.070 T:17615   debug <general>: CAddonDatabase: SELECT repo.id FROM repo .. took 0 ms
2026-02-12 10:15:06.070 T:17615   debug <general>: CAddonDatabase: query  SELECT addons.*, repo.addonID AS repoID FROM addons JOIN addonlinkrepo ON addons.id=addonlinkrepo.idAddon JOIN repo ON repo.id=addonlinkrepo.idRepo WHERE addonlinkrepo.idRepo IN (2) ORDER BY repo.addonID, addons.addonID returned 8 rows in 0 ms
2026-02-12 10:15:06.071 T:17615   debug <general>: CAddonDatabase::GetAddons took 0 ms
2026-02-12 10:15:06.071 T:17615   debug <general>: Thread waiting 139780850968256 terminating
2026-02-12 10:15:06.072 T:17616   debug <general>: Thread BackgroundLoader start, auto delete: false
2026-02-12 10:15:06.072 T:17473   debug <general>: [threads] name: 'BackgroundLoader' priority: '1'
2026-02-12 10:15:06.072 T:17616   debug <general>: Thread BackgroundLoader 139781198722752 terminating
2026-02-12 10:15:06.077 T:17513   debug <general>: Presentation: Frame was discarded by compositor
2026-02-12 10:15:07.104 T:17473   debug <general>: Skipped 5 duplicate messages..
2026-02-12 10:15:07.104 T:17473   debug <general>: ProcessMouse: trying mouse action leftclick
2026-02-12 10:15:07.212 T:17513   debug <general>: Presentation: Frame was discarded by compositor
2026-02-12 10:15:07.961 T:17473   debug <general>: Skipped 9 duplicate messages..
2026-02-12 10:15:07.961 T:17473   debug <general>: ------ Window Deinit (DialogNotification.xml) ------
2026-02-12 10:15:08.006 T:17473   debug <general>: ProcessMouse: trying mouse action leftclick
2026-02-12 10:15:08.216 T:17513   debug <general>: Presentation: Frame was discarded by compositor
2026-02-12 10:15:08.715 T:17473   debug <general>: ProcessMouse: trying mouse action leftclick
2026-02-12 10:15:08.715 T:17473   debug <general>: CGUIMediaWindow::GetDirectory (addons://repository.dobbelina/xbmc.addon.video)
2026-02-12 10:15:08.715 T:17473   debug <general>:   ParentPath = [addons://repository.dobbelina/]
2026-02-12 10:15:08.716 T:17620   debug <general>: Thread waiting start, auto delete: false
2026-02-12 10:15:08.716 T:17620   debug <general>: CAddonDatabase: SELECT repo.id FROM repo .. took 0 ms
2026-02-12 10:15:08.716 T:17620   debug <general>: CAddonDatabase: query  SELECT addons.*, repo.addonID AS repoID FROM addons JOIN addonlinkrepo ON addons.id=addonlinkrepo.idAddon JOIN repo ON repo.id=addonlinkrepo.idRepo WHERE addonlinkrepo.idRepo IN (2) ORDER BY repo.addonID, addons.addonID returned 8 rows in 0 ms
2026-02-12 10:15:08.716 T:17620   debug <general>: CAddonDatabase::GetAddons took 0 ms
2026-02-12 10:15:08.717 T:17620   debug <general>: CAddonDatabase: SELECT repo.id FROM repo .. took 0 ms
2026-02-12 10:15:08.719 T:17620   debug <general>: CAddonDatabase: query  SELECT addons.*, repo.addonID AS repoID FROM addons JOIN addonlinkrepo ON addons.id=addonlinkrepo.idAddon JOIN repo ON repo.id=addonlinkrepo.idRepo WHERE addonlinkrepo.idRepo IN (1,2) ORDER BY repo.addonID, addons.addonID returned 791 rows in 1 ms
2026-02-12 10:15:08.719 T:17513   debug <general>: Presentation: Frame was discarded by compositor
2026-02-12 10:15:08.730 T:17620   debug <general>: CAddonDatabase::GetAddons took 12 ms
2026-02-12 10:15:08.731 T:17620   debug <general>: CAddonMgr::GetAddonsWithAvailableUpdate took 14 ms
2026-02-12 10:15:08.731 T:17620   debug <general>: Thread waiting 139780850968256 terminating
2026-02-12 10:15:08.732 T:17621   debug <general>: Thread BackgroundLoader start, auto delete: false
2026-02-12 10:15:08.732 T:17473   debug <general>: [threads] name: 'BackgroundLoader' priority: '1'
2026-02-12 10:15:08.733 T:17621   debug <general>: Thread BackgroundLoader 139781198722752 terminating
2026-02-12 10:15:08.902 T:17519   debug <general>: CCurlFile::GetMimeType - <https://rpeters1430.github.io/repository.dobbelina/plugin.video.cumination/icon.png> -> failed
2026-02-12 10:15:08.902 T:17519   debug <general>: CurlFile::Open - <https://rpeters1430.github.io/repository.dobbelina/plugin.video.cumination/icon.png>
2026-02-12 10:15:08.931 T:17519   error <general>: CCurlFile::Open - <https://rpeters1430.github.io/repository.dobbelina/plugin.video.cumination/icon.png> Failed with code 404:
                                                   
2026-02-12 10:15:09.082 T:17519   debug <general>: CCurlFile::GetMimeType - <https://rpeters1430.github.io/repository.dobbelina/plugin.video.uwc/icon.png> -> failed
2026-02-12 10:15:09.082 T:17519   debug <general>: CurlFile::Open - <https://rpeters1430.github.io/repository.dobbelina/plugin.video.uwc/icon.png>
2026-02-12 10:15:09.109 T:17519   error <general>: CCurlFile::Open - <https://rpeters1430.github.io/repository.dobbelina/plugin.video.uwc/icon.png> Failed with code 404:
                                                   
2026-02-12 10:15:09.216 T:17513   debug <general>: Presentation: Frame was discarded by compositor
2026-02-12 10:15:09.642 T:17519   debug <general>: Skipped 5 duplicate messages..
2026-02-12 10:15:09.642 T:17519   debug <general>: easy_acquire - Created session to https://rpeters1430.github.io
2026-02-12 10:15:09.753 T:17519   debug <general>: CCurlFile::GetMimeType - <https://rpeters1430.github.io/repository.dobbelina/plugin.video.cumination/icon.png> -> failed
2026-02-12 10:15:09.753 T:17519   debug <general>: CurlFile::Open - <https://rpeters1430.github.io/repository.dobbelina/plugin.video.cumination/icon.png>
2026-02-12 10:15:09.807 T:17520   debug <general>: CCurlFile::GetMimeType - <https://rpeters1430.github.io/repository.dobbelina/plugin.video.cumination/fanart.jpg> -> failed
2026-02-12 10:15:09.807 T:17520   debug <general>: CurlFile::Open - <https://rpeters1430.github.io/repository.dobbelina/plugin.video.cumination/fanart.jpg>
2026-02-12 10:15:09.840 T:17520   error <general>: CCurlFile::Open - <https://rpeters1430.github.io/repository.dobbelina/plugin.video.cumination/fanart.jpg> Failed with code 404:
                                                   
2026-02-12 10:15:09.861 T:17519   error <general>: CCurlFile::Open - <https://rpeters1430.github.io/repository.dobbelina/plugin.video.cumination/icon.png> Failed with code 404:
                                                   
2026-02-12 10:15:10.350 T:17513   debug <general>: Presentation: Frame was discarded by compositor
2026-02-12 10:15:10.590 T:17473   debug <general>: Skipped 4 duplicate messages..
2026-02-12 10:15:10.590 T:17473   debug <general>: ProcessMouse: trying mouse action leftclick
2026-02-12 10:15:10.590 T:17473   debug <general>: ------ Window Init (DialogAddonInfo.xml) ------
2026-02-12 10:15:10.590 T:17473    info <general>: Loading skin file: DialogAddonInfo.xml, load type: KEEP_IN_MEMORY
2026-02-12 10:15:10.616 T:17513   debug <general>: Presentation: Frame was discarded by compositor
2026-02-12 10:15:10.705 T:17521   debug <general>: CCurlFile::GetMimeType - <https://rpeters1430.github.io/repository.dobbelina/plugin.video.cumination/icon.png> -> failed
2026-02-12 10:15:10.705 T:17521   debug <general>: CurlFile::Open - <https://rpeters1430.github.io/repository.dobbelina/plugin.video.cumination/icon.png>
2026-02-12 10:15:10.737 T:17521   error <general>: CCurlFile::Open - <https://rpeters1430.github.io/repository.dobbelina/plugin.video.cumination/icon.png> Failed with code 404:
                                                   
2026-02-12 10:15:11.508 T:17513   debug <general>: Presentation: Frame was discarded by compositor
2026-02-12 10:15:11.792 T:17473   debug <general>: Skipped 5 duplicate messages..
2026-02-12 10:15:11.792 T:17473   debug <general>: ProcessMouse: trying mouse action leftclick
2026-02-12 10:15:11.792 T:17473   debug <general>: ------ Window Init (DialogSelect.xml) ------
2026-02-12 10:15:11.792 T:17473    info <general>: Loading skin file: DialogSelect.xml, load type: KEEP_IN_MEMORY
2026-02-12 10:15:11.811 T:17513   debug <general>: Presentation: Frame was discarded by compositor
2026-02-12 10:15:12.102 T:17473   debug <general>: ------ Window Deinit (DialogAddonInfo.xml) ------
2026-02-12 10:15:12.776 T:17513   debug <general>: Presentation: Frame was discarded by compositor
2026-02-12 10:15:14.690 T:17538   debug <general>: Skipped 26 duplicate messages..
2026-02-12 10:15:14.690 T:17538   debug <general>: AddOnLog: pvr.hts: new connection requested
2026-02-12 10:15:14.690 T:17538   error <general>: AddOnLog: pvr.hts: unable to connect to 127.0.0.1:9982
2026-02-12 10:15:14.725 T:17513   debug <general>: Presentation: Frame was discarded by compositor
2026-02-12 10:15:15.939 T:17473   debug <general>: Skipped 19 duplicate messages..
2026-02-12 10:15:15.939 T:17473   debug <general>: ProcessMouse: trying mouse action leftclick
2026-02-12 10:15:15.945 T:17513   debug <general>: Presentation: Frame was discarded by compositor
2026-02-12 10:15:16.179 T:17473   debug <general>: ------ Window Deinit (DialogSelect.xml) ------
2026-02-12 10:15:16.196 T:17473   debug <general>: CAddonInstaller: installing 'plugin.video.cumination' version '1.1.213' from repository 'repository.dobbelina'
2026-02-12 10:15:16.437 T:17513   debug <general>: Presentation: Frame was discarded by compositor
2026-02-12 10:15:16.553 T:17520   debug <general>: Skipped 2 duplicate messages..
2026-02-12 10:15:16.553 T:17520   debug <general>: easy_acquire - Created session to https://rpeters1430.github.io
2026-02-12 10:15:16.563 T:17631   debug <general>: Thread JobWorker start, auto delete: true
2026-02-12 10:15:16.563 T:17631   debug <general>: [threads] name: 'JobWorker' priority: '1'
2026-02-12 10:15:16.586 T:17631   debug <general>: easy_acquire - Created session to https://rpeters1430.github.io
2026-02-12 10:15:16.638 T:17519   debug <general>: CurlFile::Open - <https://rpeters1430.github.io/repository.dobbelina/plugin.video.cumination/plugin.video.cumination-1.1.213.zip>
2026-02-12 10:15:16.670 T:17521   debug <general>: CCurlFile::GetMimeType - <https://rpeters1430.github.io/repository.dobbelina/plugin.video.cumination/fanart.jpg> -> failed
2026-02-12 10:15:16.671 T:17521   debug <general>: CurlFile::Open - <https://rpeters1430.github.io/repository.dobbelina/plugin.video.cumination/fanart.jpg>
2026-02-12 10:15:16.671 T:17520   debug <general>: CCurlFile::GetMimeType - <https://rpeters1430.github.io/repository.dobbelina/plugin.video.cumination/icon.png> -> failed
2026-02-12 10:15:16.671 T:17520   debug <general>: CurlFile::Open - <https://rpeters1430.github.io/repository.dobbelina/plugin.video.cumination/icon.png>
2026-02-12 10:15:16.707 T:17521   error <general>: CCurlFile::Open - <https://rpeters1430.github.io/repository.dobbelina/plugin.video.cumination/fanart.jpg> Failed with code 404:
                                                   
2026-02-12 10:15:16.748 T:17631   debug <general>: CCurlFile::GetMimeType - <https://rpeters1430.github.io/repository.dobbelina/plugin.video.uwc/fanart.jpg> -> failed
2026-02-12 10:15:16.748 T:17631   debug <general>: CurlFile::Open - <https://rpeters1430.github.io/repository.dobbelina/plugin.video.uwc/fanart.jpg>
2026-02-12 10:15:16.771 T:17520   error <general>: CCurlFile::Open - <https://rpeters1430.github.io/repository.dobbelina/plugin.video.cumination/icon.png> Failed with code 404:
                                                   
2026-02-12 10:15:16.826 T:17521   debug <general>: CCurlFile::GetMimeType - <https://rpeters1430.github.io/repository.dobbelina/plugin.video.uwc/icon.png> -> failed
2026-02-12 10:15:16.826 T:17521   debug <general>: CurlFile::Open - <https://rpeters1430.github.io/repository.dobbelina/plugin.video.uwc/icon.png>
2026-02-12 10:15:16.861 T:17521   error <general>: CCurlFile::Open - <https://rpeters1430.github.io/repository.dobbelina/plugin.video.uwc/icon.png> Failed with code 404:
                                                   
2026-02-12 10:15:16.871 T:17631   error <general>: CCurlFile::Open - <https://rpeters1430.github.io/repository.dobbelina/plugin.video.uwc/fanart.jpg> Failed with code 404:
                                                   
2026-02-12 10:15:17.009 T:17519   debug <general>: CAddonDatabase: SELECT repo.id FROM repo .. took 0 ms
2026-02-12 10:15:17.012 T:17519   debug <general>: CAddonDatabase: query  SELECT addons.*, repo.addonID AS repoID FROM addons JOIN addonlinkrepo ON addons.id=addonlinkrepo.idAddon JOIN repo ON repo.id=addonlinkrepo.idRepo WHERE addonlinkrepo.idRepo IN (1,2) ORDER BY repo.addonID, addons.addonID returned 791 rows in 2 ms
2026-02-12 10:15:17.024 T:17519   debug <general>: CAddonDatabase::GetAddons took 14 ms
2026-02-12 10:15:17.026 T:17519   debug <general>: CurlFile::Open - <https://mirrors.kodi.tv/addons/omega/script.module.six/script.module.six-1.16.0+matrix.1.zip>
2026-02-12 10:15:17.026 T:17519   debug <general>: easy_acquire - Created session to https://mirrors.kodi.tv
2026-02-12 10:15:17.227 T:17519   debug <general>: Resolved addon path https://mirrors.kodi.tv/addons/omega/script.module.six/script.module.six-1.16.0+matrix.1.zip to https://ftp.halifax.rwth-aachen.de/xbmc/addons/omega/script.module.six/script.module.six-1.16.0+matrix.1.zip hash 4197f7773f75ab9f16b3c920195acbb8b8b151b4b3c8c3e14fc4876e764e3860
2026-02-12 10:15:17.228 T:17519   debug <general>: easy_acquire - Created session to https://ftp.halifax.rwth-aachen.de
2026-02-12 10:15:17.384 T:17513   debug <general>: Presentation: Frame was discarded by compositor
2026-02-12 10:15:19.194 T:17519   debug <general>: Skipped 34 duplicate messages..
2026-02-12 10:15:19.194 T:17519   debug <general>: CurlFile::Open - <https://ftp.halifax.rwth-aachen.de/xbmc/addons/omega/script.module.six/script.module.six-1.16.0+matrix.1.zip>
2026-02-12 10:15:19.214 T:17513   debug <general>: Presentation: Frame was discarded by compositor
2026-02-12 10:15:20.243 T:17536   debug <general>: Skipped 21 duplicate messages..
2026-02-12 10:15:20.243 T:17536   error <general>: CCurlFile::CReadState::FillBuffer - (0x7f215c002ce0) Failed: Timeout was reached(28)
2026-02-12 10:15:20.243 T:17536   error <general>: CCurlFile::Open - <http://192.168.8.104:5357/543d7c1e-d5cc-4e25-a7af-2a1bad233db0/> Failed with code 0:
                                                   
2026-02-12 10:15:20.255 T:17513   debug <general>: Presentation: Frame was discarded by compositor
2026-02-12 10:15:20.300 T:17519   debug <general>: Skipped 1 duplicate messages..
2026-02-12 10:15:20.300 T:17519   debug <general>: CAddonDatabase: SELECT repo.id FROM repo .. took 0 ms
2026-02-12 10:15:20.304 T:17519   debug <general>: CAddonDatabase: query  SELECT addons.*, repo.addonID AS repoID FROM addons JOIN addonlinkrepo ON addons.id=addonlinkrepo.idAddon JOIN repo ON repo.id=addonlinkrepo.idRepo WHERE addonlinkrepo.idRepo IN (1,2) ORDER BY repo.addonID, addons.addonID returned 791 rows in 3 ms
2026-02-12 10:15:20.317 T:17519   debug <general>: CAddonDatabase::GetAddons took 16 ms
2026-02-12 10:15:20.318 T:17519   debug <general>: Unpacking zip://special%3a%2f%2fhome%2faddons%2fpackages%2fscript.module.six-1.16.0%20matrix.1.zip/script.module.six/ to /home/rpeters1428/.kodi/addons/temp/e0e19bf7-dbb9-40cd-9ae4-8d65b3c8aa59
2026-02-12 10:15:20.320 T:17519   debug <general>: CAddonInfoBuilder::ParseXMLTypes: Binary addon found: audioencoder.kodi.builtin.aac
2026-02-12 10:15:20.320 T:17519   debug <general>: CAddonInfoBuilder::ParseXMLTypes: Binary addon found: audioencoder.kodi.builtin.wma
2026-02-12 10:15:20.323 T:17519   debug <general>: CAddonInfoBuilder::ParseXMLTypes: Binary addon found: screensaver.xbmc.builtin.black
2026-02-12 10:15:20.324 T:17519   debug <general>: CAddonInfoBuilder::ParseXMLTypes: Binary addon found: screensaver.xbmc.builtin.dim
2026-02-12 10:15:20.325 T:17519   debug <general>: CAddonInfoBuilder::ParseXMLTypes: Binary addon found: inputstream.adaptive
2026-02-12 10:15:20.325 T:17519   debug <general>: CAddonInfoBuilder::ParseXMLTypes: Binary addon found: inputstream.rtmp
2026-02-12 10:15:20.325 T:17519   debug <general>: CAddonInfoBuilder::ParseXMLTypes: Binary addon found: pvr.iptvsimple
2026-02-12 10:15:20.325 T:17519   debug <general>: CAddonInfoBuilder::ParseXMLTypes: Binary addon found: pvr.hts
2026-02-12 10:15:20.325 T:17519   debug <general>: CAddonInfoBuilder::ParseXMLTypes: Binary addon found: peripheral.joystick
2026-02-12 10:15:20.326 T:17519   debug <general>: CAddonMgr::FindAddons: Addon 'metadata.common.fanart.tv' already present with version 3.6.3 at '/usr/share/kodi/addons/metadata.common.fanart.tv/' replaced with version 3.6.5 at '/home/rpeters1428/.kodi/addons/metadata.common.fanart.tv/'
2026-02-12 10:15:20.326 T:17519   debug <general>: CAddonMgr::FindAddons: Addon 'metadata.generic.albums' already present with version 1.0.14 at '/usr/share/kodi/addons/metadata.generic.albums/' replaced with version 1.0.18 at '/home/rpeters1428/.kodi/addons/metadata.generic.albums/'
2026-02-12 10:15:20.326 T:17519   debug <general>: CAddonMgr::FindAddons: Addon 'metadata.themoviedb.org.python' already present with version 1.3.1+matrix.1 at '/usr/share/kodi/addons/metadata.themoviedb.org.python/' replaced with version 3.1.3 at '/home/rpeters1428/.kodi/addons/metadata.themoviedb.org.python/'
2026-02-12 10:15:20.326 T:17519   debug <general>: CAddonMgr::FindAddons: Addon 'metadata.tvshows.themoviedb.org.python' already present with version 1.6.0 at '/usr/share/kodi/addons/metadata.tvshows.themoviedb.org.python/' replaced with version 1.7.4 at '/home/rpeters1428/.kodi/addons/metadata.tvshows.themoviedb.org.python/'
2026-02-12 10:15:20.326 T:17519   debug <general>: CAddonMgr::FindAddons: Addon 'service.xbmc.versioncheck' already present with version 0.5.27+matrix.1 at '/usr/share/kodi/addons/service.xbmc.versioncheck/' replaced with version 0.5.30+matrix.1 at '/home/rpeters1428/.kodi/addons/service.xbmc.versioncheck/'
2026-02-12 10:15:20.327 T:17519   debug <general>: CAddonMgr::FindAddons: Addon 'metadata.album.universal' already present with version 3.1.4 at '/usr/share/kodi/addons/metadata.album.universal/' replaced with version 3.1.18 at '/home/rpeters1428/.kodi/addons/metadata.album.universal/'
2026-02-12 10:15:20.327 T:17519   debug <general>: CAddonMgr::FindAddons: Addon 'metadata.artists.universal' already present with version 4.3.3 at '/usr/share/kodi/addons/metadata.artists.universal/' replaced with version 4.3.21 at '/home/rpeters1428/.kodi/addons/metadata.artists.universal/'
2026-02-12 10:15:20.327 T:17519    info <general>: CAddonMgr::FindAddon: script.module.six v1.16.0+matrix.1 installed
2026-02-12 10:15:20.340 T:17519   debug <general>: CAddonMgr: script.module.six successfully loaded
2026-02-12 10:15:20.340 T:17631   debug <general>: ContextMenuManager: addon menus reloaded.
2026-02-12 10:15:20.340 T:17519   debug <general>: ADDONS: dependency [script.module.six] will not be version checked and unpinned
2026-02-12 10:15:20.340 T:17519   debug <general>: CurlFile::Open - <https://mirrors.kodi.tv/addons/omega/script.module.kodi-six/script.module.kodi-six-0.1.3.1.zip>
2026-02-12 10:15:20.340 T:17513   debug <general>: Presentation: Frame was discarded by compositor
2026-02-12 10:15:20.342 T:17473   debug <general>: CGUIMediaWindow::GetDirectory (addons://repository.dobbelina/xbmc.addon.video)
2026-02-12 10:15:20.342 T:17473   debug <general>:   ParentPath = [addons://repository.dobbelina/xbmc.addon.video]
2026-02-12 10:15:20.343 T:17639   debug <general>: Thread waiting start, auto delete: false
2026-02-12 10:15:20.343 T:17639   debug <general>: CAddonDatabase: SELECT repo.id FROM repo .. took 0 ms
2026-02-12 10:15:20.343 T:17639   debug <general>: CAddonDatabase: query  SELECT addons.*, repo.addonID AS repoID FROM addons JOIN addonlinkrepo ON addons.id=addonlinkrepo.idAddon JOIN repo ON repo.id=addonlinkrepo.idRepo WHERE addonlinkrepo.idRepo IN (2) ORDER BY repo.addonID, addons.addonID returned 8 rows in 0 ms
2026-02-12 10:15:20.343 T:17639   debug <general>: CAddonDatabase::GetAddons took 0 ms
2026-02-12 10:15:20.344 T:17639   debug <general>: CAddonDatabase: SELECT repo.id FROM repo .. took 0 ms
2026-02-12 10:15:20.346 T:17639   debug <general>: CAddonDatabase: query  SELECT addons.*, repo.addonID AS repoID FROM addons JOIN addonlinkrepo ON addons.id=addonlinkrepo.idAddon JOIN repo ON repo.id=addonlinkrepo.idRepo WHERE addonlinkrepo.idRepo IN (1,2) ORDER BY repo.addonID, addons.addonID returned 791 rows in 2 ms
2026-02-12 10:15:20.357 T:17639   debug <general>: CAddonDatabase::GetAddons took 13 ms
2026-02-12 10:15:20.358 T:17639   debug <general>: CAddonMgr::GetAddonsWithAvailableUpdate took 14 ms
2026-02-12 10:15:20.360 T:17639   debug <general>: Thread waiting 139780850968256 terminating
2026-02-12 10:15:20.361 T:17640   debug <general>: Thread BackgroundLoader start, auto delete: false
2026-02-12 10:15:20.361 T:17473   debug <general>: [threads] name: 'BackgroundLoader' priority: '1'
2026-02-12 10:15:20.362 T:17640   debug <general>: Thread BackgroundLoader 139781198722752 terminating
2026-02-12 10:15:20.402 T:17519   debug <general>: Resolved addon path https://mirrors.kodi.tv/addons/omega/script.module.kodi-six/script.module.kodi-six-0.1.3.1.zip to https://ftp.halifax.rwth-aachen.de/xbmc/addons/omega/script.module.kodi-six/script.module.kodi-six-0.1.3.1.zip hash 236a7a912641805e146b605c8c29ef413d748ef3f4ddf8aa8c414717d9831383
2026-02-12 10:15:20.443 T:17513   debug <general>: Presentation: Frame was discarded by compositor
2026-02-12 10:15:20.482 T:17520   debug <general>: CCurlFile::GetMimeType - <https://rpeters1430.github.io/repository.dobbelina/plugin.video.cumination/icon.png> -> failed
2026-02-12 10:15:20.482 T:17520   debug <general>: CurlFile::Open - <https://rpeters1430.github.io/repository.dobbelina/plugin.video.cumination/icon.png>
2026-02-12 10:15:20.484 T:17513   debug <general>: Presentation: Frame was discarded by compositor
2026-02-12 10:15:20.513 T:17520   error <general>: CCurlFile::Open - <https://rpeters1430.github.io/repository.dobbelina/plugin.video.cumination/icon.png> Failed with code 404:
                                                   
2026-02-12 10:15:20.524 T:17513   debug <general>: Presentation: Frame was discarded by compositor
2026-02-12 10:15:20.620 T:17520   debug <general>: Skipped 2 duplicate messages..
2026-02-12 10:15:20.620 T:17520   debug <general>: CCurlFile::GetMimeType - <https://rpeters1430.github.io/repository.dobbelina/plugin.video.uwc/icon.png> -> failed
2026-02-12 10:15:20.620 T:17520   debug <general>: CurlFile::Open - <https://rpeters1430.github.io/repository.dobbelina/plugin.video.uwc/icon.png>
2026-02-12 10:15:20.647 T:17513   debug <general>: Presentation: Frame was discarded by compositor
2026-02-12 10:15:20.661 T:17520   error <general>: CCurlFile::Open - <https://rpeters1430.github.io/repository.dobbelina/plugin.video.uwc/icon.png> Failed with code 404:
                                                   
2026-02-12 10:15:20.692 T:17513   debug <general>: Presentation: Frame was discarded by compositor
2026-02-12 10:15:21.201 T:17519   debug <general>: Skipped 8 duplicate messages..
2026-02-12 10:15:21.201 T:17519   debug <general>: CurlFile::Open - <https://ftp.halifax.rwth-aachen.de/xbmc/addons/omega/script.module.kodi-six/script.module.kodi-six-0.1.3.1.zip>
2026-02-12 10:15:21.271 T:17513   debug <general>: Presentation: Frame was discarded by compositor
2026-02-12 10:15:21.589 T:17519   debug <general>: Skipped 4 duplicate messages..
2026-02-12 10:15:21.589 T:17519   debug <general>: CAddonDatabase: SELECT repo.id FROM repo .. took 0 ms
2026-02-12 10:15:21.591 T:17519   debug <general>: CAddonDatabase: query  SELECT addons.*, repo.addonID AS repoID FROM addons JOIN addonlinkrepo ON addons.id=addonlinkrepo.idAddon JOIN repo ON repo.id=addonlinkrepo.idRepo WHERE addonlinkrepo.idRepo IN (1,2) ORDER BY repo.addonID, addons.addonID returned 791 rows in 2 ms
2026-02-12 10:15:21.594 T:17513   debug <general>: Presentation: Frame was discarded by compositor
2026-02-12 10:15:21.602 T:17519   debug <general>: CAddonDatabase::GetAddons took 12 ms
2026-02-12 10:15:21.603 T:17519   debug <general>: Unpacking zip://special%3a%2f%2fhome%2faddons%2fpackages%2fscript.module.kodi-six-0.1.3.1.zip/script.module.kodi-six/ to /home/rpeters1428/.kodi/addons/temp/20146b8e-d8ca-4872-9a18-f910799a0804
2026-02-12 10:15:21.608 T:17519   debug <general>: CAddonInfoBuilder::ParseXMLTypes: Binary addon found: audioencoder.kodi.builtin.aac
2026-02-12 10:15:21.608 T:17519   debug <general>: CAddonInfoBuilder::ParseXMLTypes: Binary addon found: audioencoder.kodi.builtin.wma
2026-02-12 10:15:21.611 T:17519   debug <general>: CAddonInfoBuilder::ParseXMLTypes: Binary addon found: screensaver.xbmc.builtin.black
2026-02-12 10:15:21.611 T:17519   debug <general>: CAddonInfoBuilder::ParseXMLTypes: Binary addon found: screensaver.xbmc.builtin.dim
2026-02-12 10:15:21.612 T:17519   debug <general>: CAddonInfoBuilder::ParseXMLTypes: Binary addon found: inputstream.adaptive
2026-02-12 10:15:21.613 T:17519   debug <general>: CAddonInfoBuilder::ParseXMLTypes: Binary addon found: inputstream.rtmp
2026-02-12 10:15:21.613 T:17519   debug <general>: CAddonInfoBuilder::ParseXMLTypes: Binary addon found: pvr.iptvsimple
2026-02-12 10:15:21.613 T:17519   debug <general>: CAddonInfoBuilder::ParseXMLTypes: Binary addon found: pvr.hts
2026-02-12 10:15:21.613 T:17519   debug <general>: CAddonInfoBuilder::ParseXMLTypes: Binary addon found: peripheral.joystick
2026-02-12 10:15:21.614 T:17519   debug <general>: CAddonMgr::FindAddons: Addon 'metadata.common.fanart.tv' already present with version 3.6.3 at '/usr/share/kodi/addons/metadata.common.fanart.tv/' replaced with version 3.6.5 at '/home/rpeters1428/.kodi/addons/metadata.common.fanart.tv/'
2026-02-12 10:15:21.614 T:17519   debug <general>: CAddonMgr::FindAddons: Addon 'metadata.generic.albums' already present with version 1.0.14 at '/usr/share/kodi/addons/metadata.generic.albums/' replaced with version 1.0.18 at '/home/rpeters1428/.kodi/addons/metadata.generic.albums/'
2026-02-12 10:15:21.614 T:17519   debug <general>: CAddonMgr::FindAddons: Addon 'metadata.themoviedb.org.python' already present with version 1.3.1+matrix.1 at '/usr/share/kodi/addons/metadata.themoviedb.org.python/' replaced with version 3.1.3 at '/home/rpeters1428/.kodi/addons/metadata.themoviedb.org.python/'
2026-02-12 10:15:21.614 T:17519   debug <general>: CAddonMgr::FindAddons: Addon 'metadata.tvshows.themoviedb.org.python' already present with version 1.6.0 at '/usr/share/kodi/addons/metadata.tvshows.themoviedb.org.python/' replaced with version 1.7.4 at '/home/rpeters1428/.kodi/addons/metadata.tvshows.themoviedb.org.python/'
2026-02-12 10:15:21.614 T:17519   debug <general>: CAddonMgr::FindAddons: Addon 'service.xbmc.versioncheck' already present with version 0.5.27+matrix.1 at '/usr/share/kodi/addons/service.xbmc.versioncheck/' replaced with version 0.5.30+matrix.1 at '/home/rpeters1428/.kodi/addons/service.xbmc.versioncheck/'
2026-02-12 10:15:21.615 T:17519   debug <general>: CAddonMgr::FindAddons: Addon 'metadata.album.universal' already present with version 3.1.4 at '/usr/share/kodi/addons/metadata.album.universal/' replaced with version 3.1.18 at '/home/rpeters1428/.kodi/addons/metadata.album.universal/'
2026-02-12 10:15:21.615 T:17519   debug <general>: CAddonMgr::FindAddons: Addon 'metadata.artists.universal' already present with version 4.3.3 at '/usr/share/kodi/addons/metadata.artists.universal/' replaced with version 4.3.21 at '/home/rpeters1428/.kodi/addons/metadata.artists.universal/'
2026-02-12 10:15:21.615 T:17519    info <general>: CAddonMgr::FindAddon: script.module.kodi-six v0.1.3.1 installed
2026-02-12 10:15:21.627 T:17519   debug <general>: CAddonMgr: script.module.kodi-six successfully loaded
2026-02-12 10:15:21.627 T:17631   debug <general>: ContextMenuManager: addon menus reloaded.
2026-02-12 10:15:21.628 T:17519   debug <general>: ADDONS: dependency [script.module.kodi-six] will not be version checked and unpinned
2026-02-12 10:15:21.631 T:17519   debug <general>: CAddonDatabase: SELECT repo.id FROM repo .. took 0 ms
2026-02-12 10:15:21.633 T:17519   debug <general>: CAddonDatabase: query  SELECT addons.*, repo.addonID AS repoID FROM addons JOIN addonlinkrepo ON addons.id=addonlinkrepo.idAddon JOIN repo ON repo.id=addonlinkrepo.idRepo WHERE addonlinkrepo.idRepo IN (1,2) ORDER BY repo.addonID, addons.addonID returned 791 rows in 2 ms
2026-02-12 10:15:21.643 T:17519   debug <general>: CAddonDatabase::GetAddons took 12 ms
2026-02-12 10:15:21.645 T:17519   debug <general>: Unpacking zip://special%3a%2f%2fhome%2faddons%2fpackages%2fscript.module.resolveurl-5.1.192.zip/script.module.resolveurl/ to /home/rpeters1428/.kodi/addons/temp/757ffd49-c3b1-4970-83ca-99ce9d240fd1
2026-02-12 10:15:21.667 T:17473   debug <general>: CGUIMediaWindow::GetDirectory (addons://repository.dobbelina/xbmc.addon.video)
2026-02-12 10:15:21.667 T:17473   debug <general>:   ParentPath = [addons://repository.dobbelina/xbmc.addon.video]
2026-02-12 10:15:21.667 T:17644   debug <general>: Thread waiting start, auto delete: false
2026-02-12 10:15:21.668 T:17644   debug <general>: CAddonDatabase: SELECT repo.id FROM repo .. took 0 ms
2026-02-12 10:15:21.668 T:17644   debug <general>: CAddonDatabase: query  SELECT addons.*, repo.addonID AS repoID FROM addons JOIN addonlinkrepo ON addons.id=addonlinkrepo.idAddon JOIN repo ON repo.id=addonlinkrepo.idRepo WHERE addonlinkrepo.idRepo IN (2) ORDER BY repo.addonID, addons.addonID returned 8 rows in 0 ms
2026-02-12 10:15:21.668 T:17644   debug <general>: CAddonDatabase::GetAddons took 0 ms
2026-02-12 10:15:21.668 T:17644   debug <general>: CAddonDatabase: SELECT repo.id FROM repo .. took 0 ms
2026-02-12 10:15:21.670 T:17644   debug <general>: CAddonDatabase: query  SELECT addons.*, repo.addonID AS repoID FROM addons JOIN addonlinkrepo ON addons.id=addonlinkrepo.idAddon JOIN repo ON repo.id=addonlinkrepo.idRepo WHERE addonlinkrepo.idRepo IN (1,2) ORDER BY repo.addonID, addons.addonID returned 791 rows in 1 ms
2026-02-12 10:15:21.681 T:17644   debug <general>: CAddonDatabase::GetAddons took 12 ms
2026-02-12 10:15:21.682 T:17644   debug <general>: CAddonMgr::GetAddonsWithAvailableUpdate took 13 ms
2026-02-12 10:15:21.683 T:17644   debug <general>: Thread waiting 139780850968256 terminating
2026-02-12 10:15:21.684 T:17645   debug <general>: Thread BackgroundLoader start, auto delete: false
2026-02-12 10:15:21.684 T:17473   debug <general>: [threads] name: 'BackgroundLoader' priority: '1'
2026-02-12 10:15:21.684 T:17645   debug <general>: Thread BackgroundLoader 139781198722752 terminating
2026-02-12 10:15:21.689 T:17513   debug <general>: Presentation: Frame was discarded by compositor
2026-02-12 10:15:21.733 T:17519   debug <general>: CAddonInfoBuilder::ParseXMLTypes: Binary addon found: audioencoder.kodi.builtin.aac
2026-02-12 10:15:21.733 T:17519   debug <general>: CAddonInfoBuilder::ParseXMLTypes: Binary addon found: audioencoder.kodi.builtin.wma
2026-02-12 10:15:21.736 T:17519   debug <general>: CAddonInfoBuilder::ParseXMLTypes: Binary addon found: screensaver.xbmc.builtin.black
2026-02-12 10:15:21.736 T:17519   debug <general>: CAddonInfoBuilder::ParseXMLTypes: Binary addon found: screensaver.xbmc.builtin.dim
2026-02-12 10:15:21.737 T:17519   debug <general>: CAddonInfoBuilder::ParseXMLTypes: Binary addon found: inputstream.adaptive
2026-02-12 10:15:21.738 T:17519   debug <general>: CAddonInfoBuilder::ParseXMLTypes: Binary addon found: inputstream.rtmp
2026-02-12 10:15:21.738 T:17519   debug <general>: CAddonInfoBuilder::ParseXMLTypes: Binary addon found: pvr.iptvsimple
2026-02-12 10:15:21.738 T:17519   debug <general>: CAddonInfoBuilder::ParseXMLTypes: Binary addon found: pvr.hts
2026-02-12 10:15:21.738 T:17519   debug <general>: CAddonInfoBuilder::ParseXMLTypes: Binary addon found: peripheral.joystick
2026-02-12 10:15:21.739 T:17519   debug <general>: CAddonMgr::FindAddons: Addon 'metadata.common.fanart.tv' already present with version 3.6.3 at '/usr/share/kodi/addons/metadata.common.fanart.tv/' replaced with version 3.6.5 at '/home/rpeters1428/.kodi/addons/metadata.common.fanart.tv/'
2026-02-12 10:15:21.739 T:17519   debug <general>: CAddonMgr::FindAddons: Addon 'metadata.generic.albums' already present with version 1.0.14 at '/usr/share/kodi/addons/metadata.generic.albums/' replaced with version 1.0.18 at '/home/rpeters1428/.kodi/addons/metadata.generic.albums/'
2026-02-12 10:15:21.739 T:17519   debug <general>: CAddonMgr::FindAddons: Addon 'metadata.themoviedb.org.python' already present with version 1.3.1+matrix.1 at '/usr/share/kodi/addons/metadata.themoviedb.org.python/' replaced with version 3.1.3 at '/home/rpeters1428/.kodi/addons/metadata.themoviedb.org.python/'
2026-02-12 10:15:21.739 T:17519   debug <general>: CAddonMgr::FindAddons: Addon 'metadata.tvshows.themoviedb.org.python' already present with version 1.6.0 at '/usr/share/kodi/addons/metadata.tvshows.themoviedb.org.python/' replaced with version 1.7.4 at '/home/rpeters1428/.kodi/addons/metadata.tvshows.themoviedb.org.python/'
2026-02-12 10:15:21.739 T:17519   debug <general>: CAddonMgr::FindAddons: Addon 'service.xbmc.versioncheck' already present with version 0.5.27+matrix.1 at '/usr/share/kodi/addons/service.xbmc.versioncheck/' replaced with version 0.5.30+matrix.1 at '/home/rpeters1428/.kodi/addons/service.xbmc.versioncheck/'
