2026-02-12 14:28:42.310 T:33712   error <general>: ffmpeg[0x7f1704040600]: [mjpeg] dqt: len 29693 is too large
2026-02-12 14:28:42.310 T:33712   debug <general>: Error [-1094995529] while decoding frame: Unknown error 1094995529
2026-02-12 14:28:42.310 T:33712   debug <general>: LoadFromFileInternal - Load of https://www9.pornhd3x.tv/Cms_Data/Contents/admin/Media/images/new-river-lynn-under-the-blanky-hanky-panky-12-02-2026-hardcore-roleplay-bbc-iluvy-lulustream-com-vidnest-io.jpg|Referer=https://www9.pornhd3x.tv/&User-Agent=Mozilla/5.0 (Windows NT 10.0; WOW64) AppleWebKit/537.36 (KHTML, like Gecko) Chrome/98.0.0.0 Safari/537.36 failed.
2026-02-12 14:28:42.352 T:33688   debug <general>: CCurlFile::GetMimeType - <https://www9.pornhd3x.tv/Cms_Data/Contents/admin/Media/images/am-i-sexier-than-my-stepsister-then-fuck-me-like-your-bitch-while-she-s-not-here-anissamiller.jpg|Referer=https://www9.pornhd3x.tv/&User-Agent=Mozilla/5.0 (Windows NT 10.0; WOW64) AppleWebKit/537.36 (KHTML, like Gecko) Chrome/98.0.0.0 Safari/537.36> -> image/jpeg
2026-02-12 14:28:42.352 T:33688   debug <general>: CurlFile::Open - <https://www9.pornhd3x.tv/Cms_Data/Contents/admin/Media/images/am-i-sexier-than-my-stepsister-then-fuck-me-like-your-bitch-while-she-s-not-here-anissamiller.jpg>
2026-02-12 14:28:42.415 T:33688   error <general>: ffmpeg[0x7f16ec5160b0]: [mjpeg] mjpeg: unsupported coding type (c7)
2026-02-12 14:28:42.415 T:33688   debug <general>: ffmpeg[0x7f16ec5160b0]: [mjpeg] Found EOI before any SOF, ignoring
2026-02-12 14:28:42.415 T:33688   debug <general>: ffmpeg[0x7f16ec5160b0]: [mjpeg] No JPEG data found in image
2026-02-12 14:28:42.415 T:33688   debug <general>: Error [-1094995529] while decoding frame: Unknown error 1094995529
2026-02-12 14:28:42.415 T:33688   debug <general>: LoadFromFileInternal - Load of https://www9.pornhd3x.tv/Cms_Data/Contents/admin/Media/images/am-i-sexier-than-my-stepsister-then-fuck-me-like-your-bitch-while-she-s-not-here-anissamiller.jpg|Referer=https://www9.pornhd3x.tv/&User-Agent=Mozilla/5.0 (Windows NT 10.0; WOW64) AppleWebKit/537.36 (KHTML, like Gecko) Chrome/98.0.0.0 Safari/537.36 failed.
2026-02-12 14:28:42.600 T:33712   debug <general>: CCurlFile::GetMimeType - <https://www9.pornhd3x.tv/Cms_Data/Contents/admin/Media/images/new-river-lynn-my-biggest-fan-deserves-free-reignnn-over-my-body-12-02-2026-hardcore-roleplay-threesome-family-iluvy-lulustream-com-vidnest-io.jpg|Referer=https://www9.pornhd3x.tv/&User-Agent=Mozilla/5.0 (Windows NT 10.0; WOW64) AppleWebKit/537.36 (KHTML, like Gecko) Chrome/98.0.0.0 Safari/537.36> -> image/jpeg
2026-02-12 14:28:42.601 T:33712   debug <general>: CurlFile::Open - <https://www9.pornhd3x.tv/Cms_Data/Contents/admin/Media/images/new-river-lynn-my-biggest-fan-deserves-free-reignnn-over-my-body-12-02-2026-hardcore-roleplay-threesome-family-iluvy-lulustream-com-vidnest-io.jpg>
2026-02-12 14:28:42.638 T:33712   debug <general>: Error [-1094995529] while decoding frame: Unknown error 1094995529
2026-02-12 14:28:42.638 T:33712   debug <general>: LoadFromFileInternal - Load of https://www9.pornhd3x.tv/Cms_Data/Contents/admin/Media/images/new-river-lynn-my-biggest-fan-deserves-free-reignnn-over-my-body-12-02-2026-hardcore-roleplay-threesome-family-iluvy-lulustream-com-vidnest-io.jpg|Referer=https://www9.pornhd3x.tv/&User-Agent=Mozilla/5.0 (Windows NT 10.0; WOW64) AppleWebKit/537.36 (KHTML, like Gecko) Chrome/98.0.0.0 Safari/537.36 failed.
2026-02-12 14:28:42.805 T:33712   debug <general>: CCurlFile::GetMimeType - <https://www9.pornhd3x.tv/Cms_Data/Contents/admin/Media/images/new-freya-von-doom-dick-and-candy-naughty-sis-is-obsessed-12-02-2026-hardcore-roleplay-family-iluvy-lulustream-com-vidnest-io.jpg|Referer=https://www9.pornhd3x.tv/&User-Agent=Mozilla/5.0 (Windows NT 10.0; WOW64) AppleWebKit/537.36 (KHTML, like Gecko) Chrome/98.0.0.0 Safari/537.36> -> image/jpeg
2026-02-12 14:28:42.805 T:33712   debug <general>: CurlFile::Open - <https://www9.pornhd3x.tv/Cms_Data/Contents/admin/Media/images/new-freya-von-doom-dick-and-candy-naughty-sis-is-obsessed-12-02-2026-hardcore-roleplay-family-iluvy-lulustream-com-vidnest-io.jpg>
2026-02-12 14:28:42.841 T:33712   error <general>: ffmpeg[0x7f1704040600]: [mjpeg] dqt: len 42448 is too large
2026-02-12 14:28:42.841 T:33712   debug <general>: Error [-1094995529] while decoding frame: Unknown error 1094995529
2026-02-12 14:28:42.841 T:33712   debug <general>: LoadFromFileInternal - Load of https://www9.pornhd3x.tv/Cms_Data/Contents/admin/Media/images/new-freya-von-doom-dick-and-candy-naughty-sis-is-obsessed-12-02-2026-hardcore-roleplay-family-iluvy-lulustream-com-vidnest-io.jpg|Referer=https://www9.pornhd3x.tv/&User-Agent=Mozilla/5.0 (Windows NT 10.0; WOW64) AppleWebKit/537.36 (KHTML, like Gecko) Chrome/98.0.0.0 Safari/537.36 failed.
2026-02-12 14:28:43.671 T:33712   debug <general>: CCurlFile::GetMimeType - <https://www9.pornhd3x.tv/Cms_Data/Contents/admin/Media/images/new-river-lynn-my-biggest-fan-deserves-free-reignnn-over-my-body-12-02-2026-hardcore-roleplay-threesome-family-iluvy-lulustream-com-vidnest-io.jpg|Referer=https://www9.pornhd3x.tv/&User-Agent=Mozilla/5.0 (Windows NT 10.0; WOW64) AppleWebKit/537.36 (KHTML, like Gecko) Chrome/98.0.0.0 Safari/537.36> -> image/jpeg
2026-02-12 14:28:43.671 T:33712   debug <general>: CurlFile::Open - <https://www9.pornhd3x.tv/Cms_Data/Contents/admin/Media/images/new-river-lynn-my-biggest-fan-deserves-free-reignnn-over-my-body-12-02-2026-hardcore-roleplay-threesome-family-iluvy-lulustream-com-vidnest-io.jpg>
2026-02-12 14:28:43.774 T:33712   debug <general>: Error [-1094995529] while decoding frame: Unknown error 1094995529
2026-02-12 14:28:43.774 T:33712   debug <general>: LoadFromFileInternal - Load of https://www9.pornhd3x.tv/Cms_Data/Contents/admin/Media/images/new-river-lynn-my-biggest-fan-deserves-free-reignnn-over-my-body-12-02-2026-hardcore-roleplay-threesome-family-iluvy-lulustream-com-vidnest-io.jpg|Referer=https://www9.pornhd3x.tv/&User-Agent=Mozilla/5.0 (Windows NT 10.0; WOW64) AppleWebKit/537.36 (KHTML, like Gecko) Chrome/98.0.0.0 Safari/537.36 failed.
2026-02-12 14:28:43.913 T:33025   debug <general>: ProcessMouse: trying mouse action wheelup
2026-02-12 14:28:43.991 T:33726   debug <general>: Skipped 10 duplicate messages..
2026-02-12 14:28:43.991 T:33726   debug <general>: CCurlFile::GetMimeType - <https://www9.pornhd3x.tv/Cms_Data/Contents/admin/Media/images/new-cory-chase-mercedes-mac-gold-digging-step-daughter-and-step-mom-parts-1-3-12-02-2026-hardcore-milf-bigtits-roleplay-family-ste0ee9f46a-b3ce-4c97-8401-70b7f1592cc3.jpg|Referer=https://www9.pornhd3x.tv/&User-Agent=Mozilla/5.0 (Windows NT 10.0; WOW64) AppleWebKit/537.36 (KHTML, like Gecko) Chrome/98.0.0.0 Safari/537.36> -> image/jpeg
2026-02-12 14:28:43.991 T:33724   debug <general>: CCurlFile::GetMimeType - <https://www9.pornhd3x.tv/Cms_Data/Contents/admin/Media/images/new-nia-bleu-pussy-penetration-treatment-with-big-dick-doctor-11-02-2026-hardcore-milf-bigtits-roleplay-iluvy-lulustream-com-vidnest-io.jpg|Referer=https://www9.pornhd3x.tv/&User-Agent=Mozilla/5.0 (Windows NT 10.0; WOW64) AppleWebKit/537.36 (KHTML, like Gecko) Chrome/98.0.0.0 Safari/537.36> -> image/jpeg
2026-02-12 14:28:43.991 T:33724   debug <general>: CurlFile::Open - <https://www9.pornhd3x.tv/Cms_Data/Contents/admin/Media/images/new-nia-bleu-pussy-penetration-treatment-with-big-dick-doctor-11-02-2026-hardcore-milf-bigtits-roleplay-iluvy-lulustream-com-vidnest-io.jpg>
2026-02-12 14:28:43.991 T:33726   debug <general>: CurlFile::Open - <https://www9.pornhd3x.tv/Cms_Data/Contents/admin/Media/images/new-cory-chase-mercedes-mac-gold-digging-step-daughter-and-step-mom-parts-1-3-12-02-2026-hardcore-milf-bigtits-roleplay-family-ste0ee9f46a-b3ce-4c97-8401-70b7f1592cc3.jpg>
2026-02-12 14:28:44.002 T:33025   debug <general>: ProcessMouse: trying mouse action wheelup
2026-02-12 14:28:44.066 T:33724   debug <general>: Skipped 7 duplicate messages..
2026-02-12 14:28:44.066 T:33724   error <general>: ffmpeg[0x55db02f28200]: [mjpeg] mjpeg: unsupported coding type (c6)
2026-02-12 14:28:44.066 T:33724   error <general>: ffmpeg[0x55db02f28200]: [mjpeg] unable to decode APP fields: Invalid data found when processing input
2026-02-12 14:28:44.066 T:33724   error <general>: ffmpeg[0x55db02f28200]: [mjpeg] invalid id 10
2026-02-12 14:28:44.066 T:33724   debug <general>: Error [-1094995529] while decoding frame: Unknown error 1094995529
2026-02-12 14:28:44.066 T:33724   debug <general>: LoadFromFileInternal - Load of https://www9.pornhd3x.tv/Cms_Data/Contents/admin/Media/images/new-nia-bleu-pussy-penetration-treatment-with-big-dick-doctor-11-02-2026-hardcore-milf-bigtits-roleplay-iluvy-lulustream-com-vidnest-io.jpg|Referer=https://www9.pornhd3x.tv/&User-Agent=Mozilla/5.0 (Windows NT 10.0; WOW64) AppleWebKit/537.36 (KHTML, like Gecko) Chrome/98.0.0.0 Safari/537.36 failed.
2026-02-12 14:28:44.066 T:33726   error <general>: ffmpeg[0x7f16ec4fdc30]: [mjpeg] bits 206 is invalid
2026-02-12 14:28:44.066 T:33726   debug <general>: Error [-1094995529] while decoding frame: Unknown error 1094995529
2026-02-12 14:28:44.066 T:33726   debug <general>: LoadFromFileInternal - Load of https://www9.pornhd3x.tv/Cms_Data/Contents/admin/Media/images/new-cory-chase-mercedes-mac-gold-digging-step-daughter-and-step-mom-parts-1-3-12-02-2026-hardcore-milf-bigtits-roleplay-family-ste0ee9f46a-b3ce-4c97-8401-70b7f1592cc3.jpg|Referer=https://www9.pornhd3x.tv/&User-Agent=Mozilla/5.0 (Windows NT 10.0; WOW64) AppleWebKit/537.36 (KHTML, like Gecko) Chrome/98.0.0.0 Safari/537.36 failed.
2026-02-12 14:28:44.069 T:33025   debug <general>: ProcessMouse: trying mouse action wheelup
2026-02-12 14:28:44.080 T:33712   debug <general>: CCurlFile::GetMimeType - <https://www9.pornhd3x.tv/Cms_Data/Contents/admin/Media/images/new-freya-von-doom-dick-and-candy-naughty-sis-is-obsessed-12-02-2026-hardcore-roleplay-family-iluvy-lulustream-com-vidnest-io.jpg|Referer=https://www9.pornhd3x.tv/&User-Agent=Mozilla/5.0 (Windows NT 10.0; WOW64) AppleWebKit/537.36 (KHTML, like Gecko) Chrome/98.0.0.0 Safari/537.36> -> image/jpeg
2026-02-12 14:28:44.080 T:33712   debug <general>: CurlFile::Open - <https://www9.pornhd3x.tv/Cms_Data/Contents/admin/Media/images/new-freya-von-doom-dick-and-candy-naughty-sis-is-obsessed-12-02-2026-hardcore-roleplay-family-iluvy-lulustream-com-vidnest-io.jpg>
2026-02-12 14:28:44.080 T:33025   debug <general>: ProcessMouse: trying mouse action wheelup
2026-02-12 14:28:44.105 T:33688   debug <general>: Skipped 2 duplicate messages..
2026-02-12 14:28:44.105 T:33688   debug <general>: CCurlFile::GetMimeType - <https://www9.pornhd3x.tv/Cms_Data/Contents/admin/Media/images/new-jacquieetmicheltv-irina-kovalenko-must-make-amends-by-fucking-11-02-2026-hardcore-milf-bigtits-reality-french-iluvy-lulustream-com-vidnest-io.jpg|Referer=https://www9.pornhd3x.tv/&User-Agent=Mozilla/5.0 (Windows NT 10.0; WOW64) AppleWebKit/537.36 (KHTML, like Gecko) Chrome/98.0.0.0 Safari/537.36> -> image/jpeg
2026-02-12 14:28:44.106 T:33688   debug <general>: CurlFile::Open - <https://www9.pornhd3x.tv/Cms_Data/Contents/admin/Media/images/new-jacquieetmicheltv-irina-kovalenko-must-make-amends-by-fucking-11-02-2026-hardcore-milf-bigtits-reality-french-iluvy-lulustream-com-vidnest-io.jpg>
2026-02-12 14:28:44.113 T:33025   debug <general>: ProcessMouse: trying mouse action wheelup
2026-02-12 14:28:44.121 T:33712   error <general>: ffmpeg[0x7f1704040600]: [mjpeg] dqt: len 42448 is too large
2026-02-12 14:28:44.121 T:33712   debug <general>: Error [-1094995529] while decoding frame: Unknown error 1094995529
2026-02-12 14:28:44.121 T:33712   debug <general>: LoadFromFileInternal - Load of https://www9.pornhd3x.tv/Cms_Data/Contents/admin/Media/images/new-freya-von-doom-dick-and-candy-naughty-sis-is-obsessed-12-02-2026-hardcore-roleplay-family-iluvy-lulustream-com-vidnest-io.jpg|Referer=https://www9.pornhd3x.tv/&User-Agent=Mozilla/5.0 (Windows NT 10.0; WOW64) AppleWebKit/537.36 (KHTML, like Gecko) Chrome/98.0.0.0 Safari/537.36 failed.
2026-02-12 14:28:44.214 T:33025   debug <general>: ProcessMouse: trying mouse action wheelup
2026-02-12 14:28:44.349 T:33688   debug <general>: Skipped 13 duplicate messages..
2026-02-12 14:28:44.349 T:33688   error <general>: ffmpeg[0x7f16ec5160b0]: [mjpeg] unable to decode APP fields: Invalid data found when processing input
2026-02-12 14:28:44.349 T:33688   error <general>: ffmpeg[0x7f16ec5160b0]: [mjpeg] dqt: len 39517 is too large
2026-02-12 14:28:44.349 T:33688   debug <general>: Error [-1094995529] while decoding frame: Unknown error 1094995529
2026-02-12 14:28:44.349 T:33688   debug <general>: LoadFromFileInternal - Load of https://www9.pornhd3x.tv/Cms_Data/Contents/admin/Media/images/new-jacquieetmicheltv-irina-kovalenko-must-make-amends-by-fucking-11-02-2026-hardcore-milf-bigtits-reality-french-iluvy-lulustream-com-vidnest-io.jpg|Referer=https://www9.pornhd3x.tv/&User-Agent=Mozilla/5.0 (Windows NT 10.0; WOW64) AppleWebKit/537.36 (KHTML, like Gecko) Chrome/98.0.0.0 Safari/537.36 failed.
2026-02-12 14:28:44.358 T:33025   debug <general>: ProcessMouse: trying mouse action wheelup
2026-02-12 14:28:45.490 T:33065   debug <general>: Skipped 33 duplicate messages..
2026-02-12 14:28:45.490 T:33065   debug <general>: Presentation: Frame was discarded by compositor
2026-02-12 14:28:45.656 T:33025   debug <general>: Skipped 2 duplicate messages..
2026-02-12 14:28:45.656 T:33025   debug <general>: ProcessMouse: trying mouse action leftclick
2026-02-12 14:28:45.657 T:33025   debug <general>: CGUIMediaWindow::GetDirectory (plugin://plugin.video.cumination/?channel=None&keyword&mode=pornhd3x.List&name=%5bCOLOR%20hotpink%5dMovies%5b%2fCOLOR%5d&page=None&section=None&url=https%3a%2f%2fwww9.pornhd3x.tv%2fporn-hd-free-full-1080p)
2026-02-12 14:28:45.657 T:33025   debug <general>:   ParentPath = [plugin://plugin.video.cumination/?channel=None&keyword&mode=pornhd3x.Main&name=%5bCOLOR%20hotpink%5dPornHD3x%5b%2fCOLOR%5d&page=None&section=None&url=https%3a%2f%2fwww9.pornhd3x.tv%2f]
2026-02-12 14:28:45.657 T:33746   debug <general>: Thread waiting start, auto delete: false
2026-02-12 14:28:45.680 T:33726   debug <general>: CAddonDatabase::SetLastUsed[plugin.video.cumination] took 22 ms
2026-02-12 14:28:45.680 T:33746   debug <general>: CScriptRunner: running add-on script Cumination('plugin://plugin.video.cumination/', '10', '?channel=None&keyword&mode=pornhd3x.List&name=%5bCOLOR%20hotpink%5dMovies%5b%2fCOLOR%5d&page=None&section=None&url=https%3a%2f%2fwww9.pornhd3x.tv%2fporn-hd-free-full-1080p')
2026-02-12 14:28:45.680 T:33747   debug <general>: Thread LanguageInvoker start, auto delete: false
2026-02-12 14:28:45.680 T:33747   debug <general>: initializing python engine.
2026-02-12 14:28:45.680 T:33747   debug <general>: CPythonInvoker(13, /home/rpeters1428/.kodi/addons/plugin.video.cumination/default.py): start processing
2026-02-12 14:28:45.687 T:33747   debug <general>: -->Python Interpreter Initialized<--
2026-02-12 14:28:45.687 T:33747   debug <general>: 
                                                   
2026-02-12 14:28:45.687 T:33747   debug <general>: CPythonInvoker(13, /home/rpeters1428/.kodi/addons/plugin.video.cumination/default.py): the source file to load is "/home/rpeters1428/.kodi/addons/plugin.video.cumination/default.py"
2026-02-12 14:28:45.687 T:33747   debug <general>: CPythonInvoker(13): full python path:
2026-02-12 14:28:45.687 T:33747   debug <general>: CPythonInvoker(13):   custom python path:
2026-02-12 14:28:45.687 T:33747   debug <general>: CPythonInvoker(13):     /home/rpeters1428/.kodi/addons/plugin.video.cumination
2026-02-12 14:28:45.687 T:33747   debug <general>: CPythonInvoker(13):     /home/rpeters1428/.kodi/addons/script.common.plugin.cache/resources/lib/storage_server/
2026-02-12 14:28:45.687 T:33747   debug <general>: CPythonInvoker(13):     /home/rpeters1428/.kodi/addons/script.module.beautifulsoup4/lib
2026-02-12 14:28:45.687 T:33747   debug <general>: CPythonInvoker(13):     /home/rpeters1428/.kodi/addons/script.module.certifi/lib
2026-02-12 14:28:45.687 T:33747   debug <general>: CPythonInvoker(13):     /home/rpeters1428/.kodi/addons/script.module.chardet/lib
2026-02-12 14:28:45.687 T:33747   debug <general>: CPythonInvoker(13):     /home/rpeters1428/.kodi/addons/script.module.idna/lib
2026-02-12 14:28:45.687 T:33747   debug <general>: CPythonInvoker(13):     /home/rpeters1428/.kodi/addons/script.module.inputstreamhelper/lib
2026-02-12 14:28:45.687 T:33747   debug <general>: CPythonInvoker(13):     /home/rpeters1428/.kodi/addons/script.module.kodi-six/libs
2026-02-12 14:28:45.687 T:33747   debug <general>: CPythonInvoker(13):     /home/rpeters1428/.kodi/addons/script.module.requests/lib
2026-02-12 14:28:45.687 T:33747   debug <general>: CPythonInvoker(13):     /home/rpeters1428/.kodi/addons/script.module.resolveurl.xxx/lib
2026-02-12 14:28:45.687 T:33747   debug <general>: CPythonInvoker(13):     /home/rpeters1428/.kodi/addons/script.module.resolveurl/lib
2026-02-12 14:28:45.687 T:33747   debug <general>: CPythonInvoker(13):     /home/rpeters1428/.kodi/addons/script.module.six/lib
2026-02-12 14:28:45.687 T:33747   debug <general>: CPythonInvoker(13):     /home/rpeters1428/.kodi/addons/script.module.soupsieve/lib
2026-02-12 14:28:45.687 T:33747   debug <general>: CPythonInvoker(13):     /home/rpeters1428/.kodi/addons/script.module.urllib3/lib
2026-02-12 14:28:45.687 T:33747   debug <general>: CPythonInvoker(13):     /home/rpeters1428/.kodi/addons/script.module.websocket/lib
2026-02-12 14:28:45.687 T:33747   debug <general>: CPythonInvoker(13):   default python path:
2026-02-12 14:28:45.687 T:33747   debug <general>: CPythonInvoker(13):     /usr/lib64/python314.zip
2026-02-12 14:28:45.687 T:33747   debug <general>: CPythonInvoker(13):     /usr/lib64/python3.14
2026-02-12 14:28:45.687 T:33747   debug <general>: CPythonInvoker(13):     /usr/lib64/python3.14/lib-dynload
2026-02-12 14:28:45.687 T:33747   debug <general>: CPythonInvoker(13):     /home/rpeters1428/.local/lib/python3.14/site-packages
2026-02-12 14:28:45.687 T:33747   debug <general>: CPythonInvoker(13):     /usr/lib64/python3.14/site-packages
2026-02-12 14:28:45.687 T:33747   debug <general>: CPythonInvoker(13):     /usr/lib/python3.14/site-packages
2026-02-12 14:28:45.687 T:33747   debug <general>: CPythonInvoker(13): adding args:
2026-02-12 14:28:45.687 T:33747   debug <general>: CPythonInvoker(13):  plugin://plugin.video.cumination/
2026-02-12 14:28:45.687 T:33747   debug <general>: CPythonInvoker(13):  10
2026-02-12 14:28:45.687 T:33747   debug <general>: CPythonInvoker(13):  ?channel=None&keyword&mode=pornhd3x.List&name=%5bCOLOR%20hotpink%5dMovies%5b%2fCOLOR%5d&page=None&section=None&url=https%3a%2f%2fwww9.pornhd3x.tv%2fporn-hd-free-full-1080p
2026-02-12 14:28:45.687 T:33747   debug <general>: CPythonInvoker(13):  resume:false
2026-02-12 14:28:45.687 T:33747   debug <general>: CPythonInvoker(13, /home/rpeters1428/.kodi/addons/plugin.video.cumination/default.py): entering source directory /home/rpeters1428/.kodi/addons/plugin.video.cumination
2026-02-12 14:28:45.687 T:33747   debug <general>: CPythonInvoker(13, /home/rpeters1428/.kodi/addons/plugin.video.cumination/default.py): instantiating addon using automatically obtained id of "plugin.video.cumination" dependent on version 3.0.0 of the xbmc.python api
2026-02-12 14:28:45.711 T:33747   debug <CAddonSettings[0@plugin.video.cumination]>: trying to load setting definitions from old format...
2026-02-12 14:28:45.712 T:33747   debug <CSettingsManager>: requested setting (changelog_seen_version) was not found.
2026-02-12 14:28:45.712 T:33747   debug <CSettingsManager>: requested setting (cuminationage) was not found.
2026-02-12 14:28:45.712 T:33747   debug <CSettingsManager>: requested setting (current_ua) was not found.
2026-02-12 14:28:45.712 T:33747   debug <CSettingsManager>: requested setting (last_ua_create) was not found.
2026-02-12 14:28:45.757 T:33025   debug <general>: ------ Window Init (DialogBusy.xml) ------
2026-02-12 14:28:45.765 T:33065   debug <general>: Presentation: Frame was discarded by compositor
2026-02-12 14:28:45.810 T:33747    info <general>: @@@@Cumination: Import Error Cryptodome: No module named 'Cryptodome'
2026-02-12 14:28:45.815 T:33747   debug <CSettingsManager>: requested setting (tahlogged) was not found.
2026-02-12 14:28:45.816 T:33747   debug <CSettingsManager>: requested setting (xflogged) was not found.
2026-02-12 14:28:45.822 T:33747   debug <CSettingsManager>: requested setting (htvlogged) was not found.
2026-02-12 14:28:45.827 T:33747   debug <CSettingsManager>: requested setting (jblogged) was not found.
2026-02-12 14:28:45.831 T:33747   debug <CSettingsManager>: requested setting (spankbang_quality) was not found.
2026-02-12 14:28:45.831 T:33747   debug <CSettingsManager>: requested setting (spankbang_length) was not found.
2026-02-12 14:28:45.834 T:33747   debug <CSettingsManager>: requested setting (ptlogged) was not found.
2026-02-12 14:28:45.834 T:33747   debug <CSettingsManager>: requested setting (ptlength) was not found.
2026-02-12 14:28:45.835 T:33747   debug <CSettingsManager>: requested setting (cblogged) was not found.
2026-02-12 14:28:45.842 T:33747   debug <CSettingsManager>: requested setting (whlogged) was not found.
2026-02-12 14:28:45.843 T:33747   debug <CSettingsManager>: requested setting (pincode) was not found.
2026-02-12 14:28:45.843 T:33747   debug <CSettingsManager>: requested setting (logintime) was not found.
2026-02-12 14:28:46.006 T:33747   debug <CSettingsManager>: requested setting (favorder) was not found.
2026-02-12 14:28:46.043 T:33747   debug <general>: Skipped 39 duplicate messages..
2026-02-12 14:28:46.043 T:33747   debug <general>: CPythonInvoker(13, /home/rpeters1428/.kodi/addons/plugin.video.cumination/default.py): script aborted
2026-02-12 14:28:46.043 T:33747   debug <general>: onExecutionDone(13, /home/rpeters1428/.kodi/addons/plugin.video.cumination/default.py)
2026-02-12 14:28:46.043 T:33747   debug <general>: .
2026-02-12 14:28:46.044 T:33746   debug <general>: Skipped 2 duplicate messages..
2026-02-12 14:28:46.044 T:33746   debug <general>: Thread waiting 139734985025216 terminating
2026-02-12 14:28:46.077 T:33747   debug <general>: Python interpreter stopped
2026-02-12 14:28:46.077 T:33747   debug <general>: Thread LanguageInvoker 139736249247424 terminating
2026-02-12 14:28:46.124 T:33025   debug <general>: ------ Window Deinit (DialogBusy.xml) ------
2026-02-12 14:28:46.133 T:33748   debug <general>: Thread BackgroundLoader start, auto delete: false
2026-02-12 14:28:46.133 T:33025   debug <general>: [threads] name: 'BackgroundLoader' priority: '1'
2026-02-12 14:28:46.135 T:33748   debug <general>: Thread BackgroundLoader 139735007749824 terminating
2026-02-12 14:28:47.129 T:33724   debug <general>: CCurlFile::GetMimeType - <https://www9.pornhd3x.tv/Cms_Data/Contents/admin/Media/images/new-freya-von-doom-dick-and-candy-naughty-sis-is-obsessed-12-02-2026-hardcore-roleplay-family-iluvy-lulustream-com-vidnest-io.jpg|Referer=https://www9.pornhd3x.tv/&User-Agent=Mozilla/5.0 (Windows NT 10.0; WOW64) AppleWebKit/537.36 (KHTML, like Gecko) Chrome/98.0.0.0 Safari/537.36> -> image/jpeg
2026-02-12 14:28:47.129 T:33724   debug <general>: CurlFile::Open - <https://www9.pornhd3x.tv/Cms_Data/Contents/admin/Media/images/new-freya-von-doom-dick-and-candy-naughty-sis-is-obsessed-12-02-2026-hardcore-roleplay-family-iluvy-lulustream-com-vidnest-io.jpg>
2026-02-12 14:28:47.190 T:33724   error <general>: ffmpeg[0x55db02f28200]: [mjpeg] dqt: len 42448 is too large
2026-02-12 14:28:47.190 T:33724   debug <general>: Error [-1094995529] while decoding frame: Unknown error 1094995529
2026-02-12 14:28:47.190 T:33724   debug <general>: LoadFromFileInternal - Load of https://www9.pornhd3x.tv/Cms_Data/Contents/admin/Media/images/new-freya-von-doom-dick-and-candy-naughty-sis-is-obsessed-12-02-2026-hardcore-roleplay-family-iluvy-lulustream-com-vidnest-io.jpg|Referer=https://www9.pornhd3x.tv/&User-Agent=Mozilla/5.0 (Windows NT 10.0; WOW64) AppleWebKit/537.36 (KHTML, like Gecko) Chrome/98.0.0.0 Safari/537.36 failed.
2026-02-12 14:28:47.462 T:33726   debug <general>: CCurlFile::GetMimeType - <https://www9.pornhd3x.tv/Cms_Data/Contents/admin/Media/images/new-river-lynn-my-biggest-fan-deserves-free-reignnn-over-my-body-12-02-2026-hardcore-roleplay-threesome-family-iluvy-lulustream-com-vidnest-io.jpg|Referer=https://www9.pornhd3x.tv/&User-Agent=Mozilla/5.0 (Windows NT 10.0; WOW64) AppleWebKit/537.36 (KHTML, like Gecko) Chrome/98.0.0.0 Safari/537.36> -> image/jpeg
2026-02-12 14:28:47.462 T:33726   debug <general>: CurlFile::Open - <https://www9.pornhd3x.tv/Cms_Data/Contents/admin/Media/images/new-river-lynn-my-biggest-fan-deserves-free-reignnn-over-my-body-12-02-2026-hardcore-roleplay-threesome-family-iluvy-lulustream-com-vidnest-io.jpg>
2026-02-12 14:28:47.521 T:33726   debug <general>: Error [-1094995529] while decoding frame: Unknown error 1094995529
2026-02-12 14:28:47.521 T:33726   debug <general>: LoadFromFileInternal - Load of https://www9.pornhd3x.tv/Cms_Data/Contents/admin/Media/images/new-river-lynn-my-biggest-fan-deserves-free-reignnn-over-my-body-12-02-2026-hardcore-roleplay-threesome-family-iluvy-lulustream-com-vidnest-io.jpg|Referer=https://www9.pornhd3x.tv/&User-Agent=Mozilla/5.0 (Windows NT 10.0; WOW64) AppleWebKit/537.36 (KHTML, like Gecko) Chrome/98.0.0.0 Safari/537.36 failed.
2026-02-12 14:28:47.949 T:33724   debug <general>: CCurlFile::GetMimeType - <https://www9.pornhd3x.tv/Cms_Data/Contents/admin/Media/images/am-i-sexier-than-my-stepsister-then-fuck-me-like-your-bitch-while-she-s-not-here-anissamiller.jpg|Referer=https://www9.pornhd3x.tv/&User-Agent=Mozilla/5.0 (Windows NT 10.0; WOW64) AppleWebKit/537.36 (KHTML, like Gecko) Chrome/98.0.0.0 Safari/537.36> -> image/jpeg
2026-02-12 14:28:47.949 T:33724   debug <general>: CurlFile::Open - <https://www9.pornhd3x.tv/Cms_Data/Contents/admin/Media/images/am-i-sexier-than-my-stepsister-then-fuck-me-like-your-bitch-while-she-s-not-here-anissamiller.jpg>
2026-02-12 14:28:48.011 T:33712   debug <general>: CCurlFile::GetMimeType - <https://www9.pornhd3x.tv/Cms_Data/Contents/admin/Media/images/new-river-lynn-under-the-blanky-hanky-panky-12-02-2026-hardcore-roleplay-bbc-iluvy-lulustream-com-vidnest-io.jpg|Referer=https://www9.pornhd3x.tv/&User-Agent=Mozilla/5.0 (Windows NT 10.0; WOW64) AppleWebKit/537.36 (KHTML, like Gecko) Chrome/98.0.0.0 Safari/537.36> -> image/jpeg
2026-02-12 14:28:48.011 T:33712   debug <general>: CurlFile::Open - <https://www9.pornhd3x.tv/Cms_Data/Contents/admin/Media/images/new-river-lynn-under-the-blanky-hanky-panky-12-02-2026-hardcore-roleplay-bbc-iluvy-lulustream-com-vidnest-io.jpg>
2026-02-12 14:28:48.041 T:33724   error <general>: ffmpeg[0x55db02f28200]: [mjpeg] mjpeg: unsupported coding type (c7)
2026-02-12 14:28:48.041 T:33724   debug <general>: ffmpeg[0x55db02f28200]: [mjpeg] Found EOI before any SOF, ignoring
2026-02-12 14:28:48.041 T:33724   debug <general>: ffmpeg[0x55db02f28200]: [mjpeg] No JPEG data found in image
2026-02-12 14:28:48.041 T:33724   debug <general>: Error [-1094995529] while decoding frame: Unknown error 1094995529
2026-02-12 14:28:48.041 T:33724   debug <general>: LoadFromFileInternal - Load of https://www9.pornhd3x.tv/Cms_Data/Contents/admin/Media/images/am-i-sexier-than-my-stepsister-then-fuck-me-like-your-bitch-while-she-s-not-here-anissamiller.jpg|Referer=https://www9.pornhd3x.tv/&User-Agent=Mozilla/5.0 (Windows NT 10.0; WOW64) AppleWebKit/537.36 (KHTML, like Gecko) Chrome/98.0.0.0 Safari/537.36 failed.
2026-02-12 14:28:48.072 T:33712   error <general>: ffmpeg[0x7f1704040600]: [mjpeg] mjpeg: unsupported coding type (cf)
2026-02-12 14:28:48.072 T:33712   error <general>: ffmpeg[0x7f1704040600]: [mjpeg] dqt: len 29693 is too large
2026-02-12 14:28:48.072 T:33712   debug <general>: Error [-1094995529] while decoding frame: Unknown error 1094995529
2026-02-12 14:28:48.072 T:33712   debug <general>: LoadFromFileInternal - Load of https://www9.pornhd3x.tv/Cms_Data/Contents/admin/Media/images/new-river-lynn-under-the-blanky-hanky-panky-12-02-2026-hardcore-roleplay-bbc-iluvy-lulustream-com-vidnest-io.jpg|Referer=https://www9.pornhd3x.tv/&User-Agent=Mozilla/5.0 (Windows NT 10.0; WOW64) AppleWebKit/537.36 (KHTML, like Gecko) Chrome/98.0.0.0 Safari/537.36 failed.
2026-02-12 14:28:48.477 T:33025   debug <general>: ProcessMouse: trying mouse action leftclick
2026-02-12 14:28:48.477 T:33025   debug <general>: CScriptRunner: running add-on script Cumination('plugin://plugin.video.cumination/', '-1', '?url=https%3A%2F%2Fwww9.pornhd3x.tv%2Fmovies%2Fnew-river-lynn-under-the-blanky-hanky-panky-12-02-2026-hardcore-roleplay-bbc-iluvy-lulustream-com-vidnest-io&mode=pornhd3x.Playvid&name=New++River+Lynn+Under+The+Blanky+Hanky+Panky+%2812-02-2026%29+Hardcore++Roleplay++BBC++ILUVY++lulustream.com++vidnest.io')
2026-02-12 14:28:48.477 T:33755   debug <general>: Thread LanguageInvoker start, auto delete: false
2026-02-12 14:28:48.477 T:33755   debug <general>: initializing python engine.
2026-02-12 14:28:48.477 T:33755   debug <general>: CPythonInvoker(14, /home/rpeters1428/.kodi/addons/plugin.video.cumination/default.py): start processing
2026-02-12 14:28:48.487 T:33755   debug <general>: -->Python Interpreter Initialized<--
2026-02-12 14:28:48.487 T:33755   debug <general>: 
                                                   
2026-02-12 14:28:48.487 T:33755   debug <general>: CPythonInvoker(14, /home/rpeters1428/.kodi/addons/plugin.video.cumination/default.py): the source file to load is "/home/rpeters1428/.kodi/addons/plugin.video.cumination/default.py"
2026-02-12 14:28:48.487 T:33755   debug <general>: CPythonInvoker(14): full python path:
2026-02-12 14:28:48.487 T:33755   debug <general>: CPythonInvoker(14):   custom python path:
2026-02-12 14:28:48.487 T:33755   debug <general>: CPythonInvoker(14):     /home/rpeters1428/.kodi/addons/plugin.video.cumination
2026-02-12 14:28:48.487 T:33755   debug <general>: CPythonInvoker(14):     /home/rpeters1428/.kodi/addons/script.common.plugin.cache/resources/lib/storage_server/
2026-02-12 14:28:48.487 T:33755   debug <general>: CPythonInvoker(14):     /home/rpeters1428/.kodi/addons/script.module.beautifulsoup4/lib
2026-02-12 14:28:48.487 T:33755   debug <general>: CPythonInvoker(14):     /home/rpeters1428/.kodi/addons/script.module.certifi/lib
2026-02-12 14:28:48.487 T:33755   debug <general>: CPythonInvoker(14):     /home/rpeters1428/.kodi/addons/script.module.chardet/lib
2026-02-12 14:28:48.487 T:33755   debug <general>: CPythonInvoker(14):     /home/rpeters1428/.kodi/addons/script.module.idna/lib
2026-02-12 14:28:48.487 T:33755   debug <general>: CPythonInvoker(14):     /home/rpeters1428/.kodi/addons/script.module.inputstreamhelper/lib
2026-02-12 14:28:48.487 T:33755   debug <general>: CPythonInvoker(14):     /home/rpeters1428/.kodi/addons/script.module.kodi-six/libs
2026-02-12 14:28:48.487 T:33755   debug <general>: CPythonInvoker(14):     /home/rpeters1428/.kodi/addons/script.module.requests/lib
2026-02-12 14:28:48.487 T:33755   debug <general>: CPythonInvoker(14):     /home/rpeters1428/.kodi/addons/script.module.resolveurl.xxx/lib
2026-02-12 14:28:48.487 T:33755   debug <general>: CPythonInvoker(14):     /home/rpeters1428/.kodi/addons/script.module.resolveurl/lib
2026-02-12 14:28:48.487 T:33755   debug <general>: CPythonInvoker(14):     /home/rpeters1428/.kodi/addons/script.module.six/lib
2026-02-12 14:28:48.487 T:33755   debug <general>: CPythonInvoker(14):     /home/rpeters1428/.kodi/addons/script.module.soupsieve/lib
2026-02-12 14:28:48.487 T:33755   debug <general>: CPythonInvoker(14):     /home/rpeters1428/.kodi/addons/script.module.urllib3/lib
2026-02-12 14:28:48.487 T:33755   debug <general>: CPythonInvoker(14):     /home/rpeters1428/.kodi/addons/script.module.websocket/lib
2026-02-12 14:28:48.487 T:33755   debug <general>: CPythonInvoker(14):   default python path:
2026-02-12 14:28:48.487 T:33755   debug <general>: CPythonInvoker(14):     /usr/lib64/python314.zip
2026-02-12 14:28:48.487 T:33755   debug <general>: CPythonInvoker(14):     /usr/lib64/python3.14
2026-02-12 14:28:48.487 T:33755   debug <general>: CPythonInvoker(14):     /usr/lib64/python3.14/lib-dynload
2026-02-12 14:28:48.487 T:33755   debug <general>: CPythonInvoker(14):     /home/rpeters1428/.local/lib/python3.14/site-packages
2026-02-12 14:28:48.487 T:33755   debug <general>: CPythonInvoker(14):     /usr/lib64/python3.14/site-packages
2026-02-12 14:28:48.487 T:33755   debug <general>: CPythonInvoker(14):     /usr/lib/python3.14/site-packages
2026-02-12 14:28:48.487 T:33755   debug <general>: CPythonInvoker(14): adding args:
2026-02-12 14:28:48.487 T:33755   debug <general>: CPythonInvoker(14):  plugin://plugin.video.cumination/
2026-02-12 14:28:48.487 T:33755   debug <general>: CPythonInvoker(14):  -1
2026-02-12 14:28:48.487 T:33755   debug <general>: CPythonInvoker(14):  ?url=https%3A%2F%2Fwww9.pornhd3x.tv%2Fmovies%2Fnew-river-lynn-under-the-blanky-hanky-panky-12-02-2026-hardcore-roleplay-bbc-iluvy-lulustream-com-vidnest-io&mode=pornhd3x.Playvid&name=New++River+Lynn+Under+The+Blanky+Hanky+Panky+%2812-02-2026%29+Hardcore++Roleplay++BBC++ILUVY++lulustream.com++vidnest.io
2026-02-12 14:28:48.487 T:33755   debug <general>: CPythonInvoker(14):  resume:false
2026-02-12 14:28:48.487 T:33755   debug <general>: CPythonInvoker(14, /home/rpeters1428/.kodi/addons/plugin.video.cumination/default.py): entering source directory /home/rpeters1428/.kodi/addons/plugin.video.cumination
2026-02-12 14:28:48.487 T:33755   debug <general>: CPythonInvoker(14, /home/rpeters1428/.kodi/addons/plugin.video.cumination/default.py): instantiating addon using automatically obtained id of "plugin.video.cumination" dependent on version 3.0.0 of the xbmc.python api
2026-02-12 14:28:48.522 T:33755   debug <CAddonSettings[0@plugin.video.cumination]>: trying to load setting definitions from old format...
2026-02-12 14:28:48.522 T:33755   debug <CSettingsManager>: requested setting (changelog_seen_version) was not found.
2026-02-12 14:28:48.522 T:33755   debug <CSettingsManager>: requested setting (cuminationage) was not found.
2026-02-12 14:28:48.522 T:33755   debug <CSettingsManager>: requested setting (current_ua) was not found.
2026-02-12 14:28:48.522 T:33755   debug <CSettingsManager>: requested setting (last_ua_create) was not found.
2026-02-12 14:28:48.639 T:33755    info <general>: @@@@Cumination: Import Error Cryptodome: No module named 'Cryptodome'
2026-02-12 14:28:48.644 T:33755   debug <CSettingsManager>: requested setting (tahlogged) was not found.
2026-02-12 14:28:48.647 T:33755   debug <CSettingsManager>: requested setting (xflogged) was not found.
2026-02-12 14:28:48.652 T:33755   debug <CSettingsManager>: requested setting (htvlogged) was not found.
2026-02-12 14:28:48.659 T:33755   debug <CSettingsManager>: requested setting (jblogged) was not found.
2026-02-12 14:28:48.663 T:33755   debug <CSettingsManager>: requested setting (spankbang_quality) was not found.
2026-02-12 14:28:48.663 T:33755   debug <CSettingsManager>: requested setting (spankbang_length) was not found.
2026-02-12 14:28:48.666 T:33755   debug <CSettingsManager>: requested setting (ptlogged) was not found.
2026-02-12 14:28:48.666 T:33755   debug <CSettingsManager>: requested setting (ptlength) was not found.
2026-02-12 14:28:48.667 T:33755   debug <CSettingsManager>: requested setting (cblogged) was not found.
2026-02-12 14:28:48.675 T:33755   debug <CSettingsManager>: requested setting (whlogged) was not found.
2026-02-12 14:28:48.676 T:33755   debug <CSettingsManager>: requested setting (pincode) was not found.
2026-02-12 14:28:48.676 T:33755   debug <CSettingsManager>: requested setting (logintime) was not found.
2026-02-12 14:28:48.678 T:33755   debug <general>: DialogProgress::Open called 
2026-02-12 14:28:48.688 T:33025   debug <general>: ------ Window Init (DialogConfirm.xml) ------
2026-02-12 14:28:48.693 T:33755   debug <CAddonSettings[0@script.module.resolveurl]>: trying to load setting definitions from old format...
2026-02-12 14:28:48.777 T:33755   debug <general>: Skipped 1 duplicate messages..
2026-02-12 14:28:48.777 T:33755   debug <general>: ResolveURL: Initializing ResolveURL version: 5.1.192
