2025-12-01 14:13:12.973 T:40140   debug <general>: Radio UECP (RDS) Processor - delete CDVDRadioRDSData::~CDVDRadioRDSData
2025-12-01 14:13:12.973 T:40140   debug <general>: Audio ID3 tag processor - delete CVideoPlayerAudioID3::~CVideoPlayerAudioID3
2025-12-01 14:13:13.731 T:14652   debug <general>: CApplicationPlayerCallback::OnPlayBackStopped: CApplication::OnPlayBackStopped
2025-12-01 14:13:13.738 T:40140   debug <general>: CGUIWindowManager::PreviousWindow: Deactivate
2025-12-01 14:13:13.738 T:40140   debug <general>: ------ Window Deinit (VideoOSD.xml) ------
2025-12-01 14:13:13.738 T:40140   debug <general>: ------ Window Deinit (VideoFullScreen.xml) ------
2025-12-01 14:13:13.745 T:40140   debug <general>: CGUIWindowManager::PreviousWindow: Activate new
2025-12-01 14:13:13.745 T:40140   debug <general>: ------ Window Init (MyVideoNav.xml) ------
2025-12-01 14:13:13.746 T:40140   error <general>: Control 50 in window 10025 has been asked to focus, but it can't
2025-12-01 14:13:13.763 T:40140   debug <general>: ------ Window Deinit (DialogSeekBar.xml) ------
2025-12-01 14:13:13.789 T:40140   debug <general>: ------ Window Deinit (Custom_1109_TopBarOverlay.xml) ------
2025-12-01 14:13:13.793 T:40140   debug <general>: CGUIMediaWindow::GetDirectory (plugin://plugin.video.cumination/?channel=None&keyword&mode=85po.Main&name=%5bCOLOR%20hotpink%5d85po%5b%2fCOLOR%5d&page=None&section=None&url=https%3a%2f%2f85po.com%2f)
2025-12-01 14:13:13.793 T:40140   debug <general>:   ParentPath = [plugin://plugin.video.cumination/?channel=None&keyword&mode=85po.Main&name=%5bCOLOR%20hotpink%5d85po%5b%2fCOLOR%5d&page=None&section=None&url=https%3a%2f%2f85po.com%2f]
2025-12-01 14:13:13.794 T:40140   debug <general>: Loading items: 62, directory: plugin://plugin.video.cumination/?channel=None&keyword&mode=85po.Main&name=%5bCOLOR%20hotpink%5d85po%5b%2fCOLOR%5d&page=None&section=None&url=https%3a%2f%2f85po.com%2f sort method: 0, ascending: false
2025-12-01 14:13:13.797 T:26364   debug <general>: CAddonDatabase::SetLastUsed[plugin.video.cumination] took 4 ms
2025-12-01 14:13:13.798 T:22328   debug <general>: Thread BackgroundLoader start, auto delete: false
2025-12-01 14:13:13.803 T:22328   debug <general>: Thread BackgroundLoader 22328 terminating
2025-12-01 14:13:14.318 T:40140   debug <general>: CInputManager::ProcessMouse: trying mouse action wheeldown
2025-12-01 14:13:14.405 T:26364    info <general>: Skipped 11 duplicate messages..
2025-12-01 14:13:14.405 T:26364   debug <general>: XCURL::DllLibCurlGlobal::easy_acquire - Created session to https://www.85po.com
2025-12-01 14:13:14.415 T:40140   debug <general>: CInputManager::ProcessMouse: trying mouse action wheeldown
2025-12-01 14:13:14.425 T:34820    info <general>: Skipped 1 duplicate messages..
2025-12-01 14:13:14.425 T:34820   debug <general>: CCurlFile::XFILE::CCurlFile::GetMimeType - <https://www.85po.com/contents/videos_screenshots/23000/23084/390x218/1.jpg> -> image/jpeg
2025-12-01 14:13:14.425 T:34820   debug <general>: CurlFile::XFILE::CCurlFile::Open - <https://www.85po.com/contents/videos_screenshots/23000/23084/390x218/1.jpg>
2025-12-01 14:13:14.427 T:40140   debug <general>: CInputManager::ProcessMouse: trying mouse action wheeldown
2025-12-01 14:13:14.428 T:22476   debug <general>: CCurlFile::XFILE::CCurlFile::GetMimeType - <https://www.85po.com/contents/videos_screenshots/23000/23082/390x218/1.jpg> -> image/jpeg
2025-12-01 14:13:14.428 T:22476   debug <general>: CurlFile::XFILE::CCurlFile::Open - <https://www.85po.com/contents/videos_screenshots/23000/23082/390x218/1.jpg>
2025-12-01 14:13:14.432 T:40140   debug <general>: CInputManager::ProcessMouse: trying mouse action wheeldown
2025-12-01 14:13:14.440 T:14652    info <general>: Skipped 1 duplicate messages..
2025-12-01 14:13:14.440 T:14652   debug <general>: CCurlFile::XFILE::CCurlFile::GetMimeType - <https://www.85po.com/contents/videos_screenshots/23000/23080/390x218/1.jpg> -> image/jpeg
2025-12-01 14:13:14.440 T:14652   debug <general>: CurlFile::XFILE::CCurlFile::Open - <https://www.85po.com/contents/videos_screenshots/23000/23080/390x218/1.jpg>
2025-12-01 14:13:14.444 T:40140   debug <general>: CInputManager::ProcessMouse: trying mouse action wheeldown
2025-12-01 14:13:14.475 T:34820    info <general>: Skipped 5 duplicate messages..
2025-12-01 14:13:14.475 T:34820   debug <general>: Caching image 'https://www.85po.com/contents/videos_screenshots/23000/23084/390x218/1.jpg' to '1/1d0f5304.jpg':
2025-12-01 14:13:14.475 T:22476   debug <general>: Caching image 'https://www.85po.com/contents/videos_screenshots/23000/23082/390x218/1.jpg' to 'd/daad2f46.jpg':
2025-12-01 14:13:14.475 T:34820   debug <general>: cached image 'special://masterprofile/Thumbnails/1/1d0f5304.jpg' size 390x218
2025-12-01 14:13:14.475 T:22476   debug <general>: cached image 'special://masterprofile/Thumbnails/d/daad2f46.jpg' size 390x218
2025-12-01 14:13:14.484 T:40140   debug <general>: CInputManager::ProcessMouse: trying mouse action wheeldown
2025-12-01 14:13:14.487 T:14652   debug <general>: Caching image 'https://www.85po.com/contents/videos_screenshots/23000/23080/390x218/1.jpg' to '6/6473f015.jpg':
2025-12-01 14:13:14.487 T:14652   debug <general>: cached image 'special://masterprofile/Thumbnails/6/6473f015.jpg' size 390x218
2025-12-01 14:13:14.490 T:40140   debug <general>: CInputManager::ProcessMouse: trying mouse action wheeldown
2025-12-01 14:13:14.531 T:22476    info <general>: Skipped 6 duplicate messages..
2025-12-01 14:13:14.531 T:22476   debug <general>: CCurlFile::XFILE::CCurlFile::GetMimeType - <https://www.85po.com/contents/videos_screenshots/23000/23041/390x218/1.jpg> -> image/jpeg
2025-12-01 14:13:14.531 T:22476   debug <general>: CurlFile::XFILE::CCurlFile::Open - <https://www.85po.com/contents/videos_screenshots/23000/23041/390x218/1.jpg>
2025-12-01 14:13:14.532 T:34820   debug <general>: CCurlFile::XFILE::CCurlFile::GetMimeType - <https://www.85po.com/contents/videos_screenshots/23000/23040/390x218/1.jpg> -> image/jpeg
2025-12-01 14:13:14.532 T:34820   debug <general>: CurlFile::XFILE::CCurlFile::Open - <https://www.85po.com/contents/videos_screenshots/23000/23040/390x218/1.jpg>
2025-12-01 14:13:14.535 T:40140   debug <general>: CInputManager::ProcessMouse: trying mouse action wheeldown
2025-12-01 14:13:14.537 T:26364   debug <general>: CCurlFile::XFILE::CCurlFile::GetMimeType - <https://www.85po.com/contents/videos_screenshots/23000/23078/390x218/1.jpg> -> image/jpeg
2025-12-01 14:13:14.537 T:26364   debug <general>: CurlFile::XFILE::CCurlFile::Open - <https://www.85po.com/contents/videos_screenshots/23000/23078/390x218/1.jpg>
2025-12-01 14:13:14.541 T:40140   debug <general>: CInputManager::ProcessMouse: trying mouse action wheeldown
2025-12-01 14:13:14.581 T:22476    info <general>: Skipped 5 duplicate messages..
2025-12-01 14:13:14.581 T:22476   debug <general>: Caching image 'https://www.85po.com/contents/videos_screenshots/23000/23041/390x218/1.jpg' to '7/7ede09e8.jpg':
2025-12-01 14:13:14.581 T:22476   debug <general>: cached image 'special://masterprofile/Thumbnails/7/7ede09e8.jpg' size 390x218
2025-12-01 14:13:14.581 T:40140   debug <general>: CInputManager::ProcessMouse: trying mouse action wheeldown
2025-12-01 14:13:14.584 T:34820   debug <general>: Caching image 'https://www.85po.com/contents/videos_screenshots/23000/23040/390x218/1.jpg' to 'a/a3d1e89a.jpg':
2025-12-01 14:13:14.584 T:34820   debug <general>: cached image 'special://masterprofile/Thumbnails/a/a3d1e89a.jpg' size 390x218
2025-12-01 14:13:14.587 T:40140   debug <general>: CInputManager::ProcessMouse: trying mouse action wheeldown
2025-12-01 14:13:14.637 T:22476    info <general>: Skipped 6 duplicate messages..
2025-12-01 14:13:14.637 T:22476   debug <general>: CCurlFile::XFILE::CCurlFile::GetMimeType - <https://www.85po.com/contents/videos_screenshots/23000/23009/390x218/1.jpg> -> image/jpeg
2025-12-01 14:13:14.637 T:22476   debug <general>: CurlFile::XFILE::CCurlFile::Open - <https://www.85po.com/contents/videos_screenshots/23000/23009/390x218/1.jpg>
2025-12-01 14:13:14.637 T:34820   debug <general>: CCurlFile::XFILE::CCurlFile::GetMimeType - <https://www.85po.com/contents/videos_screenshots/23000/23008/390x218/1.jpg> -> image/jpeg
2025-12-01 14:13:14.637 T:34820   debug <general>: CurlFile::XFILE::CCurlFile::Open - <https://www.85po.com/contents/videos_screenshots/23000/23008/390x218/1.jpg>
2025-12-01 14:13:14.638 T:40140   debug <general>: CInputManager::ProcessMouse: trying mouse action wheeldown
2025-12-01 14:13:14.688 T:22476    info <general>: Skipped 6 duplicate messages..
2025-12-01 14:13:14.688 T:22476   debug <general>: Caching image 'https://www.85po.com/contents/videos_screenshots/23000/23009/390x218/1.jpg' to '3/32f9b322.jpg':
2025-12-01 14:13:14.689 T:22476   debug <general>: cached image 'special://masterprofile/Thumbnails/3/32f9b322.jpg' size 390x218
2025-12-01 14:13:14.692 T:34820   debug <general>: Caching image 'https://www.85po.com/contents/videos_screenshots/23000/23008/390x218/1.jpg' to 'e/eff65250.jpg':
2025-12-01 14:13:14.692 T:34820   debug <general>: cached image 'special://masterprofile/Thumbnails/e/eff65250.jpg' size 390x218
2025-12-01 14:13:14.696 T:40140   debug <general>: CInputManager::ProcessMouse: trying mouse action wheeldown
2025-12-01 14:13:14.705 T:26364    info <general>: Skipped 1 duplicate messages..
2025-12-01 14:13:14.705 T:26364   debug <general>: Caching image 'https://www.85po.com/contents/videos_screenshots/23000/23078/390x218/1.jpg' to '2/21f06ff6.jpg':
2025-12-01 14:13:14.705 T:26364   debug <general>: cached image 'special://masterprofile/Thumbnails/2/21f06ff6.jpg' size 390x218
2025-12-01 14:13:14.707 T:40140   debug <general>: CInputManager::ProcessMouse: trying mouse action wheeldown
2025-12-01 14:13:14.737 T:14652    info <general>: Skipped 3 duplicate messages..
2025-12-01 14:13:14.737 T:14652   debug <general>: CCurlFile::XFILE::CCurlFile::GetMimeType - <https://www.85po.com/contents/videos_screenshots/23000/23039/390x218/1.jpg> -> image/jpeg
2025-12-01 14:13:14.737 T:14652   debug <general>: CurlFile::XFILE::CCurlFile::Open - <https://www.85po.com/contents/videos_screenshots/23000/23039/390x218/1.jpg>
2025-12-01 14:13:14.741 T:40140   debug <general>: CInputManager::ProcessMouse: trying mouse action wheeldown
2025-12-01 14:13:14.752 T:22476    info <general>: Skipped 1 duplicate messages..
2025-12-01 14:13:14.752 T:22476   debug <general>: CCurlFile::XFILE::CCurlFile::GetMimeType - <https://www.85po.com/contents/videos_screenshots/22000/22998/390x218/1.jpg> -> image/jpeg
2025-12-01 14:13:14.752 T:22476   debug <general>: CurlFile::XFILE::CCurlFile::Open - <https://www.85po.com/contents/videos_screenshots/22000/22998/390x218/1.jpg>
2025-12-01 14:13:14.756 T:34820   debug <general>: CCurlFile::XFILE::CCurlFile::GetMimeType - <https://www.85po.com/contents/videos_screenshots/22000/22986/390x218/1.jpg> -> image/jpeg
2025-12-01 14:13:14.756 T:34820   debug <general>: CurlFile::XFILE::CCurlFile::Open - <https://www.85po.com/contents/videos_screenshots/22000/22986/390x218/1.jpg>
2025-12-01 14:13:14.759 T:40140   debug <general>: CInputManager::ProcessMouse: trying mouse action wheeldown
2025-12-01 14:13:14.786 T:14652    info <general>: Skipped 3 duplicate messages..
2025-12-01 14:13:14.786 T:14652   debug <general>: Caching image 'https://www.85po.com/contents/videos_screenshots/23000/23039/390x218/1.jpg' to '4/4221726c.jpg':
2025-12-01 14:13:14.786 T:14652   debug <general>: cached image 'special://masterprofile/Thumbnails/4/4221726c.jpg' size 390x218
2025-12-01 14:13:14.793 T:40140   debug <general>: CInputManager::ProcessMouse: trying mouse action wheeldown
2025-12-01 14:13:14.805 T:22476    info <general>: Skipped 1 duplicate messages..
2025-12-01 14:13:14.805 T:22476   debug <general>: Caching image 'https://www.85po.com/contents/videos_screenshots/22000/22998/390x218/1.jpg' to 'c/c7bff97f.jpg':
2025-12-01 14:13:14.805 T:22476   debug <general>: cached image 'special://masterprofile/Thumbnails/c/c7bff97f.jpg' size 390x218
2025-12-01 14:13:14.810 T:40140   debug <general>: CInputManager::ProcessMouse: trying mouse action wheeldown
2025-12-01 14:13:14.814 T:34820   debug <general>: Caching image 'https://www.85po.com/contents/videos_screenshots/22000/22986/390x218/1.jpg' to 'd/dd537c25.jpg':
2025-12-01 14:13:14.814 T:34820   debug <general>: cached image 'special://masterprofile/Thumbnails/d/dd537c25.jpg' size 390x218
2025-12-01 14:13:14.815 T:40140   debug <general>: CInputManager::ProcessMouse: trying mouse action wheeldown
2025-12-01 14:13:14.840 T:14652    info <general>: Skipped 2 duplicate messages..
2025-12-01 14:13:14.840 T:14652   debug <general>: CCurlFile::XFILE::CCurlFile::GetMimeType - <https://www.85po.com/contents/videos_screenshots/22000/22980/390x218/1.jpg> -> image/jpeg
2025-12-01 14:13:14.841 T:14652   debug <general>: CurlFile::XFILE::CCurlFile::Open - <https://www.85po.com/contents/videos_screenshots/22000/22980/390x218/1.jpg>
2025-12-01 14:13:14.844 T:40140   debug <general>: CInputManager::ProcessMouse: trying mouse action wheeldown
2025-12-01 14:13:14.890 T:14652    info <general>: Skipped 5 duplicate messages..
2025-12-01 14:13:14.890 T:14652   debug <general>: Caching image 'https://www.85po.com/contents/videos_screenshots/22000/22980/390x218/1.jpg' to '1/1af10067.jpg':
2025-12-01 14:13:14.890 T:14652   debug <general>: cached image 'special://masterprofile/Thumbnails/1/1af10067.jpg' size 390x218
2025-12-01 14:13:14.901 T:40140   debug <general>: CInputManager::ProcessMouse: trying mouse action wheeldown
2025-12-01 14:13:14.933 T:22476    info <general>: Skipped 3 duplicate messages..
2025-12-01 14:13:14.933 T:22476   debug <general>: CCurlFile::XFILE::CCurlFile::GetMimeType - <https://www.85po.com/contents/videos_screenshots/22000/22985/390x218/1.jpg> -> image/jpeg
2025-12-01 14:13:14.933 T:22476   debug <general>: CurlFile::XFILE::CCurlFile::Open - <https://www.85po.com/contents/videos_screenshots/22000/22985/390x218/1.jpg>
2025-12-01 14:13:14.941 T:40140   debug <general>: CInputManager::ProcessMouse: trying mouse action wheeldown
2025-12-01 14:13:14.986 T:22476    info <general>: Skipped 3 duplicate messages..
2025-12-01 14:13:14.986 T:22476   debug <general>: Caching image 'https://www.85po.com/contents/videos_screenshots/22000/22985/390x218/1.jpg' to 'b/be824204.jpg':
2025-12-01 14:13:14.987 T:22476   debug <general>: cached image 'special://masterprofile/Thumbnails/b/be824204.jpg' size 390x218
2025-12-01 14:13:14.987 T:40140   debug <general>: CInputManager::ProcessMouse: trying mouse action wheeldown
2025-12-01 14:13:15.071 T:14652    info <general>: Skipped 4 duplicate messages..
2025-12-01 14:13:15.071 T:14652   debug <general>: CCurlFile::XFILE::CCurlFile::GetMimeType - <https://www.85po.com/contents/videos_screenshots/22000/22984/390x218/1.jpg> -> image/jpeg
2025-12-01 14:13:15.071 T:14652   debug <general>: CurlFile::XFILE::CCurlFile::Open - <https://www.85po.com/contents/videos_screenshots/22000/22984/390x218/1.jpg>
2025-12-01 14:13:15.126 T:26364   debug <general>: CCurlFile::XFILE::CCurlFile::GetMimeType - <https://www.85po.com/contents/videos_screenshots/22000/22983/390x218/1.jpg> -> image/jpeg
2025-12-01 14:13:15.126 T:26364   debug <general>: CurlFile::XFILE::CCurlFile::Open - <https://www.85po.com/contents/videos_screenshots/22000/22983/390x218/1.jpg>
2025-12-01 14:13:15.138 T:14652   debug <general>: Caching image 'https://www.85po.com/contents/videos_screenshots/22000/22984/390x218/1.jpg' to '6/638da376.jpg':
2025-12-01 14:13:15.138 T:14652   debug <general>: cached image 'special://masterprofile/Thumbnails/6/638da376.jpg' size 390x218
2025-12-01 14:13:15.150 T:34820   debug <general>: CCurlFile::XFILE::CCurlFile::GetMimeType - <https://www.85po.com/contents/videos_screenshots/22000/22982/390x218/1.jpg> -> image/jpeg
2025-12-01 14:13:15.150 T:34820   debug <general>: CurlFile::XFILE::CCurlFile::Open - <https://www.85po.com/contents/videos_screenshots/22000/22982/390x218/1.jpg>
2025-12-01 14:13:15.181 T:40140   debug <general>: CInputManager::ProcessMouse: trying mouse action wheeldown
2025-12-01 14:13:15.191 T:26364   debug <general>: Caching image 'https://www.85po.com/contents/videos_screenshots/22000/22983/390x218/1.jpg' to '7/79203e46.jpg':
2025-12-01 14:13:15.191 T:26364   debug <general>: cached image 'special://masterprofile/Thumbnails/7/79203e46.jpg' size 390x218
2025-12-01 14:13:15.216 T:34820   debug <general>: Caching image 'https://www.85po.com/contents/videos_screenshots/22000/22982/390x218/1.jpg' to 'a/a42fdf34.jpg':
2025-12-01 14:13:15.216 T:34820   debug <general>: cached image 'special://masterprofile/Thumbnails/a/a42fdf34.jpg' size 390x218
2025-12-01 14:13:15.296 T:40140   debug <general>: CInputManager::ProcessMouse: trying mouse action wheeldown
2025-12-01 14:13:15.305 T:34820   debug <general>: CCurlFile::XFILE::CCurlFile::GetMimeType - <https://www.85po.com/contents/videos_screenshots/22000/22981/390x218/1.jpg> -> image/jpeg
2025-12-01 14:13:15.305 T:34820   debug <general>: CurlFile::XFILE::CCurlFile::Open - <https://www.85po.com/contents/videos_screenshots/22000/22981/390x218/1.jpg>
2025-12-01 14:13:15.341 T:40140   debug <general>: CInputManager::ProcessMouse: trying mouse action wheeldown
2025-12-01 14:13:15.356 T:34820   debug <general>: Caching image 'https://www.85po.com/contents/videos_screenshots/22000/22981/390x218/1.jpg' to 'c/c7fee115.jpg':
2025-12-01 14:13:15.356 T:34820   debug <general>: cached image 'special://masterprofile/Thumbnails/c/c7fee115.jpg' size 390x218
2025-12-01 14:13:15.393 T:40140   debug <general>: CInputManager::ProcessMouse: trying mouse action wheeldown
2025-12-01 14:13:21.814 T:40140    info <general>: Skipped 26 duplicate messages..
2025-12-01 14:13:21.814 T:40140   debug <general>: ------ Window Deinit (Pointer.xml) ------
2025-12-01 14:13:22.633 T:40140   debug <general>: ------ Window Init (Pointer.xml) ------
2025-12-01 14:13:22.953 T:40140   debug <general>: CInputManager::ProcessMouse: trying mouse action wheelup
2025-12-01 14:13:23.018 T:14652    info <general>: Skipped 8 duplicate messages..
2025-12-01 14:13:23.018 T:14652   debug <general>: CCurlFile::XFILE::CCurlFile::GetMimeType - <https://www.85po.com/contents/videos_screenshots/22000/22999/390x218/1.jpg> -> image/jpeg
2025-12-01 14:13:23.018 T:14652   debug <general>: CurlFile::XFILE::CCurlFile::Open - <https://www.85po.com/contents/videos_screenshots/22000/22999/390x218/1.jpg>
2025-12-01 14:13:23.021 T:40140   debug <general>: CInputManager::ProcessMouse: trying mouse action wheelup
2025-12-01 14:13:23.021 T:34820   debug <general>: CCurlFile::XFILE::CCurlFile::GetMimeType - <https://www.85po.com/contents/videos_screenshots/23000/23000/390x218/1.jpg> -> image/jpeg
2025-12-01 14:13:23.022 T:34820   debug <general>: CurlFile::XFILE::CCurlFile::Open - <https://www.85po.com/contents/videos_screenshots/23000/23000/390x218/1.jpg>
2025-12-01 14:13:23.026 T:26364   debug <general>: CCurlFile::XFILE::CCurlFile::GetMimeType - <https://www.85po.com/contents/videos_screenshots/23000/23001/390x218/1.jpg> -> image/jpeg
2025-12-01 14:13:23.026 T:26364   debug <general>: CurlFile::XFILE::CCurlFile::Open - <https://www.85po.com/contents/videos_screenshots/23000/23001/390x218/1.jpg>
2025-12-01 14:13:23.027 T:40140   debug <general>: CInputManager::ProcessMouse: trying mouse action wheelup
2025-12-01 14:13:23.042 T:22476    info <general>: Skipped 1 duplicate messages..
2025-12-01 14:13:23.042 T:22476   debug <general>: CCurlFile::XFILE::CCurlFile::GetMimeType - <https://www.85po.com/contents/videos_screenshots/23000/23002/390x218/1.jpg> -> image/jpeg
2025-12-01 14:13:23.042 T:22476   debug <general>: CurlFile::XFILE::CCurlFile::Open - <https://www.85po.com/contents/videos_screenshots/23000/23002/390x218/1.jpg>
2025-12-01 14:13:23.044 T:40140   debug <general>: CInputManager::ProcessMouse: trying mouse action wheelup
2025-12-01 14:13:23.071 T:14652    info <general>: Skipped 3 duplicate messages..
2025-12-01 14:13:23.071 T:14652   debug <general>: Caching image 'https://www.85po.com/contents/videos_screenshots/22000/22999/390x218/1.jpg' to '1/1ab0180d.jpg':
2025-12-01 14:13:23.071 T:14652   debug <general>: cached image 'special://masterprofile/Thumbnails/1/1ab0180d.jpg' size 390x218
2025-12-01 14:13:23.073 T:40140   debug <general>: CInputManager::ProcessMouse: trying mouse action wheelup
2025-12-01 14:13:23.078 T:34820   debug <general>: Caching image 'https://www.85po.com/contents/videos_screenshots/23000/23000/390x218/1.jpg' to '1/1d0f1472.jpg':
2025-12-01 14:13:23.078 T:34820   debug <general>: cached image 'special://masterprofile/Thumbnails/1/1d0f1472.jpg' size 390x218
2025-12-01 14:13:23.080 T:26364   debug <general>: Caching image 'https://www.85po.com/contents/videos_screenshots/23000/23001/390x218/1.jpg' to 'c/c000f500.jpg':
2025-12-01 14:13:23.080 T:26364   debug <general>: cached image 'special://masterprofile/Thumbnails/c/c000f500.jpg' size 390x218
2025-12-01 14:13:23.084 T:40140   debug <general>: CInputManager::ProcessMouse: trying mouse action wheelup
2025-12-01 14:13:23.097 T:22476    info <general>: Skipped 2 duplicate messages..
2025-12-01 14:13:23.097 T:22476   debug <general>: Caching image 'https://www.85po.com/contents/videos_screenshots/23000/23002/390x218/1.jpg' to 'a/a3d1cb21.jpg':
2025-12-01 14:13:23.097 T:22476   debug <general>: cached image 'special://masterprofile/Thumbnails/a/a3d1cb21.jpg' size 390x218
2025-12-01 14:13:23.107 T:40140   debug <general>: CInputManager::ProcessMouse: trying mouse action wheelup
2025-12-01 14:13:23.133 T:14652    info <general>: Skipped 3 duplicate messages..
2025-12-01 14:13:23.133 T:14652   debug <general>: CCurlFile::XFILE::CCurlFile::GetMimeType - <https://www.85po.com/contents/videos_screenshots/23000/23024/390x218/1.jpg> -> image/jpeg
2025-12-01 14:13:23.133 T:14652   debug <general>: CurlFile::XFILE::CCurlFile::Open - <https://www.85po.com/contents/videos_screenshots/23000/23024/390x218/1.jpg>
2025-12-01 14:13:23.141 T:40140   debug <general>: CInputManager::ProcessMouse: trying mouse action wheelup
2025-12-01 14:13:23.145 T:34820   debug <general>: CCurlFile::XFILE::CCurlFile::GetMimeType - <https://www.85po.com/contents/videos_screenshots/23000/23025/390x218/1.jpg> -> image/jpeg
2025-12-01 14:13:23.145 T:34820   debug <general>: CurlFile::XFILE::CCurlFile::Open - <https://www.85po.com/contents/videos_screenshots/23000/23025/390x218/1.jpg>
2025-12-01 14:13:23.147 T:40140   debug <general>: CInputManager::ProcessMouse: trying mouse action wheelup
2025-12-01 14:13:23.148 T:26364   debug <general>: CCurlFile::XFILE::CCurlFile::GetMimeType - <https://www.85po.com/contents/videos_screenshots/23000/23027/390x218/1.jpg> -> image/jpeg
2025-12-01 14:13:23.148 T:26364   debug <general>: CurlFile::XFILE::CCurlFile::Open - <https://www.85po.com/contents/videos_screenshots/23000/23027/390x218/1.jpg>
2025-12-01 14:13:23.153 T:40140   debug <general>: CInputManager::ProcessMouse: trying mouse action wheelup
2025-12-01 14:13:23.189 T:14652    info <general>: Skipped 3 duplicate messages..
2025-12-01 14:13:23.189 T:14652   debug <general>: Caching image 'https://www.85po.com/contents/videos_screenshots/23000/23024/390x218/1.jpg' to '3/3b1cc917.jpg':
2025-12-01 14:13:23.189 T:14652   debug <general>: cached image 'special://masterprofile/Thumbnails/3/3b1cc917.jpg' size 390x218
2025-12-01 14:13:23.193 T:40140   debug <general>: CInputManager::ProcessMouse: trying mouse action wheelup
2025-12-01 14:13:23.205 T:34820    info <general>: Skipped 1 duplicate messages..
2025-12-01 14:13:23.205 T:34820   debug <general>: Caching image 'https://www.85po.com/contents/videos_screenshots/23000/23025/390x218/1.jpg' to 'e/e6132865.jpg':
2025-12-01 14:13:23.205 T:34820   debug <general>: cached image 'special://masterprofile/Thumbnails/e/e6132865.jpg' size 390x218
2025-12-01 14:13:23.210 T:40140   debug <general>: CInputManager::ProcessMouse: trying mouse action wheelup
2025-12-01 14:13:23.211 T:26364   debug <general>: Caching image 'https://www.85po.com/contents/videos_screenshots/23000/23027/390x218/1.jpg' to '5/58cdf736.jpg':
2025-12-01 14:13:23.211 T:26364   debug <general>: cached image 'special://masterprofile/Thumbnails/5/58cdf736.jpg' size 390x218
2025-12-01 14:13:23.221 T:40140   debug <general>: CInputManager::ProcessMouse: trying mouse action wheelup
2025-12-01 14:13:23.252 T:14652    info <general>: Skipped 3 duplicate messages..
2025-12-01 14:13:23.252 T:14652   debug <general>: CCurlFile::XFILE::CCurlFile::GetMimeType - <https://www.85po.com/contents/videos_screenshots/23000/23050/390x218/1.jpg> -> image/jpeg
2025-12-01 14:13:23.252 T:14652   debug <general>: CurlFile::XFILE::CCurlFile::Open - <https://www.85po.com/contents/videos_screenshots/23000/23050/390x218/1.jpg>
2025-12-01 14:13:23.256 T:40140   debug <general>: CInputManager::ProcessMouse: trying mouse action wheelup
2025-12-01 14:13:23.276 T:26364    info <general>: Skipped 2 duplicate messages..
2025-12-01 14:13:23.276 T:26364   debug <general>: CCurlFile::XFILE::CCurlFile::GetMimeType - <https://www.85po.com/contents/videos_screenshots/23000/23052/390x218/1.jpg> -> image/jpeg
2025-12-01 14:13:23.276 T:26364   debug <general>: CurlFile::XFILE::CCurlFile::Open - <https://www.85po.com/contents/videos_screenshots/23000/23052/390x218/1.jpg>
2025-12-01 14:13:23.278 T:34820   debug <general>: CCurlFile::XFILE::CCurlFile::GetMimeType - <https://www.85po.com/contents/videos_screenshots/23000/23051/390x218/1.jpg> -> image/jpeg
2025-12-01 14:13:23.279 T:34820   debug <general>: CurlFile::XFILE::CCurlFile::Open - <https://www.85po.com/contents/videos_screenshots/23000/23051/390x218/1.jpg>
2025-12-01 14:13:23.284 T:40140   debug <general>: CInputManager::ProcessMouse: trying mouse action wheelup
2025-12-01 14:13:23.314 T:14652    info <general>: Skipped 3 duplicate messages..
2025-12-01 14:13:23.314 T:14652   debug <general>: Caching image 'https://www.85po.com/contents/videos_screenshots/23000/23050/390x218/1.jpg' to '8/8c6657a0.jpg':
2025-12-01 14:13:23.314 T:14652   debug <general>: cached image 'special://masterprofile/Thumbnails/8/8c6657a0.jpg' size 390x218
2025-12-01 14:13:23.324 T:40140   debug <general>: CInputManager::ProcessMouse: trying mouse action wheelup
2025-12-01 14:13:23.341 T:34820    info <general>: Skipped 1 duplicate messages..
2025-12-01 14:13:23.341 T:34820   debug <general>: Caching image 'https://www.85po.com/contents/videos_screenshots/23000/23051/390x218/1.jpg' to '5/5169b6d2.jpg':
2025-12-01 14:13:23.341 T:34820   debug <general>: cached image 'special://masterprofile/Thumbnails/5/5169b6d2.jpg' size 390x218
2025-12-01 14:13:23.343 T:26364   debug <general>: Caching image 'https://www.85po.com/contents/videos_screenshots/23000/23052/390x218/1.jpg' to '3/32b888f3.jpg':
2025-12-01 14:13:23.343 T:26364   debug <general>: cached image 'special://masterprofile/Thumbnails/3/32b888f3.jpg' size 390x218
2025-12-01 14:13:23.348 T:40140   debug <general>: CInputManager::ProcessMouse: trying mouse action wheelup
2025-12-01 14:13:23.355 T:22476   debug <general>: CCurlFile::XFILE::CCurlFile::GetMimeType - <https://www.85po.com/contents/videos_screenshots/23000/23031/390x218/1.jpg> -> image/jpeg
2025-12-01 14:13:23.355 T:22476   debug <general>: CurlFile::XFILE::CCurlFile::Open - <https://www.85po.com/contents/videos_screenshots/23000/23031/390x218/1.jpg>
2025-12-01 14:13:23.359 T:40140   debug <general>: CInputManager::ProcessMouse: trying mouse action wheelup
2025-12-01 14:13:23.415 T:22476    info <general>: Skipped 4 duplicate messages..
2025-12-01 14:13:23.415 T:22476   debug <general>: Caching image 'https://www.85po.com/contents/videos_screenshots/23000/23031/390x218/1.jpg' to 'b/b0d8344e.jpg':
2025-12-01 14:13:23.415 T:22476   debug <general>: cached image 'special://masterprofile/Thumbnails/b/b0d8344e.jpg' size 390x218
2025-12-01 14:13:23.416 T:40140   debug <general>: CInputManager::ProcessMouse: trying mouse action wheelup
2025-12-01 14:13:23.453 T:22476    info <general>: Skipped 2 duplicate messages..
2025-12-01 14:13:23.453 T:22476   debug <general>: Recaching image 'C:\Users\James\AppData\Roaming\Kodi\addons\plugin.video.cumination\resources\images\cum-cat.png' to 'd/d2b10962.png':
2025-12-01 14:13:23.453 T:22476   debug <general>: cached image 'special://masterprofile/Thumbnails/d/d2b10962.png' size 512x512
2025-12-01 14:13:23.456 T:40140   debug <general>: CInputManager::ProcessMouse: trying mouse action wheelup
2025-12-01 14:13:25.261 T:40140    info <general>: Skipped 26 duplicate messages..
2025-12-01 14:13:25.261 T:40140   debug <general>: CInputManager::ProcessMouse: trying mouse action leftclick
2025-12-01 14:13:25.261 T:40140   debug <general>: CGUIMediaWindow::GetDirectory (plugin://plugin.video.cumination/?channel=None&keyword&mode=85po.List&name=%5bCOLOR%20hotpink%5d4K%5b%2fCOLOR%5d&page=None&section=None&url=https%3a%2f%2f85po.com%2f4k%2f)
2025-12-01 14:13:25.261 T:40140   debug <general>:   ParentPath = [plugin://plugin.video.cumination/?channel=None&keyword&mode=85po.Main&name=%5bCOLOR%20hotpink%5d85po%5b%2fCOLOR%5d&page=None&section=None&url=https%3a%2f%2f85po.com%2f]
2025-12-01 14:13:25.262 T:21248   debug <general>: Thread waiting start, auto delete: false
2025-12-01 14:13:25.267 T:26364   debug <general>: CAddonDatabase::SetLastUsed[plugin.video.cumination] took 5 ms
2025-12-01 14:13:25.267 T:21248   debug <general>: CScriptRunner: running add-on script Cumination('plugin://plugin.video.cumination/', '17', '?channel=None&keyword&mode=85po.List&name=%5bCOLOR%20hotpink%5d4K%5b%2fCOLOR%5d&page=None&section=None&url=https%3a%2f%2f85po.com%2f4k%2f')
2025-12-01 14:13:25.267 T:9996    debug <general>: Thread LanguageInvoker start, auto delete: false
2025-12-01 14:13:25.267 T:9996    debug <general>: initializing python engine.
2025-12-01 14:13:25.267 T:9996    debug <general>: CPythonInvoker(21, C:\Users\James\AppData\Roaming\Kodi\addons\plugin.video.cumination\default.py): start processing
2025-12-01 14:13:25.276 T:9996    debug <general>: -->Python Interpreter Initialized<--
2025-12-01 14:13:25.276 T:9996    debug <general>: 
                                                   
2025-12-01 14:13:25.276 T:9996    debug <general>: CPythonInvoker(21, C:\Users\James\AppData\Roaming\Kodi\addons\plugin.video.cumination\default.py): the source file to load is "C:\Users\James\AppData\Roaming\Kodi\addons\plugin.video.cumination\default.py"
2025-12-01 14:13:25.276 T:9996    debug <general>: CPythonInvoker(21): full python path:
2025-12-01 14:13:25.276 T:9996    debug <general>: CPythonInvoker(21):   custom python path:
2025-12-01 14:13:25.276 T:9996    debug <general>: CPythonInvoker(21):     C:\Users\James\AppData\Roaming\Kodi\addons\plugin.video.cumination
2025-12-01 14:13:25.276 T:9996    debug <general>: CPythonInvoker(21):     C:\Users\James\AppData\Roaming\Kodi\addons\script.common.plugin.cache\resources\lib\storage_server\
2025-12-01 14:13:25.276 T:9996    debug <general>: CPythonInvoker(21):     C:\Users\James\AppData\Roaming\Kodi\addons\script.module.beautifulsoup4\lib
2025-12-01 14:13:25.276 T:9996    debug <general>: CPythonInvoker(21):     C:\Users\James\AppData\Roaming\Kodi\addons\script.module.certifi\lib
2025-12-01 14:13:25.276 T:9996    debug <general>: CPythonInvoker(21):     C:\Users\James\AppData\Roaming\Kodi\addons\script.module.chardet\lib
2025-12-01 14:13:25.276 T:9996    debug <general>: CPythonInvoker(21):     C:\Users\James\AppData\Roaming\Kodi\addons\script.module.idna\lib
2025-12-01 14:13:25.276 T:9996    debug <general>: CPythonInvoker(21):     C:\Users\James\AppData\Roaming\Kodi\addons\script.module.inputstreamhelper\lib
2025-12-01 14:13:25.276 T:9996    debug <general>: CPythonInvoker(21):     C:\Users\James\AppData\Roaming\Kodi\addons\script.module.kodi-six\libs
2025-12-01 14:13:25.276 T:9996    debug <general>: CPythonInvoker(21):     C:\Users\James\AppData\Roaming\Kodi\addons\script.module.requests\lib
2025-12-01 14:13:25.276 T:9996    debug <general>: CPythonInvoker(21):     C:\Users\James\AppData\Roaming\Kodi\addons\script.module.resolveurl.xxx\lib
2025-12-01 14:13:25.276 T:9996    debug <general>: CPythonInvoker(21):     C:\Users\James\AppData\Roaming\Kodi\addons\script.module.resolveurl\lib
2025-12-01 14:13:25.276 T:9996    debug <general>: CPythonInvoker(21):     C:\Users\James\AppData\Roaming\Kodi\addons\script.module.six\lib
2025-12-01 14:13:25.276 T:9996    debug <general>: CPythonInvoker(21):     C:\Users\James\AppData\Roaming\Kodi\addons\script.module.soupsieve\lib
2025-12-01 14:13:25.276 T:9996    debug <general>: CPythonInvoker(21):     C:\Users\James\AppData\Roaming\Kodi\addons\script.module.urllib3\lib
2025-12-01 14:13:25.276 T:9996    debug <general>: CPythonInvoker(21):     C:\Users\James\AppData\Roaming\Kodi\addons\script.module.websocket\lib
2025-12-01 14:13:25.276 T:9996    debug <general>: CPythonInvoker(21):   default python path:
2025-12-01 14:13:25.276 T:9996    debug <general>: CPythonInvoker(21):     C:\Program Files\Kodi\system\python\DLLs
2025-12-01 14:13:25.276 T:9996    debug <general>: CPythonInvoker(21):     C:\Program Files\Kodi\system\python\Lib
2025-12-01 14:13:25.276 T:9996    debug <general>: CPythonInvoker(21):     C:\Program Files\Kodi\system\python\Lib\site-packages
2025-12-01 14:13:25.276 T:9996    debug <general>: CPythonInvoker(21): adding args:
2025-12-01 14:13:25.276 T:9996    debug <general>: CPythonInvoker(21):  plugin://plugin.video.cumination/
2025-12-01 14:13:25.276 T:9996    debug <general>: CPythonInvoker(21):  17
2025-12-01 14:13:25.276 T:9996    debug <general>: CPythonInvoker(21):  ?channel=None&keyword&mode=85po.List&name=%5bCOLOR%20hotpink%5d4K%5b%2fCOLOR%5d&page=None&section=None&url=https%3a%2f%2f85po.com%2f4k%2f
2025-12-01 14:13:25.276 T:9996    debug <general>: CPythonInvoker(21):  resume:false
2025-12-01 14:13:25.276 T:9996    debug <general>: CPythonInvoker(21, C:\Users\James\AppData\Roaming\Kodi\addons\plugin.video.cumination\default.py): entering source directory C:\Users\James\AppData\Roaming\Kodi\addons\plugin.video.cumination
2025-12-01 14:13:25.276 T:9996    debug <general>: CPythonInvoker(21, C:\Users\James\AppData\Roaming\Kodi\addons\plugin.video.cumination\default.py): instantiating addon using automatically obtained id of "plugin.video.cumination" dependent on version 3.0.0 of the xbmc.python api
2025-12-01 14:13:25.342 T:9996    debug <CAddonSettings[0@plugin.video.cumination]>: trying to load setting definitions from old format...
2025-12-01 14:13:25.343 T:9996    debug <CSettingsManager>: requested setting (changelog_seen_version) was not found.
2025-12-01 14:13:25.343 T:9996    debug <CSettingsManager>: requested setting (cuminationage) was not found.
2025-12-01 14:13:25.343 T:9996    debug <CSettingsManager>: requested setting (current_ua) was not found.
2025-12-01 14:13:25.343 T:9996    debug <CSettingsManager>: requested setting (last_ua_create) was not found.
2025-12-01 14:13:25.363 T:40140   debug <general>: ------ Window Init (DialogBusy.xml) ------
2025-12-01 14:13:25.497 T:9996    debug <CSettingsManager>: requested setting (cblogged) was not found.
2025-12-01 14:13:25.500 T:9996    debug <CSettingsManager>: requested setting (spankbang_quality) was not found.
2025-12-01 14:13:25.500 T:9996    debug <CSettingsManager>: requested setting (spankbang_length) was not found.
2025-12-01 14:13:25.505 T:9996    debug <CSettingsManager>: requested setting (htvlogged) was not found.
2025-12-01 14:13:25.630 T:9996    debug <CSettingsManager>: requested setting (jblogged) was not found.
2025-12-01 14:13:25.657 T:9996    debug <CSettingsManager>: requested setting (ptlogged) was not found.
2025-12-01 14:13:25.657 T:9996    debug <CSettingsManager>: requested setting (ptlength) was not found.
2025-12-01 14:13:25.664 T:9996    debug <CSettingsManager>: requested setting (tahlogged) was not found.
2025-12-01 14:13:25.672 T:9996    debug <CSettingsManager>: requested setting (whlogged) was not found.
2025-12-01 14:13:25.673 T:9996    debug <CSettingsManager>: requested setting (xflogged) was not found.
2025-12-01 14:13:25.680 T:9996    debug <CAddonSettings[0@plugin.video.cumination]>: trying to load setting definitions from old format...
2025-12-01 14:13:25.680 T:9996    debug <CSettingsManager>: requested setting (changelog_seen_version) was not found.
2025-12-01 14:13:25.681 T:9996    debug <CSettingsManager>: requested setting (cuminationage) was not found.
2025-12-01 14:13:25.681 T:9996    debug <CSettingsManager>: requested setting (current_ua) was not found.
2025-12-01 14:13:25.681 T:9996    debug <CSettingsManager>: requested setting (last_ua_create) was not found.
2025-12-01 14:13:25.681 T:9996    debug <CSettingsManager>: requested setting (pincode) was not found.
2025-12-01 14:13:25.681 T:9996    debug <CSettingsManager>: requested setting (logintime) was not found.
2025-12-01 14:13:26.656 T:9996    debug <CSettingsManager>: requested setting (favorder) was not found.
2025-12-01 14:13:26.712 T:9996     info <general>: Skipped 59 duplicate messages..
2025-12-01 14:13:26.712 T:9996    debug <general>: CPythonInvoker(21, C:\Users\James\AppData\Roaming\Kodi\addons\plugin.video.cumination\default.py): script aborted
2025-12-01 14:13:26.712 T:9996    debug <general>: CPythonInvoker::onExecutionDone(21, C:\Users\James\AppData\Roaming\Kodi\addons\plugin.video.cumination\default.py)
2025-12-01 14:13:26.712 T:9996    debug <general>: .
2025-12-01 14:13:26.713 T:21248    info <general>: Skipped 1 duplicate messages..
2025-12-01 14:13:26.713 T:21248   debug <general>: Thread waiting 21248 terminating
2025-12-01 14:13:26.726 T:9996    debug <general>: Python interpreter stopped
2025-12-01 14:13:26.726 T:9996    debug <general>: Thread LanguageInvoker 9996 terminating
2025-12-01 14:13:26.767 T:40140   debug <general>: ------ Window Deinit (DialogBusy.xml) ------
2025-12-01 14:13:26.775 T:40140   debug <general>: Saving fileitems [plugin://plugin.video.cumination/?channel=None&keyword&mode=85po.List&name=%5bCOLOR%20hotpink%5d4K%5b%2fCOLOR%5d&page=None&section=None&url=https%3a%2f%2f85po.com%2f4k%2f]
2025-12-01 14:13:26.776 T:40140   debug <general>:   -- items: 60, sort method: 0, ascending: false
2025-12-01 14:13:26.779 T:11528   debug <general>: Thread BackgroundLoader start, auto delete: false
2025-12-01 14:13:26.784 T:11528   debug <general>: Thread BackgroundLoader 11528 terminating
2025-12-01 14:13:28.061 T:34820   debug <general>: CCurlFile::XFILE::CCurlFile::GetMimeType - <https://www.85po.com/contents/videos_screenshots/22000/22057/390x218/1.jpg> -> image/jpeg
2025-12-01 14:13:28.061 T:34820   debug <general>: CurlFile::XFILE::CCurlFile::Open - <https://www.85po.com/contents/videos_screenshots/22000/22057/390x218/1.jpg>
2025-12-01 14:13:28.109 T:34820   debug <general>: Caching image 'https://www.85po.com/contents/videos_screenshots/22000/22057/390x218/1.jpg' to '4/41038157.jpg':
2025-12-01 14:13:28.109 T:34820   debug <general>: cached image 'special://masterprofile/Thumbnails/4/41038157.jpg' size 390x218
2025-12-01 14:13:28.286 T:34820   debug <general>: CCurlFile::XFILE::CCurlFile::GetMimeType - <https://www.85po.com/contents/videos_screenshots/22000/22055/390x218/1.jpg> -> image/jpeg
2025-12-01 14:13:28.286 T:34820   debug <general>: CurlFile::XFILE::CCurlFile::Open - <https://www.85po.com/contents/videos_screenshots/22000/22055/390x218/1.jpg>
2025-12-01 14:13:28.344 T:34820   debug <general>: Caching image 'https://www.85po.com/contents/videos_screenshots/22000/22055/390x218/1.jpg' to 'f/ffdd5e04.jpg':
2025-12-01 14:13:28.344 T:34820   debug <general>: cached image 'special://masterprofile/Thumbnails/f/ffdd5e04.jpg' size 390x218
2025-12-01 14:13:28.365 T:26364   debug <general>: CCurlFile::XFILE::CCurlFile::GetMimeType - <https://www.85po.com/contents/videos_screenshots/22000/22054/390x218/1.jpg> -> image/jpeg
2025-12-01 14:13:28.365 T:26364   debug <general>: CurlFile::XFILE::CCurlFile::Open - <https://www.85po.com/contents/videos_screenshots/22000/22054/390x218/1.jpg>
2025-12-01 14:13:28.419 T:26364   debug <general>: Caching image 'https://www.85po.com/contents/videos_screenshots/22000/22054/390x218/1.jpg' to '2/22d2bf76.jpg':
2025-12-01 14:13:28.419 T:26364   debug <general>: cached image 'special://masterprofile/Thumbnails/2/22d2bf76.jpg' size 390x218
2025-12-01 14:13:33.369 T:40140   debug <general>: ------ Window Deinit (Pointer.xml) ------
2025-12-01 14:13:34.460 T:40140   debug <general>: ------ Window Init (Pointer.xml) ------
2025-12-01 14:13:34.568 T:26364   debug <general>: CCurlFile::XFILE::CCurlFile::GetMimeType - <https://www.85po.com/contents/videos_screenshots/21000/21962/390x218/1.jpg> -> image/jpeg
2025-12-01 14:13:34.569 T:26364   debug <general>: CurlFile::XFILE::CCurlFile::Open - <https://www.85po.com/contents/videos_screenshots/21000/21962/390x218/1.jpg>
2025-12-01 14:13:34.622 T:26364   debug <general>: Caching image 'https://www.85po.com/contents/videos_screenshots/21000/21962/390x218/1.jpg' to '4/407b7831.jpg':
2025-12-01 14:13:34.622 T:26364   debug <general>: cached image 'special://masterprofile/Thumbnails/4/407b7831.jpg' size 390x218
2025-12-01 14:13:35.240 T:26364   debug <general>: CCurlFile::XFILE::CCurlFile::GetMimeType - <https://www.85po.com/contents/videos_screenshots/21000/21728/390x218/1.jpg> -> image/jpeg
2025-12-01 14:13:35.240 T:26364   debug <general>: CurlFile::XFILE::CCurlFile::Open - <https://www.85po.com/contents/videos_screenshots/21000/21728/390x218/1.jpg>
2025-12-01 14:13:35.290 T:26364   debug <general>: Caching image 'https://www.85po.com/contents/videos_screenshots/21000/21728/390x218/1.jpg' to '7/7cf1308e.jpg':
2025-12-01 14:13:35.290 T:26364   debug <general>: cached image 'special://masterprofile/Thumbnails/7/7cf1308e.jpg' size 390x218
2025-12-01 14:13:36.540 T:40140   debug <general>: CInputManager::ProcessMouse: trying mouse action leftclick
2025-12-01 14:13:36.540 T:40140   debug <general>: CScriptRunner: running add-on script Cumination('plugin://plugin.video.cumination/', '-1', '?url=https%3A%2F%2Fwww.85po.com%2Fv%2F21728%2Fnen-mei-han-han--xiao-lei-shen-ye-jie-tou-lu-chu-2bu--qing-qu-zhi-fu-4kban%2F&mode=85po.Playvid&name=%5BCOLOR+yellow%5D2160p%5B%2FCOLOR%5D+%E5%AB%A9%E5%A6%B9%E6%B6%B5%E6%B6%B5+%E5%B0%8F%E6%B7%9A%E6%B7%B1%E5%A4%9C%E8%A1%97%E9%A0%AD%E9%9C%B2%E5%87%BA2%E9%83%A8+%E6%83%85%E8%B6%A3%E5%88%B6%E6%9C%8D4K%E7%89%88+%5BCOLOR+deeppink%5D10%3A18%5B%2FCOLOR%5D')
2025-12-01 14:13:36.540 T:35556   debug <general>: Thread LanguageInvoker start, auto delete: false
2025-12-01 14:13:36.541 T:35556   debug <general>: initializing python engine.
2025-12-01 14:13:36.541 T:35556   debug <general>: CPythonInvoker(22, C:\Users\James\AppData\Roaming\Kodi\addons\plugin.video.cumination\default.py): start processing
2025-12-01 14:13:36.550 T:35556   debug <general>: -->Python Interpreter Initialized<--
2025-12-01 14:13:36.550 T:35556   debug <general>: 
                                                   
2025-12-01 14:13:36.550 T:35556   debug <general>: CPythonInvoker(22, C:\Users\James\AppData\Roaming\Kodi\addons\plugin.video.cumination\default.py): the source file to load is "C:\Users\James\AppData\Roaming\Kodi\addons\plugin.video.cumination\default.py"
2025-12-01 14:13:36.550 T:35556   debug <general>: CPythonInvoker(22): full python path:
2025-12-01 14:13:36.550 T:35556   debug <general>: CPythonInvoker(22):   custom python path:
2025-12-01 14:13:36.550 T:35556   debug <general>: CPythonInvoker(22):     C:\Users\James\AppData\Roaming\Kodi\addons\plugin.video.cumination
2025-12-01 14:13:36.550 T:35556   debug <general>: CPythonInvoker(22):     C:\Users\James\AppData\Roaming\Kodi\addons\script.common.plugin.cache\resources\lib\storage_server\
2025-12-01 14:13:36.550 T:35556   debug <general>: CPythonInvoker(22):     C:\Users\James\AppData\Roaming\Kodi\addons\script.module.beautifulsoup4\lib
2025-12-01 14:13:36.550 T:35556   debug <general>: CPythonInvoker(22):     C:\Users\James\AppData\Roaming\Kodi\addons\script.module.certifi\lib
2025-12-01 14:13:36.550 T:35556   debug <general>: CPythonInvoker(22):     C:\Users\James\AppData\Roaming\Kodi\addons\script.module.chardet\lib
2025-12-01 14:13:36.550 T:35556   debug <general>: CPythonInvoker(22):     C:\Users\James\AppData\Roaming\Kodi\addons\script.module.idna\lib
2025-12-01 14:13:36.550 T:35556   debug <general>: CPythonInvoker(22):     C:\Users\James\AppData\Roaming\Kodi\addons\script.module.inputstreamhelper\lib
2025-12-01 14:13:36.550 T:35556   debug <general>: CPythonInvoker(22):     C:\Users\James\AppData\Roaming\Kodi\addons\script.module.kodi-six\libs
2025-12-01 14:13:36.550 T:35556   debug <general>: CPythonInvoker(22):     C:\Users\James\AppData\Roaming\Kodi\addons\script.module.requests\lib
2025-12-01 14:13:36.550 T:35556   debug <general>: CPythonInvoker(22):     C:\Users\James\AppData\Roaming\Kodi\addons\script.module.resolveurl.xxx\lib
2025-12-01 14:13:36.550 T:35556   debug <general>: CPythonInvoker(22):     C:\Users\James\AppData\Roaming\Kodi\addons\script.module.resolveurl\lib
2025-12-01 14:13:36.550 T:35556   debug <general>: CPythonInvoker(22):     C:\Users\James\AppData\Roaming\Kodi\addons\script.module.six\lib
2025-12-01 14:13:36.550 T:35556   debug <general>: CPythonInvoker(22):     C:\Users\James\AppData\Roaming\Kodi\addons\script.module.soupsieve\lib
2025-12-01 14:13:36.550 T:35556   debug <general>: CPythonInvoker(22):     C:\Users\James\AppData\Roaming\Kodi\addons\script.module.urllib3\lib
2025-12-01 14:13:36.550 T:35556   debug <general>: CPythonInvoker(22):     C:\Users\James\AppData\Roaming\Kodi\addons\script.module.websocket\lib
2025-12-01 14:13:36.550 T:35556   debug <general>: CPythonInvoker(22):   default python path:
2025-12-01 14:13:36.550 T:35556   debug <general>: CPythonInvoker(22):     C:\Program Files\Kodi\system\python\DLLs
2025-12-01 14:13:36.550 T:35556   debug <general>: CPythonInvoker(22):     C:\Program Files\Kodi\system\python\Lib
2025-12-01 14:13:36.550 T:35556   debug <general>: CPythonInvoker(22):     C:\Program Files\Kodi\system\python\Lib\site-packages
2025-12-01 14:13:36.550 T:35556   debug <general>: CPythonInvoker(22): adding args:
2025-12-01 14:13:36.550 T:35556   debug <general>: CPythonInvoker(22):  plugin://plugin.video.cumination/
2025-12-01 14:13:36.550 T:35556   debug <general>: CPythonInvoker(22):  -1
2025-12-01 14:13:36.550 T:35556   debug <general>: CPythonInvoker(22):  ?url=https%3A%2F%2Fwww.85po.com%2Fv%2F21728%2Fnen-mei-han-han--xiao-lei-shen-ye-jie-tou-lu-chu-2bu--qing-qu-zhi-fu-4kban%2F&mode=85po.Playvid&name=%5BCOLOR+yellow%5D2160p%5B%2FCOLOR%5D+%E5%AB%A9%E5%A6%B9%E6%B6%B5%E6%B6%B5+%E5%B0%8F%E6%B7%9A%E6%B7%B1%E5%A4%9C%E8%A1%97%E9%A0%AD%E9%9C%B2%E5%87%BA2%E9%83%A8+%E6%83%85%E8%B6%A3%E5%88%B6%E6%9C%8D4K%E7%89%88+%5BCOLOR+deeppink%5D10%3A18%5B%2FCOLOR%5D
2025-12-01 14:13:36.550 T:35556   debug <general>: CPythonInvoker(22):  resume:false
2025-12-01 14:13:36.550 T:35556   debug <general>: CPythonInvoker(22, C:\Users\James\AppData\Roaming\Kodi\addons\plugin.video.cumination\default.py): entering source directory C:\Users\James\AppData\Roaming\Kodi\addons\plugin.video.cumination
2025-12-01 14:13:36.550 T:35556   debug <general>: CPythonInvoker(22, C:\Users\James\AppData\Roaming\Kodi\addons\plugin.video.cumination\default.py): instantiating addon using automatically obtained id of "plugin.video.cumination" dependent on version 3.0.0 of the xbmc.python api
2025-12-01 14:13:36.619 T:35556   debug <CAddonSettings[0@plugin.video.cumination]>: trying to load setting definitions from old format...
2025-12-01 14:13:36.619 T:35556   debug <CSettingsManager>: requested setting (changelog_seen_version) was not found.
2025-12-01 14:13:36.619 T:35556   debug <CSettingsManager>: requested setting (cuminationage) was not found.
2025-12-01 14:13:36.619 T:35556   debug <CSettingsManager>: requested setting (current_ua) was not found.
2025-12-01 14:13:36.619 T:35556   debug <CSettingsManager>: requested setting (last_ua_create) was not found.
2025-12-01 14:13:36.784 T:35556   debug <CSettingsManager>: requested setting (cblogged) was not found.
2025-12-01 14:13:36.787 T:35556   debug <CSettingsManager>: requested setting (spankbang_quality) was not found.
2025-12-01 14:13:36.787 T:35556   debug <CSettingsManager>: requested setting (spankbang_length) was not found.
2025-12-01 14:13:36.792 T:35556   debug <CSettingsManager>: requested setting (htvlogged) was not found.
2025-12-01 14:13:36.913 T:35556   debug <CSettingsManager>: requested setting (jblogged) was not found.
2025-12-01 14:13:36.941 T:35556   debug <CSettingsManager>: requested setting (ptlogged) was not found.
2025-12-01 14:13:36.941 T:35556   debug <CSettingsManager>: requested setting (ptlength) was not found.
2025-12-01 14:13:36.948 T:35556   debug <CSettingsManager>: requested setting (tahlogged) was not found.
2025-12-01 14:13:36.956 T:35556   debug <CSettingsManager>: requested setting (whlogged) was not found.
2025-12-01 14:13:36.956 T:35556   debug <CSettingsManager>: requested setting (xflogged) was not found.
2025-12-01 14:13:36.963 T:35556   debug <CAddonSettings[0@plugin.video.cumination]>: trying to load setting definitions from old format...
2025-12-01 14:13:36.969 T:35556   debug <CSettingsManager>: requested setting (changelog_seen_version) was not found.
2025-12-01 14:13:36.969 T:35556   debug <CSettingsManager>: requested setting (cuminationage) was not found.
2025-12-01 14:13:36.969 T:35556   debug <CSettingsManager>: requested setting (current_ua) was not found.
2025-12-01 14:13:36.969 T:35556   debug <CSettingsManager>: requested setting (last_ua_create) was not found.
2025-12-01 14:13:36.970 T:35556   debug <CSettingsManager>: requested setting (pincode) was not found.
2025-12-01 14:13:36.970 T:35556   debug <CSettingsManager>: requested setting (logintime) was not found.
