2026-01-25 10:39:06.730 T:20193   debug <general>: Python interpreter stopped
2026-01-25 10:39:06.730 T:20193   debug <general>: Thread LanguageInvoker 139908383483584 terminating
2026-01-25 10:39:06.821 T:20194   debug <general>: AddOnLog: inputstream.adaptive: Download finished: https://edge-hls.saawsedge.com/hls/158146413/master/158146413_480p.m3u8 (downloaded 687 byte, speed 1493.00 byte/s)
2026-01-25 10:39:06.821 T:20194    info <general>: AddOnLog: inputstream.adaptive: Manifest successfully parsed (Periods: 1, Streams in first period: 2, Type: live)
2026-01-25 10:39:06.821 T:20194   debug <general>: AddOnLog: inputstream.adaptive: [Repr. chooser] Stream selection conditions
                                                   Screen resolution: 3456x2160 (may be limited by settings)
                                                   Initial bandwidth: 9115132 bit/s
2026-01-25 10:39:06.821 T:20194   debug <general>: AddOnLog: inputstream.adaptive: New period, dispose sample decrypter and reinitialize
2026-01-25 10:39:06.821 T:20194   debug <general>: AddOnLog: inputstream.adaptive: [Repr. chooser] Current average bandwidth: 9115132 bit/s (filtered to 8203618 bit/s)
2026-01-25 10:39:06.821 T:20194   debug <general>: AddOnLog: inputstream.adaptive: [Repr. chooser] Selected representation
                                                   ID  (Bandwidth: 1351680 bit/s, Resolution: 360x480)
2026-01-25 10:39:06.821 T:20194   debug <general>: AddOnLog: inputstream.adaptive: Created AdaptiveStream [AS-0] with adaptation set ID: "", stream type: video
2026-01-25 10:39:06.821 T:20194   debug <general>: AddOnLog: inputstream.adaptive: Created AdaptiveStream [AS-1] with adaptation set ID: "", stream type: audio
2026-01-25 10:39:06.821 T:20194   debug <general>: AddOnLog: inputstream.adaptive: GetCapabilities()
2026-01-25 10:39:06.823 T:20194    info <general>: Creating Demuxer
2026-01-25 10:39:06.823 T:20194   debug <general>: AddOnLog: inputstream.adaptive: GetStreamIds()
2026-01-25 10:39:06.823 T:20194   debug <general>: AddOnLog: inputstream.adaptive: GetStream(1001)
2026-01-25 10:39:06.823 T:20194   debug <general>: AddOnLog: inputstream.adaptive: GetStream(1002)
2026-01-25 10:39:06.823 T:20194   debug <general>: CDVDDemuxClient::RequestStream(): added/updated stream 1001 with codec_id 27
2026-01-25 10:39:06.823 T:20194   debug <general>: CDVDDemuxClient::RequestStream(): added/updated stream 1002 with codec_id 86018
2026-01-25 10:39:06.823 T:20194    info <general>: Opening stream: 1001 source: 256
2026-01-25 10:39:06.823 T:20194   debug <general>: AddOnLog: inputstream.adaptive: OpenStream(1001)
2026-01-25 10:39:06.823 T:20194   debug <general>: CurlFile::Open - <https://media-hls.saawsedge.com/b-hls-03/158146413/158146413_480p.m3u8>
2026-01-25 10:39:06.823 T:20194   debug <general>: easy_acquire - Created session to https://media-hls.saawsedge.com
2026-01-25 10:39:06.852 T:20016   debug <general>: ------ Window Deinit (DialogConfirm.xml) ------
2026-01-25 10:39:07.009 T:20194   debug <general>: AddOnLog: inputstream.adaptive: Download finished: https://media-hls.saawsedge.com/b-hls-03/158146413/158146413_480p.m3u8 (downloaded 778 byte, speed 1826.00 byte/s)
2026-01-25 10:39:07.009 T:20194   debug <general>: CurlFile::Open - <https://media-hls.saawsedge.com/b-hls-03/158146413/158146413_480p_h264_init_POYhBEiFKOHkSaoy.mp4?User-Agent=Mozilla%2F5.0%20%28Windows%20NT%206.2%3B%20WOW64%3B%20rv%3A104.0.0.0%29%20Gecko%2F20100101%20Firefox%2F104.0.0.0&Origin=https%3A%2F%2Fstripchat.com&Referer=https%3A%2F%2Fstripchat.com%2FTiny-Mimi&Accept=application%2Fx-mpegURL&Accept-Language=en-US%2Cen%3Bq%3D0.9>
2026-01-25 10:39:07.066 T:20194   debug <general>: AddOnLog: inputstream.adaptive: [AS-0] Download finished: https://media-hls.saawsedge.com/b-hls-03/158146413/158146413_480p_h264_init_POYhBEiFKOHkSaoy.mp4?User-Agent=Mozilla%2F5.0%20%28Windows%20NT%206.2%3B%20WOW64%3B%20rv%3A104.0.0.0%29%20Gecko%2F20100101%20Firefox%2F104.0.0.0&Origin=https%3A%2F%2Fstripchat.com&Referer=https%3A%2F%2Fstripchat.com%2FTiny-Mimi&Accept=application%2Fx-mpegURL&Accept-Language=en-US%2Cen%3Bq%3D0.9 (downloaded 1235 byte, speed 22089.00 byte/s)
2026-01-25 10:39:07.066 T:20194   debug <general>: AddOnLog: inputstream.adaptive: UpdateSampleDescription: Codec fourcc: avc1 (1635148593)
2026-01-25 10:39:07.066 T:20194   debug <general>: AddOnLog: inputstream.adaptive: GetStream(1001)
2026-01-25 10:39:07.066 T:20194   debug <general>: CDVDDemuxClient::RequestStream(): added/updated stream 1001 with codec_id 27
2026-01-25 10:39:07.066 T:20194    info <general>: Creating video codec with codec id: 27
2026-01-25 10:39:07.066 T:20194    info <general>: CDVDVideoCodecFFmpeg::Open() Using codec: H.264 / AVC / MPEG-4 AVC / MPEG-4 part 10
2026-01-25 10:39:07.067 T:20194   debug <general>: CDVDVideoCodecFFmpeg - Updated codec: ff-h264
2026-01-25 10:39:07.067 T:20194   debug <general>: CVideoPlayerVideo::OpenStream - open stream with codec id: 27
2026-01-25 10:39:07.067 T:20194    info <general>: Creating video thread
2026-01-25 10:39:07.067 T:20202   debug <general>: Thread VideoPlayerVideo start, auto delete: false
2026-01-25 10:39:07.067 T:20202    info <general>: running thread: video_thread
2026-01-25 10:39:07.067 T:20202   debug <general>: CVideoPlayerVideo - CDVDMsg::GENERAL_PAUSE: false
2026-01-25 10:39:07.067 T:20194    info <general>: Opening stream: 1002 source: 256
2026-01-25 10:39:07.067 T:20194   debug <general>: AddOnLog: inputstream.adaptive: OpenStream(1002)
2026-01-25 10:39:07.067 T:20194   debug <general>: AddOnLog: inputstream.adaptive: GetStream(1002)
2026-01-25 10:39:07.068 T:20194    info <general>: Finding audio codec for: 86018
2026-01-25 10:39:07.068 T:20194    info <general>: CDVDAudioCodecFFmpeg::Open() Successful opened audio decoder aac
2026-01-25 10:39:07.068 T:20194    info <general>: OpenStream: Allowing max Out-Of-Sync Value of 50 ms
2026-01-25 10:39:07.068 T:20194    info <general>: Creating audio thread
2026-01-25 10:39:07.068 T:20203   debug <general>: Thread VideoPlayerAudio start, auto delete: false
2026-01-25 10:39:07.068 T:20203    info <general>: running thread: CVideoPlayerAudio::Process()
2026-01-25 10:39:07.068 T:20194   debug <general>: CVideoPlayer::SetCaching - caching state 2
2026-01-25 10:39:07.068 T:20194   debug <general>: CDVDClock::SetSpeedAdjust - adjusted:0.000000
2026-01-25 10:39:07.068 T:20194   debug <general>: CVideoPlayer::HandleMessages - player 2 reported state: 0
2026-01-25 10:39:07.068 T:20194   debug <general>: CDVDClock::SetSpeedAdjust - adjusted:-0.050000
2026-01-25 10:39:07.068 T:20068   debug <general>: OnAVChange: CApplication::OnAVChange
2026-01-25 10:39:07.069 T:20198   debug <general>: CurlFile::Open - <https://media-hls.saawsedge.com/b-hls-03/158146413/158146413_480p_h264_3145_oBqP21cMJnz4s3Vx_1769366340.mp4?User-Agent=Mozilla%2F5.0%20%28Windows%20NT%206.2%3B%20WOW64%3B%20rv%3A104.0.0.0%29%20Gecko%2F20100101%20Firefox%2F104.0.0.0&Origin=https%3A%2F%2Fstripchat.com&Referer=https%3A%2F%2Fstripchat.com%2FTiny-Mimi&Accept=application%2Fx-mpegURL&Accept-Language=en-US%2Cen%3Bq%3D0.9>
2026-01-25 10:39:07.078 T:20203   debug <general>: CVideoPlayerAudio - CDVDMsg::GENERAL_PAUSE: false
2026-01-25 10:39:07.078 T:20203   debug <general>: CDVDAudio::Pause - pausing audio stream
2026-01-25 10:39:07.197 T:20194   debug <general>: CVideoPlayer::HandleMessages - player 1 reported state: 0
2026-01-25 10:39:07.197 T:20202   debug <general>: CVideoPlayerVideo - Stillframe left, switching to normal playback
2026-01-25 10:39:07.199 T:20202   debug <general>: libva info: VA-API version 1.22.0
2026-01-25 10:39:07.199 T:20202   debug <general>: libva info: Trying to open /usr/lib64/dri-nonfree/radeonsi_drv_video.so
2026-01-25 10:39:07.199 T:20202   debug <general>: libva info: Trying to open /usr/lib64/dri-freeworld/radeonsi_drv_video.so
2026-01-25 10:39:07.199 T:20202   debug <general>: libva info: Found init function __vaDriverInit_1_22
2026-01-25 10:39:07.203 T:20202   debug <general>: libva info: va_openDriver() returns 0
2026-01-25 10:39:07.204 T:20219   debug <general>: Thread Vaapi-Output start, auto delete: false
2026-01-25 10:39:07.204 T:20219    info <general>: COutput::OnStartup: Output Thread created
2026-01-25 10:39:07.205 T:20219   debug <general>: SECTION:LoadDLL(special://xbmcbin/system/libsse4-x86_64-linux.so)
2026-01-25 10:39:07.205 T:20219   debug <general>: Loading: /usr/lib64/kodi/system/libsse4-x86_64-linux.so
2026-01-25 10:39:07.205 T:20202   debug <general>: CDVDVideoCodecFFmpeg - Updated codec: ff-h264-vaapi
2026-01-25 10:39:07.211 T:20202   debug <general>: CRenderManager::Configure - change configuration. 360x480. display: 360x480. framerate: 30.00.
2026-01-25 10:39:07.219 T:20016   debug <general>: DeleteRenderer - deleting renderer
2026-01-25 10:39:07.219 T:20016   debug <general>: LinuxRendererGL: Cleaning up GL resources
2026-01-25 10:39:07.224 T:20016   debug <general>: GL: Requested render method: 0
2026-01-25 10:39:07.224 T:20016   debug <general>: GL: using shader format: 7
2026-01-25 10:39:07.224 T:20016   debug <general>: GL: using tonemap method: 1
2026-01-25 10:39:07.224 T:20016    info <general>: GL: Selecting YUV 2 RGB shader
2026-01-25 10:39:07.226 T:20016    info <general>: GL: Using GL_ARB_pixel_buffer_object
2026-01-25 10:39:07.226 T:20016    info <general>: Using GL_TEXTURE_2D
2026-01-25 10:39:07.226 T:20016   debug <general>: CRenderManager::Configure - 4
2026-01-25 10:39:07.226 T:20068   debug <general>: OnAVChange: CApplication::OnAVChange
2026-01-25 10:39:07.226 T:20194   debug <general>: CVideoPlayer::HandleMessages - player started 2
2026-01-25 10:39:07.226 T:20016   debug <general>: GL: Requested render method: 0
2026-01-25 10:39:07.226 T:20016   debug <general>: GL: using shader format: 7
2026-01-25 10:39:07.226 T:20016   debug <general>: GL: using tonemap method: 1
2026-01-25 10:39:07.226 T:20016    info <general>: GL: Selecting YUV 2 RGB shader
2026-01-25 10:39:07.227 T:20016    info <general>: GL: Using GL_ARB_pixel_buffer_object
2026-01-25 10:39:07.282 T:20194   debug <general>: VideoPlayer::Sync - Video - pts: 6316233333.333333, cache: 50000.000000, totalcache: 100000.000000
2026-01-25 10:39:07.282 T:20202   debug <general>: CVideoPlayerVideo - CDVDMsg::GENERAL_RESYNC(6316133333.333333)
2026-01-25 10:39:07.282 T:20181   debug <general>: OnAVStarted: CApplication::OnAVStarted
2026-01-25 10:39:07.282 T:20194   debug <general>: CDVDClock::SetSpeedAdjust - adjusted:-0.050000
2026-01-25 10:39:07.285 T:20016   debug <general>: Activating window ID: 12005
2026-01-25 10:39:07.285 T:20016   debug <general>: ------ Window Deinit (MyVideoNav.xml) ------
2026-01-25 10:39:07.285 T:20016   debug <general>: FreeVisualisation() done
2026-01-25 10:39:07.286 T:20016   debug <general>: ------ Window Init (VideoFullScreen.xml) ------
2026-01-25 10:39:07.286 T:20016    info <general>: Loading skin file: VideoFullScreen.xml, load type: KEEP_IN_MEMORY
2026-01-25 10:39:07.287 T:20068   debug <general>: OnAVChange: CApplication::OnAVChange
2026-01-25 10:39:07.290 T:20203   debug <general>: CVideoPlayerAudio - CDVDMsg::GENERAL_RESYNC(6316133333.333333), level: 0, cache: 300000.000000
2026-01-25 10:39:07.290 T:20203   debug <general>: CDVDAudio::Resume - resume audio stream
2026-01-25 10:39:07.295 T:20016   debug <general>: ------ Window Deinit (DialogBusy.xml) ------
2026-01-25 10:39:07.304 T:20198   debug <general>: AddOnLog: inputstream.adaptive: [AS-0] Download finished: https://media-hls.saawsedge.com/b-hls-03/158146413/158146413_480p_h264_3145_oBqP21cMJnz4s3Vx_1769366340.mp4?User-Agent=Mozilla%2F5.0%20%28Windows%20NT%206.2%3B%20WOW64%3B%20rv%3A104.0.0.0%29%20Gecko%2F20100101%20Firefox%2F104.0.0.0&Origin=https%3A%2F%2Fstripchat.com&Referer=https%3A%2F%2Fstripchat.com%2FTiny-Mimi&Accept=application%2Fx-mpegURL&Accept-Language=en-US%2Cen%3Bq%3D0.9 (downloaded 293427 byte, speed 1247128.00 byte/s)
2026-01-25 10:39:07.304 T:20198   debug <general>: CurlFile::Open - <https://media-hls.saawsedge.com/b-hls-03/158146413/158146413_480p_h264_3146_0NriwbVbfV17Fcjt_1769366342.mp4?User-Agent=Mozilla%2F5.0%20%28Windows%20NT%206.2%3B%20WOW64%3B%20rv%3A104.0.0.0%29%20Gecko%2F20100101%20Firefox%2F104.0.0.0&Origin=https%3A%2F%2Fstripchat.com&Referer=https%3A%2F%2Fstripchat.com%2FTiny-Mimi&Accept=application%2Fx-mpegURL&Accept-Language=en-US%2Cen%3Bq%3D0.9>
2026-01-25 10:39:07.304 T:20278   debug <general>: AddOnLog: inputstream.adaptive: [Repr. chooser] Current average bandwidth: 9115132 bit/s (filtered to 8203618 bit/s)
2026-01-25 10:39:07.396 T:20202    info <general>: CDVDVideoCodecFFmpeg::CDropControl: calculated diff time: 33333
2026-01-25 10:39:07.444 T:20198   debug <general>: AddOnLog: inputstream.adaptive: [AS-0] Download finished: https://media-hls.saawsedge.com/b-hls-03/158146413/158146413_480p_h264_3146_0NriwbVbfV17Fcjt_1769366342.mp4?User-Agent=Mozilla%2F5.0%20%28Windows%20NT%206.2%3B%20WOW64%3B%20rv%3A104.0.0.0%29%20Gecko%2F20100101%20Firefox%2F104.0.0.0&Origin=https%3A%2F%2Fstripchat.com&Referer=https%3A%2F%2Fstripchat.com%2FTiny-Mimi&Accept=application%2Fx-mpegURL&Accept-Language=en-US%2Cen%3Bq%3D0.9 (downloaded 281626 byte, speed 2021142.00 byte/s)
2026-01-25 10:39:07.444 T:20338   debug <general>: AddOnLog: inputstream.adaptive: ensureSegment: [AS-0] Begin WaitForSegment stream rep. id "" period id ""
2026-01-25 10:39:07.573 T:20016   debug <general>: Inhibiting OS screen saver
2026-01-25 10:39:09.009 T:20197   debug <general>: CurlFile::Open - <https://media-hls.saawsedge.com/b-hls-03/158146413/158146413_480p.m3u8>
2026-01-25 10:39:09.225 T:20197   debug <general>: AddOnLog: inputstream.adaptive: Download finished: https://media-hls.saawsedge.com/b-hls-03/158146413/158146413_480p.m3u8 (downloaded 778 byte, speed 1554.00 byte/s)
2026-01-25 10:39:09.225 T:20197   debug <general>: AddOnLog: inputstream.adaptive: PrepareSegments: End WaitForSegment stream id ""
2026-01-25 10:39:09.225 T:20198   debug <general>: CurlFile::Open - <https://media-hls.saawsedge.com/b-hls-03/158146413/158146413_480p_h264_3147_vT0YhsQHM6WAD87Y_1769366344.mp4?User-Agent=Mozilla%2F5.0%20%28Windows%20NT%206.2%3B%20WOW64%3B%20rv%3A104.0.0.0%29%20Gecko%2F20100101%20Firefox%2F104.0.0.0&Origin=https%3A%2F%2Fstripchat.com&Referer=https%3A%2F%2Fstripchat.com%2FTiny-Mimi&Accept=application%2Fx-mpegURL&Accept-Language=en-US%2Cen%3Bq%3D0.9>
2026-01-25 10:39:09.354 T:20198   debug <general>: AddOnLog: inputstream.adaptive: [AS-0] Download finished: https://media-hls.saawsedge.com/b-hls-03/158146413/158146413_480p_h264_3147_vT0YhsQHM6WAD87Y_1769366344.mp4?User-Agent=Mozilla%2F5.0%20%28Windows%20NT%206.2%3B%20WOW64%3B%20rv%3A104.0.0.0%29%20Gecko%2F20100101%20Firefox%2F104.0.0.0&Origin=https%3A%2F%2Fstripchat.com&Referer=https%3A%2F%2Fstripchat.com%2FTiny-Mimi&Accept=application%2Fx-mpegURL&Accept-Language=en-US%2Cen%3Bq%3D0.9 (downloaded 308812 byte, speed 2388374.00 byte/s)
2026-01-25 10:39:09.354 T:20198   debug <general>: CurlFile::Open - <https://media-hls.saawsedge.com/b-hls-03/158146413/158146413_480p_h264_3148_2ne5ffzPr151zfge_1769366346.mp4?User-Agent=Mozilla%2F5.0%20%28Windows%20NT%206.2%3B%20WOW64%3B%20rv%3A104.0.0.0%29%20Gecko%2F20100101%20Firefox%2F104.0.0.0&Origin=https%3A%2F%2Fstripchat.com&Referer=https%3A%2F%2Fstripchat.com%2FTiny-Mimi&Accept=application%2Fx-mpegURL&Accept-Language=en-US%2Cen%3Bq%3D0.9>
2026-01-25 10:39:09.354 T:20401   debug <general>: AddOnLog: inputstream.adaptive: [Repr. chooser] Current average bandwidth: 9115132 bit/s (filtered to 8203618 bit/s)
2026-01-25 10:39:09.630 T:20198   debug <general>: AddOnLog: inputstream.adaptive: [AS-0] Download finished: https://media-hls.saawsedge.com/b-hls-03/158146413/158146413_480p_h264_3148_2ne5ffzPr151zfge_1769366346.mp4?User-Agent=Mozilla%2F5.0%20%28Windows%20NT%206.2%3B%20WOW64%3B%20rv%3A104.0.0.0%29%20Gecko%2F20100101%20Firefox%2F104.0.0.0&Origin=https%3A%2F%2Fstripchat.com&Referer=https%3A%2F%2Fstripchat.com%2FTiny-Mimi&Accept=application%2Fx-mpegURL&Accept-Language=en-US%2Cen%3Bq%3D0.9 (downloaded 308059 byte, speed 1118766.00 byte/s)
2026-01-25 10:39:09.630 T:20461   debug <general>: AddOnLog: inputstream.adaptive: ensureSegment: [AS-0] Begin WaitForSegment stream rep. id "" period id ""
2026-01-25 10:39:11.090 T:20016   debug <general>: ------ Window Deinit (Pointer.xml) ------
2026-01-25 10:39:11.225 T:20197   debug <general>: CurlFile::Open - <https://media-hls.saawsedge.com/b-hls-03/158146413/158146413_480p.m3u8>
2026-01-25 10:39:11.279 T:20197   debug <general>: AddOnLog: inputstream.adaptive: Download finished: https://media-hls.saawsedge.com/b-hls-03/158146413/158146413_480p.m3u8 (downloaded 778 byte, speed 6176.00 byte/s)
2026-01-25 10:39:11.279 T:20197   debug <general>: AddOnLog: inputstream.adaptive: PrepareSegments: End WaitForSegment stream id ""
2026-01-25 10:39:11.279 T:20198   debug <general>: CurlFile::Open - <https://media-hls.saawsedge.com/b-hls-03/158146413/158146413_480p_h264_3149_mkBFYQKdfHYFdWZz_1769366348.mp4?User-Agent=Mozilla%2F5.0%20%28Windows%20NT%206.2%3B%20WOW64%3B%20rv%3A104.0.0.0%29%20Gecko%2F20100101%20Firefox%2F104.0.0.0&Origin=https%3A%2F%2Fstripchat.com&Referer=https%3A%2F%2Fstripchat.com%2FTiny-Mimi&Accept=application%2Fx-mpegURL&Accept-Language=en-US%2Cen%3Bq%3D0.9>
2026-01-25 10:39:11.425 T:20202   debug <general>: CPtsTracker: detected pattern of length 1: 33333.33, frameduration: 33333.333333
2026-01-25 10:39:11.551 T:20198   debug <general>: AddOnLog: inputstream.adaptive: [AS-0] Download finished: https://media-hls.saawsedge.com/b-hls-03/158146413/158146413_480p_h264_3149_mkBFYQKdfHYFdWZz_1769366348.mp4?User-Agent=Mozilla%2F5.0%20%28Windows%20NT%206.2%3B%20WOW64%3B%20rv%3A104.0.0.0%29%20Gecko%2F20100101%20Firefox%2F104.0.0.0&Origin=https%3A%2F%2Fstripchat.com&Referer=https%3A%2F%2Fstripchat.com%2FTiny-Mimi&Accept=application%2Fx-mpegURL&Accept-Language=en-US%2Cen%3Bq%3D0.9 (downloaded 312531 byte, speed 1150470.00 byte/s)
2026-01-25 10:39:11.551 T:20522   debug <general>: AddOnLog: inputstream.adaptive: ensureSegment: [AS-0] Begin WaitForSegment stream rep. id "" period id ""
2026-01-25 10:39:13.279 T:20197   debug <general>: CurlFile::Open - <https://media-hls.saawsedge.com/b-hls-03/158146413/158146413_480p.m3u8>
2026-01-25 10:39:13.335 T:20197   debug <general>: AddOnLog: inputstream.adaptive: Download finished: https://media-hls.saawsedge.com/b-hls-03/158146413/158146413_480p.m3u8 (downloaded 778 byte, speed 5992.00 byte/s)
2026-01-25 10:39:13.336 T:20197   debug <general>: AddOnLog: inputstream.adaptive: PrepareSegments: End WaitForSegment stream id ""
2026-01-25 10:39:13.336 T:20198   debug <general>: CurlFile::Open - <https://media-hls.saawsedge.com/b-hls-03/158146413/158146413_480p_h264_3150_YSctouF5PE3gdgpz_1769366350.mp4?User-Agent=Mozilla%2F5.0%20%28Windows%20NT%206.2%3B%20WOW64%3B%20rv%3A104.0.0.0%29%20Gecko%2F20100101%20Firefox%2F104.0.0.0&Origin=https%3A%2F%2Fstripchat.com&Referer=https%3A%2F%2Fstripchat.com%2FTiny-Mimi&Accept=application%2Fx-mpegURL&Accept-Language=en-US%2Cen%3Bq%3D0.9>
2026-01-25 10:39:13.606 T:20198   debug <general>: AddOnLog: inputstream.adaptive: [AS-0] Download finished: https://media-hls.saawsedge.com/b-hls-03/158146413/158146413_480p_h264_3150_YSctouF5PE3gdgpz_1769366350.mp4?User-Agent=Mozilla%2F5.0%20%28Windows%20NT%206.2%3B%20WOW64%3B%20rv%3A104.0.0.0%29%20Gecko%2F20100101%20Firefox%2F104.0.0.0&Origin=https%3A%2F%2Fstripchat.com&Referer=https%3A%2F%2Fstripchat.com%2FTiny-Mimi&Accept=application%2Fx-mpegURL&Accept-Language=en-US%2Cen%3Bq%3D0.9 (downloaded 300143 byte, speed 1111327.00 byte/s)
2026-01-25 10:39:13.606 T:20594   debug <general>: AddOnLog: inputstream.adaptive: ensureSegment: [AS-0] Begin WaitForSegment stream rep. id "" period id ""
2026-01-25 10:39:14.890 T:20140   debug <general>: AddOnLog: pvr.hts: new connection requested
2026-01-25 10:39:14.890 T:20140   error <general>: AddOnLog: pvr.hts: unable to connect to 127.0.0.1:9982
2026-01-25 10:39:15.336 T:20197   debug <general>: CurlFile::Open - <https://media-hls.saawsedge.com/b-hls-03/158146413/158146413_480p.m3u8>
2026-01-25 10:39:15.407 T:20197   debug <general>: AddOnLog: inputstream.adaptive: Download finished: https://media-hls.saawsedge.com/b-hls-03/158146413/158146413_480p.m3u8 (downloaded 778 byte, speed 4726.00 byte/s)
2026-01-25 10:39:15.407 T:20197   debug <general>: AddOnLog: inputstream.adaptive: PrepareSegments: End WaitForSegment stream id ""
2026-01-25 10:39:15.408 T:20198   debug <general>: CurlFile::Open - <https://media-hls.saawsedge.com/b-hls-03/158146413/158146413_480p_h264_3151_5aCjNrb7yc9A7vnk_1769366352.mp4?User-Agent=Mozilla%2F5.0%20%28Windows%20NT%206.2%3B%20WOW64%3B%20rv%3A104.0.0.0%29%20Gecko%2F20100101%20Firefox%2F104.0.0.0&Origin=https%3A%2F%2Fstripchat.com&Referer=https%3A%2F%2Fstripchat.com%2FTiny-Mimi&Accept=application%2Fx-mpegURL&Accept-Language=en-US%2Cen%3Bq%3D0.9>
2026-01-25 10:39:15.685 T:20198   debug <general>: AddOnLog: inputstream.adaptive: [AS-0] Download finished: https://media-hls.saawsedge.com/b-hls-03/158146413/158146413_480p_h264_3151_5aCjNrb7yc9A7vnk_1769366352.mp4?User-Agent=Mozilla%2F5.0%20%28Windows%20NT%206.2%3B%20WOW64%3B%20rv%3A104.0.0.0%29%20Gecko%2F20100101%20Firefox%2F104.0.0.0&Origin=https%3A%2F%2Fstripchat.com&Referer=https%3A%2F%2Fstripchat.com%2FTiny-Mimi&Accept=application%2Fx-mpegURL&Accept-Language=en-US%2Cen%3Bq%3D0.9 (downloaded 316777 byte, speed 1140954.00 byte/s)
2026-01-25 10:39:15.685 T:20655   debug <general>: AddOnLog: inputstream.adaptive: ensureSegment: [AS-0] Begin WaitForSegment stream rep. id "" period id ""
2026-01-25 10:39:17.408 T:20197   debug <general>: CurlFile::Open - <https://media-hls.saawsedge.com/b-hls-03/158146413/158146413_480p.m3u8>
2026-01-25 10:39:17.473 T:20197   debug <general>: AddOnLog: inputstream.adaptive: Download finished: https://media-hls.saawsedge.com/b-hls-03/158146413/158146413_480p.m3u8 (downloaded 778 byte, speed 5167.00 byte/s)
2026-01-25 10:39:19.473 T:20197   debug <general>: CurlFile::Open - <https://media-hls.saawsedge.com/b-hls-03/158146413/158146413_480p.m3u8>
2026-01-25 10:39:19.531 T:20197   debug <general>: AddOnLog: inputstream.adaptive: Download finished: https://media-hls.saawsedge.com/b-hls-03/158146413/158146413_480p.m3u8 (downloaded 778 byte, speed 5752.00 byte/s)
2026-01-25 10:39:19.531 T:20197   debug <general>: AddOnLog: inputstream.adaptive: PrepareSegments: End WaitForSegment stream id ""
2026-01-25 10:39:19.532 T:20198   debug <general>: CurlFile::Open - <https://media-hls.saawsedge.com/b-hls-03/158146413/158146413_480p_h264_3152_b70YhCTCsLNt0WIR_1769366354.mp4?User-Agent=Mozilla%2F5.0%20%28Windows%20NT%206.2%3B%20WOW64%3B%20rv%3A104.0.0.0%29%20Gecko%2F20100101%20Firefox%2F104.0.0.0&Origin=https%3A%2F%2Fstripchat.com&Referer=https%3A%2F%2Fstripchat.com%2FTiny-Mimi&Accept=application%2Fx-mpegURL&Accept-Language=en-US%2Cen%3Bq%3D0.9>
2026-01-25 10:39:19.660 T:20198   debug <general>: AddOnLog: inputstream.adaptive: [AS-0] Download finished: https://media-hls.saawsedge.com/b-hls-03/158146413/158146413_480p_h264_3152_b70YhCTCsLNt0WIR_1769366354.mp4?User-Agent=Mozilla%2F5.0%20%28Windows%20NT%206.2%3B%20WOW64%3B%20rv%3A104.0.0.0%29%20Gecko%2F20100101%20Firefox%2F104.0.0.0&Origin=https%3A%2F%2Fstripchat.com&Referer=https%3A%2F%2Fstripchat.com%2FTiny-Mimi&Accept=application%2Fx-mpegURL&Accept-Language=en-US%2Cen%3Bq%3D0.9 (downloaded 310340 byte, speed 2423206.00 byte/s)
2026-01-25 10:39:19.660 T:20716   debug <general>: AddOnLog: inputstream.adaptive: ensureSegment: [AS-0] Begin WaitForSegment stream rep. id "" period id ""
2026-01-25 10:39:21.532 T:20197   debug <general>: CurlFile::Open - <https://media-hls.saawsedge.com/b-hls-03/158146413/158146413_480p.m3u8>
2026-01-25 10:39:21.586 T:20197   debug <general>: AddOnLog: inputstream.adaptive: Download finished: https://media-hls.saawsedge.com/b-hls-03/158146413/158146413_480p.m3u8 (downloaded 778 byte, speed 6106.00 byte/s)
2026-01-25 10:39:21.586 T:20197   debug <general>: AddOnLog: inputstream.adaptive: PrepareSegments: End WaitForSegment stream id ""
2026-01-25 10:39:21.587 T:20198   debug <general>: CurlFile::Open - <https://media-hls.saawsedge.com/b-hls-03/158146413/158146413_480p_h264_3153_w9gj2yNJAlIpavTG_1769366356.mp4?User-Agent=Mozilla%2F5.0%20%28Windows%20NT%206.2%3B%20WOW64%3B%20rv%3A104.0.0.0%29%20Gecko%2F20100101%20Firefox%2F104.0.0.0&Origin=https%3A%2F%2Fstripchat.com&Referer=https%3A%2F%2Fstripchat.com%2FTiny-Mimi&Accept=application%2Fx-mpegURL&Accept-Language=en-US%2Cen%3Bq%3D0.9>
2026-01-25 10:39:21.808 T:20198   debug <general>: AddOnLog: inputstream.adaptive: [AS-0] Download finished: https://media-hls.saawsedge.com/b-hls-03/158146413/158146413_480p_h264_3153_w9gj2yNJAlIpavTG_1769366356.mp4?User-Agent=Mozilla%2F5.0%20%28Windows%20NT%206.2%3B%20WOW64%3B%20rv%3A104.0.0.0%29%20Gecko%2F20100101%20Firefox%2F104.0.0.0&Origin=https%3A%2F%2Fstripchat.com&Referer=https%3A%2F%2Fstripchat.com%2FTiny-Mimi&Accept=application%2Fx-mpegURL&Accept-Language=en-US%2Cen%3Bq%3D0.9 (downloaded 299082 byte, speed 1349672.00 byte/s)
2026-01-25 10:39:21.808 T:20198   debug <general>: CurlFile::Open - <https://media-hls.saawsedge.com/b-hls-03/158146413/158146413_480p_h264_3154_KiwqO4zmaJ9hRQXE_1769366358.mp4?User-Agent=Mozilla%2F5.0%20%28Windows%20NT%206.2%3B%20WOW64%3B%20rv%3A104.0.0.0%29%20Gecko%2F20100101%20Firefox%2F104.0.0.0&Origin=https%3A%2F%2Fstripchat.com&Referer=https%3A%2F%2Fstripchat.com%2FTiny-Mimi&Accept=application%2Fx-mpegURL&Accept-Language=en-US%2Cen%3Bq%3D0.9>
2026-01-25 10:39:21.808 T:20777   debug <general>: AddOnLog: inputstream.adaptive: [Repr. chooser] Current average bandwidth: 9115132 bit/s (filtered to 8203618 bit/s)
2026-01-25 10:39:22.256 T:20198   debug <general>: AddOnLog: inputstream.adaptive: [AS-0] Download finished: https://media-hls.saawsedge.com/b-hls-03/158146413/158146413_480p_h264_3154_KiwqO4zmaJ9hRQXE_1769366358.mp4?User-Agent=Mozilla%2F5.0%20%28Windows%20NT%206.2%3B%20WOW64%3B%20rv%3A104.0.0.0%29%20Gecko%2F20100101%20Firefox%2F104.0.0.0&Origin=https%3A%2F%2Fstripchat.com&Referer=https%3A%2F%2Fstripchat.com%2FTiny-Mimi&Accept=application%2Fx-mpegURL&Accept-Language=en-US%2Cen%3Bq%3D0.9 (downloaded 328721 byte, speed 1324740.00 byte/s)
2026-01-25 10:39:22.256 T:20837   debug <general>: AddOnLog: inputstream.adaptive: ensureSegment: [AS-0] Begin WaitForSegment stream rep. id "" period id ""
2026-01-25 10:39:23.587 T:20197   debug <general>: CurlFile::Open - <https://media-hls.saawsedge.com/b-hls-03/158146413/158146413_480p.m3u8>
2026-01-25 10:39:23.641 T:20197   debug <general>: AddOnLog: inputstream.adaptive: Download finished: https://media-hls.saawsedge.com/b-hls-03/158146413/158146413_480p.m3u8 (downloaded 778 byte, speed 6143.00 byte/s)
2026-01-25 10:39:24.890 T:20140   debug <general>: AddOnLog: pvr.hts: new connection requested
2026-01-25 10:39:24.890 T:20140   error <general>: AddOnLog: pvr.hts: unable to connect to 127.0.0.1:9982
2026-01-25 10:39:25.641 T:20197   debug <general>: CurlFile::Open - <https://media-hls.saawsedge.com/b-hls-03/158146413/158146413_480p.m3u8>
2026-01-25 10:39:25.692 T:20197   debug <general>: AddOnLog: inputstream.adaptive: Download finished: https://media-hls.saawsedge.com/b-hls-03/158146413/158146413_480p.m3u8 (downloaded 778 byte, speed 6793.00 byte/s)
2026-01-25 10:39:25.692 T:20197   debug <general>: AddOnLog: inputstream.adaptive: PrepareSegments: End WaitForSegment stream id ""
2026-01-25 10:39:25.693 T:20198   debug <general>: CurlFile::Open - <https://media-hls.saawsedge.com/b-hls-03/158146413/158146413_480p_h264_3155_nyurcX8SzTxP6FF5_1769366360.mp4?User-Agent=Mozilla%2F5.0%20%28Windows%20NT%206.2%3B%20WOW64%3B%20rv%3A104.0.0.0%29%20Gecko%2F20100101%20Firefox%2F104.0.0.0&Origin=https%3A%2F%2Fstripchat.com&Referer=https%3A%2F%2Fstripchat.com%2FTiny-Mimi&Accept=application%2Fx-mpegURL&Accept-Language=en-US%2Cen%3Bq%3D0.9>
2026-01-25 10:39:25.820 T:20198   debug <general>: AddOnLog: inputstream.adaptive: [AS-0] Download finished: https://media-hls.saawsedge.com/b-hls-03/158146413/158146413_480p_h264_3155_nyurcX8SzTxP6FF5_1769366360.mp4?User-Agent=Mozilla%2F5.0%20%28Windows%20NT%206.2%3B%20WOW64%3B%20rv%3A104.0.0.0%29%20Gecko%2F20100101%20Firefox%2F104.0.0.0&Origin=https%3A%2F%2Fstripchat.com&Referer=https%3A%2F%2Fstripchat.com%2FTiny-Mimi&Accept=application%2Fx-mpegURL&Accept-Language=en-US%2Cen%3Bq%3D0.9 (downloaded 323016 byte, speed 2544274.00 byte/s)
2026-01-25 10:39:25.820 T:20902   debug <general>: AddOnLog: inputstream.adaptive: [Repr. chooser] Current average bandwidth: 9115132 bit/s (filtered to 8203618 bit/s)
2026-01-25 10:39:25.820 T:20198   debug <general>: CurlFile::Open - <https://media-hls.saawsedge.com/b-hls-03/158146413/158146413_480p_h264_3156_XBWvdfjfGZRVDTCk_1769366363.mp4?User-Agent=Mozilla%2F5.0%20%28Windows%20NT%206.2%3B%20WOW64%3B%20rv%3A104.0.0.0%29%20Gecko%2F20100101%20Firefox%2F104.0.0.0&Origin=https%3A%2F%2Fstripchat.com&Referer=https%3A%2F%2Fstripchat.com%2FTiny-Mimi&Accept=application%2Fx-mpegURL&Accept-Language=en-US%2Cen%3Bq%3D0.9>
2026-01-25 10:39:25.950 T:20198   debug <general>: AddOnLog: inputstream.adaptive: [AS-0] Download finished: https://media-hls.saawsedge.com/b-hls-03/158146413/158146413_480p_h264_3156_XBWvdfjfGZRVDTCk_1769366363.mp4?User-Agent=Mozilla%2F5.0%20%28Windows%20NT%206.2%3B%20WOW64%3B%20rv%3A104.0.0.0%29%20Gecko%2F20100101%20Firefox%2F104.0.0.0&Origin=https%3A%2F%2Fstripchat.com&Referer=https%3A%2F%2Fstripchat.com%2FTiny-Mimi&Accept=application%2Fx-mpegURL&Accept-Language=en-US%2Cen%3Bq%3D0.9 (downloaded 283237 byte, speed 2184560.00 byte/s)
2026-01-25 10:39:25.950 T:20959   debug <general>: AddOnLog: inputstream.adaptive: ensureSegment: [AS-0] Begin WaitForSegment stream rep. id "" period id ""
2026-01-25 10:39:27.693 T:20197   debug <general>: CurlFile::Open - <https://media-hls.saawsedge.com/b-hls-03/158146413/158146413_480p.m3u8>
2026-01-25 10:39:27.753 T:20197   debug <general>: AddOnLog: inputstream.adaptive: Download finished: https://media-hls.saawsedge.com/b-hls-03/158146413/158146413_480p.m3u8 (downloaded 778 byte, speed 5704.00 byte/s)
2026-01-25 10:39:27.753 T:20197   debug <general>: AddOnLog: inputstream.adaptive: PrepareSegments: End WaitForSegment stream id ""
2026-01-25 10:39:27.754 T:20198   debug <general>: CurlFile::Open - <https://media-hls.saawsedge.com/b-hls-03/158146413/158146413_480p_h264_3157_MNIvdblcZYrVTyVw_1769366364.mp4?User-Agent=Mozilla%2F5.0%20%28Windows%20NT%206.2%3B%20WOW64%3B%20rv%3A104.0.0.0%29%20Gecko%2F20100101%20Firefox%2F104.0.0.0&Origin=https%3A%2F%2Fstripchat.com&Referer=https%3A%2F%2Fstripchat.com%2FTiny-Mimi&Accept=application%2Fx-mpegURL&Accept-Language=en-US%2Cen%3Bq%3D0.9>
2026-01-25 10:39:27.874 T:20198   debug <general>: AddOnLog: inputstream.adaptive: [AS-0] Download finished: https://media-hls.saawsedge.com/b-hls-03/158146413/158146413_480p_h264_3157_MNIvdblcZYrVTyVw_1769366364.mp4?User-Agent=Mozilla%2F5.0%20%28Windows%20NT%206.2%3B%20WOW64%3B%20rv%3A104.0.0.0%29%20Gecko%2F20100101%20Firefox%2F104.0.0.0&Origin=https%3A%2F%2Fstripchat.com&Referer=https%3A%2F%2Fstripchat.com%2FTiny-Mimi&Accept=application%2Fx-mpegURL&Accept-Language=en-US%2Cen%3Bq%3D0.9 (downloaded 304419 byte, speed 2535536.00 byte/s)
2026-01-25 10:39:27.874 T:21028   debug <general>: AddOnLog: inputstream.adaptive: ensureSegment: [AS-0] Begin WaitForSegment stream rep. id "" period id ""
2026-01-25 10:39:29.754 T:20197   debug <general>: CurlFile::Open - <https://media-hls.saawsedge.com/b-hls-03/158146413/158146413_480p.m3u8>
2026-01-25 10:39:29.818 T:20197   debug <general>: AddOnLog: inputstream.adaptive: Download finished: https://media-hls.saawsedge.com/b-hls-03/158146413/158146413_480p.m3u8 (downloaded 778 byte, speed 5260.00 byte/s)
2026-01-25 10:39:29.819 T:20197   debug <general>: AddOnLog: inputstream.adaptive: PrepareSegments: End WaitForSegment stream id ""
2026-01-25 10:39:29.819 T:20198   debug <general>: CurlFile::Open - <https://media-hls.saawsedge.com/b-hls-03/158146413/158146413_480p_h264_3158_Uku3j6LwJa5Fk8hB_1769366366.mp4?User-Agent=Mozilla%2F5.0%20%28Windows%20NT%206.2%3B%20WOW64%3B%20rv%3A104.0.0.0%29%20Gecko%2F20100101%20Firefox%2F104.0.0.0&Origin=https%3A%2F%2Fstripchat.com&Referer=https%3A%2F%2Fstripchat.com%2FTiny-Mimi&Accept=application%2Fx-mpegURL&Accept-Language=en-US%2Cen%3Bq%3D0.9>
2026-01-25 10:39:29.952 T:20198   debug <general>: AddOnLog: inputstream.adaptive: [AS-0] Download finished: https://media-hls.saawsedge.com/b-hls-03/158146413/158146413_480p_h264_3158_Uku3j6LwJa5Fk8hB_1769366366.mp4?User-Agent=Mozilla%2F5.0%20%28Windows%20NT%206.2%3B%20WOW64%3B%20rv%3A104.0.0.0%29%20Gecko%2F20100101%20Firefox%2F104.0.0.0&Origin=https%3A%2F%2Fstripchat.com&Referer=https%3A%2F%2Fstripchat.com%2FTiny-Mimi&Accept=application%2Fx-mpegURL&Accept-Language=en-US%2Cen%3Bq%3D0.9 (downloaded 312091 byte, speed 2338338.00 byte/s)
2026-01-25 10:39:29.953 T:21089   debug <general>: AddOnLog: inputstream.adaptive: ensureSegment: [AS-0] Begin WaitForSegment stream rep. id "" period id ""
2026-01-25 10:39:31.819 T:20197   debug <general>: CurlFile::Open - <https://media-hls.saawsedge.com/b-hls-03/158146413/158146413_480p.m3u8>
2026-01-25 10:39:31.864 T:20197   debug <general>: AddOnLog: inputstream.adaptive: Download finished: https://media-hls.saawsedge.com/b-hls-03/158146413/158146413_480p.m3u8 (downloaded 778 byte, speed 7462.00 byte/s)
2026-01-25 10:39:31.864 T:20197   debug <general>: AddOnLog: inputstream.adaptive: PrepareSegments: End WaitForSegment stream id ""
2026-01-25 10:39:31.864 T:20198   debug <general>: CurlFile::Open - <https://media-hls.saawsedge.com/b-hls-03/158146413/158146413_480p_h264_3159_HO1M1V6GyJWbxNS3_1769366368.mp4?User-Agent=Mozilla%2F5.0%20%28Windows%20NT%206.2%3B%20WOW64%3B%20rv%3A104.0.0.0%29%20Gecko%2F20100101%20Firefox%2F104.0.0.0&Origin=https%3A%2F%2Fstripchat.com&Referer=https%3A%2F%2Fstripchat.com%2FTiny-Mimi&Accept=application%2Fx-mpegURL&Accept-Language=en-US%2Cen%3Bq%3D0.9>
2026-01-25 10:39:31.888 T:20016   debug <general>: ------ Window Init (VideoOSD.xml) ------
2026-01-25 10:39:31.888 T:20016    info <general>: Loading skin file: VideoOSD.xml, load type: KEEP_IN_MEMORY
2026-01-25 10:39:31.892 T:20016   debug <general>: ------ Window Init (DialogSeekBar.xml) ------
2026-01-25 10:39:31.892 T:20016   debug <general>: ------ Window Init (Pointer.xml) ------
2026-01-25 10:39:31.898 T:20016   debug <general>: ------ Window Init (Custom_1109_TopBarOverlay.xml) ------
2026-01-25 10:39:32.076 T:20198   debug <general>: AddOnLog: inputstream.adaptive: [AS-0] Download finished: https://media-hls.saawsedge.com/b-hls-03/158146413/158146413_480p_h264_3159_HO1M1V6GyJWbxNS3_1769366368.mp4?User-Agent=Mozilla%2F5.0%20%28Windows%20NT%206.2%3B%20WOW64%3B%20rv%3A104.0.0.0%29%20Gecko%2F20100101%20Firefox%2F104.0.0.0&Origin=https%3A%2F%2Fstripchat.com&Referer=https%3A%2F%2Fstripchat.com%2FTiny-Mimi&Accept=application%2Fx-mpegURL&Accept-Language=en-US%2Cen%3Bq%3D0.9 (downloaded 320727 byte, speed 1518521.00 byte/s)
2026-01-25 10:39:32.076 T:21150   debug <general>: AddOnLog: inputstream.adaptive: ensureSegment: [AS-0] Begin WaitForSegment stream rep. id "" period id ""
2026-01-25 10:39:33.864 T:20197   debug <general>: CurlFile::Open - <https://media-hls.saawsedge.com/b-hls-03/158146413/158146413_480p.m3u8>
2026-01-25 10:39:33.924 T:20197   debug <general>: AddOnLog: inputstream.adaptive: Download finished: https://media-hls.saawsedge.com/b-hls-03/158146413/158146413_480p.m3u8 (downloaded 778 byte, speed 5648.00 byte/s)
2026-01-25 10:39:33.924 T:20197   debug <general>: AddOnLog: inputstream.adaptive: PrepareSegments: End WaitForSegment stream id ""
2026-01-25 10:39:33.924 T:20198   debug <general>: CurlFile::Open - <https://media-hls.saawsedge.com/b-hls-03/158146413/158146413_480p_h264_3160_So988Uv86TqSw01g_1769366370.mp4?User-Agent=Mozilla%2F5.0%20%28Windows%20NT%206.2%3B%20WOW64%3B%20rv%3A104.0.0.0%29%20Gecko%2F20100101%20Firefox%2F104.0.0.0&Origin=https%3A%2F%2Fstripchat.com&Referer=https%3A%2F%2Fstripchat.com%2FTiny-Mimi&Accept=application%2Fx-mpegURL&Accept-Language=en-US%2Cen%3Bq%3D0.9>
2026-01-25 10:39:34.050 T:20198   debug <general>: AddOnLog: inputstream.adaptive: [AS-0] Download finished: https://media-hls.saawsedge.com/b-hls-03/158146413/158146413_480p_h264_3160_So988Uv86TqSw01g_1769366370.mp4?User-Agent=Mozilla%2F5.0%20%28Windows%20NT%206.2%3B%20WOW64%3B%20rv%3A104.0.0.0%29%20Gecko%2F20100101%20Firefox%2F104.0.0.0&Origin=https%3A%2F%2Fstripchat.com&Referer=https%3A%2F%2Fstripchat.com%2FTiny-Mimi&Accept=application%2Fx-mpegURL&Accept-Language=en-US%2Cen%3Bq%3D0.9 (downloaded 300505 byte, speed 2377939.00 byte/s)
2026-01-25 10:39:34.051 T:21211   debug <general>: AddOnLog: inputstream.adaptive: ensureSegment: [AS-0] Begin WaitForSegment stream rep. id "" period id ""
2026-01-25 10:39:34.891 T:20140   debug <general>: AddOnLog: pvr.hts: new connection requested
2026-01-25 10:39:34.891 T:20140   error <general>: AddOnLog: pvr.hts: unable to connect to 127.0.0.1:9982
2026-01-25 10:39:35.025 T:20016   debug <general>: ProcessMouse: trying mouse action leftclick
2026-01-25 10:39:35.025 T:20016    info <general>: CVideoPlayer::CloseFile()
2026-01-25 10:39:35.025 T:20016   debug <general>: DeleteRenderer - deleting renderer
2026-01-25 10:39:35.025 T:20194    info <general>: CVideoPlayer::OnExit()
2026-01-25 10:39:35.025 T:20016   debug <general>: LinuxRendererGL: Cleaning up GL resources
2026-01-25 10:39:35.025 T:20194   debug <general>: CVideoPlayer: updating file item stream details with available streams
2026-01-25 10:39:35.026 T:20016    info <general>: VideoPlayer: waiting for threads to exit
2026-01-25 10:39:35.026 T:20194    info <general>: Closing stream player 1
2026-01-25 10:39:35.026 T:20194   debug <general>: AddOnLog: inputstream.adaptive: EnableStream(1002: false)
2026-01-25 10:39:35.026 T:20194    info <general>: Waiting for audio thread to exit
2026-01-25 10:39:35.032 T:20203    info <general>: thread end: CVideoPlayerAudio::OnExit()
2026-01-25 10:39:35.032 T:20203   debug <general>: Thread VideoPlayerAudio 139907049699008 terminating
2026-01-25 10:39:35.032 T:20194    info <general>: Closing audio device
2026-01-25 10:39:35.032 T:20194    info <general>: Deleting audio codec
2026-01-25 10:39:35.032 T:20194    info <general>: Closing stream player 2
2026-01-25 10:39:35.032 T:20194   debug <general>: AddOnLog: inputstream.adaptive: EnableStream(1001: false)
2026-01-25 10:39:35.032 T:20194    info <general>: waiting for video thread to exit
2026-01-25 10:39:35.065 T:20202 warning <general>: OutputPicture - timeout waiting for buffer
2026-01-25 10:39:35.065 T:20202    info <general>: thread end: video_thread
2026-01-25 10:39:35.065 T:20202   debug <general>: Thread VideoPlayerVideo 139907058091712 terminating
2026-01-25 10:39:35.065 T:20194    info <general>: deleting video codec
2026-01-25 10:39:35.067 T:20194    info <general>: VAAPI::Close
2026-01-25 10:39:35.067 T:20219    info <general>: COutput::OnExit: Output Thread terminated
2026-01-25 10:39:35.067 T:20219   debug <general>: Thread Vaapi-Output 139906697369280 terminating
2026-01-25 10:39:35.067 T:20194    info <general>: VAAPI::Close - closing decoder context
2026-01-25 10:39:35.069 T:20194   debug <general>: AddOnLog: inputstream.adaptive: Close()
2026-01-25 10:39:35.069 T:20194   debug <general>: AddOnLog: inputstream.adaptive: CSession::~CSession()
2026-01-25 10:39:35.069 T:20194   debug <general>: AddOnLog: inputstream.adaptive: CSession::DeleteStreams()
2026-01-25 10:39:35.070 T:20194   debug <general>: SECTION:UnloadDll(/usr/lib64/kodi/addons/inputstream.adaptive/inputstream.adaptive.so.21.5.14)
2026-01-25 10:39:35.070 T:20194    info <general>: ADDON: Dll Destroyed - InputStream Adaptive
2026-01-25 10:39:35.070 T:20194   debug <general>: Thread VideoPlayer 139907074877120 terminating
2026-01-25 10:39:35.070 T:20016    info <general>: VideoPlayer: finished waiting
2026-01-25 10:39:35.070 T:20016    info <general>: CVideoPlayer::CloseFile()
2026-01-25 10:39:35.070 T:20016    info <general>: VideoPlayer: waiting for threads to exit
2026-01-25 10:39:35.070 T:20016    info <general>: VideoPlayer: finished waiting
2026-01-25 10:39:35.070 T:20181   debug <general>: DoWork - Saving file state for video item https://edge-hls.saawsedge.com/hls/158146413/master/158146413_480p.m3u8
2026-01-25 10:39:35.070 T:20016   debug <general>: Radio UECP (RDS) Processor - delete ~CDVDRadioRDSData
2026-01-25 10:39:35.070 T:20016   debug <general>: Audio ID3 tag processor - delete ~CVideoPlayerAudioID3
2026-01-25 10:39:35.296 T:20181   debug <general>: OnPlayBackStopped: CApplication::OnPlayBackStopped
2026-01-25 10:39:35.305 T:20016   debug <general>: CGUIWindowManager::PreviousWindow: Deactivate
2026-01-25 10:39:35.305 T:20016   debug <general>: ------ Window Deinit (VideoOSD.xml) ------
2026-01-25 10:39:35.305 T:20016   debug <general>: ------ Window Deinit (VideoFullScreen.xml) ------
2026-01-25 10:39:35.307 T:20016    info <general>: SetResolutionExternal: Kodi asked to switch mode to 2880x1800 @90.001 Hz on output "SDC 0x4171" full screen
2026-01-25 10:39:35.307 T:20016   debug <general>: SetResolutionExternal: Not setting full screen: already full screen on requested output
2026-01-25 10:39:35.307 T:20016   debug <general>: CGUIWindowManager::PreviousWindow: Activate new
2026-01-25 10:39:35.307 T:20016   debug <general>: ------ Window Init (MyVideoNav.xml) ------
2026-01-25 10:39:35.307 T:20016   error <general>: Control 50 in window 10025 has been asked to focus, but it can't
2026-01-25 10:39:35.336 T:20016   debug <general>: ------ Window Deinit (DialogSeekBar.xml) ------
2026-01-25 10:39:35.342 T:20016   debug <general>: ------ Window Deinit (Custom_1109_TopBarOverlay.xml) ------
2026-01-25 10:39:35.344 T:20016    info <general>: SetResolutionExternal: Kodi asked to switch mode to 2880x1800 @90.001 Hz on output "SDC 0x4171" full screen
2026-01-25 10:39:35.344 T:20016   debug <general>: SetResolutionExternal: Not setting full screen: already full screen on requested output
2026-01-25 10:39:35.344 T:20016   debug <general>: CGUIMediaWindow::GetDirectory (plugin://plugin.video.cumination/?channel=None&keyword&mode=stripchat.List&name=%5bCOLOR%20hotpink%5dFemale%20HD%5b%2fCOLOR%5d&page&section=None&url=https%3a%2f%2fstripchat.com%2fapi%2ffront%2fmodels%3flimit%3d80%26parentTag%3dautoTagNew%26sortBy%3dtrending%26offset%3d0%26primaryTag%3dgirls%26broadcastHD%3dtrue)
2026-01-25 10:39:35.344 T:20016   debug <general>:   ParentPath = [plugin://plugin.video.cumination/?channel=None&keyword&mode=stripchat.List&name=%5bCOLOR%20hotpink%5dFemale%20HD%5b%2fCOLOR%5d&page&section=None&url=https%3a%2f%2fstripchat.com%2fapi%2ffront%2fmodels%3flimit%3d80%26parentTag%3dautoTagNew%26sortBy%3dtrending%26offset%3d0%26primaryTag%3dgirls%26broadcastHD%3dtrue]
2026-01-25 10:39:35.344 T:21231   debug <general>: Thread waiting start, auto delete: false
2026-01-25 10:39:35.348 T:20181   debug <general>: CAddonDatabase::SetLastUsed[plugin.video.cumination] took 3 ms
2026-01-25 10:39:35.348 T:21231   debug <general>: CScriptRunner: running add-on script Cumination('plugin://plugin.video.cumination/', '5', '?channel=None&keyword&mode=stripchat.List&name=%5bCOLOR%20hotpink%5dFemale%20HD%5b%2fCOLOR%5d&page&section=None&url=https%3a%2f%2fstripchat.com%2fapi%2ffront%2fmodels%3flimit%3d80%26parentTag%3dautoTagNew%26sortBy%3dtrending%26offset%3d0%26primaryTag%3dgirls%26broadcastHD%3dtrue')
2026-01-25 10:39:35.348 T:21232   debug <general>: Thread LanguageInvoker start, auto delete: false
2026-01-25 10:39:35.348 T:21232   debug <general>: initializing python engine.
2026-01-25 10:39:35.348 T:21232   debug <general>: CPythonInvoker(7, /home/rpeters1428/.kodi/addons/plugin.video.cumination/default.py): start processing
2026-01-25 10:39:35.356 T:21232   debug <general>: -->Python Interpreter Initialized<--
2026-01-25 10:39:35.356 T:21232   debug <general>: 
                                                   
2026-01-25 10:39:35.356 T:21232   debug <general>: CPythonInvoker(7, /home/rpeters1428/.kodi/addons/plugin.video.cumination/default.py): the source file to load is "/home/rpeters1428/.kodi/addons/plugin.video.cumination/default.py"
2026-01-25 10:39:35.357 T:21232   debug <general>: CPythonInvoker(7): full python path:
2026-01-25 10:39:35.357 T:21232   debug <general>: CPythonInvoker(7):   custom python path:
2026-01-25 10:39:35.357 T:21232   debug <general>: CPythonInvoker(7):     /home/rpeters1428/.kodi/addons/plugin.video.cumination
2026-01-25 10:39:35.357 T:21232   debug <general>: CPythonInvoker(7):     /home/rpeters1428/.kodi/addons/script.common.plugin.cache/resources/lib/storage_server/
2026-01-25 10:39:35.357 T:21232   debug <general>: CPythonInvoker(7):     /home/rpeters1428/.kodi/addons/script.module.beautifulsoup4/lib
2026-01-25 10:39:35.357 T:21232   debug <general>: CPythonInvoker(7):     /home/rpeters1428/.kodi/addons/script.module.certifi/lib
2026-01-25 10:39:35.357 T:21232   debug <general>: CPythonInvoker(7):     /home/rpeters1428/.kodi/addons/script.module.chardet/lib
2026-01-25 10:39:35.357 T:21232   debug <general>: CPythonInvoker(7):     /home/rpeters1428/.kodi/addons/script.module.idna/lib
2026-01-25 10:39:35.357 T:21232   debug <general>: CPythonInvoker(7):     /home/rpeters1428/.kodi/addons/script.module.inputstreamhelper/lib
2026-01-25 10:39:35.357 T:21232   debug <general>: CPythonInvoker(7):     /home/rpeters1428/.kodi/addons/script.module.kodi-six/libs
2026-01-25 10:39:35.357 T:21232   debug <general>: CPythonInvoker(7):     /home/rpeters1428/.kodi/addons/script.module.requests/lib
2026-01-25 10:39:35.357 T:21232   debug <general>: CPythonInvoker(7):     /home/rpeters1428/.kodi/addons/script.module.resolveurl.xxx/lib
2026-01-25 10:39:35.357 T:21232   debug <general>: CPythonInvoker(7):     /home/rpeters1428/.kodi/addons/script.module.resolveurl/lib
2026-01-25 10:39:35.357 T:21232   debug <general>: CPythonInvoker(7):     /home/rpeters1428/.kodi/addons/script.module.six/lib
2026-01-25 10:39:35.357 T:21232   debug <general>: CPythonInvoker(7):     /home/rpeters1428/.kodi/addons/script.module.soupsieve/lib
2026-01-25 10:39:35.357 T:21232   debug <general>: CPythonInvoker(7):     /home/rpeters1428/.kodi/addons/script.module.urllib3/lib
2026-01-25 10:39:35.357 T:21232   debug <general>: CPythonInvoker(7):     /home/rpeters1428/.kodi/addons/script.module.websocket/lib
2026-01-25 10:39:35.357 T:21232   debug <general>: CPythonInvoker(7):   default python path:
2026-01-25 10:39:35.357 T:21232   debug <general>: CPythonInvoker(7):     /usr/lib64/python314.zip
2026-01-25 10:39:35.357 T:21232   debug <general>: CPythonInvoker(7):     /usr/lib64/python3.14
2026-01-25 10:39:35.357 T:21232   debug <general>: CPythonInvoker(7):     /usr/lib64/python3.14/lib-dynload
2026-01-25 10:39:35.357 T:21232   debug <general>: CPythonInvoker(7):     /home/rpeters1428/.local/lib/python3.14/site-packages
2026-01-25 10:39:35.357 T:21232   debug <general>: CPythonInvoker(7):     /usr/lib64/python3.14/site-packages
2026-01-25 10:39:35.357 T:21232   debug <general>: CPythonInvoker(7):     /usr/lib/python3.14/site-packages
2026-01-25 10:39:35.357 T:21232   debug <general>: CPythonInvoker(7): adding args:
2026-01-25 10:39:35.357 T:21232   debug <general>: CPythonInvoker(7):  plugin://plugin.video.cumination/
2026-01-25 10:39:35.357 T:21232   debug <general>: CPythonInvoker(7):  5
2026-01-25 10:39:35.357 T:21232   debug <general>: CPythonInvoker(7):  ?channel=None&keyword&mode=stripchat.List&name=%5bCOLOR%20hotpink%5dFemale%20HD%5b%2fCOLOR%5d&page&section=None&url=https%3a%2f%2fstripchat.com%2fapi%2ffront%2fmodels%3flimit%3d80%26parentTag%3dautoTagNew%26sortBy%3dtrending%26offset%3d0%26primaryTag%3dgirls%26broadcastHD%3dtrue
2026-01-25 10:39:35.357 T:21232   debug <general>: CPythonInvoker(7):  resume:false
2026-01-25 10:39:35.357 T:21232   debug <general>: CPythonInvoker(7, /home/rpeters1428/.kodi/addons/plugin.video.cumination/default.py): entering source directory /home/rpeters1428/.kodi/addons/plugin.video.cumination
2026-01-25 10:39:35.357 T:21232   debug <general>: CPythonInvoker(7, /home/rpeters1428/.kodi/addons/plugin.video.cumination/default.py): instantiating addon using automatically obtained id of "plugin.video.cumination" dependent on version 3.0.0 of the xbmc.python api
2026-01-25 10:39:35.384 T:21232   debug <CAddonSettings[0@plugin.video.cumination]>: trying to load setting definitions from old format...
2026-01-25 10:39:35.384 T:21232   debug <CSettingsManager>: requested setting (changelog_seen_version) was not found.
2026-01-25 10:39:35.384 T:21232   debug <CSettingsManager>: requested setting (cuminationage) was not found.
2026-01-25 10:39:35.384 T:21232   debug <CSettingsManager>: requested setting (current_ua) was not found.
2026-01-25 10:39:35.384 T:21232   debug <CSettingsManager>: requested setting (last_ua_create) was not found.
2026-01-25 10:39:35.424 T:21232   debug <CSettingsManager>: requested setting (cblogged) was not found.
2026-01-25 10:39:35.425 T:21232   debug <CSettingsManager>: requested setting (spankbang_quality) was not found.
2026-01-25 10:39:35.425 T:21232   debug <CSettingsManager>: requested setting (spankbang_length) was not found.
2026-01-25 10:39:35.427 T:21232   debug <CSettingsManager>: requested setting (htvlogged) was not found.
2026-01-25 10:39:35.430 T:21232   debug <CSettingsManager>: requested setting (jblogged) was not found.
2026-01-25 10:39:35.444 T:20016   debug <general>: ------ Window Init (DialogBusy.xml) ------
2026-01-25 10:39:35.445 T:20016   debug <general>: Uninhibiting OS screen saver
2026-01-25 10:39:35.445 T:20016   debug <general>: CheckIdle - Closing session to https://img.strpst.com (easy=0x7f3ef8644b50, multi=0x7f3ef82e2b90)
