2026-01-10 15:19:02.135 T:22976   debug <general>: Resolved addon path https://mirrors.kodi.tv/addons/omega/script.module.inputstreamhelper/script.module.inputstreamhelper-0.8.5.zip to https://mirrors.dotsrc.org/kodi/addons/omega/script.module.inputstreamhelper/script.module.inputstreamhelper-0.8.5.zip hash 9330b099ba3618c2ad070d35e7659e5ca937368b13c5cb97f2aca65953eab4ba
2026-01-10 15:19:02.136 T:22976   debug <general>: easy_acquire - Created session to https://mirrors.dotsrc.org
2026-01-10 15:19:02.569 T:22978   debug <general>: CCurlFile::GetMimeType - <https://mirrors.kodi.tv/addons/omega/plugin.video.raitv/resources/icon.png> -> application/octet-stream
2026-01-10 15:19:02.569 T:22978   debug <general>: CurlFile::Open - <https://mirrors.kodi.tv/addons/omega/plugin.video.raitv/resources/icon.png>
2026-01-10 15:19:02.711 T:22976   debug <general>: CurlFile::Open - <https://mirrors.dotsrc.org/kodi/addons/omega/script.module.inputstreamhelper/script.module.inputstreamhelper-0.8.5.zip>
2026-01-10 15:19:02.998 T:22978   debug <general>: CCurlFile::Open - <https://mirrors.kodi.tv/addons/omega/plugin.video.raitv/resources/icon.png> Effective URL is https://mirror.math.princeton.edu/pub/xbmc/addons/omega/plugin.video.raitv/resources/icon.png
2026-01-10 15:19:03.008 T:22978   debug <general>: Caching image 'https://mirrors.kodi.tv/addons/omega/plugin.video.raitv/resources/icon.png' to 'f/f1781dc4.png':
2026-01-10 15:19:03.008 T:22978   debug <general>: cached image 'special://masterprofile/Thumbnails/f/f1781dc4.png' size 512x512
2026-01-10 15:19:03.425 T:22969   debug <general>: Presentation: Frame was discarded by compositor
2026-01-10 15:19:03.774 T:22976   debug <general>: Skipped 2 duplicate messages..
2026-01-10 15:19:03.774 T:22976   debug <general>: CAddonDatabase: SELECT repo.id FROM repo .. took 0 ms
2026-01-10 15:19:03.777 T:22976   debug <general>: CAddonDatabase: query  SELECT addons.*, repo.addonID AS repoID FROM addons JOIN addonlinkrepo ON addons.id=addonlinkrepo.idAddon JOIN repo ON repo.id=addonlinkrepo.idRepo WHERE addonlinkrepo.idRepo IN (1,2) ORDER BY repo.addonID, addons.addonID returned 790 rows in 2 ms
2026-01-10 15:19:03.783 T:22969   debug <general>: Presentation: Frame was discarded by compositor
2026-01-10 15:19:03.788 T:22976   debug <general>: CAddonDatabase::GetAddons took 14 ms
2026-01-10 15:19:03.790 T:22976   debug <general>: Unpacking zip://special%3a%2f%2fhome%2faddons%2fpackages%2fscript.module.inputstreamhelper-0.8.5.zip/script.module.inputstreamhelper/ to /home/rpeters1428/.kodi/addons/temp/54cfafcf-8817-4de8-8fc5-8daee179c415
2026-01-10 15:19:03.801 T:22976   debug <general>: CAddonInfoBuilder::ParseXMLTypes: Binary addon found: audioencoder.kodi.builtin.aac
2026-01-10 15:19:03.801 T:22976   debug <general>: CAddonInfoBuilder::ParseXMLTypes: Binary addon found: audioencoder.kodi.builtin.wma
2026-01-10 15:19:03.804 T:22976   debug <general>: CAddonInfoBuilder::ParseXMLTypes: Binary addon found: screensaver.xbmc.builtin.black
2026-01-10 15:19:03.805 T:22976   debug <general>: CAddonInfoBuilder::ParseXMLTypes: Binary addon found: screensaver.xbmc.builtin.dim
2026-01-10 15:19:03.806 T:22976   debug <general>: CAddonMgr::FindAddons: Addon 'metadata.common.fanart.tv' already present with version 3.6.3 at '/usr/share/kodi/addons/metadata.common.fanart.tv/' replaced with version 3.6.5 at '/home/rpeters1428/.kodi/addons/metadata.common.fanart.tv/'
2026-01-10 15:19:03.806 T:22976   debug <general>: CAddonMgr::FindAddons: Addon 'metadata.generic.albums' already present with version 1.0.14 at '/usr/share/kodi/addons/metadata.generic.albums/' replaced with version 1.0.18 at '/home/rpeters1428/.kodi/addons/metadata.generic.albums/'
2026-01-10 15:19:03.806 T:22976   debug <general>: CAddonMgr::FindAddons: Addon 'metadata.themoviedb.org.python' already present with version 1.3.1+matrix.1 at '/usr/share/kodi/addons/metadata.themoviedb.org.python/' replaced with version 3.1.3 at '/home/rpeters1428/.kodi/addons/metadata.themoviedb.org.python/'
2026-01-10 15:19:03.806 T:22976   debug <general>: CAddonMgr::FindAddons: Addon 'metadata.tvshows.themoviedb.org.python' already present with version 1.6.0 at '/usr/share/kodi/addons/metadata.tvshows.themoviedb.org.python/' replaced with version 1.7.4 at '/home/rpeters1428/.kodi/addons/metadata.tvshows.themoviedb.org.python/'
2026-01-10 15:19:03.807 T:22976   debug <general>: CAddonMgr::FindAddons: Addon 'service.xbmc.versioncheck' already present with version 0.5.27+matrix.1 at '/usr/share/kodi/addons/service.xbmc.versioncheck/' replaced with version 0.5.30+matrix.1 at '/home/rpeters1428/.kodi/addons/service.xbmc.versioncheck/'
2026-01-10 15:19:03.807 T:22976   debug <general>: CAddonMgr::FindAddons: Addon 'metadata.album.universal' already present with version 3.1.4 at '/usr/share/kodi/addons/metadata.album.universal/' replaced with version 3.1.18 at '/home/rpeters1428/.kodi/addons/metadata.album.universal/'
2026-01-10 15:19:03.807 T:22976   debug <general>: CAddonMgr::FindAddons: Addon 'metadata.artists.universal' already present with version 4.3.3 at '/usr/share/kodi/addons/metadata.artists.universal/' replaced with version 4.3.21 at '/home/rpeters1428/.kodi/addons/metadata.artists.universal/'
2026-01-10 15:19:03.808 T:22976    info <general>: CAddonMgr::FindAddon: script.module.inputstreamhelper v0.8.5 installed
2026-01-10 15:19:03.812 T:22976   debug <general>: CAddonMgr: script.module.inputstreamhelper successfully loaded
2026-01-10 15:19:03.812 T:23003   debug <general>: ContextMenuManager: addon menus reloaded.
2026-01-10 15:19:03.812 T:22976   debug <general>: LocalizeStrings: loaded 91 strings from file /home/rpeters1428/.kodi/addons/script.module.inputstreamhelper/resources/language/resource.language.en_gb/strings.po
2026-01-10 15:19:03.812 T:22976   debug <general>: ADDONS: dependency [script.module.inputstreamhelper] will not be version checked and unpinned
2026-01-10 15:19:03.813 T:22976   debug <general>: CurlFile::Open - <https://mirrors.kodi.tv/addons/omega/script.module.requests/script.module.requests-2.31.0.zip>
2026-01-10 15:19:03.818 T:22929   debug <general>: CGUIMediaWindow::GetDirectory (addons://repository.dobbelina/xbmc.addon.video)
2026-01-10 15:19:03.818 T:22929   debug <general>:   ParentPath = [addons://repository.dobbelina/xbmc.addon.video]
2026-01-10 15:19:03.818 T:23184   debug <general>: Thread waiting start, auto delete: false
2026-01-10 15:19:03.819 T:23184   debug <general>: CAddonDatabase: SELECT repo.id FROM repo .. took 0 ms
2026-01-10 15:19:03.819 T:23184   debug <general>: CAddonDatabase: query  SELECT addons.*, repo.addonID AS repoID FROM addons JOIN addonlinkrepo ON addons.id=addonlinkrepo.idAddon JOIN repo ON repo.id=addonlinkrepo.idRepo WHERE addonlinkrepo.idRepo IN (2) ORDER BY repo.addonID, addons.addonID returned 8 rows in 0 ms
2026-01-10 15:19:03.819 T:23184   debug <general>: CAddonDatabase::GetAddons took 0 ms
2026-01-10 15:19:03.820 T:23184   debug <general>: CAddonDatabase: SELECT repo.id FROM repo .. took 0 ms
2026-01-10 15:19:03.821 T:23184   debug <general>: CAddonDatabase: query  SELECT addons.*, repo.addonID AS repoID FROM addons JOIN addonlinkrepo ON addons.id=addonlinkrepo.idAddon JOIN repo ON repo.id=addonlinkrepo.idRepo WHERE addonlinkrepo.idRepo IN (1,2) ORDER BY repo.addonID, addons.addonID returned 790 rows in 1 ms
2026-01-10 15:19:03.833 T:23184   debug <general>: CAddonDatabase::GetAddons took 13 ms
2026-01-10 15:19:03.834 T:23184   debug <general>: CAddonMgr::GetAddonsWithAvailableUpdate took 14 ms
2026-01-10 15:19:03.834 T:22978   debug <general>: CCurlFile::GetMimeType - <https://mirrors.kodi.tv/addons/omega/plugin.audio.rne/icon.png> -> image/png
2026-01-10 15:19:03.834 T:22978   debug <general>: CurlFile::Open - <https://mirrors.kodi.tv/addons/omega/plugin.audio.rne/icon.png>
2026-01-10 15:19:03.835 T:23184   debug <general>: Thread waiting 140589630740160 terminating
2026-01-10 15:19:03.836 T:23185   debug <general>: Thread BackgroundLoader start, auto delete: false
2026-01-10 15:19:03.836 T:22929   debug <general>: [threads] name: 'BackgroundLoader' priority: '1'
2026-01-10 15:19:03.837 T:23185   debug <general>: Thread BackgroundLoader 140589945312960 terminating
2026-01-10 15:19:03.880 T:22976   debug <general>: Resolved addon path https://mirrors.kodi.tv/addons/omega/script.module.requests/script.module.requests-2.31.0.zip to https://mirror.umd.edu/xbmc/addons/omega/script.module.requests/script.module.requests-2.31.0.zip hash a5704f0fd7afb4154e1beea9b5f05a002bcd75fa581a1e5fd15ece39bf2bd38a
2026-01-10 15:19:03.880 T:22976   debug <general>: easy_acquire - Created session to https://mirror.umd.edu
2026-01-10 15:19:03.925 T:22969   debug <general>: Presentation: Frame was discarded by compositor
2026-01-10 15:19:04.195 T:22976   debug <general>: Skipped 3 duplicate messages..
2026-01-10 15:19:04.195 T:22976   debug <general>: CurlFile::Open - <https://mirror.umd.edu/xbmc/addons/omega/script.module.requests/script.module.requests-2.31.0.zip>
2026-01-10 15:19:04.236 T:22969   debug <general>: Presentation: Frame was discarded by compositor
2026-01-10 15:19:04.620 T:22976   debug <general>: Skipped 6 duplicate messages..
2026-01-10 15:19:04.620 T:22976   debug <general>: CAddonDatabase: SELECT repo.id FROM repo .. took 0 ms
2026-01-10 15:19:04.623 T:22976   debug <general>: CAddonDatabase: query  SELECT addons.*, repo.addonID AS repoID FROM addons JOIN addonlinkrepo ON addons.id=addonlinkrepo.idAddon JOIN repo ON repo.id=addonlinkrepo.idRepo WHERE addonlinkrepo.idRepo IN (1,2) ORDER BY repo.addonID, addons.addonID returned 790 rows in 2 ms
2026-01-10 15:19:04.636 T:22976   debug <general>: CAddonDatabase::GetAddons took 15 ms
2026-01-10 15:19:04.637 T:22976   debug <general>: CurlFile::Open - <https://mirrors.kodi.tv/addons/omega/script.module.certifi/script.module.certifi-2023.5.7.zip>
2026-01-10 15:19:04.702 T:22976   debug <general>: Resolved addon path https://mirrors.kodi.tv/addons/omega/script.module.certifi/script.module.certifi-2023.5.7.zip to https://ftp.halifax.rwth-aachen.de/xbmc/addons/omega/script.module.certifi/script.module.certifi-2023.5.7.zip hash c16d4cd2efe6e57dbb5e8d71a9beb3af213b1e3d717e8b0b24f0cbdc4c645070
2026-01-10 15:19:04.703 T:22976   debug <general>: easy_acquire - Created session to https://ftp.halifax.rwth-aachen.de
2026-01-10 15:19:04.741 T:22969   debug <general>: Presentation: Frame was discarded by compositor
2026-01-10 15:19:04.756 T:22978   debug <general>: CCurlFile::Open - <https://mirrors.kodi.tv/addons/omega/plugin.audio.rne/icon.png> Effective URL is https://ftp.nluug.nl/mediaplayer/xbmc/addons/omega/plugin.audio.rne/icon.png
2026-01-10 15:19:04.815 T:22969   debug <general>: Presentation: Frame was discarded by compositor
2026-01-10 15:19:04.926 T:22978   debug <general>: Skipped 2 duplicate messages..
2026-01-10 15:19:04.926 T:22978   debug <general>: Caching image 'https://mirrors.kodi.tv/addons/omega/plugin.audio.rne/icon.png' to 'a/a0598ecd.png':
2026-01-10 15:19:04.926 T:22978   debug <general>: cached image 'special://masterprofile/Thumbnails/a/a0598ecd.png' size 256x256
2026-01-10 15:19:04.942 T:22969   debug <general>: Presentation: Frame was discarded by compositor
2026-01-10 15:19:05.577 T:22976   debug <general>: Skipped 11 duplicate messages..
2026-01-10 15:19:05.577 T:22976   debug <general>: CurlFile::Open - <https://ftp.halifax.rwth-aachen.de/xbmc/addons/omega/script.module.certifi/script.module.certifi-2023.5.7.zip>
2026-01-10 15:19:05.599 T:22969   debug <general>: Presentation: Frame was discarded by compositor
2026-01-10 15:19:05.978 T:22978   debug <general>: Skipped 7 duplicate messages..
2026-01-10 15:19:05.978 T:22978   debug <general>: CCurlFile::GetMimeType - <https://mirrors.kodi.tv/addons/omega/plugin.audio.podcasts/resources/assets/icon.png> -> image/png
2026-01-10 15:19:05.978 T:22978   debug <general>: CurlFile::Open - <https://mirrors.kodi.tv/addons/omega/plugin.audio.podcasts/resources/assets/icon.png>
2026-01-10 15:19:05.988 T:22969   debug <general>: Presentation: Frame was discarded by compositor
2026-01-10 15:19:06.888 T:22978   debug <general>: Skipped 11 duplicate messages..
2026-01-10 15:19:06.888 T:22978   debug <general>: CCurlFile::Open - <https://mirrors.kodi.tv/addons/omega/plugin.audio.podcasts/resources/assets/icon.png> Effective URL is https://ftp.halifax.rwth-aachen.de/xbmc/addons/omega/plugin.audio.podcasts/resources/assets/icon.png
2026-01-10 15:19:06.897 T:22978   debug <general>: Caching image 'https://mirrors.kodi.tv/addons/omega/plugin.audio.podcasts/resources/assets/icon.png' to 'f/f8dbea08.jpg':
2026-01-10 15:19:06.897 T:22978   debug <general>: cached image 'special://masterprofile/Thumbnails/f/f8dbea08.jpg' size 512x512
2026-01-10 15:19:06.917 T:22969   debug <general>: Presentation: Frame was discarded by compositor
2026-01-10 15:19:07.014 T:22976   debug <general>: Skipped 1 duplicate messages..
2026-01-10 15:19:07.014 T:22976   debug <general>: CAddonDatabase: SELECT repo.id FROM repo .. took 0 ms
2026-01-10 15:19:07.020 T:22976   debug <general>: CAddonDatabase: query  SELECT addons.*, repo.addonID AS repoID FROM addons JOIN addonlinkrepo ON addons.id=addonlinkrepo.idAddon JOIN repo ON repo.id=addonlinkrepo.idRepo WHERE addonlinkrepo.idRepo IN (1,2) ORDER BY repo.addonID, addons.addonID returned 790 rows in 5 ms
2026-01-10 15:19:07.041 T:22976   debug <general>: CAddonDatabase::GetAddons took 26 ms
2026-01-10 15:19:07.043 T:22976   debug <general>: Unpacking zip://special%3a%2f%2fhome%2faddons%2fpackages%2fscript.module.certifi-2023.5.7.zip/script.module.certifi/ to /home/rpeters1428/.kodi/addons/temp/5e17b67d-ae92-4219-8144-0ee86c69eca2
2026-01-10 15:19:07.044 T:22969   debug <general>: Presentation: Frame was discarded by compositor
2026-01-10 15:19:07.050 T:22976   debug <general>: CAddonInfoBuilder::ParseXMLTypes: Binary addon found: audioencoder.kodi.builtin.aac
2026-01-10 15:19:07.050 T:22976   debug <general>: CAddonInfoBuilder::ParseXMLTypes: Binary addon found: audioencoder.kodi.builtin.wma
2026-01-10 15:19:07.055 T:22976   debug <general>: CAddonInfoBuilder::ParseXMLTypes: Binary addon found: screensaver.xbmc.builtin.black
2026-01-10 15:19:07.056 T:22976   debug <general>: CAddonInfoBuilder::ParseXMLTypes: Binary addon found: screensaver.xbmc.builtin.dim
2026-01-10 15:19:07.058 T:22976   debug <general>: CAddonMgr::FindAddons: Addon 'metadata.common.fanart.tv' already present with version 3.6.3 at '/usr/share/kodi/addons/metadata.common.fanart.tv/' replaced with version 3.6.5 at '/home/rpeters1428/.kodi/addons/metadata.common.fanart.tv/'
2026-01-10 15:19:07.058 T:22976   debug <general>: CAddonMgr::FindAddons: Addon 'metadata.generic.albums' already present with version 1.0.14 at '/usr/share/kodi/addons/metadata.generic.albums/' replaced with version 1.0.18 at '/home/rpeters1428/.kodi/addons/metadata.generic.albums/'
2026-01-10 15:19:07.058 T:22976   debug <general>: CAddonMgr::FindAddons: Addon 'metadata.themoviedb.org.python' already present with version 1.3.1+matrix.1 at '/usr/share/kodi/addons/metadata.themoviedb.org.python/' replaced with version 3.1.3 at '/home/rpeters1428/.kodi/addons/metadata.themoviedb.org.python/'
2026-01-10 15:19:07.059 T:22976   debug <general>: CAddonMgr::FindAddons: Addon 'metadata.tvshows.themoviedb.org.python' already present with version 1.6.0 at '/usr/share/kodi/addons/metadata.tvshows.themoviedb.org.python/' replaced with version 1.7.4 at '/home/rpeters1428/.kodi/addons/metadata.tvshows.themoviedb.org.python/'
2026-01-10 15:19:07.059 T:22976   debug <general>: CAddonMgr::FindAddons: Addon 'service.xbmc.versioncheck' already present with version 0.5.27+matrix.1 at '/usr/share/kodi/addons/service.xbmc.versioncheck/' replaced with version 0.5.30+matrix.1 at '/home/rpeters1428/.kodi/addons/service.xbmc.versioncheck/'
2026-01-10 15:19:07.059 T:22976   debug <general>: CAddonMgr::FindAddons: Addon 'metadata.album.universal' already present with version 3.1.4 at '/usr/share/kodi/addons/metadata.album.universal/' replaced with version 3.1.18 at '/home/rpeters1428/.kodi/addons/metadata.album.universal/'
2026-01-10 15:19:07.060 T:22976   debug <general>: CAddonMgr::FindAddons: Addon 'metadata.artists.universal' already present with version 4.3.3 at '/usr/share/kodi/addons/metadata.artists.universal/' replaced with version 4.3.21 at '/home/rpeters1428/.kodi/addons/metadata.artists.universal/'
2026-01-10 15:19:07.061 T:22976    info <general>: CAddonMgr::FindAddon: script.module.certifi v2023.5.7 installed
2026-01-10 15:19:07.065 T:22976   debug <general>: CAddonMgr: script.module.certifi successfully loaded
2026-01-10 15:19:07.066 T:22977   debug <general>: ContextMenuManager: addon menus reloaded.
2026-01-10 15:19:07.066 T:22976   debug <general>: ADDONS: dependency [script.module.certifi] will not be version checked and unpinned
2026-01-10 15:19:07.066 T:22976   debug <general>: CurlFile::Open - <https://mirrors.kodi.tv/addons/omega/script.module.chardet/script.module.chardet-5.1.0.zip>
2026-01-10 15:19:07.066 T:22929   debug <general>: CGUIMediaWindow::GetDirectory (addons://repository.dobbelina/xbmc.addon.video)
2026-01-10 15:19:07.066 T:22929   debug <general>:   ParentPath = [addons://repository.dobbelina/xbmc.addon.video]
2026-01-10 15:19:07.067 T:23193   debug <general>: Thread waiting start, auto delete: false
2026-01-10 15:19:07.067 T:23193   debug <general>: CAddonDatabase: SELECT repo.id FROM repo .. took 0 ms
2026-01-10 15:19:07.067 T:23193   debug <general>: CAddonDatabase: query  SELECT addons.*, repo.addonID AS repoID FROM addons JOIN addonlinkrepo ON addons.id=addonlinkrepo.idAddon JOIN repo ON repo.id=addonlinkrepo.idRepo WHERE addonlinkrepo.idRepo IN (2) ORDER BY repo.addonID, addons.addonID returned 8 rows in 0 ms
2026-01-10 15:19:07.068 T:23193   debug <general>: CAddonDatabase::GetAddons took 0 ms
2026-01-10 15:19:07.068 T:23193   debug <general>: CAddonDatabase: SELECT repo.id FROM repo .. took 0 ms
2026-01-10 15:19:07.070 T:23193   debug <general>: CAddonDatabase: query  SELECT addons.*, repo.addonID AS repoID FROM addons JOIN addonlinkrepo ON addons.id=addonlinkrepo.idAddon JOIN repo ON repo.id=addonlinkrepo.idRepo WHERE addonlinkrepo.idRepo IN (1,2) ORDER BY repo.addonID, addons.addonID returned 790 rows in 2 ms
2026-01-10 15:19:07.086 T:23193   debug <general>: CAddonDatabase::GetAddons took 17 ms
2026-01-10 15:19:07.087 T:23193   debug <general>: CAddonMgr::GetAddonsWithAvailableUpdate took 19 ms
2026-01-10 15:19:07.089 T:23193   debug <general>: Thread waiting 140589630740160 terminating
2026-01-10 15:19:07.090 T:23194   debug <general>: Thread BackgroundLoader start, auto delete: false
2026-01-10 15:19:07.090 T:22929   debug <general>: [threads] name: 'BackgroundLoader' priority: '1'
2026-01-10 15:19:07.091 T:23194   debug <general>: Thread BackgroundLoader 140589945312960 terminating
2026-01-10 15:19:07.128 T:22976   debug <general>: Resolved addon path https://mirrors.kodi.tv/addons/omega/script.module.chardet/script.module.chardet-5.1.0.zip to https://ftp.halifax.rwth-aachen.de/xbmc/addons/omega/script.module.chardet/script.module.chardet-5.1.0.zip hash d5010fc55a9523d86a306ae9e6a8dea0e3248fe079b9ed37280fe86110cd766a
2026-01-10 15:19:07.230 T:22969   debug <general>: Presentation: Frame was discarded by compositor
2026-01-10 15:19:07.831 T:22978   debug <general>: Skipped 13 duplicate messages..
2026-01-10 15:19:07.831 T:22978   debug <general>: CCurlFile::GetMimeType - <https://mirrors.kodi.tv/addons/omega/plugin.video.sarpur/resources/icon.png> -> image/png
2026-01-10 15:19:07.831 T:22978   debug <general>: CurlFile::Open - <https://mirrors.kodi.tv/addons/omega/plugin.video.sarpur/resources/icon.png>
2026-01-10 15:19:07.866 T:22969   debug <general>: Presentation: Frame was discarded by compositor
2026-01-10 15:19:08.031 T:22976   debug <general>: Skipped 4 duplicate messages..
2026-01-10 15:19:08.031 T:22976   debug <general>: CurlFile::Open - <https://ftp.halifax.rwth-aachen.de/xbmc/addons/omega/script.module.chardet/script.module.chardet-5.1.0.zip>
2026-01-10 15:19:08.072 T:22969   debug <general>: Presentation: Frame was discarded by compositor
2026-01-10 15:19:08.072 T:22978   debug <general>: CCurlFile::Open - <https://mirrors.kodi.tv/addons/omega/plugin.video.sarpur/resources/icon.png> Effective URL is https://ftp.nluug.nl/mediaplayer/xbmc/addons/omega/plugin.video.sarpur/resources/icon.png
2026-01-10 15:19:08.073 T:22978   debug <general>: Caching image 'https://mirrors.kodi.tv/addons/omega/plugin.video.sarpur/resources/icon.png' to '9/99eb7712.jpg':
2026-01-10 15:19:08.073 T:22978   debug <general>: cached image 'special://masterprofile/Thumbnails/9/99eb7712.jpg' size 256x256
2026-01-10 15:19:08.117 T:22969   debug <general>: Presentation: Frame was discarded by compositor
2026-01-10 15:19:08.810 T:22976   debug <general>: Skipped 9 duplicate messages..
2026-01-10 15:19:08.810 T:22976   debug <general>: CAddonDatabase: SELECT repo.id FROM repo .. took 0 ms
2026-01-10 15:19:08.814 T:22976   debug <general>: CAddonDatabase: query  SELECT addons.*, repo.addonID AS repoID FROM addons JOIN addonlinkrepo ON addons.id=addonlinkrepo.idAddon JOIN repo ON repo.id=addonlinkrepo.idRepo WHERE addonlinkrepo.idRepo IN (1,2) ORDER BY repo.addonID, addons.addonID returned 790 rows in 3 ms
2026-01-10 15:19:08.829 T:22969   debug <general>: Presentation: Frame was discarded by compositor
2026-01-10 15:19:08.829 T:22976   debug <general>: CAddonDatabase::GetAddons took 19 ms
2026-01-10 15:19:08.832 T:22976   debug <general>: Unpacking zip://special%3a%2f%2fhome%2faddons%2fpackages%2fscript.module.chardet-5.1.0.zip/script.module.chardet/ to /home/rpeters1428/.kodi/addons/temp/4d4a4c37-030b-4dee-baaf-591344e4611e
2026-01-10 15:19:08.851 T:22976   debug <general>: CAddonInfoBuilder::ParseXMLTypes: Binary addon found: audioencoder.kodi.builtin.aac
2026-01-10 15:19:08.852 T:22976   debug <general>: CAddonInfoBuilder::ParseXMLTypes: Binary addon found: audioencoder.kodi.builtin.wma
2026-01-10 15:19:08.856 T:22976   debug <general>: CAddonInfoBuilder::ParseXMLTypes: Binary addon found: screensaver.xbmc.builtin.black
2026-01-10 15:19:08.857 T:22976   debug <general>: CAddonInfoBuilder::ParseXMLTypes: Binary addon found: screensaver.xbmc.builtin.dim
2026-01-10 15:19:08.859 T:22976   debug <general>: CAddonMgr::FindAddons: Addon 'metadata.common.fanart.tv' already present with version 3.6.3 at '/usr/share/kodi/addons/metadata.common.fanart.tv/' replaced with version 3.6.5 at '/home/rpeters1428/.kodi/addons/metadata.common.fanart.tv/'
2026-01-10 15:19:08.859 T:22976   debug <general>: CAddonMgr::FindAddons: Addon 'metadata.generic.albums' already present with version 1.0.14 at '/usr/share/kodi/addons/metadata.generic.albums/' replaced with version 1.0.18 at '/home/rpeters1428/.kodi/addons/metadata.generic.albums/'
2026-01-10 15:19:08.859 T:22976   debug <general>: CAddonMgr::FindAddons: Addon 'metadata.themoviedb.org.python' already present with version 1.3.1+matrix.1 at '/usr/share/kodi/addons/metadata.themoviedb.org.python/' replaced with version 3.1.3 at '/home/rpeters1428/.kodi/addons/metadata.themoviedb.org.python/'
2026-01-10 15:19:08.860 T:22976   debug <general>: CAddonMgr::FindAddons: Addon 'metadata.tvshows.themoviedb.org.python' already present with version 1.6.0 at '/usr/share/kodi/addons/metadata.tvshows.themoviedb.org.python/' replaced with version 1.7.4 at '/home/rpeters1428/.kodi/addons/metadata.tvshows.themoviedb.org.python/'
2026-01-10 15:19:08.860 T:22976   debug <general>: CAddonMgr::FindAddons: Addon 'service.xbmc.versioncheck' already present with version 0.5.27+matrix.1 at '/usr/share/kodi/addons/service.xbmc.versioncheck/' replaced with version 0.5.30+matrix.1 at '/home/rpeters1428/.kodi/addons/service.xbmc.versioncheck/'
2026-01-10 15:19:08.861 T:22976   debug <general>: CAddonMgr::FindAddons: Addon 'metadata.album.universal' already present with version 3.1.4 at '/usr/share/kodi/addons/metadata.album.universal/' replaced with version 3.1.18 at '/home/rpeters1428/.kodi/addons/metadata.album.universal/'
2026-01-10 15:19:08.861 T:22976   debug <general>: CAddonMgr::FindAddons: Addon 'metadata.artists.universal' already present with version 4.3.3 at '/usr/share/kodi/addons/metadata.artists.universal/' replaced with version 4.3.21 at '/home/rpeters1428/.kodi/addons/metadata.artists.universal/'
2026-01-10 15:19:08.862 T:22976    info <general>: CAddonMgr::FindAddon: script.module.chardet v5.1.0 installed
2026-01-10 15:19:08.866 T:22976   debug <general>: CAddonMgr: script.module.chardet successfully loaded
2026-01-10 15:19:08.866 T:23003   debug <general>: ContextMenuManager: addon menus reloaded.
2026-01-10 15:19:08.866 T:22976   debug <general>: ADDONS: dependency [script.module.chardet] will not be version checked and unpinned
2026-01-10 15:19:08.867 T:22976   debug <general>: CurlFile::Open - <https://mirrors.kodi.tv/addons/omega/script.module.idna/script.module.idna-3.10.0.zip>
2026-01-10 15:19:08.870 T:22929   debug <general>: CGUIMediaWindow::GetDirectory (addons://repository.dobbelina/xbmc.addon.video)
2026-01-10 15:19:08.870 T:22929   debug <general>:   ParentPath = [addons://repository.dobbelina/xbmc.addon.video]
2026-01-10 15:19:08.870 T:23199   debug <general>: Thread waiting start, auto delete: false
2026-01-10 15:19:08.871 T:23199   debug <general>: CAddonDatabase: SELECT repo.id FROM repo .. took 0 ms
2026-01-10 15:19:08.871 T:23199   debug <general>: CAddonDatabase: query  SELECT addons.*, repo.addonID AS repoID FROM addons JOIN addonlinkrepo ON addons.id=addonlinkrepo.idAddon JOIN repo ON repo.id=addonlinkrepo.idRepo WHERE addonlinkrepo.idRepo IN (2) ORDER BY repo.addonID, addons.addonID returned 8 rows in 0 ms
2026-01-10 15:19:08.871 T:23199   debug <general>: CAddonDatabase::GetAddons took 0 ms
2026-01-10 15:19:08.872 T:23199   debug <general>: CAddonDatabase: SELECT repo.id FROM repo .. took 0 ms
2026-01-10 15:19:08.875 T:23199   debug <general>: CAddonDatabase: query  SELECT addons.*, repo.addonID AS repoID FROM addons JOIN addonlinkrepo ON addons.id=addonlinkrepo.idAddon JOIN repo ON repo.id=addonlinkrepo.idRepo WHERE addonlinkrepo.idRepo IN (1,2) ORDER BY repo.addonID, addons.addonID returned 790 rows in 3 ms
2026-01-10 15:19:08.890 T:23199   debug <general>: CAddonDatabase::GetAddons took 18 ms
2026-01-10 15:19:08.892 T:23199   debug <general>: CAddonMgr::GetAddonsWithAvailableUpdate took 20 ms
2026-01-10 15:19:08.893 T:23199   debug <general>: Thread waiting 140589630740160 terminating
2026-01-10 15:19:08.894 T:23200   debug <general>: Thread BackgroundLoader start, auto delete: false
2026-01-10 15:19:08.894 T:22929   debug <general>: [threads] name: 'BackgroundLoader' priority: '1'
2026-01-10 15:19:08.895 T:23200   debug <general>: Thread BackgroundLoader 140589945312960 terminating
2026-01-10 15:19:08.931 T:22976   debug <general>: Resolved addon path https://mirrors.kodi.tv/addons/omega/script.module.idna/script.module.idna-3.10.0.zip to https://mirror.math.princeton.edu/pub/xbmc/addons/omega/script.module.idna/script.module.idna-3.10.0.zip hash c4ff34dbfab2736e9214a374d331bd6f558d8b3fea8eb7902e210749509242b3
2026-01-10 15:19:09.010 T:22969   debug <general>: Presentation: Frame was discarded by compositor
2026-01-10 15:19:09.321 T:22976   debug <general>: Skipped 4 duplicate messages..
2026-01-10 15:19:09.321 T:22976   debug <general>: CurlFile::Open - <https://mirror.math.princeton.edu/pub/xbmc/addons/omega/script.module.idna/script.module.idna-3.10.0.zip>
2026-01-10 15:19:09.367 T:22969   debug <general>: Presentation: Frame was discarded by compositor
2026-01-10 15:19:09.420 T:22978   debug <general>: Skipped 1 duplicate messages..
2026-01-10 15:19:09.420 T:22978   debug <general>: CCurlFile::GetMimeType - <https://mirrors.kodi.tv/addons/omega/plugin.video.sms/resources/icon.png> -> image/png
2026-01-10 15:19:09.421 T:22978   debug <general>: CurlFile::Open - <https://mirrors.kodi.tv/addons/omega/plugin.video.sms/resources/icon.png>
2026-01-10 15:19:09.449 T:22969   debug <general>: Presentation: Frame was discarded by compositor
2026-01-10 15:19:09.779 T:22976   debug <general>: Skipped 4 duplicate messages..
2026-01-10 15:19:09.779 T:22976   debug <general>: CAddonDatabase: SELECT repo.id FROM repo .. took 0 ms
2026-01-10 15:19:09.782 T:22976   debug <general>: CAddonDatabase: query  SELECT addons.*, repo.addonID AS repoID FROM addons JOIN addonlinkrepo ON addons.id=addonlinkrepo.idAddon JOIN repo ON repo.id=addonlinkrepo.idRepo WHERE addonlinkrepo.idRepo IN (1,2) ORDER BY repo.addonID, addons.addonID returned 790 rows in 3 ms
2026-01-10 15:19:09.799 T:22976   debug <general>: CAddonDatabase::GetAddons took 20 ms
2026-01-10 15:19:09.801 T:22976   debug <general>: Unpacking zip://special%3a%2f%2fhome%2faddons%2fpackages%2fscript.module.idna-3.10.0.zip/script.module.idna/ to /home/rpeters1428/.kodi/addons/temp/2c7baf5c-4089-46ef-a262-7c77ded414a3
2026-01-10 15:19:09.807 T:22976   debug <general>: CAddonInfoBuilder::ParseXMLTypes: Binary addon found: audioencoder.kodi.builtin.aac
2026-01-10 15:19:09.807 T:22976   debug <general>: CAddonInfoBuilder::ParseXMLTypes: Binary addon found: audioencoder.kodi.builtin.wma
2026-01-10 15:19:09.812 T:22976   debug <general>: CAddonInfoBuilder::ParseXMLTypes: Binary addon found: screensaver.xbmc.builtin.black
2026-01-10 15:19:09.813 T:22976   debug <general>: CAddonInfoBuilder::ParseXMLTypes: Binary addon found: screensaver.xbmc.builtin.dim
2026-01-10 15:19:09.815 T:22976   debug <general>: CAddonMgr::FindAddons: Addon 'metadata.common.fanart.tv' already present with version 3.6.3 at '/usr/share/kodi/addons/metadata.common.fanart.tv/' replaced with version 3.6.5 at '/home/rpeters1428/.kodi/addons/metadata.common.fanart.tv/'
2026-01-10 15:19:09.815 T:22969   debug <general>: Presentation: Frame was discarded by compositor
2026-01-10 15:19:09.815 T:22976   debug <general>: CAddonMgr::FindAddons: Addon 'metadata.generic.albums' already present with version 1.0.14 at '/usr/share/kodi/addons/metadata.generic.albums/' replaced with version 1.0.18 at '/home/rpeters1428/.kodi/addons/metadata.generic.albums/'
2026-01-10 15:19:09.815 T:22976   debug <general>: CAddonMgr::FindAddons: Addon 'metadata.themoviedb.org.python' already present with version 1.3.1+matrix.1 at '/usr/share/kodi/addons/metadata.themoviedb.org.python/' replaced with version 3.1.3 at '/home/rpeters1428/.kodi/addons/metadata.themoviedb.org.python/'
2026-01-10 15:19:09.816 T:22976   debug <general>: CAddonMgr::FindAddons: Addon 'metadata.tvshows.themoviedb.org.python' already present with version 1.6.0 at '/usr/share/kodi/addons/metadata.tvshows.themoviedb.org.python/' replaced with version 1.7.4 at '/home/rpeters1428/.kodi/addons/metadata.tvshows.themoviedb.org.python/'
2026-01-10 15:19:09.816 T:22976   debug <general>: CAddonMgr::FindAddons: Addon 'service.xbmc.versioncheck' already present with version 0.5.27+matrix.1 at '/usr/share/kodi/addons/service.xbmc.versioncheck/' replaced with version 0.5.30+matrix.1 at '/home/rpeters1428/.kodi/addons/service.xbmc.versioncheck/'
2026-01-10 15:19:09.817 T:22976   debug <general>: CAddonMgr::FindAddons: Addon 'metadata.album.universal' already present with version 3.1.4 at '/usr/share/kodi/addons/metadata.album.universal/' replaced with version 3.1.18 at '/home/rpeters1428/.kodi/addons/metadata.album.universal/'
2026-01-10 15:19:09.817 T:22976   debug <general>: CAddonMgr::FindAddons: Addon 'metadata.artists.universal' already present with version 4.3.3 at '/usr/share/kodi/addons/metadata.artists.universal/' replaced with version 4.3.21 at '/home/rpeters1428/.kodi/addons/metadata.artists.universal/'
2026-01-10 15:19:09.818 T:22976    info <general>: CAddonMgr::FindAddon: script.module.idna v3.10.0 installed
2026-01-10 15:19:09.823 T:22976   debug <general>: CAddonMgr: script.module.idna successfully loaded
2026-01-10 15:19:09.823 T:23003   debug <general>: ContextMenuManager: addon menus reloaded.
2026-01-10 15:19:09.823 T:22976   debug <general>: ADDONS: dependency [script.module.idna] will not be version checked and unpinned
2026-01-10 15:19:09.823 T:22976   debug <general>: CurlFile::Open - <https://mirrors.kodi.tv/addons/omega/script.module.urllib3/script.module.urllib3-2.2.3.zip>
2026-01-10 15:19:09.827 T:22929   debug <general>: CGUIMediaWindow::GetDirectory (addons://repository.dobbelina/xbmc.addon.video)
2026-01-10 15:19:09.827 T:22929   debug <general>:   ParentPath = [addons://repository.dobbelina/xbmc.addon.video]
2026-01-10 15:19:09.827 T:23202   debug <general>: Thread waiting start, auto delete: false
2026-01-10 15:19:09.828 T:23202   debug <general>: CAddonDatabase: SELECT repo.id FROM repo .. took 0 ms
2026-01-10 15:19:09.829 T:23202   debug <general>: CAddonDatabase: query  SELECT addons.*, repo.addonID AS repoID FROM addons JOIN addonlinkrepo ON addons.id=addonlinkrepo.idAddon JOIN repo ON repo.id=addonlinkrepo.idRepo WHERE addonlinkrepo.idRepo IN (2) ORDER BY repo.addonID, addons.addonID returned 8 rows in 0 ms
2026-01-10 15:19:09.829 T:23202   debug <general>: CAddonDatabase::GetAddons took 0 ms
2026-01-10 15:19:09.829 T:23202   debug <general>: CAddonDatabase: SELECT repo.id FROM repo .. took 0 ms
2026-01-10 15:19:09.832 T:23202   debug <general>: CAddonDatabase: query  SELECT addons.*, repo.addonID AS repoID FROM addons JOIN addonlinkrepo ON addons.id=addonlinkrepo.idAddon JOIN repo ON repo.id=addonlinkrepo.idRepo WHERE addonlinkrepo.idRepo IN (1,2) ORDER BY repo.addonID, addons.addonID returned 790 rows in 3 ms
2026-01-10 15:19:09.849 T:23202   debug <general>: CAddonDatabase::GetAddons took 19 ms
2026-01-10 15:19:09.850 T:23202   debug <general>: CAddonMgr::GetAddonsWithAvailableUpdate took 21 ms
2026-01-10 15:19:09.852 T:23202   debug <general>: Thread waiting 140589630740160 terminating
2026-01-10 15:19:09.853 T:23203   debug <general>: Thread BackgroundLoader start, auto delete: false
2026-01-10 15:19:09.853 T:22929   debug <general>: [threads] name: 'BackgroundLoader' priority: '1'
2026-01-10 15:19:09.854 T:23203   debug <general>: Thread BackgroundLoader 140589945312960 terminating
2026-01-10 15:19:09.890 T:22976   debug <general>: Resolved addon path https://mirrors.kodi.tv/addons/omega/script.module.urllib3/script.module.urllib3-2.2.3.zip to https://mirrors.dotsrc.org/kodi/addons/omega/script.module.urllib3/script.module.urllib3-2.2.3.zip hash 740b2d63bb50eee9fb35f01c567ec8d3588c5bbd548e2b8d280932be30d82f53
2026-01-10 15:19:09.933 T:22969   debug <general>: Presentation: Frame was discarded by compositor
2026-01-10 15:19:10.095 T:22978   debug <general>: Skipped 3 duplicate messages..
2026-01-10 15:19:10.095 T:22978   debug <general>: CCurlFile::Open - <https://mirrors.kodi.tv/addons/omega/plugin.video.sms/resources/icon.png> Effective URL is https://mirror.accum.se/mirror/xbmc.org/addons/omega/plugin.video.sms/resources/icon.png
2026-01-10 15:19:10.098 T:22969   debug <general>: Presentation: Frame was discarded by compositor
2026-01-10 15:19:10.466 T:22976   debug <general>: Skipped 6 duplicate messages..
2026-01-10 15:19:10.466 T:22976   debug <general>: CurlFile::Open - <https://mirrors.dotsrc.org/kodi/addons/omega/script.module.urllib3/script.module.urllib3-2.2.3.zip>
2026-01-10 15:19:10.491 T:22969   debug <general>: Presentation: Frame was discarded by compositor
2026-01-10 15:19:10.703 T:22978   debug <general>: Skipped 5 duplicate messages..
2026-01-10 15:19:10.703 T:22978   debug <general>: Caching image 'https://mirrors.kodi.tv/addons/omega/plugin.video.sms/resources/icon.png' to '6/6b8ac733.png':
2026-01-10 15:19:10.703 T:22978   debug <general>: cached image 'special://masterprofile/Thumbnails/6/6b8ac733.png' size 512x512
2026-01-10 15:19:10.857 T:22969   debug <general>: Presentation: Frame was discarded by compositor
2026-01-10 15:19:10.954 T:22976   debug <general>: Skipped 1 duplicate messages..
2026-01-10 15:19:10.954 T:22976   debug <general>: CAddonDatabase: SELECT repo.id FROM repo .. took 0 ms
2026-01-10 15:19:10.957 T:22976   debug <general>: CAddonDatabase: query  SELECT addons.*, repo.addonID AS repoID FROM addons JOIN addonlinkrepo ON addons.id=addonlinkrepo.idAddon JOIN repo ON repo.id=addonlinkrepo.idRepo WHERE addonlinkrepo.idRepo IN (1,2) ORDER BY repo.addonID, addons.addonID returned 790 rows in 3 ms
2026-01-10 15:19:10.974 T:22976   debug <general>: CAddonDatabase::GetAddons took 19 ms
2026-01-10 15:19:10.976 T:22976   debug <general>: Unpacking zip://special%3a%2f%2fhome%2faddons%2fpackages%2fscript.module.urllib3-2.2.3.zip/script.module.urllib3/ to /home/rpeters1428/.kodi/addons/temp/019ae6c2-4940-4cf4-a18c-213d8a1a4026
2026-01-10 15:19:10.983 T:22969   debug <general>: Presentation: Frame was discarded by compositor
2026-01-10 15:19:10.991 T:22976   debug <general>: CAddonInfoBuilder::ParseXMLTypes: Binary addon found: audioencoder.kodi.builtin.aac
2026-01-10 15:19:10.991 T:22976   debug <general>: CAddonInfoBuilder::ParseXMLTypes: Binary addon found: audioencoder.kodi.builtin.wma
2026-01-10 15:19:10.997 T:22976   debug <general>: CAddonInfoBuilder::ParseXMLTypes: Binary addon found: screensaver.xbmc.builtin.black
2026-01-10 15:19:10.997 T:22976   debug <general>: CAddonInfoBuilder::ParseXMLTypes: Binary addon found: screensaver.xbmc.builtin.dim
2026-01-10 15:19:10.999 T:22976   debug <general>: CAddonMgr::FindAddons: Addon 'metadata.common.fanart.tv' already present with version 3.6.3 at '/usr/share/kodi/addons/metadata.common.fanart.tv/' replaced with version 3.6.5 at '/home/rpeters1428/.kodi/addons/metadata.common.fanart.tv/'
2026-01-10 15:19:10.999 T:22976   debug <general>: CAddonMgr::FindAddons: Addon 'metadata.generic.albums' already present with version 1.0.14 at '/usr/share/kodi/addons/metadata.generic.albums/' replaced with version 1.0.18 at '/home/rpeters1428/.kodi/addons/metadata.generic.albums/'
2026-01-10 15:19:11.000 T:22976   debug <general>: CAddonMgr::FindAddons: Addon 'metadata.themoviedb.org.python' already present with version 1.3.1+matrix.1 at '/usr/share/kodi/addons/metadata.themoviedb.org.python/' replaced with version 3.1.3 at '/home/rpeters1428/.kodi/addons/metadata.themoviedb.org.python/'
2026-01-10 15:19:11.000 T:22976   debug <general>: CAddonMgr::FindAddons: Addon 'metadata.tvshows.themoviedb.org.python' already present with version 1.6.0 at '/usr/share/kodi/addons/metadata.tvshows.themoviedb.org.python/' replaced with version 1.7.4 at '/home/rpeters1428/.kodi/addons/metadata.tvshows.themoviedb.org.python/'
2026-01-10 15:19:11.000 T:22976   debug <general>: CAddonMgr::FindAddons: Addon 'service.xbmc.versioncheck' already present with version 0.5.27+matrix.1 at '/usr/share/kodi/addons/service.xbmc.versioncheck/' replaced with version 0.5.30+matrix.1 at '/home/rpeters1428/.kodi/addons/service.xbmc.versioncheck/'
2026-01-10 15:19:11.001 T:22976   debug <general>: CAddonMgr::FindAddons: Addon 'metadata.album.universal' already present with version 3.1.4 at '/usr/share/kodi/addons/metadata.album.universal/' replaced with version 3.1.18 at '/home/rpeters1428/.kodi/addons/metadata.album.universal/'
2026-01-10 15:19:11.001 T:22976   debug <general>: CAddonMgr::FindAddons: Addon 'metadata.artists.universal' already present with version 4.3.3 at '/usr/share/kodi/addons/metadata.artists.universal/' replaced with version 4.3.21 at '/home/rpeters1428/.kodi/addons/metadata.artists.universal/'
2026-01-10 15:19:11.002 T:22976    info <general>: CAddonMgr::FindAddon: script.module.urllib3 v2.2.3 installed
2026-01-10 15:19:11.007 T:22976   debug <general>: CAddonMgr: script.module.urllib3 successfully loaded
2026-01-10 15:19:11.007 T:23003   debug <general>: ContextMenuManager: addon menus reloaded.
2026-01-10 15:19:11.007 T:22976   debug <general>: ADDONS: dependency [script.module.urllib3] will not be version checked and unpinned
2026-01-10 15:19:11.008 T:22976   debug <general>: Unpacking zip://special%3a%2f%2fhome%2faddons%2fpackages%2fscript.module.requests-2.31.0.zip/script.module.requests/ to /home/rpeters1428/.kodi/addons/temp/03e76bff-942a-4456-a61a-4c0dea9f1cf9
2026-01-10 15:19:11.015 T:22976   debug <general>: CAddonInfoBuilder::ParseXMLTypes: Binary addon found: audioencoder.kodi.builtin.aac
2026-01-10 15:19:11.015 T:22976   debug <general>: CAddonInfoBuilder::ParseXMLTypes: Binary addon found: audioencoder.kodi.builtin.wma
2026-01-10 15:19:11.020 T:22976   debug <general>: CAddonInfoBuilder::ParseXMLTypes: Binary addon found: screensaver.xbmc.builtin.black
2026-01-10 15:19:11.021 T:22976   debug <general>: CAddonInfoBuilder::ParseXMLTypes: Binary addon found: screensaver.xbmc.builtin.dim
2026-01-10 15:19:11.023 T:22976   debug <general>: CAddonMgr::FindAddons: Addon 'metadata.common.fanart.tv' already present with version 3.6.3 at '/usr/share/kodi/addons/metadata.common.fanart.tv/' replaced with version 3.6.5 at '/home/rpeters1428/.kodi/addons/metadata.common.fanart.tv/'
2026-01-10 15:19:11.023 T:22976   debug <general>: CAddonMgr::FindAddons: Addon 'metadata.generic.albums' already present with version 1.0.14 at '/usr/share/kodi/addons/metadata.generic.albums/' replaced with version 1.0.18 at '/home/rpeters1428/.kodi/addons/metadata.generic.albums/'
2026-01-10 15:19:11.023 T:22976   debug <general>: CAddonMgr::FindAddons: Addon 'metadata.themoviedb.org.python' already present with version 1.3.1+matrix.1 at '/usr/share/kodi/addons/metadata.themoviedb.org.python/' replaced with version 3.1.3 at '/home/rpeters1428/.kodi/addons/metadata.themoviedb.org.python/'
2026-01-10 15:19:11.023 T:22976   debug <general>: CAddonMgr::FindAddons: Addon 'metadata.tvshows.themoviedb.org.python' already present with version 1.6.0 at '/usr/share/kodi/addons/metadata.tvshows.themoviedb.org.python/' replaced with version 1.7.4 at '/home/rpeters1428/.kodi/addons/metadata.tvshows.themoviedb.org.python/'
2026-01-10 15:19:11.024 T:22976   debug <general>: CAddonMgr::FindAddons: Addon 'service.xbmc.versioncheck' already present with version 0.5.27+matrix.1 at '/usr/share/kodi/addons/service.xbmc.versioncheck/' replaced with version 0.5.30+matrix.1 at '/home/rpeters1428/.kodi/addons/service.xbmc.versioncheck/'
2026-01-10 15:19:11.024 T:22976   debug <general>: CAddonMgr::FindAddons: Addon 'metadata.album.universal' already present with version 3.1.4 at '/usr/share/kodi/addons/metadata.album.universal/' replaced with version 3.1.18 at '/home/rpeters1428/.kodi/addons/metadata.album.universal/'
2026-01-10 15:19:11.025 T:22976   debug <general>: CAddonMgr::FindAddons: Addon 'metadata.artists.universal' already present with version 4.3.3 at '/usr/share/kodi/addons/metadata.artists.universal/' replaced with version 4.3.21 at '/home/rpeters1428/.kodi/addons/metadata.artists.universal/'
2026-01-10 15:19:11.026 T:22976    info <general>: CAddonMgr::FindAddon: script.module.requests v2.31.0 installed
2026-01-10 15:19:11.030 T:22976   debug <general>: CAddonMgr: script.module.requests successfully loaded
2026-01-10 15:19:11.030 T:23003   debug <general>: ContextMenuManager: addon menus reloaded.
2026-01-10 15:19:11.131 T:22976   debug <general>: ADDONS: dependency [script.module.requests] will not be version checked and unpinned
2026-01-10 15:19:11.134 T:22976   debug <general>: Unpacking zip://special%3a%2f%2fhome%2faddons%2fpackages%2fplugin.video.cumination-1.1.164.zip/plugin.video.cumination/ to /home/rpeters1428/.kodi/addons/temp/54ab4a1e-6fd9-400a-98d8-b19fad9fc452
2026-01-10 15:19:11.229 T:22976   debug <general>: CAddonInfoBuilder::ParseXMLTypes: Binary addon found: audioencoder.kodi.builtin.aac
2026-01-10 15:19:11.229 T:22976   debug <general>: CAddonInfoBuilder::ParseXMLTypes: Binary addon found: audioencoder.kodi.builtin.wma
2026-01-10 15:19:11.232 T:22929   debug <general>: CGUIMediaWindow::GetDirectory (addons://repository.dobbelina/xbmc.addon.video)
2026-01-10 15:19:11.232 T:22929   debug <general>:   ParentPath = [addons://repository.dobbelina/xbmc.addon.video]
2026-01-10 15:19:11.232 T:23207   debug <general>: Thread waiting start, auto delete: false
2026-01-10 15:19:11.234 T:22976   debug <general>: CAddonInfoBuilder::ParseXMLTypes: Binary addon found: screensaver.xbmc.builtin.black
2026-01-10 15:19:11.234 T:22976   debug <general>: CAddonInfoBuilder::ParseXMLTypes: Binary addon found: screensaver.xbmc.builtin.dim
2026-01-10 15:19:11.236 T:22976   debug <general>: CAddonMgr::FindAddons: Addon 'metadata.common.fanart.tv' already present with version 3.6.3 at '/usr/share/kodi/addons/metadata.common.fanart.tv/' replaced with version 3.6.5 at '/home/rpeters1428/.kodi/addons/metadata.common.fanart.tv/'
2026-01-10 15:19:11.236 T:22976   debug <general>: CAddonMgr::FindAddons: Addon 'metadata.generic.albums' already present with version 1.0.14 at '/usr/share/kodi/addons/metadata.generic.albums/' replaced with version 1.0.18 at '/home/rpeters1428/.kodi/addons/metadata.generic.albums/'
2026-01-10 15:19:11.237 T:22976   debug <general>: CAddonMgr::FindAddons: Addon 'metadata.themoviedb.org.python' already present with version 1.3.1+matrix.1 at '/usr/share/kodi/addons/metadata.themoviedb.org.python/' replaced with version 3.1.3 at '/home/rpeters1428/.kodi/addons/metadata.themoviedb.org.python/'
2026-01-10 15:19:11.237 T:22976   debug <general>: CAddonMgr::FindAddons: Addon 'metadata.tvshows.themoviedb.org.python' already present with version 1.6.0 at '/usr/share/kodi/addons/metadata.tvshows.themoviedb.org.python/' replaced with version 1.7.4 at '/home/rpeters1428/.kodi/addons/metadata.tvshows.themoviedb.org.python/'
2026-01-10 15:19:11.238 T:22976   debug <general>: CAddonMgr::FindAddons: Addon 'service.xbmc.versioncheck' already present with version 0.5.27+matrix.1 at '/usr/share/kodi/addons/service.xbmc.versioncheck/' replaced with version 0.5.30+matrix.1 at '/home/rpeters1428/.kodi/addons/service.xbmc.versioncheck/'
2026-01-10 15:19:11.238 T:22976   debug <general>: CAddonMgr::FindAddons: Addon 'metadata.album.universal' already present with version 3.1.4 at '/usr/share/kodi/addons/metadata.album.universal/' replaced with version 3.1.18 at '/home/rpeters1428/.kodi/addons/metadata.album.universal/'
2026-01-10 15:19:11.239 T:22976   debug <general>: CAddonMgr::FindAddons: Addon 'metadata.artists.universal' already present with version 4.3.3 at '/usr/share/kodi/addons/metadata.artists.universal/' replaced with version 4.3.21 at '/home/rpeters1428/.kodi/addons/metadata.artists.universal/'
2026-01-10 15:19:11.240 T:22976    info <general>: CAddonMgr::FindAddon: plugin.video.cumination v1.1.164 installed
2026-01-10 15:19:11.253 T:22976   debug <general>: CAddonMgr: plugin.video.cumination successfully loaded
2026-01-10 15:19:11.253 T:22977   debug <general>: ContextMenuManager: addon menus reloaded.
2026-01-10 15:19:11.253 T:22976   debug <general>: POParser: PO file has Win Style Line Endings. Converted in memory to Linux LF for file: /home/rpeters1428/.kodi/addons/plugin.video.cumination/resources/language/resource.language.en_gb/strings.po
2026-01-10 15:19:11.253 T:22976   debug <general>: LocalizeStrings: loaded 168 strings from file /home/rpeters1428/.kodi/addons/plugin.video.cumination/resources/language/resource.language.en_gb/strings.po
2026-01-10 15:19:11.332 T:22929   debug <general>: ------ Window Init (DialogBusy.xml) ------
2026-01-10 15:19:11.355 T:22976   debug <general>: CAddonMgr::GetCompatibleVersions took 1 ms
2026-01-10 15:19:11.355 T:22976   debug <general>: ADDONS: unpinned Addon: [plugin.video.cumination] Origin: [repository.dobbelina] Version: [1.1.164]
2026-01-10 15:19:11.355 T:22929 warning <general>: CGUIMediaWindow::OnMessage - updating in progress
2026-01-10 15:19:11.357 T:22929 warning <general>: Skipped 2 duplicate messages..
2026-01-10 15:19:11.357 T:22929   debug <general>: ------ Window Init (DialogNotification.xml) ------
2026-01-10 15:19:11.454 T:23207   debug <general>: CAddonDatabase: SELECT repo.id FROM repo .. took 0 ms
2026-01-10 15:19:11.455 T:23207   debug <general>: CAddonDatabase: query  SELECT addons.*, repo.addonID AS repoID FROM addons JOIN addonlinkrepo ON addons.id=addonlinkrepo.idAddon JOIN repo ON repo.id=addonlinkrepo.idRepo WHERE addonlinkrepo.idRepo IN (2) ORDER BY repo.addonID, addons.addonID returned 8 rows in 0 ms
2026-01-10 15:19:11.455 T:23207   debug <general>: CAddonDatabase::GetAddons took 0 ms
2026-01-10 15:19:11.455 T:23207   debug <general>: CAddonDatabase: SELECT repo.id FROM repo .. took 0 ms
2026-01-10 15:19:11.458 T:23207   debug <general>: CAddonDatabase: query  SELECT addons.*, repo.addonID AS repoID FROM addons JOIN addonlinkrepo ON addons.id=addonlinkrepo.idAddon JOIN repo ON repo.id=addonlinkrepo.idRepo WHERE addonlinkrepo.idRepo IN (1,2) ORDER BY repo.addonID, addons.addonID returned 790 rows in 2 ms
2026-01-10 15:19:11.475 T:23207   debug <general>: CAddonDatabase::GetAddons took 19 ms
2026-01-10 15:19:11.477 T:23207   debug <general>: CAddonMgr::GetAddonsWithAvailableUpdate took 22 ms
2026-01-10 15:19:11.479 T:23207   debug <general>: Thread waiting 140589630740160 terminating
2026-01-10 15:19:11.484 T:22929   debug <general>: ------ Window Deinit (DialogBusy.xml) ------
2026-01-10 15:19:11.496 T:23208   debug <general>: Thread BackgroundLoader start, auto delete: false
2026-01-10 15:19:11.496 T:22929   debug <general>: [threads] name: 'BackgroundLoader' priority: '1'
2026-01-10 15:19:11.497 T:23208   debug <general>: Thread BackgroundLoader 140589945312960 terminating
2026-01-10 15:19:11.613 T:22978   debug <general>: CCurlFile::GetMimeType - <https://mirrors.kodi.tv/addons/omega/plugin.audio.shoutcast/icon.png> -> image/png
2026-01-10 15:19:11.613 T:22978   debug <general>: CurlFile::Open - <https://mirrors.kodi.tv/addons/omega/plugin.audio.shoutcast/icon.png>
2026-01-10 15:19:11.993 T:22969   debug <general>: Presentation: Frame was discarded by compositor
