2026-02-13 23:33:59.575 T:136096   debug <general>: CurlFile::Open - <https://pix-fl.phncdn.com/c6251/videos/202508/27/20610855/original/0198ea5d-afdf-7349-bef1-d0a3e4cb2443.jpg/plain/rs:fit:320:180?hdnea=st=1771053523~exp=1771139923~hdl=-1~hmac=b476e9d5fbeb24e66027f2d58b2d031578a1847b>
2026-02-13 23:33:59.692 T:136096   debug <general>: Caching image 'https://pix-fl.phncdn.com/c6251/videos/202508/27/20610855/original/0198ea5d-afdf-7349-bef1-d0a3e4cb2443.jpg/plain/rs:fit:320:180?hdnea=st=1771053523~exp=1771139923~hdl=-1~hmac=b476e9d5fbeb24e66027f2d58b2d031578a1847b|Referer=https://www.pornhub.com/&User-Agent=Mozilla/5.0 (Windows NT 10.0; WOW64) AppleWebKit/537.36 (KHTML, like Gecko) Chrome/98.0.0.0 Safari/537.36' to '0/03c17e6d.jpg':
2026-02-13 23:33:59.692 T:136096   debug <general>: cached image 'special://masterprofile/Thumbnails/0/03c17e6d.jpg' size 320x180
2026-02-13 23:34:01.461 T:136094   debug <general>: easy_acquire - Created session to https://ei.phncdn.com
2026-02-13 23:34:01.620 T:136094   debug <general>: CCurlFile::GetMimeType - <https://ei.phncdn.com/videos/202402/13/448096361/original/(m=qX9138YbeafTGgaaaa)(mh=vMdjLok11q6-YBD-)0.jpg|Referer=https://www.pornhub.com/&User-Agent=Mozilla/5.0 (Windows NT 10.0; WOW64) AppleWebKit/537.36 (KHTML, like Gecko) Chrome/98.0.0.0 Safari/537.36> -> image/jpeg
2026-02-13 23:34:01.620 T:136094   debug <general>: CurlFile::Open - <https://ei.phncdn.com/videos/202402/13/448096361/original/(m=qX9138YbeafTGgaaaa)(mh=vMdjLok11q6-YBD-)0.jpg>
2026-02-13 23:34:01.779 T:136094   debug <general>: Caching image 'https://ei.phncdn.com/videos/202402/13/448096361/original/(m=qX9138YbeafTGgaaaa)(mh=vMdjLok11q6-YBD-)0.jpg|Referer=https://www.pornhub.com/&User-Agent=Mozilla/5.0 (Windows NT 10.0; WOW64) AppleWebKit/537.36 (KHTML, like Gecko) Chrome/98.0.0.0 Safari/537.36' to '7/7992751f.jpg':
2026-02-13 23:34:01.779 T:136094   debug <general>: cached image 'special://masterprofile/Thumbnails/7/7992751f.jpg' size 320x180
2026-02-13 23:34:02.727 T:136094   debug <general>: CCurlFile::GetMimeType - <https://ei.phncdn.com/videos/202302/15/425523861/original/(m=qTYN9_XbeafTGgaaaa)(mh=e05KgJd4Q14WmrUQ)0.jpg|Referer=https://www.pornhub.com/&User-Agent=Mozilla/5.0 (Windows NT 10.0; WOW64) AppleWebKit/537.36 (KHTML, like Gecko) Chrome/98.0.0.0 Safari/537.36> -> image/jpeg
2026-02-13 23:34:02.727 T:136094   debug <general>: CurlFile::Open - <https://ei.phncdn.com/videos/202302/15/425523861/original/(m=qTYN9_XbeafTGgaaaa)(mh=e05KgJd4Q14WmrUQ)0.jpg>
2026-02-13 23:34:02.783 T:136094   debug <general>: Caching image 'https://ei.phncdn.com/videos/202302/15/425523861/original/(m=qTYN9_XbeafTGgaaaa)(mh=e05KgJd4Q14WmrUQ)0.jpg|Referer=https://www.pornhub.com/&User-Agent=Mozilla/5.0 (Windows NT 10.0; WOW64) AppleWebKit/537.36 (KHTML, like Gecko) Chrome/98.0.0.0 Safari/537.36' to '7/7b5ffa49.jpg':
2026-02-13 23:34:02.783 T:136094   debug <general>: cached image 'special://masterprofile/Thumbnails/7/7b5ffa49.jpg' size 320x180
2026-02-13 23:34:03.241 T:136094   debug <general>: easy_acquire - Created session to https://pix-cdn77.phncdn.com
2026-02-13 23:34:03.680 T:136094   debug <general>: CCurlFile::GetMimeType - <https://pix-cdn77.phncdn.com/c6371/videos/202602/02/38102945/original_38102945.mp4/plain/ex:1:no/bg:0:0:0/rs:fit:320:180/vts:414?hash=ERVey1AN7VMdLJTbVCcAnHRV_4k=&validto=1771140662|Referer=https://www.pornhub.com/&User-Agent=Mozilla/5.0 (Windows NT 10.0; WOW64) AppleWebKit/537.36 (KHTML, like Gecko) Chrome/98.0.0.0 Safari/537.36> -> image/jpeg
2026-02-13 23:34:03.680 T:136094   debug <general>: CurlFile::Open - <https://pix-cdn77.phncdn.com/c6371/videos/202602/02/38102945/original_38102945.mp4/plain/ex:1:no/bg:0:0:0/rs:fit:320:180/vts:414?hash=ERVey1AN7VMdLJTbVCcAnHRV_4k=&validto=1771140662>
2026-02-13 23:34:03.967 T:136094   debug <general>: Caching image 'https://pix-cdn77.phncdn.com/c6371/videos/202602/02/38102945/original_38102945.mp4/plain/ex:1:no/bg:0:0:0/rs:fit:320:180/vts:414?hash=ERVey1AN7VMdLJTbVCcAnHRV_4k=&validto=1771140662|Referer=https://www.pornhub.com/&User-Agent=Mozilla/5.0 (Windows NT 10.0; WOW64) AppleWebKit/537.36 (KHTML, like Gecko) Chrome/98.0.0.0 Safari/537.36' to 'b/bd98961d.jpg':
2026-02-13 23:34:03.968 T:136094   debug <general>: cached image 'special://masterprofile/Thumbnails/b/bd98961d.jpg' size 320x180
2026-02-13 23:34:05.093 T:136094   debug <general>: CCurlFile::GetMimeType - <https://pix-cdn77.phncdn.com/c6371/videos/202602/13/39236065/original_39236065.mp4/plain/ex:1:no/bg:0:0:0/rs:fit:320:180/vts:6.9?hash=rfo8M0IcuLs3lnvgVBK21OS9sD8=&validto=1771140498|Referer=https://www.pornhub.com/&User-Agent=Mozilla/5.0 (Windows NT 10.0; WOW64) AppleWebKit/537.36 (KHTML, like Gecko) Chrome/98.0.0.0 Safari/537.36> -> image/jpeg
2026-02-13 23:34:05.093 T:136094   debug <general>: CurlFile::Open - <https://pix-cdn77.phncdn.com/c6371/videos/202602/13/39236065/original_39236065.mp4/plain/ex:1:no/bg:0:0:0/rs:fit:320:180/vts:6.9?hash=rfo8M0IcuLs3lnvgVBK21OS9sD8=&validto=1771140498>
2026-02-13 23:34:05.302 T:136094   debug <general>: Caching image 'https://pix-cdn77.phncdn.com/c6371/videos/202602/13/39236065/original_39236065.mp4/plain/ex:1:no/bg:0:0:0/rs:fit:320:180/vts:6.9?hash=rfo8M0IcuLs3lnvgVBK21OS9sD8=&validto=1771140498|Referer=https://www.pornhub.com/&User-Agent=Mozilla/5.0 (Windows NT 10.0; WOW64) AppleWebKit/537.36 (KHTML, like Gecko) Chrome/98.0.0.0 Safari/537.36' to '5/5336172e.jpg':
2026-02-13 23:34:05.303 T:136094   debug <general>: cached image 'special://masterprofile/Thumbnails/5/5336172e.jpg' size 320x180
2026-02-13 23:34:05.585 T:135760   debug <general>: Presentation: Frame was discarded by compositor
2026-02-13 23:34:06.506 T:136094   debug <general>: Skipped 4 duplicate messages..
2026-02-13 23:34:06.506 T:136094   debug <general>: CCurlFile::GetMimeType - <https://pix-cdn77.phncdn.com/c6371/videos/202602/13/39195565/original_39195565.mp4/plain/ex:1:no/bg:0:0:0/rs:fit:320:180/vts:1748?hash=LUNlxWWuTphf3_6UMy0CuDGxeCk=&validto=1771139875|Referer=https://www.pornhub.com/&User-Agent=Mozilla/5.0 (Windows NT 10.0; WOW64) AppleWebKit/537.36 (KHTML, like Gecko) Chrome/98.0.0.0 Safari/537.36> -> image/jpeg
2026-02-13 23:34:06.506 T:136094   debug <general>: CurlFile::Open - <https://pix-cdn77.phncdn.com/c6371/videos/202602/13/39195565/original_39195565.mp4/plain/ex:1:no/bg:0:0:0/rs:fit:320:180/vts:1748?hash=LUNlxWWuTphf3_6UMy0CuDGxeCk=&validto=1771139875>
2026-02-13 23:34:06.703 T:136094   debug <general>: Caching image 'https://pix-cdn77.phncdn.com/c6371/videos/202602/13/39195565/original_39195565.mp4/plain/ex:1:no/bg:0:0:0/rs:fit:320:180/vts:1748?hash=LUNlxWWuTphf3_6UMy0CuDGxeCk=&validto=1771139875|Referer=https://www.pornhub.com/&User-Agent=Mozilla/5.0 (Windows NT 10.0; WOW64) AppleWebKit/537.36 (KHTML, like Gecko) Chrome/98.0.0.0 Safari/537.36' to 'e/e7bca800.jpg':
2026-02-13 23:34:06.703 T:136094   debug <general>: cached image 'special://masterprofile/Thumbnails/e/e7bca800.jpg' size 320x180
2026-02-13 23:34:07.019 T:135760   debug <general>: Presentation: Frame was discarded by compositor
2026-02-13 23:34:07.415 T:136094   debug <general>: Skipped 4 duplicate messages..
2026-02-13 23:34:07.415 T:136094   debug <general>: CCurlFile::GetMimeType - <https://pix-fl.phncdn.com/c6371/videos/202602/12/39182165/original_39182165.mp4/plain/ex:1:no/bg:0:0:0/rs:fit:320:180/vts:230?hdnea=st=1771054098~exp=1771140498~hdl=-1~hmac=8611b99fbfecf42f150bea176442a8512e180bb0|Referer=https://www.pornhub.com/&User-Agent=Mozilla/5.0 (Windows NT 10.0; WOW64) AppleWebKit/537.36 (KHTML, like Gecko) Chrome/98.0.0.0 Safari/537.36> -> image/jpeg
2026-02-13 23:34:07.415 T:136094   debug <general>: CurlFile::Open - <https://pix-fl.phncdn.com/c6371/videos/202602/12/39182165/original_39182165.mp4/plain/ex:1:no/bg:0:0:0/rs:fit:320:180/vts:230?hdnea=st=1771054098~exp=1771140498~hdl=-1~hmac=8611b99fbfecf42f150bea176442a8512e180bb0>
2026-02-13 23:34:07.462 T:136094   debug <general>: Caching image 'https://pix-fl.phncdn.com/c6371/videos/202602/12/39182165/original_39182165.mp4/plain/ex:1:no/bg:0:0:0/rs:fit:320:180/vts:230?hdnea=st=1771054098~exp=1771140498~hdl=-1~hmac=8611b99fbfecf42f150bea176442a8512e180bb0|Referer=https://www.pornhub.com/&User-Agent=Mozilla/5.0 (Windows NT 10.0; WOW64) AppleWebKit/537.36 (KHTML, like Gecko) Chrome/98.0.0.0 Safari/537.36' to 'e/e64f402e.jpg':
2026-02-13 23:34:07.462 T:136094   debug <general>: cached image 'special://masterprofile/Thumbnails/e/e64f402e.jpg' size 320x180
2026-02-13 23:34:07.686 T:135786   debug <general>: AddOnLog: pvr.hts: new connection requested
2026-02-13 23:34:07.687 T:135786   error <general>: AddOnLog: pvr.hts: unable to connect to 127.0.0.1:9982
2026-02-13 23:34:07.855 T:135760   debug <general>: Presentation: Frame was discarded by compositor
2026-02-13 23:34:09.074 T:135718   debug <general>: Skipped 17 duplicate messages..
2026-02-13 23:34:09.074 T:135718   debug <general>: ProcessMouse: trying mouse action wheeldown
2026-02-13 23:34:09.077 T:136096   debug <general>: Skipped 11 duplicate messages..
2026-02-13 23:34:09.077 T:136096   debug <general>: easy_acquire - Created session to https://pix-cdn77.phncdn.com
2026-02-13 23:34:09.081 T:135760   debug <general>: Presentation: Frame was discarded by compositor
2026-02-13 23:34:09.093 T:135718   debug <general>: ProcessMouse: trying mouse action wheeldown
2026-02-13 23:34:09.093 T:136284   debug <general>: Thread JobWorker start, auto delete: true
2026-02-13 23:34:09.093 T:136284   debug <general>: [threads] name: 'JobWorker' priority: '1'
2026-02-13 23:34:09.094 T:136284   debug <general>: easy_acquire - Created session to https://pix-cdn77.phncdn.com
2026-02-13 23:34:09.104 T:135718   debug <general>: ProcessMouse: trying mouse action wheeldown
2026-02-13 23:34:09.105 T:136286   debug <general>: Thread JobWorker start, auto delete: true
2026-02-13 23:34:09.105 T:136286   debug <general>: [threads] name: 'JobWorker' priority: '1'
2026-02-13 23:34:09.127 T:135718   debug <general>: ProcessMouse: trying mouse action wheeldown
2026-02-13 23:34:09.216 T:136286   debug <general>: Skipped 1 duplicate messages..
2026-02-13 23:34:09.216 T:136286   debug <general>: CCurlFile::GetMimeType - <https://pix-fl.phncdn.com/c6371/videos/202602/04/38311105/original_38311105.mov/plain/ex:1:no/bg:0:0:0/rs:fit:320:180/vts:69?hdnea=st=1771053690~exp=1771140090~hdl=-1~hmac=b33b3fa0db08187da4fe820e59d3b729f3fbb076|Referer=https://www.pornhub.com/&User-Agent=Mozilla/5.0 (Windows NT 10.0; WOW64) AppleWebKit/537.36 (KHTML, like Gecko) Chrome/98.0.0.0 Safari/537.36> -> image/jpeg
2026-02-13 23:34:09.216 T:136286   debug <general>: CurlFile::Open - <https://pix-fl.phncdn.com/c6371/videos/202602/04/38311105/original_38311105.mov/plain/ex:1:no/bg:0:0:0/rs:fit:320:180/vts:69?hdnea=st=1771053690~exp=1771140090~hdl=-1~hmac=b33b3fa0db08187da4fe820e59d3b729f3fbb076>
2026-02-13 23:34:09.260 T:136286   debug <general>: Caching image 'https://pix-fl.phncdn.com/c6371/videos/202602/04/38311105/original_38311105.mov/plain/ex:1:no/bg:0:0:0/rs:fit:320:180/vts:69?hdnea=st=1771053690~exp=1771140090~hdl=-1~hmac=b33b3fa0db08187da4fe820e59d3b729f3fbb076|Referer=https://www.pornhub.com/&User-Agent=Mozilla/5.0 (Windows NT 10.0; WOW64) AppleWebKit/537.36 (KHTML, like Gecko) Chrome/98.0.0.0 Safari/537.36' to '8/846c9864.jpg':
2026-02-13 23:34:09.260 T:136286   debug <general>: cached image 'special://masterprofile/Thumbnails/8/846c9864.jpg' size 320x180
2026-02-13 23:34:09.273 T:136286   debug <general>: easy_acquire - Created session to https://pix-cdn77.phncdn.com
2026-02-13 23:34:09.282 T:135718   debug <general>: ProcessMouse: trying mouse action wheeldown
2026-02-13 23:34:09.360 T:136096   debug <general>: Skipped 6 duplicate messages..
2026-02-13 23:34:09.360 T:136096   debug <general>: CCurlFile::GetMimeType - <https://pix-cdn77.phncdn.com/c6251/videos/202602/07/38648465/original/019c4437-2958-7c7b-9b39-c9fa33aa53a3.jpg/plain/rs:fit:320:180?hash=ND3OuZNzDE-Fc1kHOjPNZSRzSW0=&validto=1771140090|Referer=https://www.pornhub.com/&User-Agent=Mozilla/5.0 (Windows NT 10.0; WOW64) AppleWebKit/537.36 (KHTML, like Gecko) Chrome/98.0.0.0 Safari/537.36> -> image/jpeg
2026-02-13 23:34:09.360 T:136096   debug <general>: CurlFile::Open - <https://pix-cdn77.phncdn.com/c6251/videos/202602/07/38648465/original/019c4437-2958-7c7b-9b39-c9fa33aa53a3.jpg/plain/rs:fit:320:180?hash=ND3OuZNzDE-Fc1kHOjPNZSRzSW0=&validto=1771140090>
2026-02-13 23:34:09.371 T:135718   debug <general>: ProcessMouse: trying mouse action wheeldown
2026-02-13 23:34:09.441 T:136284   debug <general>: Skipped 1 duplicate messages..
2026-02-13 23:34:09.441 T:136284   debug <general>: CCurlFile::GetMimeType - <https://pix-cdn77.phncdn.com/c6371/videos/202602/07/38645305/original_38645305.mp4/plain/ex:1:no/bg:0:0:0/rs:fit:320:180/vts:414?hash=nQygsicjYPM738Zn7Ery-xDhXXE=&validto=1771140098|Referer=https://www.pornhub.com/&User-Agent=Mozilla/5.0 (Windows NT 10.0; WOW64) AppleWebKit/537.36 (KHTML, like Gecko) Chrome/98.0.0.0 Safari/537.36> -> image/jpeg
2026-02-13 23:34:09.441 T:136284   debug <general>: CurlFile::Open - <https://pix-cdn77.phncdn.com/c6371/videos/202602/07/38645305/original_38645305.mp4/plain/ex:1:no/bg:0:0:0/rs:fit:320:180/vts:414?hash=nQygsicjYPM738Zn7Ery-xDhXXE=&validto=1771140098>
2026-02-13 23:34:09.448 T:136094   debug <general>: CCurlFile::GetMimeType - <https://pix-cdn77.phncdn.com/c6371/videos/202602/13/39252685/original_39252685.mp4/plain/ex:1:no/bg:0:0:0/rs:fit:320:180/vts:6.9?hash=OeFCiY2jkJHSh4PHatvqORFq1S4=&validto=1771140090|Referer=https://www.pornhub.com/&User-Agent=Mozilla/5.0 (Windows NT 10.0; WOW64) AppleWebKit/537.36 (KHTML, like Gecko) Chrome/98.0.0.0 Safari/537.36> -> image/jpeg
2026-02-13 23:34:09.448 T:136094   debug <general>: CurlFile::Open - <https://pix-cdn77.phncdn.com/c6371/videos/202602/13/39252685/original_39252685.mp4/plain/ex:1:no/bg:0:0:0/rs:fit:320:180/vts:6.9?hash=OeFCiY2jkJHSh4PHatvqORFq1S4=&validto=1771140090>
2026-02-13 23:34:09.635 T:136094   debug <general>: Caching image 'https://pix-cdn77.phncdn.com/c6371/videos/202602/13/39252685/original_39252685.mp4/plain/ex:1:no/bg:0:0:0/rs:fit:320:180/vts:6.9?hash=OeFCiY2jkJHSh4PHatvqORFq1S4=&validto=1771140090|Referer=https://www.pornhub.com/&User-Agent=Mozilla/5.0 (Windows NT 10.0; WOW64) AppleWebKit/537.36 (KHTML, like Gecko) Chrome/98.0.0.0 Safari/537.36' to '1/1bddc70d.jpg':
2026-02-13 23:34:09.635 T:136094   debug <general>: cached image 'special://masterprofile/Thumbnails/1/1bddc70d.jpg' size 320x180
2026-02-13 23:34:09.656 T:136286   debug <general>: CCurlFile::GetMimeType - <https://pix-cdn77.phncdn.com/c6371/videos/202601/30/37865475/original_37865475.mov/plain/ex:1:no/bg:0:0:0/rs:fit:320:180/vts:253?hash=T4wM7tCirKca3UZQBDZOvRxUDro=&validto=1771140446|Referer=https://www.pornhub.com/&User-Agent=Mozilla/5.0 (Windows NT 10.0; WOW64) AppleWebKit/537.36 (KHTML, like Gecko) Chrome/98.0.0.0 Safari/537.36> -> image/jpeg
2026-02-13 23:34:09.656 T:136286   debug <general>: CurlFile::Open - <https://pix-cdn77.phncdn.com/c6371/videos/202601/30/37865475/original_37865475.mov/plain/ex:1:no/bg:0:0:0/rs:fit:320:180/vts:253?hash=T4wM7tCirKca3UZQBDZOvRxUDro=&validto=1771140446>
2026-02-13 23:34:09.731 T:136284   debug <general>: Caching image 'https://pix-cdn77.phncdn.com/c6371/videos/202602/07/38645305/original_38645305.mp4/plain/ex:1:no/bg:0:0:0/rs:fit:320:180/vts:414?hash=nQygsicjYPM738Zn7Ery-xDhXXE=&validto=1771140098|Referer=https://www.pornhub.com/&User-Agent=Mozilla/5.0 (Windows NT 10.0; WOW64) AppleWebKit/537.36 (KHTML, like Gecko) Chrome/98.0.0.0 Safari/537.36' to 'c/cb4a3184.jpg':
2026-02-13 23:34:09.731 T:136284   debug <general>: cached image 'special://masterprofile/Thumbnails/c/cb4a3184.jpg' size 320x180
2026-02-13 23:34:09.816 T:136096   debug <general>: Caching image 'https://pix-cdn77.phncdn.com/c6251/videos/202602/07/38648465/original/019c4437-2958-7c7b-9b39-c9fa33aa53a3.jpg/plain/rs:fit:320:180?hash=ND3OuZNzDE-Fc1kHOjPNZSRzSW0=&validto=1771140090|Referer=https://www.pornhub.com/&User-Agent=Mozilla/5.0 (Windows NT 10.0; WOW64) AppleWebKit/537.36 (KHTML, like Gecko) Chrome/98.0.0.0 Safari/537.36' to '6/6a31911b.jpg':
2026-02-13 23:34:09.816 T:136096   debug <general>: cached image 'special://masterprofile/Thumbnails/6/6a31911b.jpg' size 320x180
2026-02-13 23:34:09.913 T:136286   debug <general>: Caching image 'https://pix-cdn77.phncdn.com/c6371/videos/202601/30/37865475/original_37865475.mov/plain/ex:1:no/bg:0:0:0/rs:fit:320:180/vts:253?hash=T4wM7tCirKca3UZQBDZOvRxUDro=&validto=1771140446|Referer=https://www.pornhub.com/&User-Agent=Mozilla/5.0 (Windows NT 10.0; WOW64) AppleWebKit/537.36 (KHTML, like Gecko) Chrome/98.0.0.0 Safari/537.36' to 'b/b782b0f7.jpg':
2026-02-13 23:34:09.913 T:136286   debug <general>: cached image 'special://masterprofile/Thumbnails/b/b782b0f7.jpg' size 320x180
2026-02-13 23:34:09.922 T:136094   debug <general>: CCurlFile::GetMimeType - <https://pix-cdn77.phncdn.com/c6371/videos/202602/13/39230935/original_39230935.mov/plain/ex:1:no/bg:0:0:0/rs:fit:320:180/vts:12?hash=n23o9bwWVBmtWHxOSksL0OOguCk=&validto=1771140090|Referer=https://www.pornhub.com/&User-Agent=Mozilla/5.0 (Windows NT 10.0; WOW64) AppleWebKit/537.36 (KHTML, like Gecko) Chrome/98.0.0.0 Safari/537.36> -> image/jpeg
2026-02-13 23:34:09.922 T:136094   debug <general>: CurlFile::Open - <https://pix-cdn77.phncdn.com/c6371/videos/202602/13/39230935/original_39230935.mov/plain/ex:1:no/bg:0:0:0/rs:fit:320:180/vts:12?hash=n23o9bwWVBmtWHxOSksL0OOguCk=&validto=1771140090>
2026-02-13 23:34:10.158 T:136094   debug <general>: Caching image 'https://pix-cdn77.phncdn.com/c6371/videos/202602/13/39230935/original_39230935.mov/plain/ex:1:no/bg:0:0:0/rs:fit:320:180/vts:12?hash=n23o9bwWVBmtWHxOSksL0OOguCk=&validto=1771140090|Referer=https://www.pornhub.com/&User-Agent=Mozilla/5.0 (Windows NT 10.0; WOW64) AppleWebKit/537.36 (KHTML, like Gecko) Chrome/98.0.0.0 Safari/537.36' to 'a/a4093c10.jpg':
2026-02-13 23:34:10.158 T:136094   debug <general>: cached image 'special://masterprofile/Thumbnails/a/a4093c10.jpg' size 320x180
2026-02-13 23:34:10.295 T:135718   debug <general>: ProcessMouse: trying mouse action wheelup
2026-02-13 23:34:10.440 T:136096   debug <general>: Skipped 1 duplicate messages..
2026-02-13 23:34:10.440 T:136096   debug <general>: CCurlFile::GetMimeType - <https://pix-fl.phncdn.com/c6251/videos/202602/09/38808155/remux_38808155.mp4/plain/ex:1:no/bg:0:0:0/rs:fit:320:180/vts:10.9?hdnea=st=1771053690~exp=1771140090~hdl=-1~hmac=ac4117ae13eaeb1b1d55a85db29dfda5f0b8c158|Referer=https://www.pornhub.com/&User-Agent=Mozilla/5.0 (Windows NT 10.0; WOW64) AppleWebKit/537.36 (KHTML, like Gecko) Chrome/98.0.0.0 Safari/537.36> -> image/jpeg
2026-02-13 23:34:10.440 T:136096   debug <general>: CurlFile::Open - <https://pix-fl.phncdn.com/c6251/videos/202602/09/38808155/remux_38808155.mp4/plain/ex:1:no/bg:0:0:0/rs:fit:320:180/vts:10.9?hdnea=st=1771053690~exp=1771140090~hdl=-1~hmac=ac4117ae13eaeb1b1d55a85db29dfda5f0b8c158>
2026-02-13 23:34:10.479 T:136096   debug <general>: Caching image 'https://pix-fl.phncdn.com/c6251/videos/202602/09/38808155/remux_38808155.mp4/plain/ex:1:no/bg:0:0:0/rs:fit:320:180/vts:10.9?hdnea=st=1771053690~exp=1771140090~hdl=-1~hmac=ac4117ae13eaeb1b1d55a85db29dfda5f0b8c158|Referer=https://www.pornhub.com/&User-Agent=Mozilla/5.0 (Windows NT 10.0; WOW64) AppleWebKit/537.36 (KHTML, like Gecko) Chrome/98.0.0.0 Safari/537.36' to '6/65c4199e.jpg':
2026-02-13 23:34:10.479 T:136096   debug <general>: cached image 'special://masterprofile/Thumbnails/6/65c4199e.jpg' size 320x180
2026-02-13 23:34:10.662 T:136284   debug <general>: CCurlFile::GetMimeType - <https://pix-cdn77.phncdn.com/c6371/videos/202602/13/39251555/original_39251555.mp4/plain/ex:1:no/bg:0:0:0/rs:fit:320:180/vts:1.9?hash=-FvPjTCd2ijZDb7DwyWU1RUDzFc=&validto=1771140274|Referer=https://www.pornhub.com/&User-Agent=Mozilla/5.0 (Windows NT 10.0; WOW64) AppleWebKit/537.36 (KHTML, like Gecko) Chrome/98.0.0.0 Safari/537.36> -> image/jpeg
2026-02-13 23:34:10.662 T:136284   debug <general>: CurlFile::Open - <https://pix-cdn77.phncdn.com/c6371/videos/202602/13/39251555/original_39251555.mp4/plain/ex:1:no/bg:0:0:0/rs:fit:320:180/vts:1.9?hash=-FvPjTCd2ijZDb7DwyWU1RUDzFc=&validto=1771140274>
2026-02-13 23:34:10.774 T:135718   debug <general>: ProcessMouse: trying mouse action wheelup
2026-02-13 23:34:10.865 T:136284   debug <general>: Skipped 13 duplicate messages..
2026-02-13 23:34:10.865 T:136284   debug <general>: Caching image 'https://pix-cdn77.phncdn.com/c6371/videos/202602/13/39251555/original_39251555.mp4/plain/ex:1:no/bg:0:0:0/rs:fit:320:180/vts:1.9?hash=-FvPjTCd2ijZDb7DwyWU1RUDzFc=&validto=1771140274|Referer=https://www.pornhub.com/&User-Agent=Mozilla/5.0 (Windows NT 10.0; WOW64) AppleWebKit/537.36 (KHTML, like Gecko) Chrome/98.0.0.0 Safari/537.36' to '8/84e77752.jpg':
2026-02-13 23:34:10.865 T:136284   debug <general>: cached image 'special://masterprofile/Thumbnails/8/84e77752.jpg' size 320x180
2026-02-13 23:34:10.871 T:136284   debug <general>: easy_acquire - Created session to https://pix-fl.phncdn.com
2026-02-13 23:34:10.885 T:135718   debug <general>: ProcessMouse: trying mouse action wheelup
2026-02-13 23:34:10.915 T:136096   debug <general>: Skipped 1 duplicate messages..
2026-02-13 23:34:10.915 T:136096   debug <general>: CCurlFile::GetMimeType - <https://pix-fl.phncdn.com/c6371/videos/202602/13/39236055/original_39236055.mp4/plain/ex:1:no/bg:0:0:0/rs:fit:320:180/vts:5.9?hdnea=st=1771054315~exp=1771140715~hdl=-1~hmac=ee7e99859771dba3275d320f7998cb56732676e5|Referer=https://www.pornhub.com/&User-Agent=Mozilla/5.0 (Windows NT 10.0; WOW64) AppleWebKit/537.36 (KHTML, like Gecko) Chrome/98.0.0.0 Safari/537.36> -> image/jpeg
2026-02-13 23:34:10.916 T:136096   debug <general>: CurlFile::Open - <https://pix-fl.phncdn.com/c6371/videos/202602/13/39236055/original_39236055.mp4/plain/ex:1:no/bg:0:0:0/rs:fit:320:180/vts:5.9?hdnea=st=1771054315~exp=1771140715~hdl=-1~hmac=ee7e99859771dba3275d320f7998cb56732676e5>
2026-02-13 23:34:10.929 T:135718   debug <general>: ProcessMouse: trying mouse action wheelup
2026-02-13 23:34:10.958 T:136096   debug <general>: Skipped 1 duplicate messages..
2026-02-13 23:34:10.958 T:136096   debug <general>: Caching image 'https://pix-fl.phncdn.com/c6371/videos/202602/13/39236055/original_39236055.mp4/plain/ex:1:no/bg:0:0:0/rs:fit:320:180/vts:5.9?hdnea=st=1771054315~exp=1771140715~hdl=-1~hmac=ee7e99859771dba3275d320f7998cb56732676e5|Referer=https://www.pornhub.com/&User-Agent=Mozilla/5.0 (Windows NT 10.0; WOW64) AppleWebKit/537.36 (KHTML, like Gecko) Chrome/98.0.0.0 Safari/537.36' to 'e/e4c24878.jpg':
2026-02-13 23:34:10.958 T:136096   debug <general>: cached image 'special://masterprofile/Thumbnails/e/e4c24878.jpg' size 320x180
2026-02-13 23:34:10.988 T:136284   debug <general>: CCurlFile::GetMimeType - <https://pix-fl.phncdn.com/c6371/videos/202602/08/38756435/original_38756435.mov/plain/ex:1:no/bg:0:0:0/rs:fit:320:180/vts:69?hdnea=st=1771054322~exp=1771140722~hdl=-1~hmac=06b1a7b67b7a8852b8ebfcb6217bb14a8ebd3c0e|Referer=https://www.pornhub.com/&User-Agent=Mozilla/5.0 (Windows NT 10.0; WOW64) AppleWebKit/537.36 (KHTML, like Gecko) Chrome/98.0.0.0 Safari/537.36> -> image/jpeg
2026-02-13 23:34:10.989 T:136284   debug <general>: CurlFile::Open - <https://pix-fl.phncdn.com/c6371/videos/202602/08/38756435/original_38756435.mov/plain/ex:1:no/bg:0:0:0/rs:fit:320:180/vts:69?hdnea=st=1771054322~exp=1771140722~hdl=-1~hmac=06b1a7b67b7a8852b8ebfcb6217bb14a8ebd3c0e>
2026-02-13 23:34:11.034 T:136284   debug <general>: Caching image 'https://pix-fl.phncdn.com/c6371/videos/202602/08/38756435/original_38756435.mov/plain/ex:1:no/bg:0:0:0/rs:fit:320:180/vts:69?hdnea=st=1771054322~exp=1771140722~hdl=-1~hmac=06b1a7b67b7a8852b8ebfcb6217bb14a8ebd3c0e|Referer=https://www.pornhub.com/&User-Agent=Mozilla/5.0 (Windows NT 10.0; WOW64) AppleWebKit/537.36 (KHTML, like Gecko) Chrome/98.0.0.0 Safari/537.36' to 'f/f621cc36.jpg':
2026-02-13 23:34:11.034 T:136284   debug <general>: cached image 'special://masterprofile/Thumbnails/f/f621cc36.jpg' size 320x180
2026-02-13 23:34:11.060 T:136286   debug <general>: CCurlFile::GetMimeType - <https://pix-cdn77.phncdn.com/c6371/videos/202602/12/39173855/original_39173855.mp4/plain/ex:1:no/bg:0:0:0/rs:fit:320:180/vts:945?hash=RbyerNoFFhKHh44OZYHKqNbQWt4=&validto=1771140090|Referer=https://www.pornhub.com/&User-Agent=Mozilla/5.0 (Windows NT 10.0; WOW64) AppleWebKit/537.36 (KHTML, like Gecko) Chrome/98.0.0.0 Safari/537.36> -> image/jpeg
2026-02-13 23:34:11.060 T:136286   debug <general>: CurlFile::Open - <https://pix-cdn77.phncdn.com/c6371/videos/202602/12/39173855/original_39173855.mp4/plain/ex:1:no/bg:0:0:0/rs:fit:320:180/vts:945?hash=RbyerNoFFhKHh44OZYHKqNbQWt4=&validto=1771140090>
2026-02-13 23:34:11.130 T:135718   debug <general>: ProcessMouse: trying mouse action wheelup
2026-02-13 23:34:11.263 T:136094   debug <general>: Skipped 16 duplicate messages..
2026-02-13 23:34:11.263 T:136094   debug <general>: CCurlFile::GetMimeType - <https://pix-cdn77.phncdn.com/c6371/videos/202602/12/39176505/original_39176505.mp4/plain/ex:1:no/bg:0:0:0/rs:fit:320:180/vts:23?hash=a9MHgsMJs8p-_iCLmCQ4wW_X3XA=&validto=1771140090|Referer=https://www.pornhub.com/&User-Agent=Mozilla/5.0 (Windows NT 10.0; WOW64) AppleWebKit/537.36 (KHTML, like Gecko) Chrome/98.0.0.0 Safari/537.36> -> image/jpeg
2026-02-13 23:34:11.263 T:136094   debug <general>: CurlFile::Open - <https://pix-cdn77.phncdn.com/c6371/videos/202602/12/39176505/original_39176505.mp4/plain/ex:1:no/bg:0:0:0/rs:fit:320:180/vts:23?hash=a9MHgsMJs8p-_iCLmCQ4wW_X3XA=&validto=1771140090>
2026-02-13 23:34:11.263 T:135718   debug <general>: ProcessMouse: trying mouse action wheelup
2026-02-13 23:34:11.265 T:136286   debug <general>: Skipped 1 duplicate messages..
2026-02-13 23:34:11.265 T:136286   debug <general>: Caching image 'https://pix-cdn77.phncdn.com/c6371/videos/202602/12/39173855/original_39173855.mp4/plain/ex:1:no/bg:0:0:0/rs:fit:320:180/vts:945?hash=RbyerNoFFhKHh44OZYHKqNbQWt4=&validto=1771140090|Referer=https://www.pornhub.com/&User-Agent=Mozilla/5.0 (Windows NT 10.0; WOW64) AppleWebKit/537.36 (KHTML, like Gecko) Chrome/98.0.0.0 Safari/537.36' to 'd/d8f5c17b.jpg':
2026-02-13 23:34:11.265 T:136286   debug <general>: cached image 'special://masterprofile/Thumbnails/d/d8f5c17b.jpg' size 320x180
2026-02-13 23:34:11.274 T:135718   debug <general>: ProcessMouse: trying mouse action wheelup
2026-02-13 23:34:11.315 T:136096   debug <general>: Skipped 5 duplicate messages..
2026-02-13 23:34:11.315 T:136096   debug <general>: CCurlFile::GetMimeType - <https://pix-cdn77.phncdn.com/c6371/videos/202602/11/39088825/original_39088825.mp4/plain/ex:1:no/bg:0:0:0/rs:fit:320:180/vts:69?hash=zPYWKn4-gKCQQx3l7RK0e4CO1J4=&validto=1771140304|Referer=https://www.pornhub.com/&User-Agent=Mozilla/5.0 (Windows NT 10.0; WOW64) AppleWebKit/537.36 (KHTML, like Gecko) Chrome/98.0.0.0 Safari/537.36> -> image/jpeg
2026-02-13 23:34:11.315 T:136096   debug <general>: CurlFile::Open - <https://pix-cdn77.phncdn.com/c6371/videos/202602/11/39088825/original_39088825.mp4/plain/ex:1:no/bg:0:0:0/rs:fit:320:180/vts:69?hash=zPYWKn4-gKCQQx3l7RK0e4CO1J4=&validto=1771140304>
2026-02-13 23:34:11.319 T:135718   debug <general>: ProcessMouse: trying mouse action wheelup
2026-02-13 23:34:11.524 T:136284   debug <general>: Skipped 2 duplicate messages..
2026-02-13 23:34:11.524 T:136284   debug <general>: CCurlFile::GetMimeType - <https://pix-fl.phncdn.com/c6371/videos/202602/12/39136595/original_39136595.mov/plain/ex:1:no/bg:0:0:0/rs:fit:320:180/vts:478?hdnea=st=1771054046~exp=1771140446~hdl=-1~hmac=64ca26420255bfa4126b0fd24473b961ac888da0|Referer=https://www.pornhub.com/&User-Agent=Mozilla/5.0 (Windows NT 10.0; WOW64) AppleWebKit/537.36 (KHTML, like Gecko) Chrome/98.0.0.0 Safari/537.36> -> image/jpeg
2026-02-13 23:34:11.524 T:136284   debug <general>: CurlFile::Open - <https://pix-fl.phncdn.com/c6371/videos/202602/12/39136595/original_39136595.mov/plain/ex:1:no/bg:0:0:0/rs:fit:320:180/vts:478?hdnea=st=1771054046~exp=1771140446~hdl=-1~hmac=64ca26420255bfa4126b0fd24473b961ac888da0>
2026-02-13 23:34:11.524 T:136094   debug <general>: Caching image 'https://pix-cdn77.phncdn.com/c6371/videos/202602/12/39176505/original_39176505.mp4/plain/ex:1:no/bg:0:0:0/rs:fit:320:180/vts:23?hash=a9MHgsMJs8p-_iCLmCQ4wW_X3XA=&validto=1771140090|Referer=https://www.pornhub.com/&User-Agent=Mozilla/5.0 (Windows NT 10.0; WOW64) AppleWebKit/537.36 (KHTML, like Gecko) Chrome/98.0.0.0 Safari/537.36' to '8/883cc46f.jpg':
2026-02-13 23:34:11.524 T:136094   debug <general>: cached image 'special://masterprofile/Thumbnails/8/883cc46f.jpg' size 320x180
2026-02-13 23:34:11.524 T:136096   debug <general>: Caching image 'https://pix-cdn77.phncdn.com/c6371/videos/202602/11/39088825/original_39088825.mp4/plain/ex:1:no/bg:0:0:0/rs:fit:320:180/vts:69?hash=zPYWKn4-gKCQQx3l7RK0e4CO1J4=&validto=1771140304|Referer=https://www.pornhub.com/&User-Agent=Mozilla/5.0 (Windows NT 10.0; WOW64) AppleWebKit/537.36 (KHTML, like Gecko) Chrome/98.0.0.0 Safari/537.36' to 'd/d0a6bb9d.jpg':
2026-02-13 23:34:11.525 T:136096   debug <general>: cached image 'special://masterprofile/Thumbnails/d/d0a6bb9d.jpg' size 320x180
2026-02-13 23:34:11.570 T:136284   debug <general>: Caching image 'https://pix-fl.phncdn.com/c6371/videos/202602/12/39136595/original_39136595.mov/plain/ex:1:no/bg:0:0:0/rs:fit:320:180/vts:478?hdnea=st=1771054046~exp=1771140446~hdl=-1~hmac=64ca26420255bfa4126b0fd24473b961ac888da0|Referer=https://www.pornhub.com/&User-Agent=Mozilla/5.0 (Windows NT 10.0; WOW64) AppleWebKit/537.36 (KHTML, like Gecko) Chrome/98.0.0.0 Safari/537.36' to 'c/cf56b46c.jpg':
2026-02-13 23:34:11.570 T:136284   debug <general>: cached image 'special://masterprofile/Thumbnails/c/cf56b46c.jpg' size 320x180
2026-02-13 23:34:12.065 T:135760   debug <general>: Presentation: Frame was discarded by compositor
2026-02-13 23:34:13.455 T:135718   debug <general>: Skipped 7 duplicate messages..
2026-02-13 23:34:13.455 T:135718   debug <general>: ProcessMouse: trying mouse action leftclick
2026-02-13 23:34:13.456 T:135718   debug <general>: CGUIMediaWindow::GetDirectory (plugin://plugin.video.cumination/?channel=None&keyword&mode=pornhub.Categories&name=%5bCOLOR%20hotpink%5dCategories%5b%2fCOLOR%5d&page=None&section=None&url=https%3a%2f%2fwww.pornhub.com%2fcategories)
2026-02-13 23:34:13.456 T:135718   debug <general>:   ParentPath = [plugin://plugin.video.cumination/?channel=None&keyword&mode=pornhub.Main&name=%5bCOLOR%20hotpink%5dPornHub%5b%2fCOLOR%5d&page=None&section=None&url=https%3a%2f%2fwww.pornhub.com%2f]
2026-02-13 23:34:13.456 T:136307   debug <general>: Thread waiting start, auto delete: false
2026-02-13 23:34:13.467 T:136094   debug <general>: CAddonDatabase::SetLastUsed[plugin.video.cumination] took 11 ms
2026-02-13 23:34:13.467 T:136307   debug <general>: CScriptRunner: running add-on script Cumination('plugin://plugin.video.cumination/', '15', '?channel=None&keyword&mode=pornhub.Categories&name=%5bCOLOR%20hotpink%5dCategories%5b%2fCOLOR%5d&page=None&section=None&url=https%3a%2f%2fwww.pornhub.com%2fcategories')
2026-02-13 23:34:13.468 T:136308   debug <general>: Thread LanguageInvoker start, auto delete: false
2026-02-13 23:34:13.468 T:136308   debug <general>: initializing python engine.
2026-02-13 23:34:13.468 T:136308   debug <general>: CPythonInvoker(17, /home/rpeters1428/.kodi/addons/plugin.video.cumination/default.py): start processing
2026-02-13 23:34:13.476 T:136308   debug <general>: -->Python Interpreter Initialized<--
2026-02-13 23:34:13.476 T:136308   debug <general>: 
                                                   
2026-02-13 23:34:13.476 T:136308   debug <general>: CPythonInvoker(17, /home/rpeters1428/.kodi/addons/plugin.video.cumination/default.py): the source file to load is "/home/rpeters1428/.kodi/addons/plugin.video.cumination/default.py"
2026-02-13 23:34:13.476 T:136308   debug <general>: CPythonInvoker(17): full python path:
2026-02-13 23:34:13.476 T:136308   debug <general>: CPythonInvoker(17):   custom python path:
2026-02-13 23:34:13.476 T:136308   debug <general>: CPythonInvoker(17):     /home/rpeters1428/.kodi/addons/plugin.video.cumination
2026-02-13 23:34:13.476 T:136308   debug <general>: CPythonInvoker(17):     /home/rpeters1428/.kodi/addons/script.common.plugin.cache/resources/lib/storage_server/
2026-02-13 23:34:13.476 T:136308   debug <general>: CPythonInvoker(17):     /home/rpeters1428/.kodi/addons/script.module.beautifulsoup4/lib
2026-02-13 23:34:13.476 T:136308   debug <general>: CPythonInvoker(17):     /home/rpeters1428/.kodi/addons/script.module.certifi/lib
2026-02-13 23:34:13.476 T:136308   debug <general>: CPythonInvoker(17):     /home/rpeters1428/.kodi/addons/script.module.chardet/lib
2026-02-13 23:34:13.476 T:136308   debug <general>: CPythonInvoker(17):     /home/rpeters1428/.kodi/addons/script.module.idna/lib
2026-02-13 23:34:13.476 T:136308   debug <general>: CPythonInvoker(17):     /home/rpeters1428/.kodi/addons/script.module.inputstreamhelper/lib
2026-02-13 23:34:13.476 T:136308   debug <general>: CPythonInvoker(17):     /home/rpeters1428/.kodi/addons/script.module.kodi-six/libs
2026-02-13 23:34:13.476 T:136308   debug <general>: CPythonInvoker(17):     /home/rpeters1428/.kodi/addons/script.module.requests/lib
2026-02-13 23:34:13.476 T:136308   debug <general>: CPythonInvoker(17):     /home/rpeters1428/.kodi/addons/script.module.resolveurl.xxx/lib
2026-02-13 23:34:13.476 T:136308   debug <general>: CPythonInvoker(17):     /home/rpeters1428/.kodi/addons/script.module.resolveurl/lib
2026-02-13 23:34:13.476 T:136308   debug <general>: CPythonInvoker(17):     /home/rpeters1428/.kodi/addons/script.module.six/lib
2026-02-13 23:34:13.476 T:136308   debug <general>: CPythonInvoker(17):     /home/rpeters1428/.kodi/addons/script.module.soupsieve/lib
2026-02-13 23:34:13.476 T:136308   debug <general>: CPythonInvoker(17):     /home/rpeters1428/.kodi/addons/script.module.urllib3/lib
2026-02-13 23:34:13.476 T:136308   debug <general>: CPythonInvoker(17):     /home/rpeters1428/.kodi/addons/script.module.websocket/lib
2026-02-13 23:34:13.476 T:136308   debug <general>: CPythonInvoker(17):   default python path:
2026-02-13 23:34:13.476 T:136308   debug <general>: CPythonInvoker(17):     /usr/lib64/python314.zip
2026-02-13 23:34:13.476 T:136308   debug <general>: CPythonInvoker(17):     /usr/lib64/python3.14
2026-02-13 23:34:13.476 T:136308   debug <general>: CPythonInvoker(17):     /usr/lib64/python3.14/lib-dynload
2026-02-13 23:34:13.476 T:136308   debug <general>: CPythonInvoker(17):     /home/rpeters1428/.local/lib/python3.14/site-packages
2026-02-13 23:34:13.476 T:136308   debug <general>: CPythonInvoker(17):     /usr/lib64/python3.14/site-packages
2026-02-13 23:34:13.476 T:136308   debug <general>: CPythonInvoker(17):     /usr/lib/python3.14/site-packages
2026-02-13 23:34:13.476 T:136308   debug <general>: CPythonInvoker(17): adding args:
2026-02-13 23:34:13.476 T:136308   debug <general>: CPythonInvoker(17):  plugin://plugin.video.cumination/
2026-02-13 23:34:13.476 T:136308   debug <general>: CPythonInvoker(17):  15
2026-02-13 23:34:13.476 T:136308   debug <general>: CPythonInvoker(17):  ?channel=None&keyword&mode=pornhub.Categories&name=%5bCOLOR%20hotpink%5dCategories%5b%2fCOLOR%5d&page=None&section=None&url=https%3a%2f%2fwww.pornhub.com%2fcategories
2026-02-13 23:34:13.476 T:136308   debug <general>: CPythonInvoker(17):  resume:false
2026-02-13 23:34:13.476 T:136308   debug <general>: CPythonInvoker(17, /home/rpeters1428/.kodi/addons/plugin.video.cumination/default.py): entering source directory /home/rpeters1428/.kodi/addons/plugin.video.cumination
2026-02-13 23:34:13.476 T:136308   debug <general>: CPythonInvoker(17, /home/rpeters1428/.kodi/addons/plugin.video.cumination/default.py): instantiating addon using automatically obtained id of "plugin.video.cumination" dependent on version 3.0.0 of the xbmc.python api
2026-02-13 23:34:13.501 T:136308   debug <CAddonSettings[0@plugin.video.cumination]>: trying to load setting definitions from old format...
2026-02-13 23:34:13.501 T:136308   debug <CSettingsManager>: requested setting (changelog_seen_version) was not found.
2026-02-13 23:34:13.501 T:136308   debug <CSettingsManager>: requested setting (cuminationage) was not found.
2026-02-13 23:34:13.501 T:136308   debug <CSettingsManager>: requested setting (current_ua) was not found.
2026-02-13 23:34:13.501 T:136308   debug <CSettingsManager>: requested setting (last_ua_create) was not found.
2026-02-13 23:34:13.556 T:135718   debug <general>: ------ Window Init (DialogBusy.xml) ------
2026-02-13 23:34:13.598 T:136308    info <general>: @@@@Cumination: Import Error Cryptodome: No module named 'Cryptodome'
2026-02-13 23:34:13.602 T:136308   debug <CSettingsManager>: requested setting (tahlogged) was not found.
2026-02-13 23:34:13.604 T:136308   debug <CSettingsManager>: requested setting (xflogged) was not found.
2026-02-13 23:34:13.609 T:136308   debug <CSettingsManager>: requested setting (htvlogged) was not found.
2026-02-13 23:34:13.614 T:136308   debug <CSettingsManager>: requested setting (jblogged) was not found.
2026-02-13 23:34:13.617 T:136308   debug <CSettingsManager>: requested setting (spankbang_quality) was not found.
2026-02-13 23:34:13.617 T:136308   debug <CSettingsManager>: requested setting (spankbang_length) was not found.
2026-02-13 23:34:13.620 T:136308   debug <CSettingsManager>: requested setting (ptlogged) was not found.
2026-02-13 23:34:13.620 T:136308   debug <CSettingsManager>: requested setting (ptlength) was not found.
2026-02-13 23:34:13.621 T:136308   debug <CSettingsManager>: requested setting (cblogged) was not found.
2026-02-13 23:34:13.627 T:136308   debug <CSettingsManager>: requested setting (whlogged) was not found.
2026-02-13 23:34:13.628 T:136308   debug <CSettingsManager>: requested setting (pincode) was not found.
2026-02-13 23:34:13.628 T:136308   debug <CSettingsManager>: requested setting (logintime) was not found.
2026-02-13 23:34:13.630 T:136308    info <general>: @@@@Cumination: PornHub Categories URL: https://www.pornhub.com/categories
2026-02-13 23:34:15.975 T:136308   debug <general>: CPythonInvoker(17, /home/rpeters1428/.kodi/addons/plugin.video.cumination/default.py): script aborted
2026-02-13 23:34:15.975 T:136308   debug <general>: onExecutionDone(17, /home/rpeters1428/.kodi/addons/plugin.video.cumination/default.py)
2026-02-13 23:34:15.975 T:136308   debug <general>: .
2026-02-13 23:34:15.976 T:136307   debug <general>: Skipped 2 duplicate messages..
2026-02-13 23:34:15.976 T:136307   debug <general>: Thread waiting 139669865469632 terminating
2026-02-13 23:34:16.012 T:135718   debug <general>: ------ Window Deinit (DialogBusy.xml) ------
2026-02-13 23:34:16.018 T:135718   debug <general>: Saving fileitems [plugin://plugin.video.cumination/?channel=None&keyword&mode=pornhub.Categories&name=%5bCOLOR%20hotpink%5dCategories%5b%2fCOLOR%5d&page=None&section=None&url=https%3a%2f%2fwww.pornhub.com%2fcategories]
2026-02-13 23:34:16.020 T:135718   debug <general>:   -- items: 113, sort method: 0, ascending: false
2026-02-13 23:34:16.021 T:136309   debug <general>: Thread BackgroundLoader start, auto delete: false
2026-02-13 23:34:16.021 T:135718   debug <general>: [threads] name: 'BackgroundLoader' priority: '1'
2026-02-13 23:34:16.024 T:136308   debug <general>: Python interpreter stopped
2026-02-13 23:34:16.024 T:136308   debug <general>: Thread LanguageInvoker 139671036217024 terminating
2026-02-13 23:34:16.024 T:136309   debug <general>: Thread BackgroundLoader 139670069544640 terminating
2026-02-13 23:34:17.687 T:135786   debug <general>: AddOnLog: pvr.hts: new connection requested
2026-02-13 23:34:17.688 T:135786   error <general>: AddOnLog: pvr.hts: unable to connect to 127.0.0.1:9982
2026-02-13 23:34:17.929 T:135718   debug <general>: ProcessMouse: trying mouse action leftclick
2026-02-13 23:34:17.929 T:135718   debug <general>: CGUIMediaWindow::GetDirectory (plugin://plugin.video.cumination/?channel=None&keyword&mode=pornhub.List&name=Amateur%20%5bCOLOR%20orange%5d(504%2c629%20Videos%20videos)%5b%2fCOLOR%5d&page&section=None&url=https%3a%2f%2fwww.pornhub.com%2fvideo%3fc%3d3)
2026-02-13 23:34:17.929 T:135718   debug <general>:   ParentPath = [plugin://plugin.video.cumination/?channel=None&keyword&mode=pornhub.Categories&name=%5bCOLOR%20hotpink%5dCategories%5b%2fCOLOR%5d&page=None&section=None&url=https%3a%2f%2fwww.pornhub.com%2fcategories]
2026-02-13 23:34:17.929 T:136310   debug <general>: Thread waiting start, auto delete: false
2026-02-13 23:34:17.941 T:136094   debug <general>: CAddonDatabase::SetLastUsed[plugin.video.cumination] took 11 ms
2026-02-13 23:34:17.941 T:136310   debug <general>: CScriptRunner: running add-on script Cumination('plugin://plugin.video.cumination/', '16', '?channel=None&keyword&mode=pornhub.List&name=Amateur%20%5bCOLOR%20orange%5d(504%2c629%20Videos%20videos)%5b%2fCOLOR%5d&page&section=None&url=https%3a%2f%2fwww.pornhub.com%2fvideo%3fc%3d3')
2026-02-13 23:34:17.941 T:136311   debug <general>: Thread LanguageInvoker start, auto delete: false
2026-02-13 23:34:17.941 T:136311   debug <general>: initializing python engine.
2026-02-13 23:34:17.941 T:136311   debug <general>: CPythonInvoker(18, /home/rpeters1428/.kodi/addons/plugin.video.cumination/default.py): start processing
2026-02-13 23:34:17.950 T:136311   debug <general>: -->Python Interpreter Initialized<--
2026-02-13 23:34:17.950 T:136311   debug <general>: 
                                                   
2026-02-13 23:34:17.950 T:136311   debug <general>: CPythonInvoker(18, /home/rpeters1428/.kodi/addons/plugin.video.cumination/default.py): the source file to load is "/home/rpeters1428/.kodi/addons/plugin.video.cumination/default.py"
2026-02-13 23:34:17.950 T:136311   debug <general>: CPythonInvoker(18): full python path:
2026-02-13 23:34:17.950 T:136311   debug <general>: CPythonInvoker(18):   custom python path:
2026-02-13 23:34:17.950 T:136311   debug <general>: CPythonInvoker(18):     /home/rpeters1428/.kodi/addons/plugin.video.cumination
2026-02-13 23:34:17.950 T:136311   debug <general>: CPythonInvoker(18):     /home/rpeters1428/.kodi/addons/script.common.plugin.cache/resources/lib/storage_server/
2026-02-13 23:34:17.950 T:136311   debug <general>: CPythonInvoker(18):     /home/rpeters1428/.kodi/addons/script.module.beautifulsoup4/lib
2026-02-13 23:34:17.950 T:136311   debug <general>: CPythonInvoker(18):     /home/rpeters1428/.kodi/addons/script.module.certifi/lib
2026-02-13 23:34:17.950 T:136311   debug <general>: CPythonInvoker(18):     /home/rpeters1428/.kodi/addons/script.module.chardet/lib
2026-02-13 23:34:17.950 T:136311   debug <general>: CPythonInvoker(18):     /home/rpeters1428/.kodi/addons/script.module.idna/lib
2026-02-13 23:34:17.950 T:136311   debug <general>: CPythonInvoker(18):     /home/rpeters1428/.kodi/addons/script.module.inputstreamhelper/lib
2026-02-13 23:34:17.950 T:136311   debug <general>: CPythonInvoker(18):     /home/rpeters1428/.kodi/addons/script.module.kodi-six/libs
2026-02-13 23:34:17.950 T:136311   debug <general>: CPythonInvoker(18):     /home/rpeters1428/.kodi/addons/script.module.requests/lib
2026-02-13 23:34:17.950 T:136311   debug <general>: CPythonInvoker(18):     /home/rpeters1428/.kodi/addons/script.module.resolveurl.xxx/lib
2026-02-13 23:34:17.950 T:136311   debug <general>: CPythonInvoker(18):     /home/rpeters1428/.kodi/addons/script.module.resolveurl/lib
2026-02-13 23:34:17.950 T:136311   debug <general>: CPythonInvoker(18):     /home/rpeters1428/.kodi/addons/script.module.six/lib
2026-02-13 23:34:17.950 T:136311   debug <general>: CPythonInvoker(18):     /home/rpeters1428/.kodi/addons/script.module.soupsieve/lib
2026-02-13 23:34:17.950 T:136311   debug <general>: CPythonInvoker(18):     /home/rpeters1428/.kodi/addons/script.module.urllib3/lib
2026-02-13 23:34:17.950 T:136311   debug <general>: CPythonInvoker(18):     /home/rpeters1428/.kodi/addons/script.module.websocket/lib
2026-02-13 23:34:17.950 T:136311   debug <general>: CPythonInvoker(18):   default python path:
2026-02-13 23:34:17.950 T:136311   debug <general>: CPythonInvoker(18):     /usr/lib64/python314.zip
2026-02-13 23:34:17.950 T:136311   debug <general>: CPythonInvoker(18):     /usr/lib64/python3.14
2026-02-13 23:34:17.950 T:136311   debug <general>: CPythonInvoker(18):     /usr/lib64/python3.14/lib-dynload
2026-02-13 23:34:17.950 T:136311   debug <general>: CPythonInvoker(18):     /home/rpeters1428/.local/lib/python3.14/site-packages
2026-02-13 23:34:17.950 T:136311   debug <general>: CPythonInvoker(18):     /usr/lib64/python3.14/site-packages
2026-02-13 23:34:17.950 T:136311   debug <general>: CPythonInvoker(18):     /usr/lib/python3.14/site-packages
2026-02-13 23:34:17.950 T:136311   debug <general>: CPythonInvoker(18): adding args:
2026-02-13 23:34:17.950 T:136311   debug <general>: CPythonInvoker(18):  plugin://plugin.video.cumination/
2026-02-13 23:34:17.950 T:136311   debug <general>: CPythonInvoker(18):  16
2026-02-13 23:34:17.950 T:136311   debug <general>: CPythonInvoker(18):  ?channel=None&keyword&mode=pornhub.List&name=Amateur%20%5bCOLOR%20orange%5d(504%2c629%20Videos%20videos)%5b%2fCOLOR%5d&page&section=None&url=https%3a%2f%2fwww.pornhub.com%2fvideo%3fc%3d3
2026-02-13 23:34:17.950 T:136311   debug <general>: CPythonInvoker(18):  resume:false
2026-02-13 23:34:17.950 T:136311   debug <general>: CPythonInvoker(18, /home/rpeters1428/.kodi/addons/plugin.video.cumination/default.py): entering source directory /home/rpeters1428/.kodi/addons/plugin.video.cumination
2026-02-13 23:34:17.950 T:136311   debug <general>: CPythonInvoker(18, /home/rpeters1428/.kodi/addons/plugin.video.cumination/default.py): instantiating addon using automatically obtained id of "plugin.video.cumination" dependent on version 3.0.0 of the xbmc.python api
2026-02-13 23:34:17.978 T:136311   debug <CAddonSettings[0@plugin.video.cumination]>: trying to load setting definitions from old format...
2026-02-13 23:34:17.979 T:136311   debug <CSettingsManager>: requested setting (changelog_seen_version) was not found.
2026-02-13 23:34:17.979 T:136311   debug <CSettingsManager>: requested setting (cuminationage) was not found.
2026-02-13 23:34:17.979 T:136311   debug <CSettingsManager>: requested setting (current_ua) was not found.
2026-02-13 23:34:17.979 T:136311   debug <CSettingsManager>: requested setting (last_ua_create) was not found.
2026-02-13 23:34:18.030 T:135718   debug <general>: ------ Window Init (DialogBusy.xml) ------
2026-02-13 23:34:18.096 T:136311    info <general>: @@@@Cumination: Import Error Cryptodome: No module named 'Cryptodome'
2026-02-13 23:34:18.103 T:136311   debug <CSettingsManager>: requested setting (tahlogged) was not found.
2026-02-13 23:34:18.106 T:136311   debug <CSettingsManager>: requested setting (xflogged) was not found.
2026-02-13 23:34:18.112 T:136311   debug <CSettingsManager>: requested setting (htvlogged) was not found.
2026-02-13 23:34:18.120 T:136311   debug <CSettingsManager>: requested setting (jblogged) was not found.
2026-02-13 23:34:18.124 T:136311   debug <CSettingsManager>: requested setting (spankbang_quality) was not found.
2026-02-13 23:34:18.124 T:136311   debug <CSettingsManager>: requested setting (spankbang_length) was not found.
2026-02-13 23:34:18.128 T:136311   debug <CSettingsManager>: requested setting (ptlogged) was not found.
2026-02-13 23:34:18.128 T:136311   debug <CSettingsManager>: requested setting (ptlength) was not found.
2026-02-13 23:34:18.129 T:136311   debug <CSettingsManager>: requested setting (cblogged) was not found.
2026-02-13 23:34:18.138 T:136311   debug <CSettingsManager>: requested setting (whlogged) was not found.
2026-02-13 23:34:18.139 T:136311   debug <CSettingsManager>: requested setting (pincode) was not found.
2026-02-13 23:34:18.139 T:136311   debug <CSettingsManager>: requested setting (logintime) was not found.
2026-02-13 23:34:18.142 T:136311   debug <CSettingsManager>: requested setting (pornhubproduction) was not found.
2026-02-13 23:34:18.142 T:136311   debug <CSettingsManager>: requested setting (pornhubminlength) was not found.
2026-02-13 23:34:18.142 T:136311   debug <CSettingsManager>: requested setting (pornhubmaxlength) was not found.
2026-02-13 23:34:18.142 T:136311   debug <CSettingsManager>: requested setting (pornhubquality) was not found.
2026-02-13 23:34:18.142 T:136311   debug <CSettingsManager>: requested setting (pornhubcountry) was not found.
2026-02-13 23:34:18.142 T:136311   debug <CSettingsManager>: requested setting (pornhubsortby) was not found.
2026-02-13 23:34:18.142 T:136311   debug <CSettingsManager>: requested setting (pornhubtime) was not found.
2026-02-13 23:34:18.142 T:136311   debug <CSettingsManager>: requested setting (pornhubproduction) was not found.
2026-02-13 23:34:18.142 T:136311   debug <CSettingsManager>: requested setting (pornhubminlength) was not found.
2026-02-13 23:34:18.142 T:136311   debug <CSettingsManager>: requested setting (pornhubmaxlength) was not found.
2026-02-13 23:34:18.142 T:136311   debug <CSettingsManager>: requested setting (pornhubquality) was not found.
2026-02-13 23:34:18.142 T:136311   debug <CSettingsManager>: requested setting (pornhubcountry) was not found.
2026-02-13 23:34:18.142 T:136311   debug <CSettingsManager>: requested setting (pornhubsortby) was not found.
2026-02-13 23:34:18.142 T:136311   debug <CSettingsManager>: requested setting (pornhubtime) was not found.
2026-02-13 23:34:20.367 T:136311   debug <CSettingsManager>: requested setting (favorder) was not found.
2026-02-13 23:34:20.446 T:136311   debug <general>: Skipped 33 duplicate messages..
2026-02-13 23:34:20.446 T:136311   debug <general>: CPythonInvoker(18, /home/rpeters1428/.kodi/addons/plugin.video.cumination/default.py): script aborted
