2026-02-27 21:33:35.118 T:6812    debug <general>: CAddonDatabase: SELECT repo.id FROM repo .. took 0 ms
2026-02-27 21:33:35.118 T:12796   debug <general>: ------ Window Deinit (DialogBusy.xml) ------
2026-02-27 21:33:35.123 T:6812    debug <general>: CAddonDatabase: query  SELECT addons.*, repo.addonID AS repoID FROM addons JOIN addonlinkrepo ON addons.id=addonlinkrepo.idAddon JOIN repo ON repo.id=addonlinkrepo.idRepo WHERE addonlinkrepo.idRepo IN (1,2) ORDER BY repo.addonID, addons.addonID returned 1040 rows in 5 ms
2026-02-27 21:33:35.131 T:20284   debug <general>: Thread BackgroundLoader start, auto delete: false
2026-02-27 21:33:35.132 T:20284   debug <general>: Thread BackgroundLoader 20284 terminating
2026-02-27 21:33:35.149 T:6812    debug <general>: CAddonDatabase::GetAddons took 30 ms
2026-02-27 21:33:35.152 T:6812    debug <general>: CAddonMgr::GetAvailableUpdatesOrOutdatedAddons took 35 ms
2026-02-27 21:33:35.157 T:6812    debug <general>: CAddonDatabase: SELECT repo.id FROM repo .. took 0 ms
2026-02-27 21:33:35.161 T:6812    debug <general>: CAddonDatabase: query  SELECT addons.*, repo.addonID AS repoID FROM addons JOIN addonlinkrepo ON addons.id=addonlinkrepo.idAddon JOIN repo ON repo.id=addonlinkrepo.idRepo WHERE addonlinkrepo.idRepo IN (1,2) ORDER BY repo.addonID, addons.addonID returned 1040 rows in 4 ms
2026-02-27 21:33:35.187 T:6812    debug <general>: CAddonDatabase::GetAddons took 29 ms
2026-02-27 21:33:35.191 T:6812    debug <general>: CAddonMgr::GetAvailableUpdatesOrOutdatedAddons took 33 ms
2026-02-27 21:33:35.195 T:21352   debug <general>: Thread Timer 21352 terminating
2026-02-27 21:33:35.196 T:6812    debug <general>: CRepositoryUpdater: closest next update check at 02/28/2026 3:33:02 AM (in 21566s)
2026-02-27 21:33:35.196 T:6812    debug <general>: CRepositoryUpdater: checking in 21566000ms
2026-02-27 21:33:35.196 T:19844   debug <general>: Thread Timer start, auto delete: false
2026-02-27 21:33:35.208 T:12796   debug <general>: CGUIMediaWindow::GetDirectory (addons://repository.dobbelina/)
2026-02-27 21:33:35.208 T:12796   debug <general>:   ParentPath = [addons://repository.dobbelina/]
2026-02-27 21:33:35.209 T:18836   debug <general>: Thread waiting start, auto delete: false
2026-02-27 21:33:35.209 T:18836   debug <general>: CAddonDatabase: SELECT repo.id FROM repo .. took 0 ms
2026-02-27 21:33:35.209 T:18836   debug <general>: CAddonDatabase: query  SELECT addons.*, repo.addonID AS repoID FROM addons JOIN addonlinkrepo ON addons.id=addonlinkrepo.idAddon JOIN repo ON repo.id=addonlinkrepo.idRepo WHERE addonlinkrepo.idRepo IN (2) ORDER BY repo.addonID, addons.addonID returned 6 rows in 0 ms
2026-02-27 21:33:35.210 T:18836   debug <general>: CAddonDatabase::GetAddons took 0 ms
2026-02-27 21:33:35.210 T:18836   debug <general>: Thread waiting 18836 terminating
2026-02-27 21:33:35.211 T:5996    debug <general>: Thread BackgroundLoader start, auto delete: false
2026-02-27 21:33:35.212 T:5996    debug <general>: Thread BackgroundLoader 5996 terminating
2026-02-27 21:33:36.075 T:12796   debug <general>: CInputManager::ProcessMouse: trying mouse action leftclick
2026-02-27 21:33:36.076 T:12796   debug <general>: CGUIMediaWindow::GetDirectory (addons://repository.dobbelina/xbmc.addon.video)
2026-02-27 21:33:36.076 T:12796   debug <general>:   ParentPath = [addons://repository.dobbelina/]
2026-02-27 21:33:36.076 T:11152   debug <general>: Thread waiting start, auto delete: false
2026-02-27 21:33:36.077 T:11152   debug <general>: CAddonDatabase: SELECT repo.id FROM repo .. took 0 ms
2026-02-27 21:33:36.077 T:11152   debug <general>: CAddonDatabase: query  SELECT addons.*, repo.addonID AS repoID FROM addons JOIN addonlinkrepo ON addons.id=addonlinkrepo.idAddon JOIN repo ON repo.id=addonlinkrepo.idRepo WHERE addonlinkrepo.idRepo IN (2) ORDER BY repo.addonID, addons.addonID returned 6 rows in 0 ms
2026-02-27 21:33:36.077 T:11152   debug <general>: CAddonDatabase::GetAddons took 0 ms
2026-02-27 21:33:36.078 T:11152   debug <general>: CAddonDatabase: SELECT repo.id FROM repo .. took 0 ms
2026-02-27 21:33:36.082 T:11152   debug <general>: CAddonDatabase: query  SELECT addons.*, repo.addonID AS repoID FROM addons JOIN addonlinkrepo ON addons.id=addonlinkrepo.idAddon JOIN repo ON repo.id=addonlinkrepo.idRepo WHERE addonlinkrepo.idRepo IN (1,2) ORDER BY repo.addonID, addons.addonID returned 1040 rows in 4 ms
2026-02-27 21:33:36.107 T:11152   debug <general>: CAddonDatabase::GetAddons took 29 ms
2026-02-27 21:33:36.110 T:11152   debug <general>: CAddonMgr::GetAddonsWithAvailableUpdate took 32 ms
2026-02-27 21:33:36.114 T:11152   debug <general>: Thread waiting 11152 terminating
2026-02-27 21:33:36.117 T:692     debug <general>: Thread BackgroundLoader start, auto delete: false
2026-02-27 21:33:36.117 T:692     debug <general>: Thread BackgroundLoader 692 terminating
2026-02-27 21:33:36.303 T:6812    debug <general>: CCurlFile::XFILE::CCurlFile::GetMimeType - <https://rpeters1430.github.io/repository.dobbelina/plugin.video.cumination/icon.png> -> image/png
2026-02-27 21:33:36.304 T:6812    debug <general>: CurlFile::XFILE::CCurlFile::Open - <https://rpeters1430.github.io/repository.dobbelina/plugin.video.cumination/icon.png>
2026-02-27 21:33:36.388 T:5960    debug <general>: XCURL::DllLibCurlGlobal::easy_acquire - Created session to https://rpeters1430.github.io
2026-02-27 21:33:36.487 T:20212    info <general>: Skipped 1 duplicate messages..
2026-02-27 21:33:36.487 T:20212   debug <general>: Thread JobWorker start, auto delete: true
2026-02-27 21:33:36.488 T:20212   debug <general>: XCURL::DllLibCurlGlobal::easy_acquire - Created session to https://rpeters1430.github.io
2026-02-27 21:33:36.538 T:6812    debug <general>: Caching image 'https://rpeters1430.github.io/repository.dobbelina/plugin.video.cumination/icon.png' to 'c/c4ffe791.png':
2026-02-27 21:33:36.538 T:6812    debug <general>: cached image 'special://masterprofile/Thumbnails/c/c4ffe791.png' size 512x512
2026-02-27 21:33:36.558 T:5960    debug <general>: CCurlFile::XFILE::CCurlFile::GetMimeType - <https://rpeters1430.github.io/repository.dobbelina/plugin.video.uwc/fanart.jpg> -> image/jpeg
2026-02-27 21:33:36.558 T:5960    debug <general>: CurlFile::XFILE::CCurlFile::Open - <https://rpeters1430.github.io/repository.dobbelina/plugin.video.uwc/fanart.jpg>
2026-02-27 21:33:36.571 T:17316   debug <general>: CCurlFile::XFILE::CCurlFile::GetMimeType - <https://rpeters1430.github.io/repository.dobbelina/plugin.video.uwc/icon.png> -> image/png
2026-02-27 21:33:36.572 T:17316   debug <general>: CurlFile::XFILE::CCurlFile::Open - <https://rpeters1430.github.io/repository.dobbelina/plugin.video.uwc/icon.png>
2026-02-27 21:33:36.680 T:5960    debug <general>: Caching image 'https://rpeters1430.github.io/repository.dobbelina/plugin.video.uwc/fanart.jpg' to '1/19499a35.png':
2026-02-27 21:33:36.680 T:5960    debug <general>: cached image 'special://masterprofile/Thumbnails/1/19499a35.png' size 1280x720
2026-02-27 21:33:36.681 T:20212   debug <general>: CCurlFile::XFILE::CCurlFile::GetMimeType - <https://rpeters1430.github.io/repository.dobbelina/plugin.video.cumination/fanart.jpg> -> image/jpeg
2026-02-27 21:33:36.682 T:20212   debug <general>: CurlFile::XFILE::CCurlFile::Open - <https://rpeters1430.github.io/repository.dobbelina/plugin.video.cumination/fanart.jpg>
2026-02-27 21:33:36.697 T:17316   debug <general>: Caching image 'https://rpeters1430.github.io/repository.dobbelina/plugin.video.uwc/icon.png' to '7/7a5670b0.png':
2026-02-27 21:33:36.697 T:17316   debug <general>: cached image 'special://masterprofile/Thumbnails/7/7a5670b0.png' size 320x320
2026-02-27 21:33:36.880 T:20212   debug <general>: Caching image 'https://rpeters1430.github.io/repository.dobbelina/plugin.video.cumination/fanart.jpg' to '8/806eb56d.jpg':
2026-02-27 21:33:36.880 T:20212   debug <general>: cached image 'special://masterprofile/Thumbnails/8/806eb56d.jpg' size 1920x1079
2026-02-27 21:33:36.954 T:12796   debug <general>: CInputManager::ProcessMouse: trying mouse action leftclick
2026-02-27 21:33:36.954 T:12796   debug <general>: ------ Window Init (DialogAddonInfo.xml) ------
2026-02-27 21:33:36.954 T:12796    info <general>: Loading skin file: DialogAddonInfo.xml, load type: KEEP_IN_MEMORY
2026-02-27 21:33:38.046 T:12796   debug <general>: ------ Window Deinit (DialogNotification.xml) ------
2026-02-27 21:33:38.367 T:12796   debug <general>: CInputManager::ProcessMouse: trying mouse action leftclick
2026-02-27 21:33:38.368 T:12796   debug <general>: ------ Window Init (DialogSelect.xml) ------
2026-02-27 21:33:38.368 T:12796    info <general>: Loading skin file: DialogSelect.xml, load type: KEEP_IN_MEMORY
2026-02-27 21:33:38.385 T:20212   debug <general>: XCURL::DllLibCurlGlobal::easy_acquire - Created session to https://mirrors.kodi.tv
2026-02-27 21:33:38.680 T:12796    info <general>: Skipped 2 duplicate messages..
2026-02-27 21:33:38.680 T:12796   debug <general>: ------ Window Deinit (DialogAddonInfo.xml) ------
2026-02-27 21:33:39.265 T:17316   debug <general>: CCurlFile::XFILE::CCurlFile::GetMimeType - <https://mirrors.kodi.tv/addons/omega/plugin.video.youtube/resources/media/icon.png> -> image/png
2026-02-27 21:33:39.265 T:17316   debug <general>: CurlFile::XFILE::CCurlFile::Open - <https://mirrors.kodi.tv/addons/omega/plugin.video.youtube/resources/media/icon.png>
2026-02-27 21:33:39.272 T:5960    debug <general>: CCurlFile::XFILE::CCurlFile::GetMimeType - <https://mirrors.kodi.tv/addons/omega/inputstream.adaptive+windows-x86_64/icon.png> -> image/png
2026-02-27 21:33:39.272 T:5960    debug <general>: CurlFile::XFILE::CCurlFile::Open - <https://mirrors.kodi.tv/addons/omega/inputstream.adaptive+windows-x86_64/icon.png>
2026-02-27 21:33:39.361 T:20212   debug <general>: CCurlFile::XFILE::CCurlFile::GetMimeType - <https://mirrors.kodi.tv/addons/omega/plugin.googledrive/icon.png> -> image/png
2026-02-27 21:33:39.369 T:20212   debug <general>: CurlFile::XFILE::CCurlFile::Open - <https://mirrors.kodi.tv/addons/omega/plugin.googledrive/icon.png>
2026-02-27 21:33:39.614 T:6812    debug <general>: CCurlFile::XFILE::CCurlFile::GetMimeType - <https://mirrors.kodi.tv/addons/omega/script.module.inputstreamhelper/resources/icon.png> -> image/png
2026-02-27 21:33:39.620 T:6812    debug <general>: CurlFile::XFILE::CCurlFile::Open - <https://mirrors.kodi.tv/addons/omega/script.module.inputstreamhelper/resources/icon.png>
2026-02-27 21:33:40.203 T:12796   debug <general>: CInputManager::ProcessMouse: trying mouse action leftclick
2026-02-27 21:33:40.259 T:6812    debug <general>: CCurlFile::XFILE::CCurlFile::Open - <https://mirrors.kodi.tv/addons/omega/script.module.inputstreamhelper/resources/icon.png> Effective URL is https://ftp.fau.de/xbmc/addons/omega/script.module.inputstreamhelper/resources/icon.png
2026-02-27 21:33:40.260 T:6812    debug <general>: Caching image 'https://mirrors.kodi.tv/addons/omega/script.module.inputstreamhelper/resources/icon.png' to 'a/a8c53363.jpg':
2026-02-27 21:33:40.260 T:6812    debug <general>: cached image 'special://masterprofile/Thumbnails/a/a8c53363.jpg' size 256x256
2026-02-27 21:33:40.295 T:5960    debug <general>: CCurlFile::XFILE::CCurlFile::Open - <https://mirrors.kodi.tv/addons/omega/inputstream.adaptive+windows-x86_64/icon.png> Effective URL is https://mirror.netcologne.de/xbmc/addons/omega/inputstream.adaptive+windows-x86_64/icon.png
2026-02-27 21:33:40.450 T:12796   debug <general>: ------ Window Deinit (DialogSelect.xml) ------
2026-02-27 21:33:40.459 T:12796   debug <general>: CAddonInstaller: installing 'plugin.video.cumination' version '1.1.279' from repository 'repository.dobbelina'
2026-02-27 21:33:40.461 T:9804    debug <general>: Thread JobWorker start, auto delete: true
2026-02-27 21:33:40.537 T:12796   debug <general>: XCURL::DllLibCurlGlobal::CheckIdle - Closing session to https://ftp.halifax.rwth-aachen.de (easy=0x250ba2c2070, multi=0x250b46c3860)
2026-02-27 21:33:40.598 T:5960    debug <general>: Caching image 'https://mirrors.kodi.tv/addons/omega/inputstream.adaptive+windows-x86_64/icon.png' to 'a/a678a69e.jpg':
2026-02-27 21:33:40.598 T:5960    debug <general>: cached image 'special://masterprofile/Thumbnails/a/a678a69e.jpg' size 512x512
2026-02-27 21:33:40.759 T:9804    debug <general>: CurlFile::XFILE::CCurlFile::Open - <https://rpeters1430.github.io/repository.dobbelina/plugin.video.cumination/plugin.video.cumination-1.1.279.zip>
2026-02-27 21:33:40.851 T:20212   debug <general>: CCurlFile::XFILE::CCurlFile::Open - <https://mirrors.kodi.tv/addons/omega/plugin.googledrive/icon.png> Effective URL is https://kodi.mirror.garr.it/addons/omega/plugin.googledrive/icon.png
2026-02-27 21:33:40.855 T:20212   debug <general>: Caching image 'https://mirrors.kodi.tv/addons/omega/plugin.googledrive/icon.png' to 'a/a363c2c5.png':
2026-02-27 21:33:40.855 T:20212   debug <general>: cached image 'special://masterprofile/Thumbnails/a/a363c2c5.png' size 256x256
2026-02-27 21:33:41.006 T:17316   debug <general>: CCurlFile::XFILE::CCurlFile::Open - <https://mirrors.kodi.tv/addons/omega/plugin.video.youtube/resources/media/icon.png> Effective URL is https://ftp.cc.uoc.gr/mirrors/xbmc/addons/omega/plugin.video.youtube/resources/media/icon.png
2026-02-27 21:33:41.007 T:17316   debug <general>: Caching image 'https://mirrors.kodi.tv/addons/omega/plugin.video.youtube/resources/media/icon.png' to '5/58ec3988.png':
2026-02-27 21:33:41.007 T:17316   debug <general>: cached image 'special://masterprofile/Thumbnails/5/58ec3988.png' size 256x256
2026-02-27 21:33:41.124 T:9804    debug <general>: CAddonDatabase: SELECT repo.id FROM repo .. took 0 ms
2026-02-27 21:33:41.128 T:9804    debug <general>: CAddonDatabase: query  SELECT addons.*, repo.addonID AS repoID FROM addons JOIN addonlinkrepo ON addons.id=addonlinkrepo.idAddon JOIN repo ON repo.id=addonlinkrepo.idRepo WHERE addonlinkrepo.idRepo IN (1,2) ORDER BY repo.addonID, addons.addonID returned 1040 rows in 4 ms
2026-02-27 21:33:41.156 T:9804    debug <general>: CAddonDatabase::GetAddons took 31 ms
2026-02-27 21:33:41.159 T:9804    debug <general>: CurlFile::XFILE::CCurlFile::Open - <https://mirrors.kodi.tv/addons/omega/script.module.six/script.module.six-1.16.0+matrix.1.zip>
2026-02-27 21:33:41.211 T:9804    debug <general>: Resolved addon path https://mirrors.kodi.tv/addons/omega/script.module.six/script.module.six-1.16.0+matrix.1.zip to https://kodi.mirror.liteserver.nl/addons/omega/script.module.six/script.module.six-1.16.0+matrix.1.zip hash 4197f7773f75ab9f16b3c920195acbb8b8b151b4b3c8c3e14fc4876e764e3860
2026-02-27 21:33:41.212 T:9804    debug <general>: XCURL::DllLibCurlGlobal::easy_acquire - Created session to https://kodi.mirror.liteserver.nl
2026-02-27 21:33:41.355 T:6812    debug <general>: CCurlFile::XFILE::CCurlFile::GetMimeType - <https://mirrors.kodi.tv/addons/omega/script.common.plugin.cache/icon.png> -> image/png
2026-02-27 21:33:41.356 T:6812    debug <general>: CurlFile::XFILE::CCurlFile::Open - <https://mirrors.kodi.tv/addons/omega/script.common.plugin.cache/icon.png>
2026-02-27 21:33:41.539 T:12796   debug <general>: XCURL::DllLibCurlGlobal::CheckIdle - Closing session to https://ftp.hosteurope.de (easy=0x250b7fd30a0, multi=0x250b46c6a60)
2026-02-27 21:33:41.825 T:9804    debug <general>: CurlFile::XFILE::CCurlFile::Open - <https://kodi.mirror.liteserver.nl/addons/omega/script.module.six/script.module.six-1.16.0+matrix.1.zip>
2026-02-27 21:33:41.919 T:6812    debug <general>: CCurlFile::XFILE::CCurlFile::Open - <https://mirrors.kodi.tv/addons/omega/script.common.plugin.cache/icon.png> Effective URL is https://ftp.snt.utwente.nl/pub/software/xbmc/addons/omega/script.common.plugin.cache/icon.png
2026-02-27 21:33:42.227 T:6812    debug <general>: Caching image 'https://mirrors.kodi.tv/addons/omega/script.common.plugin.cache/icon.png' to '8/8d27a356.jpg':
2026-02-27 21:33:42.227 T:6812    debug <general>: cached image 'special://masterprofile/Thumbnails/8/8d27a356.jpg' size 512x512
2026-02-27 21:33:42.523 T:9804    debug <general>: CAddonDatabase: SELECT repo.id FROM repo .. took 0 ms
2026-02-27 21:33:42.527 T:9804    debug <general>: CAddonDatabase: query  SELECT addons.*, repo.addonID AS repoID FROM addons JOIN addonlinkrepo ON addons.id=addonlinkrepo.idAddon JOIN repo ON repo.id=addonlinkrepo.idRepo WHERE addonlinkrepo.idRepo IN (1,2) ORDER BY repo.addonID, addons.addonID returned 1040 rows in 4 ms
2026-02-27 21:33:42.554 T:9804    debug <general>: CAddonDatabase::GetAddons took 31 ms
2026-02-27 21:33:42.558 T:9804    debug <general>: Unpacking zip://special%3a%2f%2fhome%2faddons%2fpackages%2fscript.module.six-1.16.0%20matrix.1.zip/script.module.six/ to C:\Users\James\AppData\Roaming\Kodi\addons\temp\009b965c-67b7-44ae-b70b-11c934feadf4
2026-02-27 21:33:42.579 T:9804    debug <general>: CAddonInfoBuilder::ParseXMLTypes: Binary addon found: peripheral.joystick
2026-02-27 21:33:42.586 T:9804    debug <general>: CAddonMgr::ADDON::CAddonMgr::FindAddons: Addon 'metadata.album.universal' already present with version 3.1.4 at 'C:\Program Files\Kodi\addons\metadata.album.universal\' replaced with version 3.1.18 at 'C:\Users\James\AppData\Roaming\Kodi\addons\metadata.album.universal\'
2026-02-27 21:33:42.587 T:9804    debug <general>: CAddonMgr::ADDON::CAddonMgr::FindAddons: Addon 'metadata.artists.universal' already present with version 4.3.3 at 'C:\Program Files\Kodi\addons\metadata.artists.universal\' replaced with version 4.3.21 at 'C:\Users\James\AppData\Roaming\Kodi\addons\metadata.artists.universal\'
2026-02-27 21:33:42.587 T:9804    debug <general>: CAddonMgr::ADDON::CAddonMgr::FindAddons: Addon 'metadata.common.fanart.tv' already present with version 3.6.3 at 'C:\Program Files\Kodi\addons\metadata.common.fanart.tv\' replaced with version 3.6.5 at 'C:\Users\James\AppData\Roaming\Kodi\addons\metadata.common.fanart.tv\'
2026-02-27 21:33:42.587 T:9804    debug <general>: CAddonMgr::ADDON::CAddonMgr::FindAddons: Addon 'metadata.generic.albums' already present with version 1.0.14 at 'C:\Program Files\Kodi\addons\metadata.generic.albums\' replaced with version 1.0.18 at 'C:\Users\James\AppData\Roaming\Kodi\addons\metadata.generic.albums\'
2026-02-27 21:33:42.588 T:9804    debug <general>: CAddonMgr::ADDON::CAddonMgr::FindAddons: Addon 'metadata.themoviedb.org.python' already present with version 1.3.1+matrix.1 at 'C:\Program Files\Kodi\addons\metadata.themoviedb.org.python\' replaced with version 3.1.3 at 'C:\Users\James\AppData\Roaming\Kodi\addons\metadata.themoviedb.org.python\'
2026-02-27 21:33:42.589 T:9804    debug <general>: CAddonMgr::ADDON::CAddonMgr::FindAddons: Addon 'metadata.tvshows.themoviedb.org.python' already present with version 1.6.0 at 'C:\Program Files\Kodi\addons\metadata.tvshows.themoviedb.org.python\' replaced with version 1.7.4 at 'C:\Users\James\AppData\Roaming\Kodi\addons\metadata.tvshows.themoviedb.org.python\'
2026-02-27 21:33:42.590 T:9804    debug <general>: CAddonMgr::ADDON::CAddonMgr::FindAddons: Addon 'service.xbmc.versioncheck' already present with version 0.5.27+matrix.1 at 'C:\Program Files\Kodi\addons\service.xbmc.versioncheck\' replaced with version 0.5.30+matrix.1 at 'C:\Users\James\AppData\Roaming\Kodi\addons\service.xbmc.versioncheck\'
2026-02-27 21:33:42.590 T:9804     info <general>: CAddonMgr::ADDON::CAddonMgr::FindAddon: script.module.six v1.16.0+matrix.1 installed
2026-02-27 21:33:42.593 T:9804    debug <general>: CAddonMgr: script.module.six successfully loaded
2026-02-27 21:33:42.593 T:6812    debug <general>: ContextMenuManager: addon menus reloaded.
2026-02-27 21:33:42.594 T:9804    debug <general>: ADDONS: dependency [script.module.six] will not be version checked and unpinned
2026-02-27 21:33:42.594 T:9804    debug <general>: CurlFile::XFILE::CCurlFile::Open - <https://mirrors.kodi.tv/addons/omega/script.module.kodi-six/script.module.kodi-six-0.1.3.1.zip>
2026-02-27 21:33:42.598 T:12796   debug <general>: CGUIMediaWindow::GetDirectory (addons://repository.dobbelina/xbmc.addon.video)
2026-02-27 21:33:42.598 T:12796   debug <general>:   ParentPath = [addons://repository.dobbelina/xbmc.addon.video]
2026-02-27 21:33:42.598 T:5148    debug <general>: Thread waiting start, auto delete: false
2026-02-27 21:33:42.599 T:5148    debug <general>: CAddonDatabase: SELECT repo.id FROM repo .. took 0 ms
2026-02-27 21:33:42.599 T:5148    debug <general>: CAddonDatabase: query  SELECT addons.*, repo.addonID AS repoID FROM addons JOIN addonlinkrepo ON addons.id=addonlinkrepo.idAddon JOIN repo ON repo.id=addonlinkrepo.idRepo WHERE addonlinkrepo.idRepo IN (2) ORDER BY repo.addonID, addons.addonID returned 6 rows in 0 ms
2026-02-27 21:33:42.600 T:5148    debug <general>: CAddonDatabase::GetAddons took 0 ms
2026-02-27 21:33:42.600 T:5148    debug <general>: CAddonDatabase: SELECT repo.id FROM repo .. took 0 ms
2026-02-27 21:33:42.605 T:5148    debug <general>: CAddonDatabase: query  SELECT addons.*, repo.addonID AS repoID FROM addons JOIN addonlinkrepo ON addons.id=addonlinkrepo.idAddon JOIN repo ON repo.id=addonlinkrepo.idRepo WHERE addonlinkrepo.idRepo IN (1,2) ORDER BY repo.addonID, addons.addonID returned 1040 rows in 5 ms
2026-02-27 21:33:42.631 T:5148    debug <general>: CAddonDatabase::GetAddons took 31 ms
2026-02-27 21:33:42.635 T:5148    debug <general>: CAddonMgr::GetAddonsWithAvailableUpdate took 34 ms
2026-02-27 21:33:42.638 T:5148    debug <general>: Thread waiting 5148 terminating
2026-02-27 21:33:42.640 T:2684    debug <general>: Thread BackgroundLoader start, auto delete: false
2026-02-27 21:33:42.642 T:2684    debug <general>: Thread BackgroundLoader 2684 terminating
2026-02-27 21:33:42.658 T:9804    debug <general>: Resolved addon path https://mirrors.kodi.tv/addons/omega/script.module.kodi-six/script.module.kodi-six-0.1.3.1.zip to https://ftp.fau.de/xbmc/addons/omega/script.module.kodi-six/script.module.kodi-six-0.1.3.1.zip hash 236a7a912641805e146b605c8c29ef413d748ef3f4ddf8aa8c414717d9831383
2026-02-27 21:33:42.659 T:9804    debug <general>: XCURL::DllLibCurlGlobal::easy_acquire - Created session to https://ftp.fau.de
2026-02-27 21:33:43.041 T:12796   debug <general>: XCURL::DllLibCurlGlobal::CheckIdle - Closing session to https://mirror.netcologne.de (easy=0x250b5bf5a10, multi=0x250b46c52f0)
2026-02-27 21:33:43.239 T:9804    debug <general>: CurlFile::XFILE::CCurlFile::Open - <https://ftp.fau.de/xbmc/addons/omega/script.module.kodi-six/script.module.kodi-six-0.1.3.1.zip>
2026-02-27 21:33:44.028 T:9804    debug <general>: CAddonDatabase: SELECT repo.id FROM repo .. took 0 ms
2026-02-27 21:33:44.032 T:9804    debug <general>: CAddonDatabase: query  SELECT addons.*, repo.addonID AS repoID FROM addons JOIN addonlinkrepo ON addons.id=addonlinkrepo.idAddon JOIN repo ON repo.id=addonlinkrepo.idRepo WHERE addonlinkrepo.idRepo IN (1,2) ORDER BY repo.addonID, addons.addonID returned 1040 rows in 4 ms
2026-02-27 21:33:44.059 T:9804    debug <general>: CAddonDatabase::GetAddons took 30 ms
2026-02-27 21:33:44.063 T:9804    debug <general>: Unpacking zip://special%3a%2f%2fhome%2faddons%2fpackages%2fscript.module.kodi-six-0.1.3.1.zip/script.module.kodi-six/ to C:\Users\James\AppData\Roaming\Kodi\addons\temp\26fb6d0c-5dd5-4c58-9a5d-efc9bf8e0190
2026-02-27 21:33:44.092 T:9804    debug <general>: CAddonInfoBuilder::ParseXMLTypes: Binary addon found: peripheral.joystick
2026-02-27 21:33:44.098 T:9804    debug <general>: CAddonMgr::ADDON::CAddonMgr::FindAddons: Addon 'metadata.album.universal' already present with version 3.1.4 at 'C:\Program Files\Kodi\addons\metadata.album.universal\' replaced with version 3.1.18 at 'C:\Users\James\AppData\Roaming\Kodi\addons\metadata.album.universal\'
2026-02-27 21:33:44.099 T:9804    debug <general>: CAddonMgr::ADDON::CAddonMgr::FindAddons: Addon 'metadata.artists.universal' already present with version 4.3.3 at 'C:\Program Files\Kodi\addons\metadata.artists.universal\' replaced with version 4.3.21 at 'C:\Users\James\AppData\Roaming\Kodi\addons\metadata.artists.universal\'
2026-02-27 21:33:44.100 T:9804    debug <general>: CAddonMgr::ADDON::CAddonMgr::FindAddons: Addon 'metadata.common.fanart.tv' already present with version 3.6.3 at 'C:\Program Files\Kodi\addons\metadata.common.fanart.tv\' replaced with version 3.6.5 at 'C:\Users\James\AppData\Roaming\Kodi\addons\metadata.common.fanart.tv\'
2026-02-27 21:33:44.100 T:9804    debug <general>: CAddonMgr::ADDON::CAddonMgr::FindAddons: Addon 'metadata.generic.albums' already present with version 1.0.14 at 'C:\Program Files\Kodi\addons\metadata.generic.albums\' replaced with version 1.0.18 at 'C:\Users\James\AppData\Roaming\Kodi\addons\metadata.generic.albums\'
2026-02-27 21:33:44.101 T:9804    debug <general>: CAddonMgr::ADDON::CAddonMgr::FindAddons: Addon 'metadata.themoviedb.org.python' already present with version 1.3.1+matrix.1 at 'C:\Program Files\Kodi\addons\metadata.themoviedb.org.python\' replaced with version 3.1.3 at 'C:\Users\James\AppData\Roaming\Kodi\addons\metadata.themoviedb.org.python\'
2026-02-27 21:33:44.101 T:9804    debug <general>: CAddonMgr::ADDON::CAddonMgr::FindAddons: Addon 'metadata.tvshows.themoviedb.org.python' already present with version 1.6.0 at 'C:\Program Files\Kodi\addons\metadata.tvshows.themoviedb.org.python\' replaced with version 1.7.4 at 'C:\Users\James\AppData\Roaming\Kodi\addons\metadata.tvshows.themoviedb.org.python\'
2026-02-27 21:33:44.103 T:9804    debug <general>: CAddonMgr::ADDON::CAddonMgr::FindAddons: Addon 'service.xbmc.versioncheck' already present with version 0.5.27+matrix.1 at 'C:\Program Files\Kodi\addons\service.xbmc.versioncheck\' replaced with version 0.5.30+matrix.1 at 'C:\Users\James\AppData\Roaming\Kodi\addons\service.xbmc.versioncheck\'
2026-02-27 21:33:44.103 T:9804     info <general>: CAddonMgr::ADDON::CAddonMgr::FindAddon: script.module.kodi-six v0.1.3.1 installed
2026-02-27 21:33:44.107 T:9804    debug <general>: CAddonMgr: script.module.kodi-six successfully loaded
2026-02-27 21:33:44.107 T:20212   debug <general>: ContextMenuManager: addon menus reloaded.
2026-02-27 21:33:44.107 T:9804    debug <general>: ADDONS: dependency [script.module.kodi-six] will not be version checked and unpinned
2026-02-27 21:33:44.110 T:12796   debug <general>: CGUIMediaWindow::GetDirectory (addons://repository.dobbelina/xbmc.addon.video)
2026-02-27 21:33:44.110 T:12796   debug <general>:   ParentPath = [addons://repository.dobbelina/xbmc.addon.video]
2026-02-27 21:33:44.110 T:1632    debug <general>: Thread waiting start, auto delete: false
2026-02-27 21:33:44.111 T:1632    debug <general>: CAddonDatabase: SELECT repo.id FROM repo .. took 0 ms
2026-02-27 21:33:44.111 T:1632    debug <general>: CAddonDatabase: query  SELECT addons.*, repo.addonID AS repoID FROM addons JOIN addonlinkrepo ON addons.id=addonlinkrepo.idAddon JOIN repo ON repo.id=addonlinkrepo.idRepo WHERE addonlinkrepo.idRepo IN (2) ORDER BY repo.addonID, addons.addonID returned 6 rows in 0 ms
2026-02-27 21:33:44.111 T:1632    debug <general>: CAddonDatabase::GetAddons took 0 ms
2026-02-27 21:33:44.112 T:1632    debug <general>: CAddonDatabase: SELECT repo.id FROM repo .. took 0 ms
2026-02-27 21:33:44.117 T:1632    debug <general>: CAddonDatabase: query  SELECT addons.*, repo.addonID AS repoID FROM addons JOIN addonlinkrepo ON addons.id=addonlinkrepo.idAddon JOIN repo ON repo.id=addonlinkrepo.idRepo WHERE addonlinkrepo.idRepo IN (1,2) ORDER BY repo.addonID, addons.addonID returned 1040 rows in 5 ms
2026-02-27 21:33:44.144 T:1632    debug <general>: CAddonDatabase::GetAddons took 32 ms
2026-02-27 21:33:44.148 T:1632    debug <general>: CAddonMgr::GetAddonsWithAvailableUpdate took 36 ms
2026-02-27 21:33:44.152 T:1632    debug <general>: Thread waiting 1632 terminating
2026-02-27 21:33:44.155 T:16220   debug <general>: Thread BackgroundLoader start, auto delete: false
2026-02-27 21:33:44.155 T:16220   debug <general>: Thread BackgroundLoader 16220 terminating
2026-02-27 21:33:44.228 T:9804    debug <general>: CurlFile::XFILE::CCurlFile::Open - <https://rpeters1430.github.io/repository.dobbelina/script.module.resolveurl/script.module.resolveurl-5.1.194.zip>
2026-02-27 21:33:44.538 T:9804    debug <general>: CAddonDatabase: SELECT repo.id FROM repo .. took 0 ms
2026-02-27 21:33:44.542 T:9804    debug <general>: CAddonDatabase: query  SELECT addons.*, repo.addonID AS repoID FROM addons JOIN addonlinkrepo ON addons.id=addonlinkrepo.idAddon JOIN repo ON repo.id=addonlinkrepo.idRepo WHERE addonlinkrepo.idRepo IN (1,2) ORDER BY repo.addonID, addons.addonID returned 1040 rows in 4 ms
2026-02-27 21:33:44.569 T:9804    debug <general>: CAddonDatabase::GetAddons took 31 ms
2026-02-27 21:33:44.575 T:9804    debug <general>: Unpacking zip://special%3a%2f%2fhome%2faddons%2fpackages%2fscript.module.resolveurl-5.1.194.zip/script.module.resolveurl/ to C:\Users\James\AppData\Roaming\Kodi\addons\temp\79def33e-7496-4643-8cc1-b4ad17c524a8
2026-02-27 21:33:45.212 T:12796   debug <general>: ------ Window Deinit (Pointer.xml) ------
2026-02-27 21:33:45.262 T:9804    debug <general>: CAddonInfoBuilder::ParseXMLTypes: Binary addon found: peripheral.joystick
2026-02-27 21:33:45.269 T:9804    debug <general>: CAddonMgr::ADDON::CAddonMgr::FindAddons: Addon 'metadata.album.universal' already present with version 3.1.4 at 'C:\Program Files\Kodi\addons\metadata.album.universal\' replaced with version 3.1.18 at 'C:\Users\James\AppData\Roaming\Kodi\addons\metadata.album.universal\'
2026-02-27 21:33:45.270 T:9804    debug <general>: CAddonMgr::ADDON::CAddonMgr::FindAddons: Addon 'metadata.artists.universal' already present with version 4.3.3 at 'C:\Program Files\Kodi\addons\metadata.artists.universal\' replaced with version 4.3.21 at 'C:\Users\James\AppData\Roaming\Kodi\addons\metadata.artists.universal\'
2026-02-27 21:33:45.271 T:9804    debug <general>: CAddonMgr::ADDON::CAddonMgr::FindAddons: Addon 'metadata.common.fanart.tv' already present with version 3.6.3 at 'C:\Program Files\Kodi\addons\metadata.common.fanart.tv\' replaced with version 3.6.5 at 'C:\Users\James\AppData\Roaming\Kodi\addons\metadata.common.fanart.tv\'
2026-02-27 21:33:45.271 T:9804    debug <general>: CAddonMgr::ADDON::CAddonMgr::FindAddons: Addon 'metadata.generic.albums' already present with version 1.0.14 at 'C:\Program Files\Kodi\addons\metadata.generic.albums\' replaced with version 1.0.18 at 'C:\Users\James\AppData\Roaming\Kodi\addons\metadata.generic.albums\'
2026-02-27 21:33:45.271 T:9804    debug <general>: CAddonMgr::ADDON::CAddonMgr::FindAddons: Addon 'metadata.themoviedb.org.python' already present with version 1.3.1+matrix.1 at 'C:\Program Files\Kodi\addons\metadata.themoviedb.org.python\' replaced with version 3.1.3 at 'C:\Users\James\AppData\Roaming\Kodi\addons\metadata.themoviedb.org.python\'
2026-02-27 21:33:45.272 T:9804    debug <general>: CAddonMgr::ADDON::CAddonMgr::FindAddons: Addon 'metadata.tvshows.themoviedb.org.python' already present with version 1.6.0 at 'C:\Program Files\Kodi\addons\metadata.tvshows.themoviedb.org.python\' replaced with version 1.7.4 at 'C:\Users\James\AppData\Roaming\Kodi\addons\metadata.tvshows.themoviedb.org.python\'
2026-02-27 21:33:45.273 T:9804    debug <general>: CAddonMgr::ADDON::CAddonMgr::FindAddons: Addon 'service.xbmc.versioncheck' already present with version 0.5.27+matrix.1 at 'C:\Program Files\Kodi\addons\service.xbmc.versioncheck\' replaced with version 0.5.30+matrix.1 at 'C:\Users\James\AppData\Roaming\Kodi\addons\service.xbmc.versioncheck\'
2026-02-27 21:33:45.274 T:9804     info <general>: CAddonMgr::ADDON::CAddonMgr::FindAddon: script.module.resolveurl v5.1.194 installed
2026-02-27 21:33:45.278 T:9804    debug <general>: CAddonMgr: script.module.resolveurl successfully loaded
2026-02-27 21:33:45.278 T:20212   debug <general>: ContextMenuManager: addon menus reloaded.
2026-02-27 21:33:45.279 T:9804    debug <general>: LocalizeStrings: loaded 104 strings from file C:\Users\James\AppData\Roaming\Kodi\addons\script.module.resolveurl\resources\language\resource.language.en_gb\strings.po
2026-02-27 21:33:45.279 T:9804    debug <general>: ADDONS: dependency [script.module.resolveurl] will not be version checked and unpinned
2026-02-27 21:33:45.290 T:12796   debug <general>: CGUIMediaWindow::GetDirectory (addons://repository.dobbelina/xbmc.addon.video)
2026-02-27 21:33:45.290 T:12796   debug <general>:   ParentPath = [addons://repository.dobbelina/xbmc.addon.video]
2026-02-27 21:33:45.290 T:20120   debug <general>: Thread waiting start, auto delete: false
2026-02-27 21:33:45.291 T:20120   debug <general>: CAddonDatabase: SELECT repo.id FROM repo .. took 0 ms
2026-02-27 21:33:45.291 T:20120   debug <general>: CAddonDatabase: query  SELECT addons.*, repo.addonID AS repoID FROM addons JOIN addonlinkrepo ON addons.id=addonlinkrepo.idAddon JOIN repo ON repo.id=addonlinkrepo.idRepo WHERE addonlinkrepo.idRepo IN (2) ORDER BY repo.addonID, addons.addonID returned 6 rows in 0 ms
2026-02-27 21:33:45.291 T:20120   debug <general>: CAddonDatabase::GetAddons took 0 ms
2026-02-27 21:33:45.291 T:20120   debug <general>: CAddonDatabase: SELECT repo.id FROM repo .. took 0 ms
2026-02-27 21:33:45.296 T:20120   debug <general>: CAddonDatabase: query  SELECT addons.*, repo.addonID AS repoID FROM addons JOIN addonlinkrepo ON addons.id=addonlinkrepo.idAddon JOIN repo ON repo.id=addonlinkrepo.idRepo WHERE addonlinkrepo.idRepo IN (1,2) ORDER BY repo.addonID, addons.addonID returned 1040 rows in 4 ms
2026-02-27 21:33:45.321 T:20120   debug <general>: CAddonDatabase::GetAddons took 29 ms
2026-02-27 21:33:45.325 T:20120   debug <general>: CAddonMgr::GetAddonsWithAvailableUpdate took 33 ms
2026-02-27 21:33:45.329 T:20120   debug <general>: Thread waiting 20120 terminating
2026-02-27 21:33:45.331 T:3824    debug <general>: Thread BackgroundLoader start, auto delete: false
2026-02-27 21:33:45.332 T:3824    debug <general>: Thread BackgroundLoader 3824 terminating
2026-02-27 21:33:45.403 T:9804    debug <general>: CurlFile::XFILE::CCurlFile::Open - <https://rpeters1430.github.io/repository.dobbelina/script.module.resolveurl.xxx/script.module.resolveurl.xxx-2.1.44.zip>
2026-02-27 21:33:45.545 T:12796   debug <general>: XCURL::DllLibCurlGlobal::CheckIdle - Closing session to https://mirror.karneval.cz (easy=0x250b8e0a7d0, multi=0x250b80e15c0)
2026-02-27 21:33:45.550 T:9804    debug <general>: CAddonDatabase: SELECT repo.id FROM repo .. took 0 ms
2026-02-27 21:33:45.554 T:9804    debug <general>: CAddonDatabase: query  SELECT addons.*, repo.addonID AS repoID FROM addons JOIN addonlinkrepo ON addons.id=addonlinkrepo.idAddon JOIN repo ON repo.id=addonlinkrepo.idRepo WHERE addonlinkrepo.idRepo IN (1,2) ORDER BY repo.addonID, addons.addonID returned 1040 rows in 4 ms
2026-02-27 21:33:45.581 T:9804    debug <general>: CAddonDatabase::GetAddons took 30 ms
2026-02-27 21:33:45.585 T:9804    debug <general>: Unpacking zip://special%3a%2f%2fhome%2faddons%2fpackages%2fscript.module.resolveurl.xxx-2.1.44.zip/script.module.resolveurl.xxx/ to C:\Users\James\AppData\Roaming\Kodi\addons\temp\58d5332e-4dd2-4374-a597-53b5c47fb573
2026-02-27 21:33:45.731 T:9804    debug <general>: CAddonInfoBuilder::ParseXMLTypes: Binary addon found: peripheral.joystick
2026-02-27 21:33:45.738 T:9804    debug <general>: CAddonMgr::ADDON::CAddonMgr::FindAddons: Addon 'metadata.album.universal' already present with version 3.1.4 at 'C:\Program Files\Kodi\addons\metadata.album.universal\' replaced with version 3.1.18 at 'C:\Users\James\AppData\Roaming\Kodi\addons\metadata.album.universal\'
2026-02-27 21:33:45.739 T:9804    debug <general>: CAddonMgr::ADDON::CAddonMgr::FindAddons: Addon 'metadata.artists.universal' already present with version 4.3.3 at 'C:\Program Files\Kodi\addons\metadata.artists.universal\' replaced with version 4.3.21 at 'C:\Users\James\AppData\Roaming\Kodi\addons\metadata.artists.universal\'
2026-02-27 21:33:45.739 T:9804    debug <general>: CAddonMgr::ADDON::CAddonMgr::FindAddons: Addon 'metadata.common.fanart.tv' already present with version 3.6.3 at 'C:\Program Files\Kodi\addons\metadata.common.fanart.tv\' replaced with version 3.6.5 at 'C:\Users\James\AppData\Roaming\Kodi\addons\metadata.common.fanart.tv\'
2026-02-27 21:33:45.739 T:9804    debug <general>: CAddonMgr::ADDON::CAddonMgr::FindAddons: Addon 'metadata.generic.albums' already present with version 1.0.14 at 'C:\Program Files\Kodi\addons\metadata.generic.albums\' replaced with version 1.0.18 at 'C:\Users\James\AppData\Roaming\Kodi\addons\metadata.generic.albums\'
2026-02-27 21:33:45.740 T:9804    debug <general>: CAddonMgr::ADDON::CAddonMgr::FindAddons: Addon 'metadata.themoviedb.org.python' already present with version 1.3.1+matrix.1 at 'C:\Program Files\Kodi\addons\metadata.themoviedb.org.python\' replaced with version 3.1.3 at 'C:\Users\James\AppData\Roaming\Kodi\addons\metadata.themoviedb.org.python\'
2026-02-27 21:33:45.741 T:9804    debug <general>: CAddonMgr::ADDON::CAddonMgr::FindAddons: Addon 'metadata.tvshows.themoviedb.org.python' already present with version 1.6.0 at 'C:\Program Files\Kodi\addons\metadata.tvshows.themoviedb.org.python\' replaced with version 1.7.4 at 'C:\Users\James\AppData\Roaming\Kodi\addons\metadata.tvshows.themoviedb.org.python\'
2026-02-27 21:33:45.742 T:9804    debug <general>: CAddonMgr::ADDON::CAddonMgr::FindAddons: Addon 'service.xbmc.versioncheck' already present with version 0.5.27+matrix.1 at 'C:\Program Files\Kodi\addons\service.xbmc.versioncheck\' replaced with version 0.5.30+matrix.1 at 'C:\Users\James\AppData\Roaming\Kodi\addons\service.xbmc.versioncheck\'
2026-02-27 21:33:45.743 T:9804     info <general>: CAddonMgr::ADDON::CAddonMgr::FindAddon: script.module.resolveurl.xxx v2.1.44 installed
2026-02-27 21:33:45.747 T:9804    debug <general>: CAddonMgr: script.module.resolveurl.xxx successfully loaded
2026-02-27 21:33:45.747 T:20212   debug <general>: ContextMenuManager: addon menus reloaded.
2026-02-27 21:33:45.747 T:9804    debug <general>: ADDONS: dependency [script.module.resolveurl.xxx] will not be version checked and unpinned
2026-02-27 21:33:45.747 T:9804    debug <general>: CurlFile::XFILE::CCurlFile::Open - <https://mirrors.kodi.tv/addons/omega/script.common.plugin.cache/script.common.plugin.cache-3.0.0.zip>
2026-02-27 21:33:45.758 T:12796   debug <general>: CGUIMediaWindow::GetDirectory (addons://repository.dobbelina/xbmc.addon.video)
2026-02-27 21:33:45.758 T:12796   debug <general>:   ParentPath = [addons://repository.dobbelina/xbmc.addon.video]
2026-02-27 21:33:45.759 T:15524   debug <general>: Thread waiting start, auto delete: false
2026-02-27 21:33:45.760 T:15524   debug <general>: CAddonDatabase: SELECT repo.id FROM repo .. took 0 ms
2026-02-27 21:33:45.760 T:15524   debug <general>: CAddonDatabase: query  SELECT addons.*, repo.addonID AS repoID FROM addons JOIN addonlinkrepo ON addons.id=addonlinkrepo.idAddon JOIN repo ON repo.id=addonlinkrepo.idRepo WHERE addonlinkrepo.idRepo IN (2) ORDER BY repo.addonID, addons.addonID returned 6 rows in 0 ms
2026-02-27 21:33:45.760 T:15524   debug <general>: CAddonDatabase::GetAddons took 0 ms
2026-02-27 21:33:45.761 T:15524   debug <general>: CAddonDatabase: SELECT repo.id FROM repo .. took 0 ms
2026-02-27 21:33:45.765 T:15524   debug <general>: CAddonDatabase: query  SELECT addons.*, repo.addonID AS repoID FROM addons JOIN addonlinkrepo ON addons.id=addonlinkrepo.idAddon JOIN repo ON repo.id=addonlinkrepo.idRepo WHERE addonlinkrepo.idRepo IN (1,2) ORDER BY repo.addonID, addons.addonID returned 1040 rows in 4 ms
2026-02-27 21:33:45.790 T:15524   debug <general>: CAddonDatabase::GetAddons took 29 ms
2026-02-27 21:33:45.794 T:15524   debug <general>: CAddonMgr::GetAddonsWithAvailableUpdate took 33 ms
2026-02-27 21:33:45.797 T:15524   debug <general>: Thread waiting 15524 terminating
2026-02-27 21:33:45.799 T:18728   debug <general>: Thread BackgroundLoader start, auto delete: false
2026-02-27 21:33:45.800 T:18728   debug <general>: Thread BackgroundLoader 18728 terminating
2026-02-27 21:33:45.814 T:9804    debug <general>: Resolved addon path https://mirrors.kodi.tv/addons/omega/script.common.plugin.cache/script.common.plugin.cache-3.0.0.zip to https://ftp.halifax.rwth-aachen.de/xbmc/addons/omega/script.common.plugin.cache/script.common.plugin.cache-3.0.0.zip hash d4543aa67794c8305eaba8891d832ae38c3c9013edf9d0cae81346ad644b90d4
2026-02-27 21:33:45.816 T:9804    debug <general>: XCURL::DllLibCurlGlobal::easy_acquire - Created session to https://ftp.halifax.rwth-aachen.de
2026-02-27 21:33:46.606 T:9804    debug <general>: CurlFile::XFILE::CCurlFile::Open - <https://ftp.halifax.rwth-aachen.de/xbmc/addons/omega/script.common.plugin.cache/script.common.plugin.cache-3.0.0.zip>
2026-02-27 21:33:47.574 T:9804    debug <general>: CAddonDatabase: SELECT repo.id FROM repo .. took 0 ms
2026-02-27 21:33:47.578 T:9804    debug <general>: CAddonDatabase: query  SELECT addons.*, repo.addonID AS repoID FROM addons JOIN addonlinkrepo ON addons.id=addonlinkrepo.idAddon JOIN repo ON repo.id=addonlinkrepo.idRepo WHERE addonlinkrepo.idRepo IN (1,2) ORDER BY repo.addonID, addons.addonID returned 1040 rows in 4 ms
2026-02-27 21:33:47.605 T:9804    debug <general>: CAddonDatabase::GetAddons took 30 ms
2026-02-27 21:33:47.609 T:9804    debug <general>: Unpacking zip://special%3a%2f%2fhome%2faddons%2fpackages%2fscript.common.plugin.cache-3.0.0.zip/script.common.plugin.cache/ to C:\Users\James\AppData\Roaming\Kodi\addons\temp\c78a5b22-bab2-4038-8710-a6d190f88792
2026-02-27 21:33:47.641 T:9804    debug <general>: CAddonInfoBuilder::ParseXMLTypes: Binary addon found: peripheral.joystick
2026-02-27 21:33:47.648 T:9804    debug <general>: CAddonMgr::ADDON::CAddonMgr::FindAddons: Addon 'metadata.album.universal' already present with version 3.1.4 at 'C:\Program Files\Kodi\addons\metadata.album.universal\' replaced with version 3.1.18 at 'C:\Users\James\AppData\Roaming\Kodi\addons\metadata.album.universal\'
2026-02-27 21:33:47.649 T:9804    debug <general>: CAddonMgr::ADDON::CAddonMgr::FindAddons: Addon 'metadata.artists.universal' already present with version 4.3.3 at 'C:\Program Files\Kodi\addons\metadata.artists.universal\' replaced with version 4.3.21 at 'C:\Users\James\AppData\Roaming\Kodi\addons\metadata.artists.universal\'
2026-02-27 21:33:47.649 T:9804    debug <general>: CAddonMgr::ADDON::CAddonMgr::FindAddons: Addon 'metadata.common.fanart.tv' already present with version 3.6.3 at 'C:\Program Files\Kodi\addons\metadata.common.fanart.tv\' replaced with version 3.6.5 at 'C:\Users\James\AppData\Roaming\Kodi\addons\metadata.common.fanart.tv\'
2026-02-27 21:33:47.649 T:9804    debug <general>: CAddonMgr::ADDON::CAddonMgr::FindAddons: Addon 'metadata.generic.albums' already present with version 1.0.14 at 'C:\Program Files\Kodi\addons\metadata.generic.albums\' replaced with version 1.0.18 at 'C:\Users\James\AppData\Roaming\Kodi\addons\metadata.generic.albums\'
2026-02-27 21:33:47.650 T:9804    debug <general>: CAddonMgr::ADDON::CAddonMgr::FindAddons: Addon 'metadata.themoviedb.org.python' already present with version 1.3.1+matrix.1 at 'C:\Program Files\Kodi\addons\metadata.themoviedb.org.python\' replaced with version 3.1.3 at 'C:\Users\James\AppData\Roaming\Kodi\addons\metadata.themoviedb.org.python\'
2026-02-27 21:33:47.650 T:9804    debug <general>: CAddonMgr::ADDON::CAddonMgr::FindAddons: Addon 'metadata.tvshows.themoviedb.org.python' already present with version 1.6.0 at 'C:\Program Files\Kodi\addons\metadata.tvshows.themoviedb.org.python\' replaced with version 1.7.4 at 'C:\Users\James\AppData\Roaming\Kodi\addons\metadata.tvshows.themoviedb.org.python\'
2026-02-27 21:33:47.653 T:9804    debug <general>: CAddonMgr::ADDON::CAddonMgr::FindAddons: Addon 'service.xbmc.versioncheck' already present with version 0.5.27+matrix.1 at 'C:\Program Files\Kodi\addons\service.xbmc.versioncheck\' replaced with version 0.5.30+matrix.1 at 'C:\Users\James\AppData\Roaming\Kodi\addons\service.xbmc.versioncheck\'
2026-02-27 21:33:47.653 T:9804     info <general>: CAddonMgr::ADDON::CAddonMgr::FindAddon: script.common.plugin.cache v3.0.0 installed
2026-02-27 21:33:47.657 T:9804    debug <general>: CAddonMgr: script.common.plugin.cache successfully loaded
2026-02-27 21:33:47.657 T:20212   debug <general>: ContextMenuManager: addon menus reloaded.
2026-02-27 21:33:47.657 T:20212   debug <general>: CServiceAddonManager: starting script.common.plugin.cache
2026-02-27 21:33:47.657 T:9804    debug <general>: LocalizeStrings: loaded 7 strings from file C:\Users\James\AppData\Roaming\Kodi\addons\script.common.plugin.cache\resources\language\resource.language.en_gb\strings.po
2026-02-27 21:33:47.657 T:9804    debug <general>: ADDONS: dependency [script.common.plugin.cache] will not be version checked and unpinned
2026-02-27 21:33:47.657 T:13372   debug <general>: Thread LanguageInvoker start, auto delete: false
2026-02-27 21:33:47.657 T:13372   debug <general>: initializing python engine.
2026-02-27 21:33:47.657 T:9804    debug <general>: CurlFile::XFILE::CCurlFile::Open - <https://mirrors.kodi.tv/addons/omega/script.module.websocket/script.module.websocket-1.6.4.zip>
2026-02-27 21:33:47.657 T:13372   debug <general>: CPythonInvoker(2, C:\Users\James\AppData\Roaming\Kodi\addons\script.common.plugin.cache\resources\lib\entry_point.py): start processing
2026-02-27 21:33:47.663 T:12796   debug <general>: CGUIMediaWindow::GetDirectory (addons://repository.dobbelina/xbmc.addon.video)
2026-02-27 21:33:47.663 T:12796   debug <general>:   ParentPath = [addons://repository.dobbelina/xbmc.addon.video]
2026-02-27 21:33:47.663 T:21408   debug <general>: Thread waiting start, auto delete: false
2026-02-27 21:33:47.664 T:21408   debug <general>: CAddonDatabase: SELECT repo.id FROM repo .. took 0 ms
2026-02-27 21:33:47.664 T:21408   debug <general>: CAddonDatabase: query  SELECT addons.*, repo.addonID AS repoID FROM addons JOIN addonlinkrepo ON addons.id=addonlinkrepo.idAddon JOIN repo ON repo.id=addonlinkrepo.idRepo WHERE addonlinkrepo.idRepo IN (2) ORDER BY repo.addonID, addons.addonID returned 6 rows in 0 ms
2026-02-27 21:33:47.665 T:21408   debug <general>: CAddonDatabase::GetAddons took 0 ms
2026-02-27 21:33:47.665 T:21408   debug <general>: CAddonDatabase: SELECT repo.id FROM repo .. took 0 ms
2026-02-27 21:33:47.669 T:21408   debug <general>: CAddonDatabase: query  SELECT addons.*, repo.addonID AS repoID FROM addons JOIN addonlinkrepo ON addons.id=addonlinkrepo.idAddon JOIN repo ON repo.id=addonlinkrepo.idRepo WHERE addonlinkrepo.idRepo IN (1,2) ORDER BY repo.addonID, addons.addonID returned 1040 rows in 4 ms
2026-02-27 21:33:47.690 T:13372   debug <general>: -->Python Interpreter Initialized<--
2026-02-27 21:33:47.691 T:13372   debug <general>: 
                                                   
2026-02-27 21:33:47.691 T:13372   debug <general>: CPythonInvoker(2, C:\Users\James\AppData\Roaming\Kodi\addons\script.common.plugin.cache\resources\lib\entry_point.py): the source file to load is "C:\Users\James\AppData\Roaming\Kodi\addons\script.common.plugin.cache\resources\lib\entry_point.py"
2026-02-27 21:33:47.695 T:21408   debug <general>: CAddonDatabase::GetAddons took 29 ms
2026-02-27 21:33:47.698 T:21408   debug <general>: CAddonMgr::GetAddonsWithAvailableUpdate took 33 ms
2026-02-27 21:33:47.702 T:13372   debug <general>: CPythonInvoker(2): full python path:
2026-02-27 21:33:47.702 T:13372   debug <general>: CPythonInvoker(2):   custom python path:
2026-02-27 21:33:47.702 T:21408   debug <general>: Thread waiting 21408 terminating
2026-02-27 21:33:47.702 T:13372   debug <general>: CPythonInvoker(2):     C:\Users\James\AppData\Roaming\Kodi\addons\script.common.plugin.cache\resources\lib
2026-02-27 21:33:47.702 T:13372   debug <general>: CPythonInvoker(2):   default python path:
2026-02-27 21:33:47.702 T:13372   debug <general>: CPythonInvoker(2):     C:\Program Files\Kodi\system\python\DLLs
2026-02-27 21:33:47.702 T:13372   debug <general>: CPythonInvoker(2):     C:\Program Files\Kodi\system\python\Lib
2026-02-27 21:33:47.702 T:13372   debug <general>: CPythonInvoker(2):     C:\Program Files\Kodi\system\python\Lib\site-packages
2026-02-27 21:33:47.702 T:13372   debug <general>: CPythonInvoker(2): adding args:
2026-02-27 21:33:47.702 T:13372   debug <general>: CPythonInvoker(2):  
2026-02-27 21:33:47.702 T:13372   debug <general>: CPythonInvoker(2, C:\Users\James\AppData\Roaming\Kodi\addons\script.common.plugin.cache\resources\lib\entry_point.py): entering source directory C:\Users\James\AppData\Roaming\Kodi\addons\script.common.plugin.cache\resources\lib
2026-02-27 21:33:47.702 T:13372   debug <general>: CPythonInvoker(2, C:\Users\James\AppData\Roaming\Kodi\addons\script.common.plugin.cache\resources\lib\entry_point.py): instantiating addon using automatically obtained id of "script.common.plugin.cache" dependent on version 3.0.1 of the xbmc.python api
2026-02-27 21:33:47.704 T:1604    debug <general>: Thread BackgroundLoader start, auto delete: false
2026-02-27 21:33:47.705 T:1604    debug <general>: Thread BackgroundLoader 1604 terminating
2026-02-27 21:33:47.726 T:9804    debug <general>: Resolved addon path https://mirrors.kodi.tv/addons/omega/script.module.websocket/script.module.websocket-1.6.4.zip to https://www.mirrorservice.org/sites/mirrors.xbmc.org/addons/omega/script.module.websocket/script.module.websocket-1.6.4.zip hash cf9fd6754bd7ca7197c0b72eab287efc4b76e5e71ece2656bb96362505b9ba49
2026-02-27 21:33:47.727 T:9804    debug <general>: XCURL::DllLibCurlGlobal::easy_acquire - Created session to https://www.mirrorservice.org
2026-02-27 21:33:48.102 T:8692    debug <general>: [StorageClient-3.0.0] Service loaded, starting server ...
2026-02-27 21:33:48.483 T:9804    debug <general>: CurlFile::XFILE::CCurlFile::Open - <https://www.mirrorservice.org/sites/mirrors.xbmc.org/addons/omega/script.module.websocket/script.module.websocket-1.6.4.zip>
