2026-02-12 13:27:58.333 T:25877   debug <general>: CAddonInfoBuilder::ParseXMLTypes: Binary addon found: pvr.hts
2026-02-12 13:27:58.334 T:25877   debug <general>: CAddonInfoBuilder::ParseXMLTypes: Binary addon found: peripheral.joystick
2026-02-12 13:27:58.334 T:25877   debug <general>: CAddonMgr::FindAddons: Addon 'metadata.common.fanart.tv' already present with version 3.6.3 at '/usr/share/kodi/addons/metadata.common.fanart.tv/' replaced with version 3.6.5 at '/home/rpeters1428/.kodi/addons/metadata.common.fanart.tv/'
2026-02-12 13:27:58.334 T:25877   debug <general>: CAddonMgr::FindAddons: Addon 'metadata.generic.albums' already present with version 1.0.14 at '/usr/share/kodi/addons/metadata.generic.albums/' replaced with version 1.0.18 at '/home/rpeters1428/.kodi/addons/metadata.generic.albums/'
2026-02-12 13:27:58.334 T:25877   debug <general>: CAddonMgr::FindAddons: Addon 'metadata.themoviedb.org.python' already present with version 1.3.1+matrix.1 at '/usr/share/kodi/addons/metadata.themoviedb.org.python/' replaced with version 3.1.3 at '/home/rpeters1428/.kodi/addons/metadata.themoviedb.org.python/'
2026-02-12 13:27:58.334 T:25877   debug <general>: CAddonMgr::FindAddons: Addon 'metadata.tvshows.themoviedb.org.python' already present with version 1.6.0 at '/usr/share/kodi/addons/metadata.tvshows.themoviedb.org.python/' replaced with version 1.7.4 at '/home/rpeters1428/.kodi/addons/metadata.tvshows.themoviedb.org.python/'
2026-02-12 13:27:58.335 T:25877   debug <general>: CAddonMgr::FindAddons: Addon 'service.xbmc.versioncheck' already present with version 0.5.27+matrix.1 at '/usr/share/kodi/addons/service.xbmc.versioncheck/' replaced with version 0.5.30+matrix.1 at '/home/rpeters1428/.kodi/addons/service.xbmc.versioncheck/'
2026-02-12 13:27:58.335 T:25877   debug <general>: CAddonMgr::FindAddons: Addon 'metadata.album.universal' already present with version 3.1.4 at '/usr/share/kodi/addons/metadata.album.universal/' replaced with version 3.1.18 at '/home/rpeters1428/.kodi/addons/metadata.album.universal/'
2026-02-12 13:27:58.335 T:25877   debug <general>: CAddonMgr::FindAddons: Addon 'metadata.artists.universal' already present with version 4.3.3 at '/usr/share/kodi/addons/metadata.artists.universal/' replaced with version 4.3.21 at '/home/rpeters1428/.kodi/addons/metadata.artists.universal/'
2026-02-12 13:27:58.336 T:25877    info <general>: CAddonMgr::FindAddon: script.module.resolveurl.xxx v2.1.44 installed
2026-02-12 13:27:58.339 T:25877   debug <general>: CAddonMgr: script.module.resolveurl.xxx successfully loaded
2026-02-12 13:27:58.340 T:25912   debug <general>: ContextMenuManager: addon menus reloaded.
2026-02-12 13:27:58.340 T:25877   debug <general>: ADDONS: dependency [script.module.resolveurl.xxx] will not be version checked and unpinned
2026-02-12 13:27:58.340 T:25877   debug <general>: CurlFile::Open - <https://mirrors.kodi.tv/addons/omega/script.module.websocket/script.module.websocket-1.6.4.zip>
2026-02-12 13:27:58.343 T:25830   debug <general>: CGUIMediaWindow::GetDirectory (addons://repository.dobbelina/xbmc.addon.video)
2026-02-12 13:27:58.343 T:25830   debug <general>:   ParentPath = [addons://repository.dobbelina/xbmc.addon.video]
2026-02-12 13:27:58.343 T:25951   debug <general>: Thread waiting start, auto delete: false
2026-02-12 13:27:58.343 T:25951   debug <general>: CAddonDatabase: SELECT repo.id FROM repo .. took 0 ms
2026-02-12 13:27:58.343 T:25951   debug <general>: CAddonDatabase: query  SELECT addons.*, repo.addonID AS repoID FROM addons JOIN addonlinkrepo ON addons.id=addonlinkrepo.idAddon JOIN repo ON repo.id=addonlinkrepo.idRepo WHERE addonlinkrepo.idRepo IN (2) ORDER BY repo.addonID, addons.addonID returned 8 rows in 0 ms
2026-02-12 13:27:58.344 T:25951   debug <general>: CAddonDatabase::GetAddons took 0 ms
2026-02-12 13:27:58.344 T:25951   debug <general>: CAddonDatabase: SELECT repo.id FROM repo .. took 0 ms
2026-02-12 13:27:58.346 T:25951   debug <general>: CAddonDatabase: query  SELECT addons.*, repo.addonID AS repoID FROM addons JOIN addonlinkrepo ON addons.id=addonlinkrepo.idAddon JOIN repo ON repo.id=addonlinkrepo.idRepo WHERE addonlinkrepo.idRepo IN (1,2) ORDER BY repo.addonID, addons.addonID returned 791 rows in 1 ms
2026-02-12 13:27:58.357 T:25951   debug <general>: CAddonDatabase::GetAddons took 12 ms
2026-02-12 13:27:58.357 T:25951   debug <general>: CAddonMgr::GetAddonsWithAvailableUpdate took 13 ms
2026-02-12 13:27:58.358 T:25951   debug <general>: Thread waiting 140229435963072 terminating
2026-02-12 13:27:58.359 T:25952   debug <general>: Thread BackgroundLoader start, auto delete: false
2026-02-12 13:27:58.359 T:25830   debug <general>: [threads] name: 'BackgroundLoader' priority: '1'
2026-02-12 13:27:58.360 T:25952   debug <general>: Thread BackgroundLoader 140229456942784 terminating
2026-02-12 13:27:58.389 T:25877   debug <general>: Resolved addon path https://mirrors.kodi.tv/addons/omega/script.module.websocket/script.module.websocket-1.6.4.zip to https://mirror.karneval.cz/pub/xbmc/addons/omega/script.module.websocket/script.module.websocket-1.6.4.zip hash cf9fd6754bd7ca7197c0b72eab287efc4b76e5e71ece2656bb96362505b9ba49
2026-02-12 13:27:58.390 T:25877   debug <general>: easy_acquire - Created session to https://mirror.karneval.cz
2026-02-12 13:27:58.417 T:25876   debug <general>: CCurlFile::GetMimeType - <https://rpeters1430.github.io/repository.dobbelina/plugin.video.cumination/icon.png> -> failed
2026-02-12 13:27:58.418 T:25876   debug <general>: CurlFile::Open - <https://rpeters1430.github.io/repository.dobbelina/plugin.video.cumination/icon.png>
2026-02-12 13:27:58.442 T:25870   debug <general>: Presentation: Frame was discarded by compositor
2026-02-12 13:27:58.449 T:25876   error <general>: CCurlFile::Open - <https://rpeters1430.github.io/repository.dobbelina/plugin.video.cumination/icon.png> Failed with code 404:
                                                   
2026-02-12 13:27:58.558 T:25876   debug <general>: CCurlFile::GetMimeType - <https://rpeters1430.github.io/repository.dobbelina/plugin.video.uwc/icon.png> -> failed
2026-02-12 13:27:58.558 T:25876   debug <general>: CurlFile::Open - <https://rpeters1430.github.io/repository.dobbelina/plugin.video.uwc/icon.png>
2026-02-12 13:27:58.595 T:25876   error <general>: CCurlFile::Open - <https://rpeters1430.github.io/repository.dobbelina/plugin.video.uwc/icon.png> Failed with code 404:
                                                   
2026-02-12 13:27:58.605 T:25870   debug <general>: Presentation: Frame was discarded by compositor
2026-02-12 13:27:58.728 T:25830   debug <general>: Skipped 1 duplicate messages..
2026-02-12 13:27:58.728 T:25830   debug <general>: CheckIdle - Closing session to https://ftp.halifax.rwth-aachen.de (easy=0x7f8a10651c90, multi=0x7f8a10796930)
2026-02-12 13:27:58.730 T:25870   debug <general>: Presentation: Frame was discarded by compositor
2026-02-12 13:28:00.043 T:25877   debug <general>: Skipped 25 duplicate messages..
2026-02-12 13:28:00.043 T:25877   debug <general>: CurlFile::Open - <https://mirror.karneval.cz/pub/xbmc/addons/omega/script.module.websocket/script.module.websocket-1.6.4.zip>
2026-02-12 13:28:00.086 T:25870   debug <general>: Presentation: Frame was discarded by compositor
2026-02-12 13:28:00.798 T:25830   debug <general>: Skipped 14 duplicate messages..
2026-02-12 13:28:00.798 T:25830   debug <general>: CheckIdle - Closing session to https://mirrors.dotsrc.org (easy=0x7f8a10ab3d80, multi=0x7f8a10a2baf0)
2026-02-12 13:28:00.800 T:25870   debug <general>: Presentation: Frame was discarded by compositor
2026-02-12 13:28:01.106 T:25877   debug <general>: Skipped 4 duplicate messages..
2026-02-12 13:28:01.106 T:25877   debug <general>: CAddonDatabase: SELECT repo.id FROM repo .. took 0 ms
2026-02-12 13:28:01.109 T:25877   debug <general>: CAddonDatabase: query  SELECT addons.*, repo.addonID AS repoID FROM addons JOIN addonlinkrepo ON addons.id=addonlinkrepo.idAddon JOIN repo ON repo.id=addonlinkrepo.idRepo WHERE addonlinkrepo.idRepo IN (1,2) ORDER BY repo.addonID, addons.addonID returned 791 rows in 2 ms
2026-02-12 13:28:01.120 T:25877   debug <general>: CAddonDatabase::GetAddons took 13 ms
2026-02-12 13:28:01.121 T:25877   debug <general>: Unpacking zip://special%3a%2f%2fhome%2faddons%2fpackages%2fscript.module.websocket-1.6.4.zip/script.module.websocket/ to /home/rpeters1428/.kodi/addons/temp/2c4257c5-7774-4982-be91-95e901729498
2026-02-12 13:28:01.126 T:25877   debug <general>: CAddonInfoBuilder::ParseXMLTypes: Binary addon found: audioencoder.kodi.builtin.aac
2026-02-12 13:28:01.126 T:25877   debug <general>: CAddonInfoBuilder::ParseXMLTypes: Binary addon found: audioencoder.kodi.builtin.wma
2026-02-12 13:28:01.130 T:25877   debug <general>: CAddonInfoBuilder::ParseXMLTypes: Binary addon found: screensaver.xbmc.builtin.black
2026-02-12 13:28:01.130 T:25877   debug <general>: CAddonInfoBuilder::ParseXMLTypes: Binary addon found: screensaver.xbmc.builtin.dim
2026-02-12 13:28:01.131 T:25877   debug <general>: CAddonInfoBuilder::ParseXMLTypes: Binary addon found: inputstream.adaptive
2026-02-12 13:28:01.131 T:25877   debug <general>: CAddonInfoBuilder::ParseXMLTypes: Binary addon found: inputstream.rtmp
2026-02-12 13:28:01.131 T:25877   debug <general>: CAddonInfoBuilder::ParseXMLTypes: Binary addon found: pvr.iptvsimple
2026-02-12 13:28:01.132 T:25877   debug <general>: CAddonInfoBuilder::ParseXMLTypes: Binary addon found: pvr.hts
2026-02-12 13:28:01.132 T:25877   debug <general>: CAddonInfoBuilder::ParseXMLTypes: Binary addon found: peripheral.joystick
2026-02-12 13:28:01.132 T:25877   debug <general>: CAddonMgr::FindAddons: Addon 'metadata.common.fanart.tv' already present with version 3.6.3 at '/usr/share/kodi/addons/metadata.common.fanart.tv/' replaced with version 3.6.5 at '/home/rpeters1428/.kodi/addons/metadata.common.fanart.tv/'
2026-02-12 13:28:01.132 T:25877   debug <general>: CAddonMgr::FindAddons: Addon 'metadata.generic.albums' already present with version 1.0.14 at '/usr/share/kodi/addons/metadata.generic.albums/' replaced with version 1.0.18 at '/home/rpeters1428/.kodi/addons/metadata.generic.albums/'
2026-02-12 13:28:01.133 T:25877   debug <general>: CAddonMgr::FindAddons: Addon 'metadata.themoviedb.org.python' already present with version 1.3.1+matrix.1 at '/usr/share/kodi/addons/metadata.themoviedb.org.python/' replaced with version 3.1.3 at '/home/rpeters1428/.kodi/addons/metadata.themoviedb.org.python/'
2026-02-12 13:28:01.133 T:25877   debug <general>: CAddonMgr::FindAddons: Addon 'metadata.tvshows.themoviedb.org.python' already present with version 1.6.0 at '/usr/share/kodi/addons/metadata.tvshows.themoviedb.org.python/' replaced with version 1.7.4 at '/home/rpeters1428/.kodi/addons/metadata.tvshows.themoviedb.org.python/'
2026-02-12 13:28:01.133 T:25877   debug <general>: CAddonMgr::FindAddons: Addon 'service.xbmc.versioncheck' already present with version 0.5.27+matrix.1 at '/usr/share/kodi/addons/service.xbmc.versioncheck/' replaced with version 0.5.30+matrix.1 at '/home/rpeters1428/.kodi/addons/service.xbmc.versioncheck/'
2026-02-12 13:28:01.133 T:25877   debug <general>: CAddonMgr::FindAddons: Addon 'metadata.album.universal' already present with version 3.1.4 at '/usr/share/kodi/addons/metadata.album.universal/' replaced with version 3.1.18 at '/home/rpeters1428/.kodi/addons/metadata.album.universal/'
2026-02-12 13:28:01.134 T:25877   debug <general>: CAddonMgr::FindAddons: Addon 'metadata.artists.universal' already present with version 4.3.3 at '/usr/share/kodi/addons/metadata.artists.universal/' replaced with version 4.3.21 at '/home/rpeters1428/.kodi/addons/metadata.artists.universal/'
2026-02-12 13:28:01.134 T:25877    info <general>: CAddonMgr::FindAddon: script.module.websocket v1.6.4 installed
2026-02-12 13:28:01.146 T:25877   debug <general>: CAddonMgr: script.module.websocket successfully loaded
2026-02-12 13:28:01.146 T:25878   debug <general>: ContextMenuManager: addon menus reloaded.
2026-02-12 13:28:01.146 T:25877   debug <general>: ADDONS: dependency [script.module.websocket] will not be version checked and unpinned
2026-02-12 13:28:01.147 T:25830   debug <general>: CGUIMediaWindow::GetDirectory (addons://repository.dobbelina/xbmc.addon.video)
2026-02-12 13:28:01.147 T:25830   debug <general>:   ParentPath = [addons://repository.dobbelina/xbmc.addon.video]
2026-02-12 13:28:01.148 T:25956   debug <general>: Thread waiting start, auto delete: false
2026-02-12 13:28:01.148 T:25877   debug <general>: CurlFile::Open - <https://mirrors.kodi.tv/addons/omega/script.module.requests/script.module.requests-2.31.0.zip>
2026-02-12 13:28:01.148 T:25956   debug <general>: CAddonDatabase: SELECT repo.id FROM repo .. took 0 ms
2026-02-12 13:28:01.148 T:25956   debug <general>: CAddonDatabase: query  SELECT addons.*, repo.addonID AS repoID FROM addons JOIN addonlinkrepo ON addons.id=addonlinkrepo.idAddon JOIN repo ON repo.id=addonlinkrepo.idRepo WHERE addonlinkrepo.idRepo IN (2) ORDER BY repo.addonID, addons.addonID returned 8 rows in 0 ms
2026-02-12 13:28:01.148 T:25956   debug <general>: CAddonDatabase::GetAddons took 0 ms
2026-02-12 13:28:01.149 T:25956   debug <general>: CAddonDatabase: SELECT repo.id FROM repo .. took 0 ms
2026-02-12 13:28:01.150 T:25956   debug <general>: CAddonDatabase: query  SELECT addons.*, repo.addonID AS repoID FROM addons JOIN addonlinkrepo ON addons.id=addonlinkrepo.idAddon JOIN repo ON repo.id=addonlinkrepo.idRepo WHERE addonlinkrepo.idRepo IN (1,2) ORDER BY repo.addonID, addons.addonID returned 791 rows in 1 ms
2026-02-12 13:28:01.160 T:25956   debug <general>: CAddonDatabase::GetAddons took 11 ms
2026-02-12 13:28:01.161 T:25956   debug <general>: CAddonMgr::GetAddonsWithAvailableUpdate took 12 ms
2026-02-12 13:28:01.162 T:25956   debug <general>: Thread waiting 140229435963072 terminating
2026-02-12 13:28:01.163 T:25957   debug <general>: Thread BackgroundLoader start, auto delete: false
2026-02-12 13:28:01.163 T:25830   debug <general>: [threads] name: 'BackgroundLoader' priority: '1'
2026-02-12 13:28:01.163 T:25957   debug <general>: Thread BackgroundLoader 140229456942784 terminating
2026-02-12 13:28:01.199 T:25877   debug <general>: Resolved addon path https://mirrors.kodi.tv/addons/omega/script.module.requests/script.module.requests-2.31.0.zip to https://mirror.math.princeton.edu/pub/xbmc/addons/omega/script.module.requests/script.module.requests-2.31.0.zip hash a5704f0fd7afb4154e1beea9b5f05a002bcd75fa581a1e5fd15ece39bf2bd38a
2026-02-12 13:28:01.199 T:25877   debug <general>: easy_acquire - Created session to https://mirror.math.princeton.edu
2026-02-12 13:28:01.247 T:25870   debug <general>: Presentation: Frame was discarded by compositor
2026-02-12 13:28:01.272 T:25878   debug <general>: CCurlFile::GetMimeType - <https://rpeters1430.github.io/repository.dobbelina/plugin.video.cumination/icon.png> -> failed
2026-02-12 13:28:01.272 T:25878   debug <general>: CurlFile::Open - <https://rpeters1430.github.io/repository.dobbelina/plugin.video.cumination/icon.png>
2026-02-12 13:28:01.302 T:25878   error <general>: CCurlFile::Open - <https://rpeters1430.github.io/repository.dobbelina/plugin.video.cumination/icon.png> Failed with code 404:
                                                   
2026-02-12 13:28:01.336 T:25870   debug <general>: Presentation: Frame was discarded by compositor
2026-02-12 13:28:01.399 T:25878   debug <general>: CCurlFile::GetMimeType - <https://rpeters1430.github.io/repository.dobbelina/plugin.video.uwc/icon.png> -> failed
2026-02-12 13:28:01.399 T:25878   debug <general>: CurlFile::Open - <https://rpeters1430.github.io/repository.dobbelina/plugin.video.uwc/icon.png>
2026-02-12 13:28:01.410 T:25870   debug <general>: Presentation: Frame was discarded by compositor
2026-02-12 13:28:01.432 T:25878   error <general>: CCurlFile::Open - <https://rpeters1430.github.io/repository.dobbelina/plugin.video.uwc/icon.png> Failed with code 404:
                                                   
2026-02-12 13:28:01.451 T:25870   debug <general>: Presentation: Frame was discarded by compositor
2026-02-12 13:28:01.691 T:25877   debug <general>: Skipped 3 duplicate messages..
2026-02-12 13:28:01.691 T:25877   debug <general>: CurlFile::Open - <https://mirror.math.princeton.edu/pub/xbmc/addons/omega/script.module.requests/script.module.requests-2.31.0.zip>
2026-02-12 13:28:01.714 T:25870   debug <general>: Presentation: Frame was discarded by compositor
2026-02-12 13:28:02.262 T:25877   debug <general>: Skipped 12 duplicate messages..
2026-02-12 13:28:02.262 T:25877   debug <general>: CAddonDatabase: SELECT repo.id FROM repo .. took 0 ms
2026-02-12 13:28:02.264 T:25877   debug <general>: CAddonDatabase: query  SELECT addons.*, repo.addonID AS repoID FROM addons JOIN addonlinkrepo ON addons.id=addonlinkrepo.idAddon JOIN repo ON repo.id=addonlinkrepo.idRepo WHERE addonlinkrepo.idRepo IN (1,2) ORDER BY repo.addonID, addons.addonID returned 791 rows in 2 ms
2026-02-12 13:28:02.275 T:25877   debug <general>: CAddonDatabase::GetAddons took 12 ms
2026-02-12 13:28:02.276 T:25877   debug <general>: CurlFile::Open - <https://mirrors.kodi.tv/addons/omega/script.module.certifi/script.module.certifi-2023.5.7.zip>
2026-02-12 13:28:02.288 T:25870   debug <general>: Presentation: Frame was discarded by compositor
2026-02-12 13:28:02.322 T:25877   debug <general>: Resolved addon path https://mirrors.kodi.tv/addons/omega/script.module.certifi/script.module.certifi-2023.5.7.zip to https://mirror.math.princeton.edu/pub/xbmc/addons/omega/script.module.certifi/script.module.certifi-2023.5.7.zip hash c16d4cd2efe6e57dbb5e8d71a9beb3af213b1e3d717e8b0b24f0cbdc4c645070
2026-02-12 13:28:02.435 T:25870   debug <general>: Presentation: Frame was discarded by compositor
2026-02-12 13:28:02.728 T:25877   debug <general>: Skipped 7 duplicate messages..
2026-02-12 13:28:02.728 T:25877   debug <general>: CurlFile::Open - <https://mirror.math.princeton.edu/pub/xbmc/addons/omega/script.module.certifi/script.module.certifi-2023.5.7.zip>
2026-02-12 13:28:02.766 T:25870   debug <general>: Presentation: Frame was discarded by compositor
2026-02-12 13:28:02.879 T:25830   debug <general>: ------ Window Deinit (Pointer.xml) ------
2026-02-12 13:28:02.882 T:25870   debug <general>: Presentation: Frame was discarded by compositor
2026-02-12 13:28:02.978 T:25877   debug <general>: CAddonDatabase: SELECT repo.id FROM repo .. took 0 ms
2026-02-12 13:28:02.981 T:25877   debug <general>: CAddonDatabase: query  SELECT addons.*, repo.addonID AS repoID FROM addons JOIN addonlinkrepo ON addons.id=addonlinkrepo.idAddon JOIN repo ON repo.id=addonlinkrepo.idRepo WHERE addonlinkrepo.idRepo IN (1,2) ORDER BY repo.addonID, addons.addonID returned 791 rows in 3 ms
2026-02-12 13:28:02.994 T:25877   debug <general>: CAddonDatabase::GetAddons took 16 ms
2026-02-12 13:28:02.995 T:25877   debug <general>: Unpacking zip://special%3a%2f%2fhome%2faddons%2fpackages%2fscript.module.certifi-2023.5.7.zip/script.module.certifi/ to /home/rpeters1428/.kodi/addons/temp/2372fd4c-621e-446b-8187-1712490ced08
2026-02-12 13:28:02.999 T:25877   debug <general>: CAddonInfoBuilder::ParseXMLTypes: Binary addon found: audioencoder.kodi.builtin.aac
2026-02-12 13:28:02.999 T:25877   debug <general>: CAddonInfoBuilder::ParseXMLTypes: Binary addon found: audioencoder.kodi.builtin.wma
2026-02-12 13:28:03.003 T:25877   debug <general>: CAddonInfoBuilder::ParseXMLTypes: Binary addon found: screensaver.xbmc.builtin.black
2026-02-12 13:28:03.003 T:25877   debug <general>: CAddonInfoBuilder::ParseXMLTypes: Binary addon found: screensaver.xbmc.builtin.dim
2026-02-12 13:28:03.005 T:25870   debug <general>: Presentation: Frame was discarded by compositor
2026-02-12 13:28:03.005 T:25877   debug <general>: CAddonInfoBuilder::ParseXMLTypes: Binary addon found: inputstream.adaptive
2026-02-12 13:28:03.005 T:25877   debug <general>: CAddonInfoBuilder::ParseXMLTypes: Binary addon found: inputstream.rtmp
2026-02-12 13:28:03.005 T:25877   debug <general>: CAddonInfoBuilder::ParseXMLTypes: Binary addon found: pvr.iptvsimple
2026-02-12 13:28:03.006 T:25877   debug <general>: CAddonInfoBuilder::ParseXMLTypes: Binary addon found: pvr.hts
2026-02-12 13:28:03.006 T:25877   debug <general>: CAddonInfoBuilder::ParseXMLTypes: Binary addon found: peripheral.joystick
2026-02-12 13:28:03.006 T:25877   debug <general>: CAddonMgr::FindAddons: Addon 'metadata.common.fanart.tv' already present with version 3.6.3 at '/usr/share/kodi/addons/metadata.common.fanart.tv/' replaced with version 3.6.5 at '/home/rpeters1428/.kodi/addons/metadata.common.fanart.tv/'
2026-02-12 13:28:03.006 T:25877   debug <general>: CAddonMgr::FindAddons: Addon 'metadata.generic.albums' already present with version 1.0.14 at '/usr/share/kodi/addons/metadata.generic.albums/' replaced with version 1.0.18 at '/home/rpeters1428/.kodi/addons/metadata.generic.albums/'
2026-02-12 13:28:03.007 T:25877   debug <general>: CAddonMgr::FindAddons: Addon 'metadata.themoviedb.org.python' already present with version 1.3.1+matrix.1 at '/usr/share/kodi/addons/metadata.themoviedb.org.python/' replaced with version 3.1.3 at '/home/rpeters1428/.kodi/addons/metadata.themoviedb.org.python/'
2026-02-12 13:28:03.007 T:25877   debug <general>: CAddonMgr::FindAddons: Addon 'metadata.tvshows.themoviedb.org.python' already present with version 1.6.0 at '/usr/share/kodi/addons/metadata.tvshows.themoviedb.org.python/' replaced with version 1.7.4 at '/home/rpeters1428/.kodi/addons/metadata.tvshows.themoviedb.org.python/'
2026-02-12 13:28:03.007 T:25877   debug <general>: CAddonMgr::FindAddons: Addon 'service.xbmc.versioncheck' already present with version 0.5.27+matrix.1 at '/usr/share/kodi/addons/service.xbmc.versioncheck/' replaced with version 0.5.30+matrix.1 at '/home/rpeters1428/.kodi/addons/service.xbmc.versioncheck/'
2026-02-12 13:28:03.008 T:25877   debug <general>: CAddonMgr::FindAddons: Addon 'metadata.album.universal' already present with version 3.1.4 at '/usr/share/kodi/addons/metadata.album.universal/' replaced with version 3.1.18 at '/home/rpeters1428/.kodi/addons/metadata.album.universal/'
2026-02-12 13:28:03.008 T:25877   debug <general>: CAddonMgr::FindAddons: Addon 'metadata.artists.universal' already present with version 4.3.3 at '/usr/share/kodi/addons/metadata.artists.universal/' replaced with version 4.3.21 at '/home/rpeters1428/.kodi/addons/metadata.artists.universal/'
2026-02-12 13:28:03.009 T:25877    info <general>: CAddonMgr::FindAddon: script.module.certifi v2023.5.7 installed
2026-02-12 13:28:03.021 T:25877   debug <general>: CAddonMgr: script.module.certifi successfully loaded
2026-02-12 13:28:03.021 T:25876   debug <general>: ContextMenuManager: addon menus reloaded.
2026-02-12 13:28:03.021 T:25877   debug <general>: ADDONS: dependency [script.module.certifi] will not be version checked and unpinned
2026-02-12 13:28:03.021 T:25877   debug <general>: CurlFile::Open - <https://mirrors.kodi.tv/addons/omega/script.module.chardet/script.module.chardet-5.1.0.zip>
2026-02-12 13:28:03.028 T:25830   debug <general>: CGUIMediaWindow::GetDirectory (addons://repository.dobbelina/xbmc.addon.video)
2026-02-12 13:28:03.028 T:25830   debug <general>:   ParentPath = [addons://repository.dobbelina/xbmc.addon.video]
2026-02-12 13:28:03.028 T:25963   debug <general>: Thread waiting start, auto delete: false
2026-02-12 13:28:03.028 T:25963   debug <general>: CAddonDatabase: SELECT repo.id FROM repo .. took 0 ms
2026-02-12 13:28:03.028 T:25963   debug <general>: CAddonDatabase: query  SELECT addons.*, repo.addonID AS repoID FROM addons JOIN addonlinkrepo ON addons.id=addonlinkrepo.idAddon JOIN repo ON repo.id=addonlinkrepo.idRepo WHERE addonlinkrepo.idRepo IN (2) ORDER BY repo.addonID, addons.addonID returned 8 rows in 0 ms
2026-02-12 13:28:03.029 T:25963   debug <general>: CAddonDatabase::GetAddons took 0 ms
2026-02-12 13:28:03.029 T:25963   debug <general>: CAddonDatabase: SELECT repo.id FROM repo .. took 0 ms
2026-02-12 13:28:03.031 T:25963   debug <general>: CAddonDatabase: query  SELECT addons.*, repo.addonID AS repoID FROM addons JOIN addonlinkrepo ON addons.id=addonlinkrepo.idAddon JOIN repo ON repo.id=addonlinkrepo.idRepo WHERE addonlinkrepo.idRepo IN (1,2) ORDER BY repo.addonID, addons.addonID returned 791 rows in 1 ms
2026-02-12 13:28:03.041 T:25963   debug <general>: CAddonDatabase::GetAddons took 12 ms
2026-02-12 13:28:03.043 T:25963   debug <general>: CAddonMgr::GetAddonsWithAvailableUpdate took 13 ms
2026-02-12 13:28:03.044 T:25963   debug <general>: Thread waiting 140229435963072 terminating
2026-02-12 13:28:03.045 T:25964   debug <general>: Thread BackgroundLoader start, auto delete: false
2026-02-12 13:28:03.045 T:25830   debug <general>: [threads] name: 'BackgroundLoader' priority: '1'
2026-02-12 13:28:03.045 T:25964   debug <general>: Thread BackgroundLoader 140229456942784 terminating
2026-02-12 13:28:03.066 T:25877   debug <general>: Resolved addon path https://mirrors.kodi.tv/addons/omega/script.module.chardet/script.module.chardet-5.1.0.zip to https://ftp.halifax.rwth-aachen.de/xbmc/addons/omega/script.module.chardet/script.module.chardet-5.1.0.zip hash d5010fc55a9523d86a306ae9e6a8dea0e3248fe079b9ed37280fe86110cd766a
2026-02-12 13:28:03.066 T:25877   debug <general>: easy_acquire - Created session to https://ftp.halifax.rwth-aachen.de
2026-02-12 13:28:03.127 T:25870   debug <general>: Presentation: Frame was discarded by compositor
2026-02-12 13:28:03.140 T:25876   debug <general>: CCurlFile::GetMimeType - <https://rpeters1430.github.io/repository.dobbelina/plugin.video.cumination/icon.png> -> failed
2026-02-12 13:28:03.140 T:25876   debug <general>: CurlFile::Open - <https://rpeters1430.github.io/repository.dobbelina/plugin.video.cumination/icon.png>
2026-02-12 13:28:03.171 T:25876   error <general>: CCurlFile::Open - <https://rpeters1430.github.io/repository.dobbelina/plugin.video.cumination/icon.png> Failed with code 404:
                                                   
2026-02-12 13:28:03.201 T:25870   debug <general>: Presentation: Frame was discarded by compositor
2026-02-12 13:28:03.266 T:25876   debug <general>: Skipped 1 duplicate messages..
2026-02-12 13:28:03.266 T:25876   debug <general>: CCurlFile::GetMimeType - <https://rpeters1430.github.io/repository.dobbelina/plugin.video.uwc/icon.png> -> failed
2026-02-12 13:28:03.266 T:25876   debug <general>: CurlFile::Open - <https://rpeters1430.github.io/repository.dobbelina/plugin.video.uwc/icon.png>
2026-02-12 13:28:03.283 T:25870   debug <general>: Presentation: Frame was discarded by compositor
2026-02-12 13:28:03.296 T:25876   error <general>: CCurlFile::Open - <https://rpeters1430.github.io/repository.dobbelina/plugin.video.uwc/icon.png> Failed with code 404:
                                                   
2026-02-12 13:28:03.328 T:25870   debug <general>: Presentation: Frame was discarded by compositor
2026-02-12 13:28:03.856 T:25877   debug <general>: Skipped 11 duplicate messages..
2026-02-12 13:28:03.856 T:25877   debug <general>: CurlFile::Open - <https://ftp.halifax.rwth-aachen.de/xbmc/addons/omega/script.module.chardet/script.module.chardet-5.1.0.zip>
2026-02-12 13:28:03.868 T:25870   debug <general>: Presentation: Frame was discarded by compositor
2026-02-12 13:28:04.599 T:25835   debug <general>: Skipped 14 duplicate messages..
2026-02-12 13:28:04.599 T:25835   debug <general>: CPipewireStream::Drained
2026-02-12 13:28:04.600 T:25835   debug <general>: CPipewireStream::StateChanged - stream state changed streaming -> paused
2026-02-12 13:28:04.600 T:25835   debug <general>: CPipewireNode::Info - node 62 changed
2026-02-12 13:28:04.616 T:25870   debug <general>: Presentation: Frame was discarded by compositor
2026-02-12 13:28:05.157 T:25877   debug <general>: Skipped 9 duplicate messages..
2026-02-12 13:28:05.157 T:25877   debug <general>: CAddonDatabase: SELECT repo.id FROM repo .. took 0 ms
2026-02-12 13:28:05.159 T:25877   debug <general>: CAddonDatabase: query  SELECT addons.*, repo.addonID AS repoID FROM addons JOIN addonlinkrepo ON addons.id=addonlinkrepo.idAddon JOIN repo ON repo.id=addonlinkrepo.idRepo WHERE addonlinkrepo.idRepo IN (1,2) ORDER BY repo.addonID, addons.addonID returned 791 rows in 2 ms
2026-02-12 13:28:05.170 T:25877   debug <general>: CAddonDatabase::GetAddons took 13 ms
2026-02-12 13:28:05.172 T:25877   debug <general>: Unpacking zip://special%3a%2f%2fhome%2faddons%2fpackages%2fscript.module.chardet-5.1.0.zip/script.module.chardet/ to /home/rpeters1428/.kodi/addons/temp/7e213ba3-92f9-4e64-9155-e2da9dc83766
2026-02-12 13:28:05.184 T:25877   debug <general>: CAddonInfoBuilder::ParseXMLTypes: Binary addon found: audioencoder.kodi.builtin.aac
2026-02-12 13:28:05.184 T:25877   debug <general>: CAddonInfoBuilder::ParseXMLTypes: Binary addon found: audioencoder.kodi.builtin.wma
2026-02-12 13:28:05.187 T:25877   debug <general>: CAddonInfoBuilder::ParseXMLTypes: Binary addon found: screensaver.xbmc.builtin.black
2026-02-12 13:28:05.187 T:25877   debug <general>: CAddonInfoBuilder::ParseXMLTypes: Binary addon found: screensaver.xbmc.builtin.dim
2026-02-12 13:28:05.188 T:25877   debug <general>: CAddonInfoBuilder::ParseXMLTypes: Binary addon found: inputstream.adaptive
2026-02-12 13:28:05.189 T:25877   debug <general>: CAddonInfoBuilder::ParseXMLTypes: Binary addon found: inputstream.rtmp
2026-02-12 13:28:05.189 T:25877   debug <general>: CAddonInfoBuilder::ParseXMLTypes: Binary addon found: pvr.iptvsimple
2026-02-12 13:28:05.189 T:25877   debug <general>: CAddonInfoBuilder::ParseXMLTypes: Binary addon found: pvr.hts
2026-02-12 13:28:05.189 T:25877   debug <general>: CAddonInfoBuilder::ParseXMLTypes: Binary addon found: peripheral.joystick
2026-02-12 13:28:05.190 T:25877   debug <general>: CAddonMgr::FindAddons: Addon 'metadata.common.fanart.tv' already present with version 3.6.3 at '/usr/share/kodi/addons/metadata.common.fanart.tv/' replaced with version 3.6.5 at '/home/rpeters1428/.kodi/addons/metadata.common.fanart.tv/'
2026-02-12 13:28:05.190 T:25877   debug <general>: CAddonMgr::FindAddons: Addon 'metadata.generic.albums' already present with version 1.0.14 at '/usr/share/kodi/addons/metadata.generic.albums/' replaced with version 1.0.18 at '/home/rpeters1428/.kodi/addons/metadata.generic.albums/'
2026-02-12 13:28:05.190 T:25877   debug <general>: CAddonMgr::FindAddons: Addon 'metadata.themoviedb.org.python' already present with version 1.3.1+matrix.1 at '/usr/share/kodi/addons/metadata.themoviedb.org.python/' replaced with version 3.1.3 at '/home/rpeters1428/.kodi/addons/metadata.themoviedb.org.python/'
2026-02-12 13:28:05.190 T:25877   debug <general>: CAddonMgr::FindAddons: Addon 'metadata.tvshows.themoviedb.org.python' already present with version 1.6.0 at '/usr/share/kodi/addons/metadata.tvshows.themoviedb.org.python/' replaced with version 1.7.4 at '/home/rpeters1428/.kodi/addons/metadata.tvshows.themoviedb.org.python/'
2026-02-12 13:28:05.190 T:25877   debug <general>: CAddonMgr::FindAddons: Addon 'service.xbmc.versioncheck' already present with version 0.5.27+matrix.1 at '/usr/share/kodi/addons/service.xbmc.versioncheck/' replaced with version 0.5.30+matrix.1 at '/home/rpeters1428/.kodi/addons/service.xbmc.versioncheck/'
2026-02-12 13:28:05.191 T:25877   debug <general>: CAddonMgr::FindAddons: Addon 'metadata.album.universal' already present with version 3.1.4 at '/usr/share/kodi/addons/metadata.album.universal/' replaced with version 3.1.18 at '/home/rpeters1428/.kodi/addons/metadata.album.universal/'
2026-02-12 13:28:05.191 T:25877   debug <general>: CAddonMgr::FindAddons: Addon 'metadata.artists.universal' already present with version 4.3.3 at '/usr/share/kodi/addons/metadata.artists.universal/' replaced with version 4.3.21 at '/home/rpeters1428/.kodi/addons/metadata.artists.universal/'
2026-02-12 13:28:05.192 T:25877    info <general>: CAddonMgr::FindAddon: script.module.chardet v5.1.0 installed
2026-02-12 13:28:05.204 T:25877   debug <general>: CAddonMgr: script.module.chardet successfully loaded
2026-02-12 13:28:05.204 T:25878   debug <general>: ContextMenuManager: addon menus reloaded.
2026-02-12 13:28:05.204 T:25877   debug <general>: ADDONS: dependency [script.module.chardet] will not be version checked and unpinned
2026-02-12 13:28:05.204 T:25877   debug <general>: CurlFile::Open - <https://mirrors.kodi.tv/addons/omega/script.module.idna/script.module.idna-3.10.0.zip>
2026-02-12 13:28:05.209 T:25830   debug <general>: CGUIMediaWindow::GetDirectory (addons://repository.dobbelina/xbmc.addon.video)
2026-02-12 13:28:05.209 T:25830   debug <general>:   ParentPath = [addons://repository.dobbelina/xbmc.addon.video]
2026-02-12 13:28:05.209 T:25969   debug <general>: Thread waiting start, auto delete: false
2026-02-12 13:28:05.209 T:25969   debug <general>: CAddonDatabase: SELECT repo.id FROM repo .. took 0 ms
2026-02-12 13:28:05.209 T:25969   debug <general>: CAddonDatabase: query  SELECT addons.*, repo.addonID AS repoID FROM addons JOIN addonlinkrepo ON addons.id=addonlinkrepo.idAddon JOIN repo ON repo.id=addonlinkrepo.idRepo WHERE addonlinkrepo.idRepo IN (2) ORDER BY repo.addonID, addons.addonID returned 8 rows in 0 ms
2026-02-12 13:28:05.210 T:25969   debug <general>: CAddonDatabase::GetAddons took 0 ms
2026-02-12 13:28:05.210 T:25969   debug <general>: CAddonDatabase: SELECT repo.id FROM repo .. took 0 ms
2026-02-12 13:28:05.212 T:25969   debug <general>: CAddonDatabase: query  SELECT addons.*, repo.addonID AS repoID FROM addons JOIN addonlinkrepo ON addons.id=addonlinkrepo.idAddon JOIN repo ON repo.id=addonlinkrepo.idRepo WHERE addonlinkrepo.idRepo IN (1,2) ORDER BY repo.addonID, addons.addonID returned 791 rows in 1 ms
2026-02-12 13:28:05.222 T:25969   debug <general>: CAddonDatabase::GetAddons took 12 ms
2026-02-12 13:28:05.223 T:25969   debug <general>: CAddonMgr::GetAddonsWithAvailableUpdate took 13 ms
2026-02-12 13:28:05.224 T:25969   debug <general>: Thread waiting 140229435963072 terminating
2026-02-12 13:28:05.225 T:25970   debug <general>: Thread BackgroundLoader start, auto delete: false
2026-02-12 13:28:05.225 T:25830   debug <general>: [threads] name: 'BackgroundLoader' priority: '1'
2026-02-12 13:28:05.226 T:25970   debug <general>: Thread BackgroundLoader 140229456942784 terminating
2026-02-12 13:28:05.249 T:25877   debug <general>: Resolved addon path https://mirrors.kodi.tv/addons/omega/script.module.idna/script.module.idna-3.10.0.zip to https://mirrors.dotsrc.org/kodi/addons/omega/script.module.idna/script.module.idna-3.10.0.zip hash c4ff34dbfab2736e9214a374d331bd6f558d8b3fea8eb7902e210749509242b3
2026-02-12 13:28:05.249 T:25877   debug <general>: easy_acquire - Created session to https://mirrors.dotsrc.org
2026-02-12 13:28:05.327 T:25878   debug <general>: CCurlFile::GetMimeType - <https://rpeters1430.github.io/repository.dobbelina/plugin.video.cumination/icon.png> -> failed
2026-02-12 13:28:05.327 T:25878   debug <general>: CurlFile::Open - <https://rpeters1430.github.io/repository.dobbelina/plugin.video.cumination/icon.png>
2026-02-12 13:28:05.356 T:25878   error <general>: CCurlFile::Open - <https://rpeters1430.github.io/repository.dobbelina/plugin.video.cumination/icon.png> Failed with code 404:
                                                   
2026-02-12 13:28:05.371 T:25870   debug <general>: Presentation: Frame was discarded by compositor
2026-02-12 13:28:05.454 T:25878   debug <general>: Skipped 1 duplicate messages..
2026-02-12 13:28:05.454 T:25878   debug <general>: CCurlFile::GetMimeType - <https://rpeters1430.github.io/repository.dobbelina/plugin.video.uwc/icon.png> -> failed
2026-02-12 13:28:05.454 T:25878   debug <general>: CurlFile::Open - <https://rpeters1430.github.io/repository.dobbelina/plugin.video.uwc/icon.png>
2026-02-12 13:28:05.487 T:25878   error <general>: CCurlFile::Open - <https://rpeters1430.github.io/repository.dobbelina/plugin.video.uwc/icon.png> Failed with code 404:
                                                   
2026-02-12 13:28:05.505 T:25870   debug <general>: Presentation: Frame was discarded by compositor
2026-02-12 13:28:05.841 T:25877   debug <general>: Skipped 8 duplicate messages..
2026-02-12 13:28:05.841 T:25877   debug <general>: CurlFile::Open - <https://mirrors.dotsrc.org/kodi/addons/omega/script.module.idna/script.module.idna-3.10.0.zip>
2026-02-12 13:28:05.875 T:25870   debug <general>: Presentation: Frame was discarded by compositor
2026-02-12 13:28:06.831 T:25877   debug <general>: Skipped 17 duplicate messages..
2026-02-12 13:28:06.831 T:25877   debug <general>: CAddonDatabase: SELECT repo.id FROM repo .. took 0 ms
2026-02-12 13:28:06.833 T:25877   debug <general>: CAddonDatabase: query  SELECT addons.*, repo.addonID AS repoID FROM addons JOIN addonlinkrepo ON addons.id=addonlinkrepo.idAddon JOIN repo ON repo.id=addonlinkrepo.idRepo WHERE addonlinkrepo.idRepo IN (1,2) ORDER BY repo.addonID, addons.addonID returned 791 rows in 2 ms
2026-02-12 13:28:06.844 T:25877   debug <general>: CAddonDatabase::GetAddons took 13 ms
2026-02-12 13:28:06.845 T:25877   debug <general>: Unpacking zip://special%3a%2f%2fhome%2faddons%2fpackages%2fscript.module.idna-3.10.0.zip/script.module.idna/ to /home/rpeters1428/.kodi/addons/temp/12c90357-eeb4-4d88-b116-362366c7066f
2026-02-12 13:28:06.850 T:25877   debug <general>: CAddonInfoBuilder::ParseXMLTypes: Binary addon found: audioencoder.kodi.builtin.aac
2026-02-12 13:28:06.850 T:25877   debug <general>: CAddonInfoBuilder::ParseXMLTypes: Binary addon found: audioencoder.kodi.builtin.wma
2026-02-12 13:28:06.854 T:25877   debug <general>: CAddonInfoBuilder::ParseXMLTypes: Binary addon found: screensaver.xbmc.builtin.black
2026-02-12 13:28:06.854 T:25877   debug <general>: CAddonInfoBuilder::ParseXMLTypes: Binary addon found: screensaver.xbmc.builtin.dim
2026-02-12 13:28:06.855 T:25877   debug <general>: CAddonInfoBuilder::ParseXMLTypes: Binary addon found: inputstream.adaptive
2026-02-12 13:28:06.855 T:25877   debug <general>: CAddonInfoBuilder::ParseXMLTypes: Binary addon found: inputstream.rtmp
2026-02-12 13:28:06.855 T:25870   debug <general>: Presentation: Frame was discarded by compositor
2026-02-12 13:28:06.855 T:25877   debug <general>: CAddonInfoBuilder::ParseXMLTypes: Binary addon found: pvr.iptvsimple
2026-02-12 13:28:06.856 T:25877   debug <general>: CAddonInfoBuilder::ParseXMLTypes: Binary addon found: pvr.hts
2026-02-12 13:28:06.856 T:25877   debug <general>: CAddonInfoBuilder::ParseXMLTypes: Binary addon found: peripheral.joystick
2026-02-12 13:28:06.856 T:25877   debug <general>: CAddonMgr::FindAddons: Addon 'metadata.common.fanart.tv' already present with version 3.6.3 at '/usr/share/kodi/addons/metadata.common.fanart.tv/' replaced with version 3.6.5 at '/home/rpeters1428/.kodi/addons/metadata.common.fanart.tv/'
2026-02-12 13:28:06.856 T:25877   debug <general>: CAddonMgr::FindAddons: Addon 'metadata.generic.albums' already present with version 1.0.14 at '/usr/share/kodi/addons/metadata.generic.albums/' replaced with version 1.0.18 at '/home/rpeters1428/.kodi/addons/metadata.generic.albums/'
2026-02-12 13:28:06.857 T:25877   debug <general>: CAddonMgr::FindAddons: Addon 'metadata.themoviedb.org.python' already present with version 1.3.1+matrix.1 at '/usr/share/kodi/addons/metadata.themoviedb.org.python/' replaced with version 3.1.3 at '/home/rpeters1428/.kodi/addons/metadata.themoviedb.org.python/'
2026-02-12 13:28:06.857 T:25877   debug <general>: CAddonMgr::FindAddons: Addon 'metadata.tvshows.themoviedb.org.python' already present with version 1.6.0 at '/usr/share/kodi/addons/metadata.tvshows.themoviedb.org.python/' replaced with version 1.7.4 at '/home/rpeters1428/.kodi/addons/metadata.tvshows.themoviedb.org.python/'
2026-02-12 13:28:06.857 T:25877   debug <general>: CAddonMgr::FindAddons: Addon 'service.xbmc.versioncheck' already present with version 0.5.27+matrix.1 at '/usr/share/kodi/addons/service.xbmc.versioncheck/' replaced with version 0.5.30+matrix.1 at '/home/rpeters1428/.kodi/addons/service.xbmc.versioncheck/'
2026-02-12 13:28:06.858 T:25877   debug <general>: CAddonMgr::FindAddons: Addon 'metadata.album.universal' already present with version 3.1.4 at '/usr/share/kodi/addons/metadata.album.universal/' replaced with version 3.1.18 at '/home/rpeters1428/.kodi/addons/metadata.album.universal/'
2026-02-12 13:28:06.858 T:25877   debug <general>: CAddonMgr::FindAddons: Addon 'metadata.artists.universal' already present with version 4.3.3 at '/usr/share/kodi/addons/metadata.artists.universal/' replaced with version 4.3.21 at '/home/rpeters1428/.kodi/addons/metadata.artists.universal/'
2026-02-12 13:28:06.859 T:25877    info <general>: CAddonMgr::FindAddon: script.module.idna v3.10.0 installed
2026-02-12 13:28:06.871 T:25877   debug <general>: CAddonMgr: script.module.idna successfully loaded
2026-02-12 13:28:06.871 T:25878   debug <general>: ContextMenuManager: addon menus reloaded.
2026-02-12 13:28:06.871 T:25877   debug <general>: ADDONS: dependency [script.module.idna] will not be version checked and unpinned
2026-02-12 13:28:06.871 T:25877   debug <general>: CurlFile::Open - <https://mirrors.kodi.tv/addons/omega/script.module.urllib3/script.module.urllib3-2.2.3.zip>
2026-02-12 13:28:06.878 T:25830   debug <general>: CGUIMediaWindow::GetDirectory (addons://repository.dobbelina/xbmc.addon.video)
2026-02-12 13:28:06.878 T:25830   debug <general>:   ParentPath = [addons://repository.dobbelina/xbmc.addon.video]
2026-02-12 13:28:06.878 T:25975   debug <general>: Thread waiting start, auto delete: false
2026-02-12 13:28:06.878 T:25975   debug <general>: CAddonDatabase: SELECT repo.id FROM repo .. took 0 ms
2026-02-12 13:28:06.878 T:25975   debug <general>: CAddonDatabase: query  SELECT addons.*, repo.addonID AS repoID FROM addons JOIN addonlinkrepo ON addons.id=addonlinkrepo.idAddon JOIN repo ON repo.id=addonlinkrepo.idRepo WHERE addonlinkrepo.idRepo IN (2) ORDER BY repo.addonID, addons.addonID returned 8 rows in 0 ms
2026-02-12 13:28:06.879 T:25975   debug <general>: CAddonDatabase::GetAddons took 0 ms
2026-02-12 13:28:06.879 T:25975   debug <general>: CAddonDatabase: SELECT repo.id FROM repo .. took 0 ms
2026-02-12 13:28:06.881 T:25975   debug <general>: CAddonDatabase: query  SELECT addons.*, repo.addonID AS repoID FROM addons JOIN addonlinkrepo ON addons.id=addonlinkrepo.idAddon JOIN repo ON repo.id=addonlinkrepo.idRepo WHERE addonlinkrepo.idRepo IN (1,2) ORDER BY repo.addonID, addons.addonID returned 791 rows in 2 ms
2026-02-12 13:28:06.891 T:25975   debug <general>: CAddonDatabase::GetAddons took 12 ms
2026-02-12 13:28:06.892 T:25975   debug <general>: CAddonMgr::GetAddonsWithAvailableUpdate took 13 ms
2026-02-12 13:28:06.893 T:25975   debug <general>: Thread waiting 140229435963072 terminating
2026-02-12 13:28:06.894 T:25976   debug <general>: Thread BackgroundLoader start, auto delete: false
2026-02-12 13:28:06.894 T:25830   debug <general>: [threads] name: 'BackgroundLoader' priority: '1'
2026-02-12 13:28:06.895 T:25976   debug <general>: Thread BackgroundLoader 140229456942784 terminating
2026-02-12 13:28:06.913 T:25877   debug <general>: Resolved addon path https://mirrors.kodi.tv/addons/omega/script.module.urllib3/script.module.urllib3-2.2.3.zip to https://ftp.fau.de/xbmc/addons/omega/script.module.urllib3/script.module.urllib3-2.2.3.zip hash 740b2d63bb50eee9fb35f01c567ec8d3588c5bbd548e2b8d280932be30d82f53
2026-02-12 13:28:06.914 T:25877   debug <general>: easy_acquire - Created session to https://ftp.fau.de
2026-02-12 13:28:06.955 T:25895   debug <general>: AddOnLog: pvr.hts: new connection requested
2026-02-12 13:28:06.956 T:25895   error <general>: AddOnLog: pvr.hts: unable to connect to 127.0.0.1:9982
2026-02-12 13:28:06.977 T:25870   debug <general>: Presentation: Frame was discarded by compositor
2026-02-12 13:28:06.997 T:25878   debug <general>: CCurlFile::GetMimeType - <https://rpeters1430.github.io/repository.dobbelina/plugin.video.cumination/icon.png> -> failed
2026-02-12 13:28:06.997 T:25878   debug <general>: CurlFile::Open - <https://rpeters1430.github.io/repository.dobbelina/plugin.video.cumination/icon.png>
2026-02-12 13:28:07.030 T:25878   error <general>: CCurlFile::Open - <https://rpeters1430.github.io/repository.dobbelina/plugin.video.cumination/icon.png> Failed with code 404:
                                                   
2026-02-12 13:28:07.052 T:25870   debug <general>: Presentation: Frame was discarded by compositor
2026-02-12 13:28:07.129 T:25878   debug <general>: Skipped 1 duplicate messages..
2026-02-12 13:28:07.129 T:25878   debug <general>: CCurlFile::GetMimeType - <https://rpeters1430.github.io/repository.dobbelina/plugin.video.uwc/icon.png> -> failed
2026-02-12 13:28:07.129 T:25878   debug <general>: CurlFile::Open - <https://rpeters1430.github.io/repository.dobbelina/plugin.video.uwc/icon.png>
2026-02-12 13:28:07.134 T:25870   debug <general>: Presentation: Frame was discarded by compositor
2026-02-12 13:28:07.169 T:25878   error <general>: CCurlFile::Open - <https://rpeters1430.github.io/repository.dobbelina/plugin.video.uwc/icon.png> Failed with code 404:
                                                   
2026-02-12 13:28:07.174 T:25870   debug <general>: Presentation: Frame was discarded by compositor
2026-02-12 13:28:08.052 T:25877   debug <general>: Skipped 16 duplicate messages..
2026-02-12 13:28:08.052 T:25877   debug <general>: CurlFile::Open - <https://ftp.fau.de/xbmc/addons/omega/script.module.urllib3/script.module.urllib3-2.2.3.zip>
2026-02-12 13:28:08.108 T:25870   debug <general>: Presentation: Frame was discarded by compositor
2026-02-12 13:28:09.126 T:25877   debug <general>: Skipped 19 duplicate messages..
2026-02-12 13:28:09.126 T:25877   debug <general>: CAddonDatabase: SELECT repo.id FROM repo .. took 0 ms
2026-02-12 13:28:09.129 T:25877   debug <general>: CAddonDatabase: query  SELECT addons.*, repo.addonID AS repoID FROM addons JOIN addonlinkrepo ON addons.id=addonlinkrepo.idAddon JOIN repo ON repo.id=addonlinkrepo.idRepo WHERE addonlinkrepo.idRepo IN (1,2) ORDER BY repo.addonID, addons.addonID returned 791 rows in 2 ms
2026-02-12 13:28:09.139 T:25877   debug <general>: CAddonDatabase::GetAddons took 12 ms
2026-02-12 13:28:09.140 T:25877   debug <general>: Unpacking zip://special%3a%2f%2fhome%2faddons%2fpackages%2fscript.module.urllib3-2.2.3.zip/script.module.urllib3/ to /home/rpeters1428/.kodi/addons/temp/48cf70fe-2d93-416f-89c7-d7f35f9ed6fa
2026-02-12 13:28:09.149 T:25877   debug <general>: CAddonInfoBuilder::ParseXMLTypes: Binary addon found: audioencoder.kodi.builtin.aac
2026-02-12 13:28:09.149 T:25877   debug <general>: CAddonInfoBuilder::ParseXMLTypes: Binary addon found: audioencoder.kodi.builtin.wma
2026-02-12 13:28:09.153 T:25877   debug <general>: CAddonInfoBuilder::ParseXMLTypes: Binary addon found: screensaver.xbmc.builtin.black
2026-02-12 13:28:09.153 T:25877   debug <general>: CAddonInfoBuilder::ParseXMLTypes: Binary addon found: screensaver.xbmc.builtin.dim
2026-02-12 13:28:09.154 T:25877   debug <general>: CAddonInfoBuilder::ParseXMLTypes: Binary addon found: inputstream.adaptive
2026-02-12 13:28:09.154 T:25877   debug <general>: CAddonInfoBuilder::ParseXMLTypes: Binary addon found: inputstream.rtmp
2026-02-12 13:28:09.154 T:25877   debug <general>: CAddonInfoBuilder::ParseXMLTypes: Binary addon found: pvr.iptvsimple
2026-02-12 13:28:09.155 T:25877   debug <general>: CAddonInfoBuilder::ParseXMLTypes: Binary addon found: pvr.hts
2026-02-12 13:28:09.155 T:25877   debug <general>: CAddonInfoBuilder::ParseXMLTypes: Binary addon found: peripheral.joystick
2026-02-12 13:28:09.155 T:25877   debug <general>: CAddonMgr::FindAddons: Addon 'metadata.common.fanart.tv' already present with version 3.6.3 at '/usr/share/kodi/addons/metadata.common.fanart.tv/' replaced with version 3.6.5 at '/home/rpeters1428/.kodi/addons/metadata.common.fanart.tv/'
2026-02-12 13:28:09.155 T:25877   debug <general>: CAddonMgr::FindAddons: Addon 'metadata.generic.albums' already present with version 1.0.14 at '/usr/share/kodi/addons/metadata.generic.albums/' replaced with version 1.0.18 at '/home/rpeters1428/.kodi/addons/metadata.generic.albums/'
2026-02-12 13:28:09.155 T:25877   debug <general>: CAddonMgr::FindAddons: Addon 'metadata.themoviedb.org.python' already present with version 1.3.1+matrix.1 at '/usr/share/kodi/addons/metadata.themoviedb.org.python/' replaced with version 3.1.3 at '/home/rpeters1428/.kodi/addons/metadata.themoviedb.org.python/'
2026-02-12 13:28:09.156 T:25877   debug <general>: CAddonMgr::FindAddons: Addon 'metadata.tvshows.themoviedb.org.python' already present with version 1.6.0 at '/usr/share/kodi/addons/metadata.tvshows.themoviedb.org.python/' replaced with version 1.7.4 at '/home/rpeters1428/.kodi/addons/metadata.tvshows.themoviedb.org.python/'
2026-02-12 13:28:09.156 T:25877   debug <general>: CAddonMgr::FindAddons: Addon 'service.xbmc.versioncheck' already present with version 0.5.27+matrix.1 at '/usr/share/kodi/addons/service.xbmc.versioncheck/' replaced with version 0.5.30+matrix.1 at '/home/rpeters1428/.kodi/addons/service.xbmc.versioncheck/'
2026-02-12 13:28:09.156 T:25877   debug <general>: CAddonMgr::FindAddons: Addon 'metadata.album.universal' already present with version 3.1.4 at '/usr/share/kodi/addons/metadata.album.universal/' replaced with version 3.1.18 at '/home/rpeters1428/.kodi/addons/metadata.album.universal/'
2026-02-12 13:28:09.156 T:25877   debug <general>: CAddonMgr::FindAddons: Addon 'metadata.artists.universal' already present with version 4.3.3 at '/usr/share/kodi/addons/metadata.artists.universal/' replaced with version 4.3.21 at '/home/rpeters1428/.kodi/addons/metadata.artists.universal/'
2026-02-12 13:28:09.157 T:25877    info <general>: CAddonMgr::FindAddon: script.module.urllib3 v2.2.3 installed
2026-02-12 13:28:09.167 T:25870   debug <general>: Presentation: Frame was discarded by compositor
