2026-06-13 13:21:14.644 T:35360   debug <general>: DXVA::CVideoBufferShared::InitializeFence: activating fence synchronization.
2026-06-13 13:21:14.644 T:35360    info <general>: DXVA::CVideoBufferShared::InitializeFence: fence synchronization activated.
2026-06-13 13:21:14.646 T:35360   debug <general>: DXVA::CVideoBufferShared::InitializeFence: activating fence synchronization.
2026-06-13 13:21:14.646 T:35360    info <general>: DXVA::CVideoBufferShared::InitializeFence: fence synchronization activated.
2026-06-13 13:21:14.648 T:35360   debug <general>: DXVA::CVideoBufferShared::InitializeFence: activating fence synchronization.
2026-06-13 13:21:14.648 T:35360    info <general>: DXVA::CVideoBufferShared::InitializeFence: fence synchronization activated.
2026-06-13 13:21:14.657 T:7812    debug <general>: ------ Window Deinit (DialogBusy.xml) ------
2026-06-13 13:21:14.824 T:35360    info <general>: CDVDVideoCodecFFmpeg::CDropControl: calculated diff time: 22222
2026-06-13 13:21:15.088 T:30360   debug <general>: CAESinkDirectSound::CheckPlayStatus: Resuming Playback
2026-06-13 13:21:15.089 T:22244   debug <general>: ActiveAE::SyncStream - average error of 11.103291, start adjusting
2026-06-13 13:21:15.089 T:22244   debug <general>: ActiveAE::SyncStream - average error 0.103291 below threshold of 30.000000
2026-06-13 13:21:15.090 T:15144   debug <general>: CMMNotificationClient::OnPropertyValueChanged: Changed device property of {0.0.0.00000000}.{700661f8-dcbc-4185-b0f8-8af7609a944d} is (c4f6b0fa-fd32-4c99-8050-8f8a193a7e48)#3
2026-06-13 13:21:15.091 T:15144   debug <general>: CMMNotificationClient::OnPropertyValueChanged: Changed device property of {0.0.0.00000000}.{ba383708-36c8-4b15-9a4d-e00c6d22c2be} is (c4f6b0fa-fd32-4c99-8050-8f8a193a7e48)#3
2026-06-13 13:21:15.092 T:15144   debug <general>: CMMNotificationClient::OnPropertyValueChanged: Changed device property of {0.0.1.00000000}.{229c1c7a-242b-41c7-b56d-acce93ae874b} is (c4f6b0fa-fd32-4c99-8050-8f8a193a7e48)#3
2026-06-13 13:21:15.094 T:15144    info <general>: Skipped 1 duplicate messages..
2026-06-13 13:21:15.094 T:15144   debug <general>: CMMNotificationClient::OnPropertyValueChanged: Changed device property of {0.0.1.00000000}.{3d5bc83c-ebae-49c6-b538-7c819e0a7796} is (c4f6b0fa-fd32-4c99-8050-8f8a193a7e48)#3
2026-06-13 13:21:15.398 T:15144    info <general>: Skipped 1 duplicate messages..
2026-06-13 13:21:15.398 T:15144   debug <general>: CMMNotificationClient::OnPropertyValueChanged: Changed device property of {0.0.1.00000000}.{229c1c7a-242b-41c7-b56d-acce93ae874b} is (1e99d4a8-6f5d-4170-a207-ae86976df3f6)#0
2026-06-13 13:21:15.399 T:15144    info <general>: Skipped 1 duplicate messages..
2026-06-13 13:21:15.399 T:15144   debug <general>: CMMNotificationClient::OnPropertyValueChanged: Changed device property of {0.0.1.00000000}.{3d5bc83c-ebae-49c6-b538-7c819e0a7796} is (1e99d4a8-6f5d-4170-a207-ae86976df3f6)#0
2026-06-13 13:21:16.033 T:7812     info <general>: Skipped 1 duplicate messages..
2026-06-13 13:21:16.033 T:7812    debug <general>: ------ Window Init (VideoOSD.xml) ------
2026-06-13 13:21:16.033 T:7812     info <general>: Loading skin file: VideoOSD.xml, load type: KEEP_IN_MEMORY
2026-06-13 13:21:16.044 T:7812    debug <general>: ------ Window Init (Pointer.xml) ------
2026-06-13 13:21:16.044 T:7812    debug <general>: ------ Window Init (DialogSeekBar.xml) ------
2026-06-13 13:21:16.044 T:7812    debug <general>: ------ Window Init (Custom_1109_TopBarOverlay.xml) ------
2026-06-13 13:21:16.100 T:22244   debug <general>: ActiveAE::SyncStream - average error -444.286799 above threshold of 100.000000
2026-06-13 13:21:16.182 T:10364   debug <general>: CApplicationPlayerCallback::OnAVChange: CApplication::OnAVChange
2026-06-13 13:21:16.306 T:22244   debug <general>: ActiveAE::SyncStream - average error -24.286799 below threshold of 30.000000
2026-06-13 13:21:17.273 T:35360   debug <general>: CPtsTracker: detected pattern of length 1: 22222.22, frameduration: 22222.225000
2026-06-13 13:21:18.837 T:7812    debug <general>: XCURL::DllLibCurlGlobal::CheckIdle - Closing session to https://pix-fl.phncdn.com (easy=0x18a039a8240, multi=0x18a09a2f840)
2026-06-13 13:21:19.187 T:7812    debug <general>: CInputManager::ProcessMouse: trying mouse action leftclick
2026-06-13 13:21:19.187 T:7812     info <general>: CVideoPlayer::CloseFile()
2026-06-13 13:21:19.187 T:7812    debug <general>: CRenderManager::DeleteRenderer - deleting renderer
2026-06-13 13:21:19.188 T:7812    debug <general>: DX::DeviceResources::SetHdrColorSpace: DXGI SetColorSpace1 RGB_FULL_G22_NONE_P709 success
2026-06-13 13:21:19.189 T:7812     info <general>: VideoPlayer: waiting for threads to exit
2026-06-13 13:21:19.263 T:35084    info <general>: CVideoPlayer::OnExit()
2026-06-13 13:21:19.263 T:35084   debug <general>: CVideoPlayer: updating file item stream details with available streams
2026-06-13 13:21:19.263 T:35084    info <general>: Closing stream player 1
2026-06-13 13:21:19.263 T:35084    info <general>: Waiting for audio thread to exit
2026-06-13 13:21:19.299 T:956      info <general>: thread end: CVideoPlayerAudio::OnExit()
2026-06-13 13:21:19.299 T:956     debug <general>: Thread VideoPlayerAudio 956 terminating
2026-06-13 13:21:19.300 T:35084    info <general>: Closing audio device
2026-06-13 13:21:19.320 T:35084   debug <general>: CDVDAudio::Flush - flush audio stream
2026-06-13 13:21:19.320 T:22244   debug <general>: CActiveAE::DiscardStream - audio stream deleted
2026-06-13 13:21:19.320 T:22244   debug <general>: CActiveAE::ClearDiscardedBuffers - buffer pool deleted
2026-06-13 13:21:19.321 T:35084    info <general>: Skipped 3 duplicate messages..
2026-06-13 13:21:19.321 T:35084    info <general>: Deleting audio codec
2026-06-13 13:21:19.321 T:35084    info <general>: Closing stream player 2
2026-06-13 13:21:19.321 T:35084    info <general>: waiting for video thread to exit
2026-06-13 13:21:19.335 T:35360 warning <general>: CVideoPlayerVideo::OutputPicture - timeout waiting for buffer
2026-06-13 13:21:19.335 T:35360    info <general>: thread end: video_thread
2026-06-13 13:21:19.335 T:35360   debug <general>: Thread VideoPlayerVideo 35360 terminating
2026-06-13 13:21:19.335 T:35084    info <general>: deleting video codec
2026-06-13 13:21:19.335 T:35084   debug <general>: DXVA::CDecoder::~CDecoder: destructing decoder, 0x18a085a72a0.
2026-06-13 13:21:19.339 T:35084    info <general>: DXVA::CDecoder::Close: closing decoder.
2026-06-13 13:21:19.339 T:35084    info <general>: DXVA: closing decoder context.
2026-06-13 13:21:19.340 T:35084   debug <general>: DXVA::CVideoBufferPool::~CVideoBufferPool: destructing buffer pool.
2026-06-13 13:21:19.351 T:35084   debug <general>: Thread VideoPlayer 35084 terminating
2026-06-13 13:21:19.351 T:7812     info <general>: VideoPlayer: finished waiting
2026-06-13 13:21:19.351 T:7812     info <general>: CVideoPlayer::CloseFile()
2026-06-13 13:21:19.351 T:7812     info <general>: VideoPlayer: waiting for threads to exit
2026-06-13 13:21:19.351 T:7812     info <general>: VideoPlayer: finished waiting
2026-06-13 13:21:19.351 T:7812    debug <general>: Radio UECP (RDS) Processor - delete CDVDRadioRDSData::~CDVDRadioRDSData
2026-06-13 13:21:19.351 T:7812    debug <general>: Audio ID3 tag processor - delete CVideoPlayerAudioID3::~CVideoPlayerAudioID3
2026-06-13 13:21:19.351 T:10364   debug <general>: CSaveFileState::DoWork - Saving file state for video item https://ev-h.phncdn.com/hls/c6251/videos/202605/15/48953545/1080P_4000K_48953545.mp4/master.m3u8?validfrom=1781378444&validto=1781385644&ipa=1&hdl=-1&hash=z6k2cfAcEiv1ptyke4bvQAO7wko%3D|User-Agent=Mozilla%2F5.0+%28Windows+NT+10.0%3B+WOW64%3B+rv%3A119.0%29+Gecko%2F20100101+Firefox%2F119.0&Referer=https%3A%2F%2Fwww.pornhub.com%2F&Cookie=accessAgeDisclaimerPH%3D1%3B+accessAgeDisclaimerUK%3D1&Origin=https%3A%2F%2Fwww.pornhub.com
2026-06-13 13:21:20.444 T:34664   debug <general>: CApplicationPlayerCallback::OnPlayBackStopped: CApplication::OnPlayBackStopped
2026-06-13 13:21:20.449 T:7812    debug <general>: CGUIWindowManager::PreviousWindow: Deactivate
2026-06-13 13:21:20.449 T:7812    debug <general>: ------ Window Deinit (VideoOSD.xml) ------
2026-06-13 13:21:20.449 T:7812    debug <general>: ------ Window Deinit (VideoFullScreen.xml) ------
2026-06-13 13:21:20.451 T:7812    debug <general>: CGUIWindowManager::PreviousWindow: Activate new
2026-06-13 13:21:20.451 T:7812    debug <general>: ------ Window Init (MyVideoNav.xml) ------
2026-06-13 13:21:20.451 T:7812    error <general>: Control 50 in window 10025 has been asked to focus, but it can't
2026-06-13 13:21:20.452 T:7812    debug <general>: ------ Window Deinit (DialogSeekBar.xml) ------
2026-06-13 13:21:20.476 T:7812    debug <general>: ------ Window Deinit (Custom_1109_TopBarOverlay.xml) ------
2026-06-13 13:21:20.480 T:7812    debug <general>: CGUIMediaWindow::GetDirectory (plugin://plugin.video.cumination/?channel=None&keyword&mode=pornhub.Main&name=%5bCOLOR%20hotpink%5dPornHub%5b%2fCOLOR%5d&page=None&section=None&url=https%3a%2f%2fwww.pornhub.com%2f)
2026-06-13 13:21:20.480 T:7812    debug <general>:   ParentPath = [plugin://plugin.video.cumination/?channel=None&keyword&mode=pornhub.Main&name=%5bCOLOR%20hotpink%5dPornHub%5b%2fCOLOR%5d&page=None&section=None&url=https%3a%2f%2fwww.pornhub.com%2f]
2026-06-13 13:21:20.480 T:7812    debug <general>: Loading items: 26, directory: plugin://plugin.video.cumination/?channel=None&keyword&mode=pornhub.Main&name=%5bCOLOR%20hotpink%5dPornHub%5b%2fCOLOR%5d&page=None&section=None&url=https%3a%2f%2fwww.pornhub.com%2f sort method: 0, ascending: false
2026-06-13 13:21:20.482 T:34664   debug <general>: CAddonDatabase::SetLastUsed[plugin.video.cumination] took 2 ms
2026-06-13 13:21:20.483 T:20372   debug <general>: Thread BackgroundLoader start, auto delete: false
2026-06-13 13:21:20.484 T:7812    debug <general>: XCURL::DllLibCurlGlobal::CheckIdle - Closing session to https://ei.phncdn.com (easy=0x18a07591030, multi=0x18a09a301a0)
2026-06-13 13:21:20.486 T:20372   debug <general>: Thread BackgroundLoader 20372 terminating
2026-06-13 13:21:20.486 T:7812    debug <general>: XCURL::DllLibCurlGlobal::CheckIdle - Closing session to https://pix-fl.phncdn.com (easy=0x18a09e7b8a0, multi=0x18a09a2fb60)
2026-06-13 13:21:20.542 T:34664   debug <general>: XCURL::DllLibCurlGlobal::easy_acquire - Created session to https://pix-fl.phncdn.com
2026-06-13 13:21:21.135 T:916      info <general>: Skipped 2 duplicate messages..
2026-06-13 13:21:21.135 T:916     debug <general>: CCurlFile::XFILE::CCurlFile::GetMimeType - <https://pix-fl.phncdn.com/c6371/videos/202606/10/51747075/original_51747075.mp4/plain/ex:1:no/bg:0:0:0/rs:fit:320:180/vts:2?hdnea=st=1781381317~exp=1781467717~hdl=-1~hmac=58e4dae2c973c62072111ee63f3740461bd3b1f8|Referer=https://www.pornhub.com/&User-Agent=Mozilla/5.0 (Windows NT 10.0; WOW64; rv:119.0) Gecko/20100101 Firefox/119.0> -> image/jpeg
2026-06-13 13:21:21.135 T:916     debug <general>: CurlFile::XFILE::CCurlFile::Open - <https://pix-fl.phncdn.com/c6371/videos/202606/10/51747075/original_51747075.mp4/plain/ex:1:no/bg:0:0:0/rs:fit:320:180/vts:2?hdnea=st=1781381317~exp=1781467717~hdl=-1~hmac=58e4dae2c973c62072111ee63f3740461bd3b1f8>
2026-06-13 13:21:21.144 T:34664   debug <general>: CCurlFile::XFILE::CCurlFile::GetMimeType - <https://pix-fl.phncdn.com/c6371/videos/202606/07/51488935/original_51488935.mp4/plain/ex:1:no/bg:0:0:0/rs:fit:320:180/vts:1092?hdnea=st=1781381921~exp=1781468321~hdl=-1~hmac=4d8c49b69a6967dfd80a4ce2e2cd3caef10cd19c|Referer=https://www.pornhub.com/&User-Agent=Mozilla/5.0 (Windows NT 10.0; WOW64; rv:119.0) Gecko/20100101 Firefox/119.0> -> image/jpeg
2026-06-13 13:21:21.144 T:34664   debug <general>: CurlFile::XFILE::CCurlFile::Open - <https://pix-fl.phncdn.com/c6371/videos/202606/07/51488935/original_51488935.mp4/plain/ex:1:no/bg:0:0:0/rs:fit:320:180/vts:1092?hdnea=st=1781381921~exp=1781468321~hdl=-1~hmac=4d8c49b69a6967dfd80a4ce2e2cd3caef10cd19c>
2026-06-13 13:21:21.157 T:32736   debug <general>: CCurlFile::XFILE::CCurlFile::GetMimeType - <https://pix-fl.phncdn.com/c6371/videos/202606/12/51950365/original_51950365.mov/plain/ex:1:no/bg:0:0:0/rs:fit:320:180/vts:92?hdnea=st=1781381795~exp=1781468195~hdl=-1~hmac=a2aea1516456408b3a92b805ccc956fb7a535e6b|Referer=https://www.pornhub.com/&User-Agent=Mozilla/5.0 (Windows NT 10.0; WOW64; rv:119.0) Gecko/20100101 Firefox/119.0> -> image/jpeg
2026-06-13 13:21:21.157 T:32736   debug <general>: CurlFile::XFILE::CCurlFile::Open - <https://pix-fl.phncdn.com/c6371/videos/202606/12/51950365/original_51950365.mov/plain/ex:1:no/bg:0:0:0/rs:fit:320:180/vts:92?hdnea=st=1781381795~exp=1781468195~hdl=-1~hmac=a2aea1516456408b3a92b805ccc956fb7a535e6b>
2026-06-13 13:21:21.474 T:7812    debug <general>: CInputManager::ProcessMouse: trying mouse action wheeldown
2026-06-13 13:21:21.619 T:916      info <general>: Skipped 22 duplicate messages..
2026-06-13 13:21:21.619 T:916     debug <general>: Caching image 'https://pix-fl.phncdn.com/c6371/videos/202606/10/51747075/original_51747075.mp4/plain/ex:1:no/bg:0:0:0/rs:fit:320:180/vts:2?hdnea=st=1781381317~exp=1781467717~hdl=-1~hmac=58e4dae2c973c62072111ee63f3740461bd3b1f8|Referer=https://www.pornhub.com/&User-Agent=Mozilla/5.0 (Windows NT 10.0; WOW64; rv:119.0) Gecko/20100101 Firefox/119.0' to 'f/ffd0d246.jpg':
2026-06-13 13:21:21.619 T:916     debug <general>: cached image 'special://masterprofile/Thumbnails/f/ffd0d246.jpg' size 320x180
2026-06-13 13:21:21.626 T:916     debug <general>: Caching image 'C:\Users\rpete\AppData\Roaming\Kodi\addons\plugin.video.cumination\resources\images\cum-next.png' to '2/28ea4100.png':
2026-06-13 13:21:21.626 T:916     debug <general>: cached image 'special://masterprofile/Thumbnails/2/28ea4100.png' size 512x512
2026-06-13 13:21:21.641 T:7812    debug <general>: CInputManager::ProcessMouse: trying mouse action wheeldown
2026-06-13 13:21:21.653 T:32736   debug <general>: Caching image 'https://pix-fl.phncdn.com/c6371/videos/202606/12/51950365/original_51950365.mov/plain/ex:1:no/bg:0:0:0/rs:fit:320:180/vts:92?hdnea=st=1781381795~exp=1781468195~hdl=-1~hmac=a2aea1516456408b3a92b805ccc956fb7a535e6b|Referer=https://www.pornhub.com/&User-Agent=Mozilla/5.0 (Windows NT 10.0; WOW64; rv:119.0) Gecko/20100101 Firefox/119.0' to '1/1a2df7dd.jpg':
2026-06-13 13:21:21.653 T:32736   debug <general>: cached image 'special://masterprofile/Thumbnails/1/1a2df7dd.jpg' size 320x180
2026-06-13 13:21:21.669 T:7812    debug <general>: CInputManager::ProcessMouse: trying mouse action wheeldown
2026-06-13 13:21:21.672 T:34664   debug <general>: Caching image 'https://pix-fl.phncdn.com/c6371/videos/202606/07/51488935/original_51488935.mp4/plain/ex:1:no/bg:0:0:0/rs:fit:320:180/vts:1092?hdnea=st=1781381921~exp=1781468321~hdl=-1~hmac=4d8c49b69a6967dfd80a4ce2e2cd3caef10cd19c|Referer=https://www.pornhub.com/&User-Agent=Mozilla/5.0 (Windows NT 10.0; WOW64; rv:119.0) Gecko/20100101 Firefox/119.0' to '2/26bbb0d1.jpg':
2026-06-13 13:21:21.672 T:34664   debug <general>: cached image 'special://masterprofile/Thumbnails/2/26bbb0d1.jpg' size 320x180
2026-06-13 13:21:21.719 T:7812    debug <general>: CInputManager::ProcessMouse: trying mouse action wheeldown
2026-06-13 13:21:22.579 T:916      info <general>: Skipped 1 duplicate messages..
2026-06-13 13:21:22.579 T:916     debug <general>: CCurlFile::XFILE::CCurlFile::GetMimeType - <https://pix-cdn77.phncdn.com/c6371/videos/202606/13/52130275/original_52130275.mp4/plain/ex:1:no/bg:0:0:0/rs:fit:320:180/vts:92?hash=te8zJNIHjkTxLS3X1cUxPqLXxkw=&validto=1781468329|Referer=https://www.pornhub.com/&User-Agent=Mozilla/5.0 (Windows NT 10.0; WOW64; rv:119.0) Gecko/20100101 Firefox/119.0> -> image/jpeg
2026-06-13 13:21:22.579 T:916     debug <general>: CurlFile::XFILE::CCurlFile::Open - <https://pix-cdn77.phncdn.com/c6371/videos/202606/13/52130275/original_52130275.mp4/plain/ex:1:no/bg:0:0:0/rs:fit:320:180/vts:92?hash=te8zJNIHjkTxLS3X1cUxPqLXxkw=&validto=1781468329>
2026-06-13 13:21:22.631 T:32736   debug <general>: CCurlFile::XFILE::CCurlFile::GetMimeType - <https://pix-fl.phncdn.com/c6371/videos/202606/13/52130585/original_52130585.mp4/plain/ex:1:no/bg:0:0:0/rs:fit:320:180/vts:115?hdnea=st=1781381415~exp=1781467815~hdl=-1~hmac=5b515742eb5fc33296fe0ba03b5cebdfb8a14083|Referer=https://www.pornhub.com/&User-Agent=Mozilla/5.0 (Windows NT 10.0; WOW64; rv:119.0) Gecko/20100101 Firefox/119.0> -> image/jpeg
2026-06-13 13:21:22.631 T:32736   debug <general>: CurlFile::XFILE::CCurlFile::Open - <https://pix-fl.phncdn.com/c6371/videos/202606/13/52130585/original_52130585.mp4/plain/ex:1:no/bg:0:0:0/rs:fit:320:180/vts:115?hdnea=st=1781381415~exp=1781467815~hdl=-1~hmac=5b515742eb5fc33296fe0ba03b5cebdfb8a14083>
2026-06-13 13:21:22.656 T:10364   debug <general>: CCurlFile::XFILE::CCurlFile::GetMimeType - <https://pix-fl.phncdn.com/c6371/videos/202606/13/52130825/original_52130825.mp4/plain/ex:1:no/bg:0:0:0/rs:fit:320:180/vts:126?hdnea=st=1781381235~exp=1781467635~hdl=-1~hmac=2a1f941f6b35e1918d23811910bca8852263658c|Referer=https://www.pornhub.com/&User-Agent=Mozilla/5.0 (Windows NT 10.0; WOW64; rv:119.0) Gecko/20100101 Firefox/119.0> -> image/jpeg
2026-06-13 13:21:22.656 T:10364   debug <general>: CurlFile::XFILE::CCurlFile::Open - <https://pix-fl.phncdn.com/c6371/videos/202606/13/52130825/original_52130825.mp4/plain/ex:1:no/bg:0:0:0/rs:fit:320:180/vts:126?hdnea=st=1781381235~exp=1781467635~hdl=-1~hmac=2a1f941f6b35e1918d23811910bca8852263658c>
2026-06-13 13:21:22.673 T:34664   debug <general>: CCurlFile::XFILE::CCurlFile::GetMimeType - <https://pix-fl.phncdn.com/c6371/videos/202606/13/52130985/original_52130985.mp4/plain/ex:1:no/bg:0:0:0/rs:fit:320:180/vts:126?hdnea=st=1781381235~exp=1781467635~hdl=-1~hmac=a3cf064652d1b76c7915ffde108ef24868ecac3f|Referer=https://www.pornhub.com/&User-Agent=Mozilla/5.0 (Windows NT 10.0; WOW64; rv:119.0) Gecko/20100101 Firefox/119.0> -> image/jpeg
2026-06-13 13:21:22.673 T:34664   debug <general>: CurlFile::XFILE::CCurlFile::Open - <https://pix-fl.phncdn.com/c6371/videos/202606/13/52130985/original_52130985.mp4/plain/ex:1:no/bg:0:0:0/rs:fit:320:180/vts:126?hdnea=st=1781381235~exp=1781467635~hdl=-1~hmac=a3cf064652d1b76c7915ffde108ef24868ecac3f>
2026-06-13 13:21:22.823 T:32736   debug <general>: Caching image 'https://pix-fl.phncdn.com/c6371/videos/202606/13/52130585/original_52130585.mp4/plain/ex:1:no/bg:0:0:0/rs:fit:320:180/vts:115?hdnea=st=1781381415~exp=1781467815~hdl=-1~hmac=5b515742eb5fc33296fe0ba03b5cebdfb8a14083|Referer=https://www.pornhub.com/&User-Agent=Mozilla/5.0 (Windows NT 10.0; WOW64; rv:119.0) Gecko/20100101 Firefox/119.0' to '5/5a76bad5.jpg':
2026-06-13 13:21:22.823 T:32736   debug <general>: cached image 'special://masterprofile/Thumbnails/5/5a76bad5.jpg' size 320x180
2026-06-13 13:21:22.828 T:32736   debug <general>: XCURL::DllLibCurlGlobal::easy_acquire - Created session to https://pix-cdn77.phncdn.com
2026-06-13 13:21:22.832 T:10364   debug <general>: Caching image 'https://pix-fl.phncdn.com/c6371/videos/202606/13/52130825/original_52130825.mp4/plain/ex:1:no/bg:0:0:0/rs:fit:320:180/vts:126?hdnea=st=1781381235~exp=1781467635~hdl=-1~hmac=2a1f941f6b35e1918d23811910bca8852263658c|Referer=https://www.pornhub.com/&User-Agent=Mozilla/5.0 (Windows NT 10.0; WOW64; rv:119.0) Gecko/20100101 Firefox/119.0' to '5/5d46d641.jpg':
2026-06-13 13:21:22.832 T:10364   debug <general>: cached image 'special://masterprofile/Thumbnails/5/5d46d641.jpg' size 320x180
2026-06-13 13:21:22.873 T:34664   debug <general>: Caching image 'https://pix-fl.phncdn.com/c6371/videos/202606/13/52130985/original_52130985.mp4/plain/ex:1:no/bg:0:0:0/rs:fit:320:180/vts:126?hdnea=st=1781381235~exp=1781467635~hdl=-1~hmac=a3cf064652d1b76c7915ffde108ef24868ecac3f|Referer=https://www.pornhub.com/&User-Agent=Mozilla/5.0 (Windows NT 10.0; WOW64; rv:119.0) Gecko/20100101 Firefox/119.0' to '5/5f110d6a.jpg':
2026-06-13 13:21:22.873 T:34664   debug <general>: cached image 'special://masterprofile/Thumbnails/5/5f110d6a.jpg' size 320x180
2026-06-13 13:21:22.910 T:916     debug <general>: Caching image 'https://pix-cdn77.phncdn.com/c6371/videos/202606/13/52130275/original_52130275.mp4/plain/ex:1:no/bg:0:0:0/rs:fit:320:180/vts:92?hash=te8zJNIHjkTxLS3X1cUxPqLXxkw=&validto=1781468329|Referer=https://www.pornhub.com/&User-Agent=Mozilla/5.0 (Windows NT 10.0; WOW64; rv:119.0) Gecko/20100101 Firefox/119.0' to '1/1a647e1e.jpg':
2026-06-13 13:21:22.910 T:916     debug <general>: cached image 'special://masterprofile/Thumbnails/1/1a647e1e.jpg' size 320x180
2026-06-13 13:21:23.647 T:10364   debug <general>: XCURL::DllLibCurlGlobal::easy_acquire - Created session to https://pix-cdn77.phncdn.com
2026-06-13 13:21:23.649 T:32736   debug <general>: CCurlFile::XFILE::CCurlFile::GetMimeType - <https://pix-cdn77.phncdn.com/c6371/videos/202606/13/52131535/original_52131535.mp4/plain/ex:1:no/bg:0:0:0/rs:fit:320:180/vts:310?hash=9wUmQYyfXE_WAUk9RuYxUPuzN7k=&validto=1781467817|Referer=https://www.pornhub.com/&User-Agent=Mozilla/5.0 (Windows NT 10.0; WOW64; rv:119.0) Gecko/20100101 Firefox/119.0> -> 
2026-06-13 13:21:23.649 T:32736   debug <general>: CurlFile::XFILE::CCurlFile::Open - <https://pix-cdn77.phncdn.com/c6371/videos/202606/13/52131535/original_52131535.mp4/plain/ex:1:no/bg:0:0:0/rs:fit:320:180/vts:310?hash=9wUmQYyfXE_WAUk9RuYxUPuzN7k=&validto=1781467817>
2026-06-13 13:21:23.834 T:916     debug <general>: CCurlFile::XFILE::CCurlFile::GetMimeType - <https://pix-cdn77.phncdn.com/c6371/videos/202606/13/52131935/original_52131935.mp4/plain/ex:1:no/bg:0:0:0/rs:fit:320:180/vts:87?hash=2UoaHZCDrebDbmLBOjQZrMVoSPg=&validto=1781467817|Referer=https://www.pornhub.com/&User-Agent=Mozilla/5.0 (Windows NT 10.0; WOW64; rv:119.0) Gecko/20100101 Firefox/119.0> -> 
2026-06-13 13:21:23.835 T:916     debug <general>: CurlFile::XFILE::CCurlFile::Open - <https://pix-cdn77.phncdn.com/c6371/videos/202606/13/52131935/original_52131935.mp4/plain/ex:1:no/bg:0:0:0/rs:fit:320:180/vts:87?hash=2UoaHZCDrebDbmLBOjQZrMVoSPg=&validto=1781467817>
2026-06-13 13:21:24.203 T:916     debug <general>: Caching image 'https://pix-cdn77.phncdn.com/c6371/videos/202606/13/52131935/original_52131935.mp4/plain/ex:1:no/bg:0:0:0/rs:fit:320:180/vts:87?hash=2UoaHZCDrebDbmLBOjQZrMVoSPg=&validto=1781467817|Referer=https://www.pornhub.com/&User-Agent=Mozilla/5.0 (Windows NT 10.0; WOW64; rv:119.0) Gecko/20100101 Firefox/119.0' to '4/431060e2.jpg':
2026-06-13 13:21:24.203 T:916     debug <general>: cached image 'special://masterprofile/Thumbnails/4/431060e2.jpg' size 320x180
2026-06-13 13:21:24.308 T:10364   debug <general>: CCurlFile::XFILE::CCurlFile::GetMimeType - <https://pix-cdn77.phncdn.com/c6371/videos/202605/19/49401925/original_49401925.mp4/plain/ex:1:no/bg:0:0:0/rs:fit:320:180/vts:126?hash=V8w64RGOTWwQYGxmn4P0YhlXGJY=&validto=1781467635|Referer=https://www.pornhub.com/&User-Agent=Mozilla/5.0 (Windows NT 10.0; WOW64; rv:119.0) Gecko/20100101 Firefox/119.0> -> 
2026-06-13 13:21:24.308 T:10364   debug <general>: CurlFile::XFILE::CCurlFile::Open - <https://pix-cdn77.phncdn.com/c6371/videos/202605/19/49401925/original_49401925.mp4/plain/ex:1:no/bg:0:0:0/rs:fit:320:180/vts:126?hash=V8w64RGOTWwQYGxmn4P0YhlXGJY=&validto=1781467635>
2026-06-13 13:21:24.406 T:32736   debug <general>: Caching image 'https://pix-cdn77.phncdn.com/c6371/videos/202606/13/52131535/original_52131535.mp4/plain/ex:1:no/bg:0:0:0/rs:fit:320:180/vts:310?hash=9wUmQYyfXE_WAUk9RuYxUPuzN7k=&validto=1781467817|Referer=https://www.pornhub.com/&User-Agent=Mozilla/5.0 (Windows NT 10.0; WOW64; rv:119.0) Gecko/20100101 Firefox/119.0' to '0/035f78d2.jpg':
2026-06-13 13:21:24.406 T:32736   debug <general>: cached image 'special://masterprofile/Thumbnails/0/035f78d2.jpg' size 320x180
2026-06-13 13:21:24.430 T:7812    debug <general>: CInputManager::ProcessMouse: trying mouse action rightclick
2026-06-13 13:21:24.431 T:7812    debug <general>: CPlayerCoreFactory::GetPlayers(plugin://plugin.video.cumination/?url=https%3A%2F%2Fwww.pornhub.com%2Fview_video.php%3Fviewkey%3D6a0c170db7962&mode=pornhub.Playvid&name=Florences+Continues+Practiceing+MarioKart)
2026-06-13 13:21:24.431 T:7812    debug <general>: CPlayerSelectionRule::GetPlayers: considering rule: system rules
2026-06-13 13:21:24.431 T:7812    debug <general>: CPlayerSelectionRule::GetPlayers: matches rule: system rules
2026-06-13 13:21:24.431 T:7812    debug <general>: CPlayerSelectionRule::GetPlayers: considering rule: mms/udp
2026-06-13 13:21:24.431 T:7812    debug <general>: CPlayerSelectionRule::GetPlayers: considering rule: lastfm/shout
2026-06-13 13:21:24.431 T:7812    debug <general>: CPlayerSelectionRule::GetPlayers: considering rule: rtmp
2026-06-13 13:21:24.431 T:7812    debug <general>: CPlayerSelectionRule::GetPlayers: considering rule: rtsp
2026-06-13 13:21:24.431 T:7812    debug <general>: CPlayerSelectionRule::GetPlayers: considering rule: streams
2026-06-13 13:21:24.431 T:7812    debug <general>: CPlayerSelectionRule::GetPlayers: considering rule: dvd
2026-06-13 13:21:24.431 T:7812    debug <general>: CPlayerSelectionRule::GetPlayers: considering rule: discimage
2026-06-13 13:21:24.431 T:7812    debug <general>: CPlayerSelectionRule::GetPlayers: considering rule: sdp/asf
2026-06-13 13:21:24.431 T:7812    debug <general>: CPlayerSelectionRule::GetPlayers: considering rule: nsv
2026-06-13 13:21:24.431 T:7812    debug <general>: CPlayerSelectionRule::GetPlayers: considering rule: radio
2026-06-13 13:21:24.431 T:7812    debug <general>: CPlayerCoreFactory::GetPlayers: matched 0 rules with players
2026-06-13 13:21:24.431 T:7812    debug <general>: CPlayerCoreFactory::GetPlayers: adding videodefaultplayer (VideoPlayer)
2026-06-13 13:21:24.431 T:7812    debug <general>: CPlayerCoreFactory::GetPlayers: for video=true, audio=false
2026-06-13 13:21:24.431 T:7812    debug <general>: CPlayerCoreFactory::GetPlayers: for video=true, audio=true
2026-06-13 13:21:24.431 T:7812    debug <general>: CPlayerCoreFactory::GetPlayers: added 1 players
2026-06-13 13:21:24.431 T:7812    debug <general>: CPlayerCoreFactory::GetPlayers(plugin://plugin.video.cumination/?url=https%3A%2F%2Fwww.pornhub.com%2Fview_video.php%3Fviewkey%3D6a0c170db7962&mode=pornhub.Playvid&name=Florences+Continues+Practiceing+MarioKart)
2026-06-13 13:21:24.431 T:7812    debug <general>: CPlayerSelectionRule::GetPlayers: considering rule: system rules
2026-06-13 13:21:24.431 T:7812    debug <general>: CPlayerSelectionRule::GetPlayers: matches rule: system rules
2026-06-13 13:21:24.431 T:7812    debug <general>: CPlayerSelectionRule::GetPlayers: considering rule: mms/udp
2026-06-13 13:21:24.431 T:7812    debug <general>: CPlayerSelectionRule::GetPlayers: considering rule: lastfm/shout
2026-06-13 13:21:24.431 T:7812    debug <general>: CPlayerSelectionRule::GetPlayers: considering rule: rtmp
2026-06-13 13:21:24.431 T:7812    debug <general>: CPlayerSelectionRule::GetPlayers: considering rule: rtsp
2026-06-13 13:21:24.431 T:7812    debug <general>: CPlayerSelectionRule::GetPlayers: considering rule: streams
2026-06-13 13:21:24.432 T:7812    debug <general>: CPlayerSelectionRule::GetPlayers: considering rule: dvd
2026-06-13 13:21:24.432 T:7812    debug <general>: CPlayerSelectionRule::GetPlayers: considering rule: discimage
2026-06-13 13:21:24.432 T:7812    debug <general>: CPlayerSelectionRule::GetPlayers: considering rule: sdp/asf
2026-06-13 13:21:24.432 T:7812    debug <general>: CPlayerSelectionRule::GetPlayers: considering rule: nsv
2026-06-13 13:21:24.432 T:7812    debug <general>: CPlayerSelectionRule::GetPlayers: considering rule: radio
2026-06-13 13:21:24.432 T:7812    debug <general>: CPlayerCoreFactory::GetPlayers: matched 0 rules with players
2026-06-13 13:21:24.432 T:7812    debug <general>: CPlayerCoreFactory::GetPlayers: adding videodefaultplayer (VideoPlayer)
2026-06-13 13:21:24.432 T:7812    debug <general>: CPlayerCoreFactory::GetPlayers: for video=true, audio=false
2026-06-13 13:21:24.432 T:7812    debug <general>: CPlayerCoreFactory::GetPlayers: for video=true, audio=true
2026-06-13 13:21:24.432 T:7812    debug <general>: CPlayerCoreFactory::GetPlayers: added 1 players
2026-06-13 13:21:24.433 T:7812    debug <general>: ------ Window Init (DialogContextMenu.xml) ------
2026-06-13 13:21:24.675 T:10364   debug <general>: Caching image 'https://pix-cdn77.phncdn.com/c6371/videos/202605/19/49401925/original_49401925.mp4/plain/ex:1:no/bg:0:0:0/rs:fit:320:180/vts:126?hash=V8w64RGOTWwQYGxmn4P0YhlXGJY=&validto=1781467635|Referer=https://www.pornhub.com/&User-Agent=Mozilla/5.0 (Windows NT 10.0; WOW64; rv:119.0) Gecko/20100101 Firefox/119.0' to '2/23e16f44.jpg':
2026-06-13 13:21:24.675 T:10364   debug <general>: cached image 'special://masterprofile/Thumbnails/2/23e16f44.jpg' size 320x180
2026-06-13 13:21:26.487 T:7812    debug <general>: CInputManager::ProcessMouse: trying mouse action leftclick
2026-06-13 13:21:26.488 T:7812  warning <general>: CGUIWindowManager - CGUIWindowManager::HandleAction - ignoring action 92, because topmost modal dialog closing animation is running
2026-06-13 13:21:26.655 T:7812  warning <general>: CGUIWindowManager - CGUIWindowManager::HandleAction - ignoring action 107, because topmost modal dialog closing animation is running
2026-06-13 13:21:26.728 T:7812     info <general>: Skipped 13 duplicate messages..
2026-06-13 13:21:26.728 T:7812    debug <general>: ------ Window Deinit (DialogContextMenu.xml) ------
2026-06-13 13:21:27.036 T:7812    debug <general>: CInputManager::ProcessMouse: trying mouse action leftclick
2026-06-13 13:21:27.036 T:7812    debug <general>: CScriptRunner: running add-on script Cumination('plugin://plugin.video.cumination/', '-1', '?url=https%3A%2F%2Fwww.pornhub.com%2Fview_video.php%3Fviewkey%3D6a0c170db7962&mode=pornhub.Playvid&name=Florences+Continues+Practiceing+MarioKart')
2026-06-13 13:21:27.037 T:33940   debug <general>: Thread LanguageInvoker start, auto delete: false
2026-06-13 13:21:27.037 T:33940   debug <general>: initializing python engine.
2026-06-13 13:21:27.037 T:33940   debug <general>: CPythonInvoker(6, C:\Users\rpete\AppData\Roaming\Kodi\addons\plugin.video.cumination\default.py): start processing
2026-06-13 13:21:27.045 T:33940   debug <general>: -->Python Interpreter Initialized<--
2026-06-13 13:21:27.045 T:33940   debug <general>: 
                                                   
2026-06-13 13:21:27.045 T:33940   debug <general>: CPythonInvoker(6, C:\Users\rpete\AppData\Roaming\Kodi\addons\plugin.video.cumination\default.py): the source file to load is "C:\Users\rpete\AppData\Roaming\Kodi\addons\plugin.video.cumination\default.py"
2026-06-13 13:21:27.045 T:33940   debug <general>: CPythonInvoker(6): full python path:
2026-06-13 13:21:27.045 T:33940   debug <general>: CPythonInvoker(6):   custom python path:
2026-06-13 13:21:27.045 T:33940   debug <general>: CPythonInvoker(6):     C:\Users\rpete\AppData\Roaming\Kodi\addons\plugin.video.cumination
2026-06-13 13:21:27.045 T:33940   debug <general>: CPythonInvoker(6):     C:\Users\rpete\AppData\Roaming\Kodi\addons\script.common.plugin.cache\resources\lib\storage_server\
2026-06-13 13:21:27.045 T:33940   debug <general>: CPythonInvoker(6):     C:\Users\rpete\AppData\Roaming\Kodi\addons\script.module.beautifulsoup4\lib
2026-06-13 13:21:27.045 T:33940   debug <general>: CPythonInvoker(6):     C:\Users\rpete\AppData\Roaming\Kodi\addons\script.module.certifi\lib
2026-06-13 13:21:27.045 T:33940   debug <general>: CPythonInvoker(6):     C:\Users\rpete\AppData\Roaming\Kodi\addons\script.module.chardet\lib
2026-06-13 13:21:27.045 T:33940   debug <general>: CPythonInvoker(6):     C:\Users\rpete\AppData\Roaming\Kodi\addons\script.module.idna\lib
2026-06-13 13:21:27.045 T:33940   debug <general>: CPythonInvoker(6):     C:\Users\rpete\AppData\Roaming\Kodi\addons\script.module.inputstreamhelper\lib
2026-06-13 13:21:27.045 T:33940   debug <general>: CPythonInvoker(6):     C:\Users\rpete\AppData\Roaming\Kodi\addons\script.module.kodi-six\libs
2026-06-13 13:21:27.045 T:33940   debug <general>: CPythonInvoker(6):     C:\Users\rpete\AppData\Roaming\Kodi\addons\script.module.requests\lib
2026-06-13 13:21:27.045 T:33940   debug <general>: CPythonInvoker(6):     C:\Users\rpete\AppData\Roaming\Kodi\addons\script.module.resolveurl.xxx\lib
2026-06-13 13:21:27.045 T:33940   debug <general>: CPythonInvoker(6):     C:\Users\rpete\AppData\Roaming\Kodi\addons\script.module.resolveurl\lib
2026-06-13 13:21:27.045 T:33940   debug <general>: CPythonInvoker(6):     C:\Users\rpete\AppData\Roaming\Kodi\addons\script.module.six\lib
2026-06-13 13:21:27.045 T:33940   debug <general>: CPythonInvoker(6):     C:\Users\rpete\AppData\Roaming\Kodi\addons\script.module.soupsieve\lib
2026-06-13 13:21:27.045 T:33940   debug <general>: CPythonInvoker(6):     C:\Users\rpete\AppData\Roaming\Kodi\addons\script.module.urllib3\lib
2026-06-13 13:21:27.045 T:33940   debug <general>: CPythonInvoker(6):     C:\Users\rpete\AppData\Roaming\Kodi\addons\script.module.websocket\lib
2026-06-13 13:21:27.045 T:33940   debug <general>: CPythonInvoker(6):   default python path:
2026-06-13 13:21:27.045 T:33940   debug <general>: CPythonInvoker(6):     C:\Program Files\Kodi\system\python\DLLs
2026-06-13 13:21:27.045 T:33940   debug <general>: CPythonInvoker(6):     C:\Program Files\Kodi\system\python\Lib
2026-06-13 13:21:27.045 T:33940   debug <general>: CPythonInvoker(6):     C:\Program Files\Kodi\system\python\Lib\site-packages
2026-06-13 13:21:27.045 T:33940   debug <general>: CPythonInvoker(6): adding args:
2026-06-13 13:21:27.045 T:33940   debug <general>: CPythonInvoker(6):  plugin://plugin.video.cumination/
2026-06-13 13:21:27.045 T:33940   debug <general>: CPythonInvoker(6):  -1
2026-06-13 13:21:27.045 T:33940   debug <general>: CPythonInvoker(6):  ?url=https%3A%2F%2Fwww.pornhub.com%2Fview_video.php%3Fviewkey%3D6a0c170db7962&mode=pornhub.Playvid&name=Florences+Continues+Practiceing+MarioKart
2026-06-13 13:21:27.045 T:33940   debug <general>: CPythonInvoker(6):  resume:false
2026-06-13 13:21:27.045 T:33940   debug <general>: CPythonInvoker(6, C:\Users\rpete\AppData\Roaming\Kodi\addons\plugin.video.cumination\default.py): entering source directory C:\Users\rpete\AppData\Roaming\Kodi\addons\plugin.video.cumination
2026-06-13 13:21:27.045 T:33940   debug <general>: CPythonInvoker(6, C:\Users\rpete\AppData\Roaming\Kodi\addons\plugin.video.cumination\default.py): instantiating addon using automatically obtained id of "plugin.video.cumination" dependent on version 3.0.0 of the xbmc.python api
2026-06-13 13:21:27.086 T:33940   debug <CAddonSettings[0@plugin.video.cumination]>: trying to load setting definitions from old format...
2026-06-13 13:21:27.101 T:33940   debug <CSettingsManager>: requested setting (backup_favorites) was not found.
2026-06-13 13:21:27.101 T:33940   debug <CSettingsManager>: requested setting (backup_keywords) was not found.
2026-06-13 13:21:27.101 T:33940   debug <CSettingsManager>: requested setting (cache_time) was not found.
2026-06-13 13:21:27.101 T:33940   debug <CSettingsManager>: requested setting (changelog_seen_version) was not found.
2026-06-13 13:21:27.101 T:33940   debug <CSettingsManager>: requested setting (chatcouple) was not found.
2026-06-13 13:21:27.101 T:33940   debug <CSettingsManager>: requested setting (chatfemale) was not found.
2026-06-13 13:21:27.101 T:33940   debug <CSettingsManager>: requested setting (chatmale) was not found.
2026-06-13 13:21:27.101 T:33940   debug <CSettingsManager>: requested setting (chatplay) was not found.
2026-06-13 13:21:27.101 T:33940   debug <CSettingsManager>: requested setting (chattrans) was not found.
2026-06-13 13:21:27.101 T:33940   debug <CSettingsManager>: requested setting (chaturbate) was not found.
2026-06-13 13:21:27.101 T:33940   debug <CSettingsManager>: requested setting (clear_cache) was not found.
2026-06-13 13:21:27.101 T:33940   debug <CSettingsManager>: requested setting (clear_cookies) was not found.
2026-06-13 13:21:27.101 T:33940   debug <CSettingsManager>: requested setting (clear_favorites) was not found.
2026-06-13 13:21:27.101 T:33940   debug <CSettingsManager>: requested setting (clear_keywords) was not found.
2026-06-13 13:21:27.101 T:33940   debug <CSettingsManager>: requested setting (compressbackup) was not found.
2026-06-13 13:21:27.101 T:33940   debug <CSettingsManager>: requested setting (content) was not found.
2026-06-13 13:21:27.101 T:33940   debug <CSettingsManager>: requested setting (cuminationage) was not found.
2026-06-13 13:21:27.101 T:33940   debug <CSettingsManager>: requested setting (custom_favorites) was not found.
2026-06-13 13:21:27.101 T:33940   debug <CSettingsManager>: requested setting (custom_sites) was not found.
2026-06-13 13:21:27.101 T:33940   debug <CSettingsManager>: requested setting (customview) was not found.
2026-06-13 13:21:27.101 T:33940   debug <CSettingsManager>: requested setting (debuglog) was not found.
2026-06-13 13:21:27.101 T:33940   debug <CSettingsManager>: requested setting (disable_all_custom_sites) was not found.
2026-06-13 13:21:27.101 T:33940   debug <CSettingsManager>: requested setting (disable_custom_site) was not found.
2026-06-13 13:21:27.101 T:33940   debug <CSettingsManager>: requested setting (dontask) was not found.
2026-06-13 13:21:27.101 T:33940   debug <CSettingsManager>: requested setting (download_path) was not found.
2026-06-13 13:21:27.101 T:33940   debug <CSettingsManager>: requested setting (duration_in_name) was not found.
2026-06-13 13:21:27.101 T:33940   debug <CSettingsManager>: requested setting (enable_all_custom_sites) was not found.
2026-06-13 13:21:27.101 T:33940   debug <CSettingsManager>: requested setting (enable_custom_site) was not found.
2026-06-13 13:21:27.101 T:33940   debug <CSettingsManager>: requested setting (enh_debug) was not found.
2026-06-13 13:21:27.101 T:33940   debug <CSettingsManager>: requested setting (favorites_path) was not found.
2026-06-13 13:21:27.101 T:33940   debug <CSettingsManager>: requested setting (filter_hosters) was not found.
2026-06-13 13:21:27.101 T:33940   debug <CSettingsManager>: requested setting (filter_listing) was not found.
2026-06-13 13:21:27.101 T:33940   debug <CSettingsManager>: requested setting (fs_enable) was not found.
2026-06-13 13:21:27.101 T:33940   debug <CSettingsManager>: requested setting (fs_host) was not found.
2026-06-13 13:21:27.101 T:33940   debug <CSettingsManager>: requested setting (install_custom_site) was not found.
2026-06-13 13:21:27.101 T:33940   debug <CSettingsManager>: requested setting (install_custom_sites_from_folder) was not found.
2026-06-13 13:21:27.101 T:33940   debug <CSettingsManager>: requested setting (item.limit) was not found.
2026-06-13 13:21:27.101 T:33940   debug <CSettingsManager>: requested setting (list_custom_sites) was not found.
2026-06-13 13:21:27.101 T:33940   debug <CSettingsManager>: requested setting (m3u8_use_ia) was not found.
2026-06-13 13:21:27.101 T:33940   debug <CSettingsManager>: requested setting (open_smr_settings) was not found.
2026-06-13 13:21:27.101 T:33940   debug <CSettingsManager>: requested setting (paradisehill) was not found.
2026-06-13 13:21:27.101 T:33940   debug <CSettingsManager>: requested setting (posterfanart) was not found.
2026-06-13 13:21:27.101 T:33940   debug <CSettingsManager>: requested setting (quality_in_name) was not found.
2026-06-13 13:21:27.101 T:33940   debug <CSettingsManager>: requested setting (qualityask) was not found.
2026-06-13 13:21:27.101 T:33940   debug <CSettingsManager>: requested setting (restore_favorites) was not found.
2026-06-13 13:21:27.102 T:33940   debug <CSettingsManager>: requested setting (restore_keywords) was not found.
2026-06-13 13:21:27.102 T:33940   debug <CSettingsManager>: requested setting (sessionid) was not found.
2026-06-13 13:21:27.102 T:33940   debug <CSettingsManager>: requested setting (setpin) was not found.
2026-06-13 13:21:27.102 T:33940   debug <CSettingsManager>: requested setting (sortwxf) was not found.
2026-06-13 13:21:27.102 T:33940   debug <CSettingsManager>: requested setting (sortxt) was not found.
2026-06-13 13:21:27.102 T:33940   debug <CSettingsManager>: requested setting (startlog) was not found.
2026-06-13 13:21:27.102 T:33940   debug <CSettingsManager>: requested setting (stripchat_best) was not found.
2026-06-13 13:21:27.102 T:33940   debug <CSettingsManager>: requested setting (stripchat_mirror) was not found.
2026-06-13 13:21:27.102 T:33940   debug <CSettingsManager>: requested setting (stripchat_proxy) was not found.
2026-06-13 13:21:27.102 T:33940   debug <CSettingsManager>: requested setting (thothub_password) was not found.
2026-06-13 13:21:27.102 T:33940   debug <CSettingsManager>: requested setting (thothub_username) was not found.
2026-06-13 13:21:27.102 T:33940   debug <CSettingsManager>: requested setting (uninstall_custom_site) was not found.
2026-06-13 13:21:27.102 T:33940   debug <CSettingsManager>: requested setting (universal_resolvers) was not found.
2026-06-13 13:21:27.247 T:33940   debug <CSettingsManager>: requested setting (cam4logged) was not found.
2026-06-13 13:21:27.247 T:33940   debug <CSettingsManager>: requested setting (cblogged) was not found.
2026-06-13 13:21:27.250 T:33940   debug <CSettingsManager>: requested setting (spankbang_quality) was not found.
2026-06-13 13:21:27.250 T:33940   debug <CSettingsManager>: requested setting (spankbang_length) was not found.
2026-06-13 13:21:27.258 T:33940   debug <CSettingsManager>: requested setting (htvlogged) was not found.
2026-06-13 13:21:27.263 T:33940   debug <CSettingsManager>: requested setting (jblogged) was not found.
2026-06-13 13:21:27.284 T:33940   debug <CSettingsManager>: requested setting (ptlogged) was not found.
2026-06-13 13:21:27.284 T:33940   debug <CSettingsManager>: requested setting (ptlength) was not found.
2026-06-13 13:21:27.339 T:33940   debug <CSettingsManager>: requested setting (tahlogged) was not found.
2026-06-13 13:21:27.345 T:33940   debug <CSettingsManager>: requested setting (whlogged) was not found.
2026-06-13 13:21:27.345 T:33940   debug <CSettingsManager>: requested setting (xflogged) was not found.
2026-06-13 13:21:27.350 T:33940   debug <CSettingsManager>: requested setting (pincode) was not found.
2026-06-13 13:21:27.350 T:33940   debug <CSettingsManager>: requested setting (logintime) was not found.
2026-06-13 13:21:27.350 T:33940   debug <general>: DialogProgress::Open called 
2026-06-13 13:21:27.353 T:7812    debug <general>: ------ Window Init (DialogConfirm.xml) ------
2026-06-13 13:21:27.357 T:33940   debug <CAddonSettings[0@script.module.resolveurl]>: trying to load setting definitions from old format...
2026-06-13 13:21:27.487 T:33940    info <general>: Skipped 1 duplicate messages..
2026-06-13 13:21:27.487 T:33940   debug <general>: ResolveURL: Initializing ResolveURL version: 5.1.200
