2026-02-12 14:27:53.539 T:33481   debug <general>: CPythonInvoker(11):     /home/rpeters1428/.kodi/addons/script.module.soupsieve/lib
2026-02-12 14:27:53.539 T:33481   debug <general>: CPythonInvoker(11):     /home/rpeters1428/.kodi/addons/script.module.urllib3/lib
2026-02-12 14:27:53.539 T:33481   debug <general>: CPythonInvoker(11):     /home/rpeters1428/.kodi/addons/script.module.websocket/lib
2026-02-12 14:27:53.539 T:33481   debug <general>: CPythonInvoker(11):   default python path:
2026-02-12 14:27:53.539 T:33481   debug <general>: CPythonInvoker(11):     /usr/lib64/python314.zip
2026-02-12 14:27:53.539 T:33481   debug <general>: CPythonInvoker(11):     /usr/lib64/python3.14
2026-02-12 14:27:53.539 T:33481   debug <general>: CPythonInvoker(11):     /usr/lib64/python3.14/lib-dynload
2026-02-12 14:27:53.539 T:33481   debug <general>: CPythonInvoker(11):     /home/rpeters1428/.local/lib/python3.14/site-packages
2026-02-12 14:27:53.539 T:33481   debug <general>: CPythonInvoker(11):     /usr/lib64/python3.14/site-packages
2026-02-12 14:27:53.539 T:33481   debug <general>: CPythonInvoker(11):     /usr/lib/python3.14/site-packages
2026-02-12 14:27:53.539 T:33481   debug <general>: CPythonInvoker(11): adding args:
2026-02-12 14:27:53.539 T:33481   debug <general>: CPythonInvoker(11):  plugin://plugin.video.cumination/
2026-02-12 14:27:53.539 T:33481   debug <general>: CPythonInvoker(11):  8
2026-02-12 14:27:53.539 T:33481   debug <general>: CPythonInvoker(11):  ?channel=None&keyword&mode=main.site_list&name=%5bCOLOR%20white%5dSites%5b%2fCOLOR%5d&page&section=None&url
2026-02-12 14:27:53.539 T:33481   debug <general>: CPythonInvoker(11):  resume:false
2026-02-12 14:27:53.539 T:33481   debug <general>: CPythonInvoker(11, /home/rpeters1428/.kodi/addons/plugin.video.cumination/default.py): entering source directory /home/rpeters1428/.kodi/addons/plugin.video.cumination
2026-02-12 14:27:53.539 T:33481   debug <general>: CPythonInvoker(11, /home/rpeters1428/.kodi/addons/plugin.video.cumination/default.py): instantiating addon using automatically obtained id of "plugin.video.cumination" dependent on version 3.0.0 of the xbmc.python api
2026-02-12 14:27:53.568 T:33481   debug <CAddonSettings[0@plugin.video.cumination]>: trying to load setting definitions from old format...
2026-02-12 14:27:53.568 T:33481   debug <CSettingsManager>: requested setting (changelog_seen_version) was not found.
2026-02-12 14:27:53.568 T:33481   debug <CSettingsManager>: requested setting (cuminationage) was not found.
2026-02-12 14:27:53.568 T:33481   debug <CSettingsManager>: requested setting (current_ua) was not found.
2026-02-12 14:27:53.568 T:33481   debug <CSettingsManager>: requested setting (last_ua_create) was not found.
2026-02-12 14:27:53.628 T:33025   debug <general>: ------ Window Init (DialogBusy.xml) ------
2026-02-12 14:27:53.673 T:33481    info <general>: @@@@Cumination: Import Error Cryptodome: No module named 'Cryptodome'
2026-02-12 14:27:53.679 T:33481   debug <CSettingsManager>: requested setting (tahlogged) was not found.
2026-02-12 14:27:53.681 T:33481   debug <CSettingsManager>: requested setting (xflogged) was not found.
2026-02-12 14:27:53.687 T:33481   debug <CSettingsManager>: requested setting (htvlogged) was not found.
2026-02-12 14:27:53.694 T:33481   debug <CSettingsManager>: requested setting (jblogged) was not found.
2026-02-12 14:27:53.698 T:33481   debug <CSettingsManager>: requested setting (spankbang_quality) was not found.
2026-02-12 14:27:53.698 T:33481   debug <CSettingsManager>: requested setting (spankbang_length) was not found.
2026-02-12 14:27:53.701 T:33481   debug <CSettingsManager>: requested setting (ptlogged) was not found.
2026-02-12 14:27:53.702 T:33481   debug <CSettingsManager>: requested setting (ptlength) was not found.
2026-02-12 14:27:53.702 T:33481   debug <CSettingsManager>: requested setting (cblogged) was not found.
2026-02-12 14:27:53.710 T:33481   debug <CSettingsManager>: requested setting (whlogged) was not found.
2026-02-12 14:27:53.711 T:33481   debug <CSettingsManager>: requested setting (pincode) was not found.
2026-02-12 14:27:53.711 T:33481   debug <CSettingsManager>: requested setting (logintime) was not found.
2026-02-12 14:27:53.736 T:33481   debug <general>: CPythonInvoker(11, /home/rpeters1428/.kodi/addons/plugin.video.cumination/default.py): script aborted
2026-02-12 14:27:53.736 T:33481   debug <general>: onExecutionDone(11, /home/rpeters1428/.kodi/addons/plugin.video.cumination/default.py)
2026-02-12 14:27:53.736 T:33481   debug <general>: .
2026-02-12 14:27:53.737 T:33480   debug <general>: Skipped 2 duplicate messages..
2026-02-12 14:27:53.737 T:33480   debug <general>: Thread waiting 139735016142528 terminating
2026-02-12 14:27:53.764 T:33481   debug <general>: Python interpreter stopped
2026-02-12 14:27:53.764 T:33481   debug <general>: Thread LanguageInvoker 139736249247424 terminating
2026-02-12 14:27:53.773 T:33025   debug <general>: ------ Window Deinit (DialogBusy.xml) ------
2026-02-12 14:27:53.782 T:33482   debug <general>: Thread BackgroundLoader start, auto delete: false
2026-02-12 14:27:53.782 T:33025   debug <general>: [threads] name: 'BackgroundLoader' priority: '1'
2026-02-12 14:27:53.786 T:33482   debug <general>: Thread BackgroundLoader 139735007749824 terminating
2026-02-12 14:27:54.304 T:33065   debug <general>: Presentation: Frame was discarded by compositor
2026-02-12 14:27:55.660 T:33030   debug <general>: Skipped 8 duplicate messages..
2026-02-12 14:27:55.660 T:33030   debug <general>: CPipewireStream::Drained
2026-02-12 14:27:55.661 T:33030   debug <general>: CPipewireNode::Info - node 62 changed
2026-02-12 14:27:55.755 T:33025   debug <general>: ProcessMessages: Configure serial 553: size 1728x1080 state fullscreen
2026-02-12 14:27:55.755 T:33025   debug <general>: SetResolutionInternal: Set size for serial 553: 1728x1080 including decoration at scale 2 state fullscreen
2026-02-12 14:27:55.755 T:33025   debug <general>: SetResolutionInternal: Resolved actual (maximum) refresh rate to 90.001 Hz on output "SDC 0x4171"
2026-02-12 14:27:55.755 T:33025   debug <general>: ApplyNextState: Applying next state: serial 553 configured size 1728x1080 scale 2 state fullscreen
2026-02-12 14:27:55.755 T:33025   debug <general>: CWindowDecorator::SetState: Setting full surface size 1728x1080 scale 2 (main surface size 1728x1080), decorations active: false
2026-02-12 14:27:55.755 T:33025   debug <general>: UpdateSizeVariables: Set size 1728x1080 scale 2 including decorations with state fullscreen
2026-02-12 14:27:55.755 T:33025   debug <general>: AckConfigure: Acking serial 553
2026-02-12 14:27:56.176 T:33065   debug <general>: Presentation: Frame was discarded by compositor
2026-02-12 14:27:58.889 T:33090   debug <general>: Skipped 45 duplicate messages..
2026-02-12 14:27:58.889 T:33090   debug <general>: AddOnLog: pvr.hts: new connection requested
2026-02-12 14:27:58.890 T:33090   error <general>: AddOnLog: pvr.hts: unable to connect to 127.0.0.1:9982
2026-02-12 14:27:58.955 T:33065   debug <general>: Presentation: Frame was discarded by compositor
2026-02-12 14:28:00.668 T:33030   debug <general>: Skipped 19 duplicate messages..
2026-02-12 14:28:00.668 T:33030   debug <general>: CPipewireNode::Info - node 62 changed
2026-02-12 14:28:00.681 T:33065   debug <general>: Skipped 2 duplicate messages..
2026-02-12 14:28:00.681 T:33065   debug <general>: Presentation: Frame was discarded by compositor
2026-02-12 14:28:05.707 T:33025   debug <general>: Skipped 73 duplicate messages..
2026-02-12 14:28:05.707 T:33025   debug <general>: SECTION:UnloadDelayed(DLL: special://xbmcbin/system/libsse4-x86_64-linux.so)
2026-02-12 14:28:05.709 T:33065   debug <general>: Presentation: Frame was discarded by compositor
2026-02-12 14:28:08.800 T:33025   debug <general>: Skipped 44 duplicate messages..
2026-02-12 14:28:08.800 T:33025   debug <general>: CheckIdle - Closing session to https://nsfw69.top (easy=0x7f168c9d5df0, multi=0x7f168c846490)
2026-02-12 14:28:08.807 T:33065   debug <general>: Presentation: Frame was discarded by compositor
2026-02-12 14:28:08.890 T:33090   debug <general>: AddOnLog: pvr.hts: new connection requested
2026-02-12 14:28:08.891 T:33090   error <general>: AddOnLog: pvr.hts: unable to connect to 127.0.0.1:9982
2026-02-12 14:28:08.923 T:33065   debug <general>: Presentation: Frame was discarded by compositor
2026-02-12 14:28:09.323 T:33025   debug <general>: Skipped 5 duplicate messages..
2026-02-12 14:28:09.323 T:33025   debug <general>: CheckIdle - Closing session to https://nsfw69.top (easy=0x7f170423dbf0, multi=0x55db02da2e40)
2026-02-12 14:28:09.332 T:33065   debug <general>: Presentation: Frame was discarded by compositor
2026-02-12 14:28:15.437 T:33025   debug <general>: Skipped 91 duplicate messages..
2026-02-12 14:28:15.437 T:33025   debug <general>: CheckIdle - Closing session to https://playhdporn.com (easy=0x7f16e4012190, multi=0x7f16e41a3ca0)
2026-02-12 14:28:15.438 T:33025   debug <general>: CheckIdle - Closing session to https://playhdporn.com (easy=0x7f16ec61cbd0, multi=0x0)
2026-02-12 14:28:15.533 T:33065   debug <general>: Presentation: Frame was discarded by compositor
2026-02-12 14:28:18.891 T:33090   debug <general>: Skipped 51 duplicate messages..
2026-02-12 14:28:18.891 T:33090   debug <general>: AddOnLog: pvr.hts: new connection requested
2026-02-12 14:28:18.891 T:33090   error <general>: AddOnLog: pvr.hts: unable to connect to 127.0.0.1:9982
2026-02-12 14:28:18.926 T:33065   debug <general>: Presentation: Frame was discarded by compositor
2026-02-12 14:28:23.785 T:33357   debug <general>: Skipped 78 duplicate messages..
2026-02-12 14:28:23.785 T:33357   debug <general>: Thread JobWorker 139736994670272 terminating (autodelete)
2026-02-12 14:28:23.785 T:33358   debug <general>: Thread JobWorker 139736986277568 terminating (autodelete)
2026-02-12 14:28:23.785 T:33470   debug <general>: Thread JobWorker 139737012623040 terminating (autodelete)
2026-02-12 14:28:23.820 T:33065   debug <general>: Presentation: Frame was discarded by compositor
2026-02-12 14:28:27.957 T:33025   debug <general>: Skipped 44 duplicate messages..
2026-02-12 14:28:27.957 T:33025   debug <general>: ProcessMessages: Configure serial 560: size 1728x1080 state activated,fullscreen
2026-02-12 14:28:27.957 T:33025   debug <general>: SetResolutionInternal: Set size for serial 560: 1728x1080 including decoration at scale 2 state activated,fullscreen
2026-02-12 14:28:27.957 T:33025   debug <general>: SetResolutionInternal: Resolved actual (maximum) refresh rate to 90.001 Hz on output "SDC 0x4171"
2026-02-12 14:28:27.957 T:33025   debug <general>: ApplyNextState: Applying next state: serial 560 configured size 1728x1080 scale 2 state activated,fullscreen
2026-02-12 14:28:27.957 T:33025   debug <general>: CWindowDecorator::SetState: Setting full surface size 1728x1080 scale 2 (main surface size 1728x1080), decorations active: false
2026-02-12 14:28:27.957 T:33025   debug <general>: UpdateSizeVariables: Set size 1728x1080 scale 2 including decorations with state activated,fullscreen
2026-02-12 14:28:27.957 T:33025   debug <general>: AckConfigure: Acking serial 560
2026-02-12 14:28:28.167 T:33065   debug <general>: Chose selection MIME type text/plain;charset=utf-8 out of offered text/plain, text/plain;charset=utf-8
2026-02-12 14:28:28.185 T:33025   debug <general>: ------ Window Init (Pointer.xml) ------
2026-02-12 14:28:28.187 T:33688   debug <general>: Thread JobWorker start, auto delete: true
2026-02-12 14:28:28.187 T:33688   debug <general>: [threads] name: 'JobWorker' priority: '1'
2026-02-12 14:28:28.891 T:33090   debug <general>: AddOnLog: pvr.hts: new connection requested
2026-02-12 14:28:28.892 T:33090   error <general>: AddOnLog: pvr.hts: unable to connect to 127.0.0.1:9982
2026-02-12 14:28:28.975 T:33065   debug <general>: Presentation: Frame was discarded by compositor
2026-02-12 14:28:30.543 T:33025   debug <general>: Skipped 20 duplicate messages..
2026-02-12 14:28:30.543 T:33025   debug <general>: ProcessMouse: trying mouse action wheeldown
2026-02-12 14:28:30.547 T:33065   debug <general>: Skipped 1 duplicate messages..
2026-02-12 14:28:30.547 T:33065   debug <general>: Presentation: Frame was discarded by compositor
2026-02-12 14:28:30.579 T:33025   debug <general>: ProcessMouse: trying mouse action wheeldown
2026-02-12 14:28:31.169 T:33025   debug <general>: Skipped 26 duplicate messages..
2026-02-12 14:28:31.169 T:33025   debug <general>: ProcessMouse: trying mouse action wheelup
2026-02-12 14:28:31.923 T:33065   debug <general>: Skipped 12 duplicate messages..
2026-02-12 14:28:31.923 T:33065   debug <general>: Presentation: Frame was discarded by compositor
2026-02-12 14:28:32.127 T:33025   debug <general>: Skipped 4 duplicate messages..
2026-02-12 14:28:32.127 T:33025   debug <general>: ProcessMouse: trying mouse action wheelup
2026-02-12 14:28:32.133 T:33065   debug <general>: Skipped 1 duplicate messages..
2026-02-12 14:28:32.133 T:33065   debug <general>: Presentation: Frame was discarded by compositor
2026-02-12 14:28:32.294 T:33025   debug <general>: ProcessMouse: trying mouse action wheelup
2026-02-12 14:28:33.596 T:33025   debug <general>: Skipped 3 duplicate messages..
2026-02-12 14:28:33.596 T:33025   debug <general>: ProcessMouse: trying mouse action leftclick
2026-02-12 14:28:33.596 T:33025   debug <general>: CGUIMediaWindow::GetDirectory (plugin://plugin.video.cumination/?channel=None&keyword&mode=pornhd3x.Main&name=%5bCOLOR%20hotpink%5dPornHD3x%5b%2fCOLOR%5d&page=None&section=None&url=https%3a%2f%2fwww9.pornhd3x.tv%2f)
2026-02-12 14:28:33.596 T:33025   debug <general>:   ParentPath = [plugin://plugin.video.cumination/?channel=None&keyword&mode=main.site_list&name=%5bCOLOR%20white%5dSites%5b%2fCOLOR%5d&page&section=None&url]
2026-02-12 14:28:33.596 T:33711   debug <general>: Thread waiting start, auto delete: false
2026-02-12 14:28:33.600 T:33065   debug <general>: Presentation: Frame was discarded by compositor
2026-02-12 14:28:33.607 T:33688   debug <general>: CAddonDatabase::SetLastUsed[plugin.video.cumination] took 11 ms
2026-02-12 14:28:33.607 T:33711   debug <general>: CScriptRunner: running add-on script Cumination('plugin://plugin.video.cumination/', '9', '?channel=None&keyword&mode=pornhd3x.Main&name=%5bCOLOR%20hotpink%5dPornHD3x%5b%2fCOLOR%5d&page=None&section=None&url=https%3a%2f%2fwww9.pornhd3x.tv%2f')
2026-02-12 14:28:33.607 T:33712   debug <general>: Thread JobWorker start, auto delete: true
2026-02-12 14:28:33.607 T:33712   debug <general>: [threads] name: 'JobWorker' priority: '1'
2026-02-12 14:28:33.607 T:33713   debug <general>: Thread LanguageInvoker start, auto delete: false
2026-02-12 14:28:33.607 T:33713   debug <general>: initializing python engine.
2026-02-12 14:28:33.607 T:33713   debug <general>: CPythonInvoker(12, /home/rpeters1428/.kodi/addons/plugin.video.cumination/default.py): start processing
2026-02-12 14:28:33.615 T:33713   debug <general>: -->Python Interpreter Initialized<--
2026-02-12 14:28:33.615 T:33713   debug <general>: 
                                                   
2026-02-12 14:28:33.615 T:33713   debug <general>: CPythonInvoker(12, /home/rpeters1428/.kodi/addons/plugin.video.cumination/default.py): the source file to load is "/home/rpeters1428/.kodi/addons/plugin.video.cumination/default.py"
2026-02-12 14:28:33.615 T:33713   debug <general>: CPythonInvoker(12): full python path:
2026-02-12 14:28:33.615 T:33713   debug <general>: CPythonInvoker(12):   custom python path:
2026-02-12 14:28:33.615 T:33713   debug <general>: CPythonInvoker(12):     /home/rpeters1428/.kodi/addons/plugin.video.cumination
2026-02-12 14:28:33.615 T:33713   debug <general>: CPythonInvoker(12):     /home/rpeters1428/.kodi/addons/script.common.plugin.cache/resources/lib/storage_server/
2026-02-12 14:28:33.615 T:33713   debug <general>: CPythonInvoker(12):     /home/rpeters1428/.kodi/addons/script.module.beautifulsoup4/lib
2026-02-12 14:28:33.615 T:33713   debug <general>: CPythonInvoker(12):     /home/rpeters1428/.kodi/addons/script.module.certifi/lib
2026-02-12 14:28:33.615 T:33713   debug <general>: CPythonInvoker(12):     /home/rpeters1428/.kodi/addons/script.module.chardet/lib
2026-02-12 14:28:33.615 T:33713   debug <general>: CPythonInvoker(12):     /home/rpeters1428/.kodi/addons/script.module.idna/lib
2026-02-12 14:28:33.615 T:33713   debug <general>: CPythonInvoker(12):     /home/rpeters1428/.kodi/addons/script.module.inputstreamhelper/lib
2026-02-12 14:28:33.615 T:33713   debug <general>: CPythonInvoker(12):     /home/rpeters1428/.kodi/addons/script.module.kodi-six/libs
2026-02-12 14:28:33.615 T:33713   debug <general>: CPythonInvoker(12):     /home/rpeters1428/.kodi/addons/script.module.requests/lib
2026-02-12 14:28:33.615 T:33713   debug <general>: CPythonInvoker(12):     /home/rpeters1428/.kodi/addons/script.module.resolveurl.xxx/lib
2026-02-12 14:28:33.615 T:33713   debug <general>: CPythonInvoker(12):     /home/rpeters1428/.kodi/addons/script.module.resolveurl/lib
2026-02-12 14:28:33.615 T:33713   debug <general>: CPythonInvoker(12):     /home/rpeters1428/.kodi/addons/script.module.six/lib
2026-02-12 14:28:33.615 T:33713   debug <general>: CPythonInvoker(12):     /home/rpeters1428/.kodi/addons/script.module.soupsieve/lib
2026-02-12 14:28:33.615 T:33713   debug <general>: CPythonInvoker(12):     /home/rpeters1428/.kodi/addons/script.module.urllib3/lib
2026-02-12 14:28:33.615 T:33713   debug <general>: CPythonInvoker(12):     /home/rpeters1428/.kodi/addons/script.module.websocket/lib
2026-02-12 14:28:33.615 T:33713   debug <general>: CPythonInvoker(12):   default python path:
2026-02-12 14:28:33.615 T:33713   debug <general>: CPythonInvoker(12):     /usr/lib64/python314.zip
2026-02-12 14:28:33.615 T:33713   debug <general>: CPythonInvoker(12):     /usr/lib64/python3.14
2026-02-12 14:28:33.615 T:33713   debug <general>: CPythonInvoker(12):     /usr/lib64/python3.14/lib-dynload
2026-02-12 14:28:33.615 T:33713   debug <general>: CPythonInvoker(12):     /home/rpeters1428/.local/lib/python3.14/site-packages
2026-02-12 14:28:33.615 T:33713   debug <general>: CPythonInvoker(12):     /usr/lib64/python3.14/site-packages
2026-02-12 14:28:33.615 T:33713   debug <general>: CPythonInvoker(12):     /usr/lib/python3.14/site-packages
2026-02-12 14:28:33.615 T:33713   debug <general>: CPythonInvoker(12): adding args:
2026-02-12 14:28:33.615 T:33713   debug <general>: CPythonInvoker(12):  plugin://plugin.video.cumination/
2026-02-12 14:28:33.615 T:33713   debug <general>: CPythonInvoker(12):  9
2026-02-12 14:28:33.615 T:33713   debug <general>: CPythonInvoker(12):  ?channel=None&keyword&mode=pornhd3x.Main&name=%5bCOLOR%20hotpink%5dPornHD3x%5b%2fCOLOR%5d&page=None&section=None&url=https%3a%2f%2fwww9.pornhd3x.tv%2f
2026-02-12 14:28:33.615 T:33713   debug <general>: CPythonInvoker(12):  resume:false
2026-02-12 14:28:33.615 T:33713   debug <general>: CPythonInvoker(12, /home/rpeters1428/.kodi/addons/plugin.video.cumination/default.py): entering source directory /home/rpeters1428/.kodi/addons/plugin.video.cumination
2026-02-12 14:28:33.615 T:33713   debug <general>: CPythonInvoker(12, /home/rpeters1428/.kodi/addons/plugin.video.cumination/default.py): instantiating addon using automatically obtained id of "plugin.video.cumination" dependent on version 3.0.0 of the xbmc.python api
2026-02-12 14:28:33.638 T:33713   debug <CAddonSettings[0@plugin.video.cumination]>: trying to load setting definitions from old format...
2026-02-12 14:28:33.638 T:33713   debug <CSettingsManager>: requested setting (changelog_seen_version) was not found.
2026-02-12 14:28:33.638 T:33713   debug <CSettingsManager>: requested setting (cuminationage) was not found.
2026-02-12 14:28:33.638 T:33713   debug <CSettingsManager>: requested setting (current_ua) was not found.
2026-02-12 14:28:33.638 T:33713   debug <CSettingsManager>: requested setting (last_ua_create) was not found.
2026-02-12 14:28:33.696 T:33025   debug <general>: ------ Window Init (DialogBusy.xml) ------
2026-02-12 14:28:33.730 T:33713    info <general>: @@@@Cumination: Import Error Cryptodome: No module named 'Cryptodome'
2026-02-12 14:28:33.734 T:33713   debug <CSettingsManager>: requested setting (tahlogged) was not found.
2026-02-12 14:28:33.736 T:33713   debug <CSettingsManager>: requested setting (xflogged) was not found.
2026-02-12 14:28:33.741 T:33713   debug <CSettingsManager>: requested setting (htvlogged) was not found.
2026-02-12 14:28:33.746 T:33713   debug <CSettingsManager>: requested setting (jblogged) was not found.
2026-02-12 14:28:33.749 T:33713   debug <CSettingsManager>: requested setting (spankbang_quality) was not found.
2026-02-12 14:28:33.749 T:33713   debug <CSettingsManager>: requested setting (spankbang_length) was not found.
2026-02-12 14:28:33.752 T:33713   debug <CSettingsManager>: requested setting (ptlogged) was not found.
2026-02-12 14:28:33.752 T:33713   debug <CSettingsManager>: requested setting (ptlength) was not found.
2026-02-12 14:28:33.752 T:33713   debug <CSettingsManager>: requested setting (cblogged) was not found.
2026-02-12 14:28:33.759 T:33713   debug <CSettingsManager>: requested setting (whlogged) was not found.
2026-02-12 14:28:33.760 T:33713   debug <CSettingsManager>: requested setting (pincode) was not found.
2026-02-12 14:28:33.760 T:33713   debug <CSettingsManager>: requested setting (logintime) was not found.
2026-02-12 14:28:34.923 T:33713   debug <CSettingsManager>: requested setting (favorder) was not found.
2026-02-12 14:28:34.944 T:33713   debug <general>: Skipped 27 duplicate messages..
2026-02-12 14:28:34.944 T:33713   debug <general>: CPythonInvoker(12, /home/rpeters1428/.kodi/addons/plugin.video.cumination/default.py): script aborted
2026-02-12 14:28:34.944 T:33713   debug <general>: onExecutionDone(12, /home/rpeters1428/.kodi/addons/plugin.video.cumination/default.py)
2026-02-12 14:28:34.944 T:33713   debug <general>: .
2026-02-12 14:28:34.945 T:33711   debug <general>: Skipped 2 duplicate messages..
2026-02-12 14:28:34.945 T:33711   debug <general>: Thread waiting 139736994670272 terminating
2026-02-12 14:28:34.953 T:33025   debug <general>: ------ Window Deinit (DialogBusy.xml) ------
2026-02-12 14:28:34.967 T:33025   debug <general>: Saving fileitems [plugin://plugin.video.cumination/?channel=None&keyword&mode=pornhd3x.Main&name=%5bCOLOR%20hotpink%5dPornHD3x%5b%2fCOLOR%5d&page=None&section=None&url=https%3a%2f%2fwww9.pornhd3x.tv%2f]
2026-02-12 14:28:34.968 T:33025   debug <general>:   -- items: 34, sort method: 0, ascending: false
2026-02-12 14:28:34.971 T:33714   debug <general>: Thread BackgroundLoader start, auto delete: false
2026-02-12 14:28:34.971 T:33025   debug <general>: [threads] name: 'BackgroundLoader' priority: '1'
2026-02-12 14:28:34.974 T:33714   debug <general>: Thread BackgroundLoader 139735007749824 terminating
2026-02-12 14:28:34.987 T:33713   debug <general>: Python interpreter stopped
2026-02-12 14:28:34.987 T:33713   debug <general>: Thread LanguageInvoker 139736249247424 terminating
2026-02-12 14:28:35.635 T:33688   debug <general>: easy_acquire - Created session to https://www9.pornhd3x.tv
2026-02-12 14:28:35.753 T:33688   debug <general>: CCurlFile::GetMimeType - <https://www9.pornhd3x.tv/Cms_Data/Contents/admin/Media/images/new-jacquieetmicheltv-irina-kovalenko-must-make-amends-by-fucking-11-02-2026-hardcore-milf-bigtits-reality-french-iluvy-lulustream-com-vidnest-io.jpg|Referer=https://www9.pornhd3x.tv/&User-Agent=Mozilla/5.0 (Windows NT 10.0; WOW64) AppleWebKit/537.36 (KHTML, like Gecko) Chrome/98.0.0.0 Safari/537.36> -> image/jpeg
2026-02-12 14:28:35.753 T:33688   debug <general>: CurlFile::Open - <https://www9.pornhd3x.tv/Cms_Data/Contents/admin/Media/images/new-jacquieetmicheltv-irina-kovalenko-must-make-amends-by-fucking-11-02-2026-hardcore-milf-bigtits-reality-french-iluvy-lulustream-com-vidnest-io.jpg>
2026-02-12 14:28:35.889 T:33688   error <general>: ffmpeg[0x7f16ec5160b0]: [mjpeg] unable to decode APP fields: Invalid data found when processing input
2026-02-12 14:28:35.889 T:33688   error <general>: ffmpeg[0x7f16ec5160b0]: [mjpeg] dqt: len 39517 is too large
2026-02-12 14:28:35.889 T:33688   debug <general>: Error [-1094995529] while decoding frame: Unknown error 1094995529
2026-02-12 14:28:35.889 T:33688   debug <general>: LoadFromFileInternal - Load of https://www9.pornhd3x.tv/Cms_Data/Contents/admin/Media/images/new-jacquieetmicheltv-irina-kovalenko-must-make-amends-by-fucking-11-02-2026-hardcore-milf-bigtits-reality-french-iluvy-lulustream-com-vidnest-io.jpg|Referer=https://www9.pornhd3x.tv/&User-Agent=Mozilla/5.0 (Windows NT 10.0; WOW64) AppleWebKit/537.36 (KHTML, like Gecko) Chrome/98.0.0.0 Safari/537.36 failed.
2026-02-12 14:28:36.676 T:33712   debug <general>: CCurlFile::GetMimeType - <https://www9.pornhd3x.tv/Cms_Data/Contents/admin/Media/images/new-nia-bleu-pussy-penetration-treatment-with-big-dick-doctor-11-02-2026-hardcore-milf-bigtits-roleplay-iluvy-lulustream-com-vidnest-io.jpg|Referer=https://www9.pornhd3x.tv/&User-Agent=Mozilla/5.0 (Windows NT 10.0; WOW64) AppleWebKit/537.36 (KHTML, like Gecko) Chrome/98.0.0.0 Safari/537.36> -> image/jpeg
2026-02-12 14:28:36.676 T:33712   debug <general>: CurlFile::Open - <https://www9.pornhd3x.tv/Cms_Data/Contents/admin/Media/images/new-nia-bleu-pussy-penetration-treatment-with-big-dick-doctor-11-02-2026-hardcore-milf-bigtits-roleplay-iluvy-lulustream-com-vidnest-io.jpg>
2026-02-12 14:28:36.742 T:33712   error <general>: ffmpeg[0x7f1704040600]: [mjpeg] mjpeg: unsupported coding type (c6)
2026-02-12 14:28:36.742 T:33712   error <general>: ffmpeg[0x7f1704040600]: [mjpeg] unable to decode APP fields: Invalid data found when processing input
2026-02-12 14:28:36.742 T:33712   error <general>: ffmpeg[0x7f1704040600]: [mjpeg] invalid id 10
2026-02-12 14:28:36.742 T:33712   debug <general>: Error [-1094995529] while decoding frame: Unknown error 1094995529
2026-02-12 14:28:36.742 T:33712   debug <general>: LoadFromFileInternal - Load of https://www9.pornhd3x.tv/Cms_Data/Contents/admin/Media/images/new-nia-bleu-pussy-penetration-treatment-with-big-dick-doctor-11-02-2026-hardcore-milf-bigtits-roleplay-iluvy-lulustream-com-vidnest-io.jpg|Referer=https://www9.pornhd3x.tv/&User-Agent=Mozilla/5.0 (Windows NT 10.0; WOW64) AppleWebKit/537.36 (KHTML, like Gecko) Chrome/98.0.0.0 Safari/537.36 failed.
2026-02-12 14:28:37.288 T:33688   debug <general>: CCurlFile::GetMimeType - <https://www9.pornhd3x.tv/Cms_Data/Contents/admin/Media/images/new-jenna-starr-brand-new-busty-babe-fuck-me-with-her-fat-pussy-2026-hardcore-milf-bigtits-roleplay-onlyfans-iluvy-lulustream-com-vidnest-io.jpg|Referer=https://www9.pornhd3x.tv/&User-Agent=Mozilla/5.0 (Windows NT 10.0; WOW64) AppleWebKit/537.36 (KHTML, like Gecko) Chrome/98.0.0.0 Safari/537.36> -> image/jpeg
2026-02-12 14:28:37.288 T:33688   debug <general>: CurlFile::Open - <https://www9.pornhd3x.tv/Cms_Data/Contents/admin/Media/images/new-jenna-starr-brand-new-busty-babe-fuck-me-with-her-fat-pussy-2026-hardcore-milf-bigtits-roleplay-onlyfans-iluvy-lulustream-com-vidnest-io.jpg>
2026-02-12 14:28:37.356 T:33688   error <general>: ffmpeg[0x7f16ec5160b0]: [mjpeg] mjpeg: unsupported coding type (c6)
2026-02-12 14:28:37.356 T:33688   error <general>: ffmpeg[0x7f16ec5160b0]: [mjpeg] unable to decode APP fields: Invalid data found when processing input
2026-02-12 14:28:37.356 T:33688   error <general>: Skipped 2 duplicate messages..
2026-02-12 14:28:37.356 T:33688   error <general>: ffmpeg[0x7f16ec5160b0]: [mjpeg] dqt: invalid precision
2026-02-12 14:28:37.356 T:33688   debug <general>: Error [-1094995529] while decoding frame: Unknown error 1094995529
2026-02-12 14:28:37.356 T:33688   debug <general>: LoadFromFileInternal - Load of https://www9.pornhd3x.tv/Cms_Data/Contents/admin/Media/images/new-jenna-starr-brand-new-busty-babe-fuck-me-with-her-fat-pussy-2026-hardcore-milf-bigtits-roleplay-onlyfans-iluvy-lulustream-com-vidnest-io.jpg|Referer=https://www9.pornhd3x.tv/&User-Agent=Mozilla/5.0 (Windows NT 10.0; WOW64) AppleWebKit/537.36 (KHTML, like Gecko) Chrome/98.0.0.0 Safari/537.36 failed.
2026-02-12 14:28:38.059 T:33712   debug <general>: CCurlFile::GetMimeType - <https://www9.pornhd3x.tv/Cms_Data/Contents/admin/Media/images/new-cory-chase-mercedes-mac-gold-digging-step-daughter-and-step-mom-parts-1-3-12-02-2026-hardcore-milf-bigtits-roleplay-family-ste0ee9f46a-b3ce-4c97-8401-70b7f1592cc3.jpg|Referer=https://www9.pornhd3x.tv/&User-Agent=Mozilla/5.0 (Windows NT 10.0; WOW64) AppleWebKit/537.36 (KHTML, like Gecko) Chrome/98.0.0.0 Safari/537.36> -> image/jpeg
2026-02-12 14:28:38.059 T:33712   debug <general>: CurlFile::Open - <https://www9.pornhd3x.tv/Cms_Data/Contents/admin/Media/images/new-cory-chase-mercedes-mac-gold-digging-step-daughter-and-step-mom-parts-1-3-12-02-2026-hardcore-milf-bigtits-roleplay-family-ste0ee9f46a-b3ce-4c97-8401-70b7f1592cc3.jpg>
2026-02-12 14:28:38.120 T:33712   error <general>: ffmpeg[0x7f1704040600]: [mjpeg] bits 206 is invalid
2026-02-12 14:28:38.120 T:33712   debug <general>: Error [-1094995529] while decoding frame: Unknown error 1094995529
2026-02-12 14:28:38.120 T:33712   debug <general>: LoadFromFileInternal - Load of https://www9.pornhd3x.tv/Cms_Data/Contents/admin/Media/images/new-cory-chase-mercedes-mac-gold-digging-step-daughter-and-step-mom-parts-1-3-12-02-2026-hardcore-milf-bigtits-roleplay-family-ste0ee9f46a-b3ce-4c97-8401-70b7f1592cc3.jpg|Referer=https://www9.pornhd3x.tv/&User-Agent=Mozilla/5.0 (Windows NT 10.0; WOW64) AppleWebKit/537.36 (KHTML, like Gecko) Chrome/98.0.0.0 Safari/537.36 failed.
2026-02-12 14:28:38.892 T:33090   debug <general>: AddOnLog: pvr.hts: new connection requested
2026-02-12 14:28:38.893 T:33090   error <general>: AddOnLog: pvr.hts: unable to connect to 127.0.0.1:9982
2026-02-12 14:28:40.839 T:33712   debug <general>: CCurlFile::GetMimeType - <https://www9.pornhd3x.tv/Cms_Data/Contents/admin/Media/images/new-freya-von-doom-dick-and-candy-naughty-sis-is-obsessed-12-02-2026-hardcore-roleplay-family-iluvy-lulustream-com-vidnest-io.jpg|Referer=https://www9.pornhd3x.tv/&User-Agent=Mozilla/5.0 (Windows NT 10.0; WOW64) AppleWebKit/537.36 (KHTML, like Gecko) Chrome/98.0.0.0 Safari/537.36> -> image/jpeg
2026-02-12 14:28:40.839 T:33712   debug <general>: CurlFile::Open - <https://www9.pornhd3x.tv/Cms_Data/Contents/admin/Media/images/new-freya-von-doom-dick-and-candy-naughty-sis-is-obsessed-12-02-2026-hardcore-roleplay-family-iluvy-lulustream-com-vidnest-io.jpg>
2026-02-12 14:28:40.904 T:33712   error <general>: ffmpeg[0x7f1704040600]: [mjpeg] dqt: len 42448 is too large
2026-02-12 14:28:40.904 T:33712   debug <general>: Error [-1094995529] while decoding frame: Unknown error 1094995529
2026-02-12 14:28:40.904 T:33712   debug <general>: LoadFromFileInternal - Load of https://www9.pornhd3x.tv/Cms_Data/Contents/admin/Media/images/new-freya-von-doom-dick-and-candy-naughty-sis-is-obsessed-12-02-2026-hardcore-roleplay-family-iluvy-lulustream-com-vidnest-io.jpg|Referer=https://www9.pornhd3x.tv/&User-Agent=Mozilla/5.0 (Windows NT 10.0; WOW64) AppleWebKit/537.36 (KHTML, like Gecko) Chrome/98.0.0.0 Safari/537.36 failed.
2026-02-12 14:28:40.987 T:33688   debug <general>: easy_acquire - Created session to https://www9.pornhd3x.tv
2026-02-12 14:28:41.043 T:33724   debug <general>: Thread JobWorker start, auto delete: true
2026-02-12 14:28:41.043 T:33724   debug <general>: [threads] name: 'JobWorker' priority: '1'
2026-02-12 14:28:41.043 T:33724   debug <general>: easy_acquire - Created session to https://www9.pornhd3x.tv
2026-02-12 14:28:41.056 T:33712   debug <general>: CCurlFile::GetMimeType - <https://www9.pornhd3x.tv/Cms_Data/Contents/admin/Media/images/new-river-lynn-my-biggest-fan-deserves-free-reignnn-over-my-body-12-02-2026-hardcore-roleplay-threesome-family-iluvy-lulustream-com-vidnest-io.jpg|Referer=https://www9.pornhd3x.tv/&User-Agent=Mozilla/5.0 (Windows NT 10.0; WOW64) AppleWebKit/537.36 (KHTML, like Gecko) Chrome/98.0.0.0 Safari/537.36> -> image/jpeg
2026-02-12 14:28:41.056 T:33712   debug <general>: CurlFile::Open - <https://www9.pornhd3x.tv/Cms_Data/Contents/admin/Media/images/new-river-lynn-my-biggest-fan-deserves-free-reignnn-over-my-body-12-02-2026-hardcore-roleplay-threesome-family-iluvy-lulustream-com-vidnest-io.jpg>
2026-02-12 14:28:41.098 T:33726   debug <general>: Thread JobWorker start, auto delete: true
2026-02-12 14:28:41.098 T:33726   debug <general>: [threads] name: 'JobWorker' priority: '1'
2026-02-12 14:28:41.098 T:33726   debug <general>: easy_acquire - Created session to https://www9.pornhd3x.tv
2026-02-12 14:28:41.103 T:33688   debug <general>: CCurlFile::GetMimeType - <https://www9.pornhd3x.tv/Cms_Data/Contents/admin/Media/images/am-i-sexier-than-my-stepsister-then-fuck-me-like-your-bitch-while-she-s-not-here-anissamiller.jpg|Referer=https://www9.pornhd3x.tv/&User-Agent=Mozilla/5.0 (Windows NT 10.0; WOW64) AppleWebKit/537.36 (KHTML, like Gecko) Chrome/98.0.0.0 Safari/537.36> -> image/jpeg
2026-02-12 14:28:41.103 T:33688   debug <general>: CurlFile::Open - <https://www9.pornhd3x.tv/Cms_Data/Contents/admin/Media/images/am-i-sexier-than-my-stepsister-then-fuck-me-like-your-bitch-while-she-s-not-here-anissamiller.jpg>
2026-02-12 14:28:41.115 T:33712   debug <general>: Error [-1094995529] while decoding frame: Unknown error 1094995529
2026-02-12 14:28:41.115 T:33712   debug <general>: LoadFromFileInternal - Load of https://www9.pornhd3x.tv/Cms_Data/Contents/admin/Media/images/new-river-lynn-my-biggest-fan-deserves-free-reignnn-over-my-body-12-02-2026-hardcore-roleplay-threesome-family-iluvy-lulustream-com-vidnest-io.jpg|Referer=https://www9.pornhd3x.tv/&User-Agent=Mozilla/5.0 (Windows NT 10.0; WOW64) AppleWebKit/537.36 (KHTML, like Gecko) Chrome/98.0.0.0 Safari/537.36 failed.
2026-02-12 14:28:41.151 T:33724   debug <general>: CCurlFile::GetMimeType - <https://www9.pornhd3x.tv/Cms_Data/Contents/admin/Media/images/new-river-lynn-under-the-blanky-hanky-panky-12-02-2026-hardcore-roleplay-bbc-iluvy-lulustream-com-vidnest-io.jpg|Referer=https://www9.pornhd3x.tv/&User-Agent=Mozilla/5.0 (Windows NT 10.0; WOW64) AppleWebKit/537.36 (KHTML, like Gecko) Chrome/98.0.0.0 Safari/537.36> -> image/jpeg
2026-02-12 14:28:41.151 T:33724   debug <general>: CurlFile::Open - <https://www9.pornhd3x.tv/Cms_Data/Contents/admin/Media/images/new-river-lynn-under-the-blanky-hanky-panky-12-02-2026-hardcore-roleplay-bbc-iluvy-lulustream-com-vidnest-io.jpg>
2026-02-12 14:28:41.222 T:33726   debug <general>: CCurlFile::GetMimeType - <https://www9.pornhd3x.tv/Cms_Data/Contents/admin/Media/images/new-sexmex-malena-doll-the-cops-naughty-proposal-to-a-hot-suspect-12-02-2026-hardcore-milf-bigtits-roleplay-family-threesome-latin02f68f55-d739-40bf-a6f3-96a0e547b407.jpg|Referer=https://www9.pornhd3x.tv/&User-Agent=Mozilla/5.0 (Windows NT 10.0; WOW64) AppleWebKit/537.36 (KHTML, like Gecko) Chrome/98.0.0.0 Safari/537.36> -> image/jpeg
2026-02-12 14:28:41.222 T:33726   debug <general>: CurlFile::Open - <https://www9.pornhd3x.tv/Cms_Data/Contents/admin/Media/images/new-sexmex-malena-doll-the-cops-naughty-proposal-to-a-hot-suspect-12-02-2026-hardcore-milf-bigtits-roleplay-family-threesome-latin02f68f55-d739-40bf-a6f3-96a0e547b407.jpg>
2026-02-12 14:28:41.249 T:33712   debug <general>: CCurlFile::GetMimeType - <https://www9.pornhd3x.tv/Cms_Data/Contents/admin/Media/images/thundercock-naughtyamerica-ivy-mayhem-negotiates-with-a-thundercock-so-her-boyfriend-can-get-promoted-12-2-2026.jpg|Referer=https://www9.pornhd3x.tv/&User-Agent=Mozilla/5.0 (Windows NT 10.0; WOW64) AppleWebKit/537.36 (KHTML, like Gecko) Chrome/98.0.0.0 Safari/537.36> -> image/jpeg
2026-02-12 14:28:41.249 T:33712   debug <general>: CurlFile::Open - <https://www9.pornhd3x.tv/Cms_Data/Contents/admin/Media/images/thundercock-naughtyamerica-ivy-mayhem-negotiates-with-a-thundercock-so-her-boyfriend-can-get-promoted-12-2-2026.jpg>
2026-02-12 14:28:41.283 T:33688   error <general>: ffmpeg[0x7f16ec5160b0]: [mjpeg] mjpeg: unsupported coding type (c7)
2026-02-12 14:28:41.283 T:33688   debug <general>: ffmpeg[0x7f16ec5160b0]: [mjpeg] Found EOI before any SOF, ignoring
2026-02-12 14:28:41.283 T:33688   debug <general>: ffmpeg[0x7f16ec5160b0]: [mjpeg] No JPEG data found in image
2026-02-12 14:28:41.283 T:33688   debug <general>: Error [-1094995529] while decoding frame: Unknown error 1094995529
2026-02-12 14:28:41.283 T:33688   debug <general>: LoadFromFileInternal - Load of https://www9.pornhd3x.tv/Cms_Data/Contents/admin/Media/images/am-i-sexier-than-my-stepsister-then-fuck-me-like-your-bitch-while-she-s-not-here-anissamiller.jpg|Referer=https://www9.pornhd3x.tv/&User-Agent=Mozilla/5.0 (Windows NT 10.0; WOW64) AppleWebKit/537.36 (KHTML, like Gecko) Chrome/98.0.0.0 Safari/537.36 failed.
2026-02-12 14:28:41.289 T:33712   error <general>: ffmpeg[0x7f1704040600]: [mjpeg] unable to decode APP fields: Invalid data found when processing input
2026-02-12 14:28:41.289 T:33712   error <general>: ffmpeg[0x7f1704040600]: [mjpeg] mjpeg: unsupported coding type (cf)
2026-02-12 14:28:41.289 T:33712   error <general>: ffmpeg[0x7f1704040600]: [mjpeg] bits 27 is invalid
2026-02-12 14:28:41.289 T:33712   debug <general>: Error [-1094995529] while decoding frame: Unknown error 1094995529
2026-02-12 14:28:41.289 T:33712   debug <general>: LoadFromFileInternal - Load of https://www9.pornhd3x.tv/Cms_Data/Contents/admin/Media/images/thundercock-naughtyamerica-ivy-mayhem-negotiates-with-a-thundercock-so-her-boyfriend-can-get-promoted-12-2-2026.jpg|Referer=https://www9.pornhd3x.tv/&User-Agent=Mozilla/5.0 (Windows NT 10.0; WOW64) AppleWebKit/537.36 (KHTML, like Gecko) Chrome/98.0.0.0 Safari/537.36 failed.
2026-02-12 14:28:41.293 T:33724   error <general>: ffmpeg[0x55db02f28200]: [mjpeg] mjpeg: unsupported coding type (cf)
2026-02-12 14:28:41.293 T:33724   error <general>: ffmpeg[0x55db02f28200]: [mjpeg] dqt: len 29693 is too large
2026-02-12 14:28:41.293 T:33724   debug <general>: Error [-1094995529] while decoding frame: Unknown error 1094995529
2026-02-12 14:28:41.293 T:33724   debug <general>: LoadFromFileInternal - Load of https://www9.pornhd3x.tv/Cms_Data/Contents/admin/Media/images/new-river-lynn-under-the-blanky-hanky-panky-12-02-2026-hardcore-roleplay-bbc-iluvy-lulustream-com-vidnest-io.jpg|Referer=https://www9.pornhd3x.tv/&User-Agent=Mozilla/5.0 (Windows NT 10.0; WOW64) AppleWebKit/537.36 (KHTML, like Gecko) Chrome/98.0.0.0 Safari/537.36 failed.
2026-02-12 14:28:41.378 T:33726   error <general>: ffmpeg[0x7f16ec4fdc30]: [mjpeg] mjpeg: unsupported coding type (c6)
2026-02-12 14:28:41.378 T:33726   error <general>: ffmpeg[0x7f16ec4fdc30]: [mjpeg] unable to decode APP fields: Invalid data found when processing input
2026-02-12 14:28:41.378 T:33726   error <general>: ffmpeg[0x7f16ec4fdc30]: [mjpeg] dqt: len 4122 is too large
2026-02-12 14:28:41.378 T:33726   debug <general>: Error [-1094995529] while decoding frame: Unknown error 1094995529
2026-02-12 14:28:41.378 T:33726   debug <general>: LoadFromFileInternal - Load of https://www9.pornhd3x.tv/Cms_Data/Contents/admin/Media/images/new-sexmex-malena-doll-the-cops-naughty-proposal-to-a-hot-suspect-12-02-2026-hardcore-milf-bigtits-roleplay-family-threesome-latin02f68f55-d739-40bf-a6f3-96a0e547b407.jpg|Referer=https://www9.pornhd3x.tv/&User-Agent=Mozilla/5.0 (Windows NT 10.0; WOW64) AppleWebKit/537.36 (KHTML, like Gecko) Chrome/98.0.0.0 Safari/537.36 failed.
2026-02-12 14:28:41.387 T:33688   debug <general>: CCurlFile::GetMimeType - <https://www9.pornhd3x.tv/Cms_Data/Contents/admin/Media/images/new-little-puck-brittany-andrews-mommm-swappp-treatment-is-a-very-dirtttyyy-therapist-12-02-2026-hardcore-milf-bigtits-foursome-fae66998c9-4ce7-4a6f-9a4a-355a359acc2b.jpg|Referer=https://www9.pornhd3x.tv/&User-Agent=Mozilla/5.0 (Windows NT 10.0; WOW64) AppleWebKit/537.36 (KHTML, like Gecko) Chrome/98.0.0.0 Safari/537.36> -> image/jpeg
2026-02-12 14:28:41.388 T:33688   debug <general>: CurlFile::Open - <https://www9.pornhd3x.tv/Cms_Data/Contents/admin/Media/images/new-little-puck-brittany-andrews-mommm-swappp-treatment-is-a-very-dirtttyyy-therapist-12-02-2026-hardcore-milf-bigtits-foursome-fae66998c9-4ce7-4a6f-9a4a-355a359acc2b.jpg>
2026-02-12 14:28:41.414 T:33712   debug <general>: CCurlFile::GetMimeType - <https://www9.pornhd3x.tv/Cms_Data/Contents/admin/Media/images/new-lauren-phillips-fed-up-stepmom-gets-filled-12-02-2026-hardcore-milf-bigtits-roleplay-family-creampie-stepmom-iluvy-lulustream-com-vidnest-io.jpg|Referer=https://www9.pornhd3x.tv/&User-Agent=Mozilla/5.0 (Windows NT 10.0; WOW64) AppleWebKit/537.36 (KHTML, like Gecko) Chrome/98.0.0.0 Safari/537.36> -> image/jpeg
2026-02-12 14:28:41.414 T:33712   debug <general>: CurlFile::Open - <https://www9.pornhd3x.tv/Cms_Data/Contents/admin/Media/images/new-lauren-phillips-fed-up-stepmom-gets-filled-12-02-2026-hardcore-milf-bigtits-roleplay-family-creampie-stepmom-iluvy-lulustream-com-vidnest-io.jpg>
2026-02-12 14:28:41.421 T:33688   error <general>: ffmpeg[0x7f16ec5160b0]: [mjpeg] unable to decode APP fields: Invalid data found when processing input
2026-02-12 14:28:41.421 T:33688   error <general>: ffmpeg[0x7f16ec5160b0]: [mjpeg] bits 144 is invalid
2026-02-12 14:28:41.421 T:33688   debug <general>: Error [-1094995529] while decoding frame: Unknown error 1094995529
2026-02-12 14:28:41.421 T:33688   debug <general>: LoadFromFileInternal - Load of https://www9.pornhd3x.tv/Cms_Data/Contents/admin/Media/images/new-little-puck-brittany-andrews-mommm-swappp-treatment-is-a-very-dirtttyyy-therapist-12-02-2026-hardcore-milf-bigtits-foursome-fae66998c9-4ce7-4a6f-9a4a-355a359acc2b.jpg|Referer=https://www9.pornhd3x.tv/&User-Agent=Mozilla/5.0 (Windows NT 10.0; WOW64) AppleWebKit/537.36 (KHTML, like Gecko) Chrome/98.0.0.0 Safari/537.36 failed.
2026-02-12 14:28:41.455 T:33712   error <general>: ffmpeg[0x7f1704040600]: [mjpeg] mjpeg: unsupported coding type (c7)
2026-02-12 14:28:41.455 T:33712   error <general>: ffmpeg[0x7f1704040600]: [mjpeg] mjpeg: unsupported coding type (c8)
2026-02-12 14:28:41.455 T:33712   debug <general>: ffmpeg[0x7f1704040600]: [mjpeg] Found EOI before any SOF, ignoring
2026-02-12 14:28:41.455 T:33712   debug <general>: ffmpeg[0x7f1704040600]: [mjpeg] No JPEG data found in image
2026-02-12 14:28:41.455 T:33712   debug <general>: Error [-1094995529] while decoding frame: Unknown error 1094995529
2026-02-12 14:28:41.455 T:33712   debug <general>: LoadFromFileInternal - Load of https://www9.pornhd3x.tv/Cms_Data/Contents/admin/Media/images/new-lauren-phillips-fed-up-stepmom-gets-filled-12-02-2026-hardcore-milf-bigtits-roleplay-family-creampie-stepmom-iluvy-lulustream-com-vidnest-io.jpg|Referer=https://www9.pornhd3x.tv/&User-Agent=Mozilla/5.0 (Windows NT 10.0; WOW64) AppleWebKit/537.36 (KHTML, like Gecko) Chrome/98.0.0.0 Safari/537.36 failed.
2026-02-12 14:28:41.455 T:33688   debug <general>: CTextureCache::CacheImage - Return NULL texture because cache is not ready
2026-02-12 14:28:41.458 T:33724   debug <general>: CCurlFile::GetMimeType - <https://www9.pornhd3x.tv/Cms_Data/Contents/admin/Media/images/new-richelle-ryan-obedient-landlord-12-02-2026-hradcore-milf-bigtits-roleplay-iluvy-lulustream-com-vidnest-io.jpg|Referer=https://www9.pornhd3x.tv/&User-Agent=Mozilla/5.0 (Windows NT 10.0; WOW64) AppleWebKit/537.36 (KHTML, like Gecko) Chrome/98.0.0.0 Safari/537.36> -> image/jpeg
2026-02-12 14:28:41.458 T:33724   debug <general>: CurlFile::Open - <https://www9.pornhd3x.tv/Cms_Data/Contents/admin/Media/images/new-richelle-ryan-obedient-landlord-12-02-2026-hradcore-milf-bigtits-roleplay-iluvy-lulustream-com-vidnest-io.jpg>
2026-02-12 14:28:41.493 T:33724   debug <general>: Error [-1094995529] while decoding frame: Unknown error 1094995529
2026-02-12 14:28:41.493 T:33724   debug <general>: LoadFromFileInternal - Load of https://www9.pornhd3x.tv/Cms_Data/Contents/admin/Media/images/new-richelle-ryan-obedient-landlord-12-02-2026-hradcore-milf-bigtits-roleplay-iluvy-lulustream-com-vidnest-io.jpg|Referer=https://www9.pornhd3x.tv/&User-Agent=Mozilla/5.0 (Windows NT 10.0; WOW64) AppleWebKit/537.36 (KHTML, like Gecko) Chrome/98.0.0.0 Safari/537.36 failed.
2026-02-12 14:28:41.608 T:33688   debug <general>: CCurlFile::GetMimeType - <https://www9.pornhd3x.tv/Cms_Data/Contents/admin/Media/images/new-little-puck-brittany-andrews-mommm-swappp-treatment-is-a-very-dirtttyyy-therapist-12-02-2026-hardcore-milf-bigtits-foursome-fae66998c9-4ce7-4a6f-9a4a-355a359acc2b.jpg|Referer=https://www9.pornhd3x.tv/&User-Agent=Mozilla/5.0 (Windows NT 10.0; WOW64) AppleWebKit/537.36 (KHTML, like Gecko) Chrome/98.0.0.0 Safari/537.36> -> image/jpeg
2026-02-12 14:28:41.608 T:33688   debug <general>: CurlFile::Open - <https://www9.pornhd3x.tv/Cms_Data/Contents/admin/Media/images/new-little-puck-brittany-andrews-mommm-swappp-treatment-is-a-very-dirtttyyy-therapist-12-02-2026-hardcore-milf-bigtits-foursome-fae66998c9-4ce7-4a6f-9a4a-355a359acc2b.jpg>
2026-02-12 14:28:41.643 T:33688   error <general>: ffmpeg[0x7f16ec5160b0]: [mjpeg] unable to decode APP fields: Invalid data found when processing input
2026-02-12 14:28:41.643 T:33688   error <general>: ffmpeg[0x7f16ec5160b0]: [mjpeg] bits 144 is invalid
2026-02-12 14:28:41.643 T:33688   debug <general>: Error [-1094995529] while decoding frame: Unknown error 1094995529
2026-02-12 14:28:41.643 T:33688   debug <general>: LoadFromFileInternal - Load of https://www9.pornhd3x.tv/Cms_Data/Contents/admin/Media/images/new-little-puck-brittany-andrews-mommm-swappp-treatment-is-a-very-dirtttyyy-therapist-12-02-2026-hardcore-milf-bigtits-foursome-fae66998c9-4ce7-4a6f-9a4a-355a359acc2b.jpg|Referer=https://www9.pornhd3x.tv/&User-Agent=Mozilla/5.0 (Windows NT 10.0; WOW64) AppleWebKit/537.36 (KHTML, like Gecko) Chrome/98.0.0.0 Safari/537.36 failed.
2026-02-12 14:28:41.649 T:33726   debug <general>: CCurlFile::GetMimeType - <https://www9.pornhd3x.tv/Cms_Data/Contents/admin/Media/images/thundercock-naughtyamerica-ivy-mayhem-negotiates-with-a-thundercock-so-her-boyfriend-can-get-promoted-12-2-2026.jpg|Referer=https://www9.pornhd3x.tv/&User-Agent=Mozilla/5.0 (Windows NT 10.0; WOW64) AppleWebKit/537.36 (KHTML, like Gecko) Chrome/98.0.0.0 Safari/537.36> -> image/jpeg
2026-02-12 14:28:41.649 T:33724   debug <general>: CCurlFile::GetMimeType - <https://www9.pornhd3x.tv/Cms_Data/Contents/admin/Media/images/new-sexmex-malena-doll-the-cops-naughty-proposal-to-a-hot-suspect-12-02-2026-hardcore-milf-bigtits-roleplay-family-threesome-latin02f68f55-d739-40bf-a6f3-96a0e547b407.jpg|Referer=https://www9.pornhd3x.tv/&User-Agent=Mozilla/5.0 (Windows NT 10.0; WOW64) AppleWebKit/537.36 (KHTML, like Gecko) Chrome/98.0.0.0 Safari/537.36> -> image/jpeg
2026-02-12 14:28:41.649 T:33724   debug <general>: CurlFile::Open - <https://www9.pornhd3x.tv/Cms_Data/Contents/admin/Media/images/new-sexmex-malena-doll-the-cops-naughty-proposal-to-a-hot-suspect-12-02-2026-hardcore-milf-bigtits-roleplay-family-threesome-latin02f68f55-d739-40bf-a6f3-96a0e547b407.jpg>
2026-02-12 14:28:41.649 T:33726   debug <general>: CurlFile::Open - <https://www9.pornhd3x.tv/Cms_Data/Contents/admin/Media/images/thundercock-naughtyamerica-ivy-mayhem-negotiates-with-a-thundercock-so-her-boyfriend-can-get-promoted-12-2-2026.jpg>
2026-02-12 14:28:41.685 T:33724   error <general>: ffmpeg[0x55db02f28200]: [mjpeg] mjpeg: unsupported coding type (c6)
2026-02-12 14:28:41.685 T:33724   error <general>: ffmpeg[0x55db02f28200]: [mjpeg] unable to decode APP fields: Invalid data found when processing input
2026-02-12 14:28:41.685 T:33724   error <general>: ffmpeg[0x55db02f28200]: [mjpeg] dqt: len 4122 is too large
2026-02-12 14:28:41.685 T:33724   debug <general>: Error [-1094995529] while decoding frame: Unknown error 1094995529
2026-02-12 14:28:41.685 T:33724   debug <general>: LoadFromFileInternal - Load of https://www9.pornhd3x.tv/Cms_Data/Contents/admin/Media/images/new-sexmex-malena-doll-the-cops-naughty-proposal-to-a-hot-suspect-12-02-2026-hardcore-milf-bigtits-roleplay-family-threesome-latin02f68f55-d739-40bf-a6f3-96a0e547b407.jpg|Referer=https://www9.pornhd3x.tv/&User-Agent=Mozilla/5.0 (Windows NT 10.0; WOW64) AppleWebKit/537.36 (KHTML, like Gecko) Chrome/98.0.0.0 Safari/537.36 failed.
2026-02-12 14:28:41.713 T:33726   error <general>: ffmpeg[0x7f16ec4fdc30]: [mjpeg] unable to decode APP fields: Invalid data found when processing input
2026-02-12 14:28:41.713 T:33726   error <general>: ffmpeg[0x7f16ec4fdc30]: [mjpeg] mjpeg: unsupported coding type (cf)
2026-02-12 14:28:41.713 T:33726   error <general>: ffmpeg[0x7f16ec4fdc30]: [mjpeg] bits 27 is invalid
2026-02-12 14:28:41.713 T:33726   debug <general>: Error [-1094995529] while decoding frame: Unknown error 1094995529
2026-02-12 14:28:41.713 T:33726   debug <general>: LoadFromFileInternal - Load of https://www9.pornhd3x.tv/Cms_Data/Contents/admin/Media/images/thundercock-naughtyamerica-ivy-mayhem-negotiates-with-a-thundercock-so-her-boyfriend-can-get-promoted-12-2-2026.jpg|Referer=https://www9.pornhd3x.tv/&User-Agent=Mozilla/5.0 (Windows NT 10.0; WOW64) AppleWebKit/537.36 (KHTML, like Gecko) Chrome/98.0.0.0 Safari/537.36 failed.
2026-02-12 14:28:42.259 T:33712   debug <general>: CCurlFile::GetMimeType - <https://www9.pornhd3x.tv/Cms_Data/Contents/admin/Media/images/new-river-lynn-under-the-blanky-hanky-panky-12-02-2026-hardcore-roleplay-bbc-iluvy-lulustream-com-vidnest-io.jpg|Referer=https://www9.pornhd3x.tv/&User-Agent=Mozilla/5.0 (Windows NT 10.0; WOW64) AppleWebKit/537.36 (KHTML, like Gecko) Chrome/98.0.0.0 Safari/537.36> -> image/jpeg
2026-02-12 14:28:42.259 T:33712   debug <general>: CurlFile::Open - <https://www9.pornhd3x.tv/Cms_Data/Contents/admin/Media/images/new-river-lynn-under-the-blanky-hanky-panky-12-02-2026-hardcore-roleplay-bbc-iluvy-lulustream-com-vidnest-io.jpg>
2026-02-12 14:28:42.310 T:33712   error <general>: ffmpeg[0x7f1704040600]: [mjpeg] mjpeg: unsupported coding type (cf)
