2026-04-13 20:39:57.482 T:30664   debug <general>: Thread Timer start, auto delete: false
2026-04-13 20:39:57.539 T:30356   debug <general>: Keyboard: scancode: 0x1, sym: 0x1b (escape), unicode: 0x1b, modifier: 0x0
2026-04-13 20:39:57.655 T:30664   debug <general>: Thread Timer 140138924308160 terminating
2026-04-13 20:39:57.667 T:30356   debug <general>: Keyboard: scancode: 0x1, sym: 0x1b (escape), unicode: 0x1b, modifier: 0x0
2026-04-13 20:39:57.667 T:30356   debug <general>: HandleKey: escape (0xf01b) pressed, window 10040, action is PreviousMenu
2026-04-13 20:39:57.667 T:30356   debug <general>: CGUIWindowManager::PreviousWindow: Deactivate
2026-04-13 20:39:57.969 T:30356   debug <general>: ------ Window Deinit (AddonBrowser.xml) ------
2026-04-13 20:39:57.969 T:30356   debug <general>: FreeVisualisation() done
2026-04-13 20:39:57.980 T:30356   debug <general>: CGUIWindowManager::PreviousWindow: Activate new
2026-04-13 20:39:57.980 T:30356   debug <general>: ------ Window Init (Home.xml) ------
2026-04-13 20:39:57.980 T:30356   debug <general>: CDirectoryProvider[addons://]: refreshing..
2026-04-13 20:39:57.980 T:30356   debug <general>: CDirectoryProvider[addons://sources/video/]: refreshing..
2026-04-13 20:39:57.980 T:30356   debug <general>: CDirectoryProvider[addons://sources/audio/]: refreshing..
2026-04-13 20:39:57.980 T:30356   debug <general>: CDirectoryProvider[addons://sources/game/]: refreshing..
2026-04-13 20:39:57.980 T:30356   debug <general>: CDirectoryProvider[addons://sources/executable/]: refreshing..
2026-04-13 20:39:57.980 T:30665   debug <general>: Thread JobWorker start, auto delete: true
2026-04-13 20:39:57.980 T:30665   debug <general>: [threads] name: 'JobWorker' priority: '1'
2026-04-13 20:39:57.980 T:30356   debug <general>: CDirectoryProvider[addons://sources/image/]: refreshing..
2026-04-13 20:39:57.980 T:30356   debug <general>: CDirectoryProvider[library://video/]: refreshing..
2026-04-13 20:39:57.980 T:30356   debug <general>: CDirectoryProvider[sources://video/]: refreshing..
2026-04-13 20:39:57.980 T:30356   debug <general>: CDirectoryProvider[special://videoplaylists/]: refreshing..
2026-04-13 20:39:57.980 T:30356   debug <general>: CDirectoryProvider[favourites://]: refreshing..
2026-04-13 20:39:57.980 T:30356   debug <general>: CDirectoryProvider[sources://pictures/]: refreshing..
2026-04-13 20:39:57.980 T:30356   debug <general>: CDirectoryProvider[addons://sources/game/]: refreshing..
2026-04-13 20:39:57.981 T:30656   debug <general>: CAddonDatabase: SELECT repo.id FROM repo .. took 0 ms
2026-04-13 20:39:57.982 T:30658   debug <general>: CMultiPathDirectory::GetDirectory(multipath://special%3a%2f%2fprofile%2fplaylists%2fvideo/special%3a%2f%2fprofile%2fplaylists%2fmixed/)
2026-04-13 20:39:57.982 T:30658   debug <general>: Getting Directory (special://profile/playlists/video)
2026-04-13 20:39:57.982 T:30658   debug <general>: Getting Directory (special://profile/playlists/mixed)
2026-04-13 20:39:57.982 T:30658   debug <general>: CMultiPathDirectory::MergeItems, items = 0
2026-04-13 20:39:57.986 T:30656   debug <general>: CAddonDatabase: query  SELECT addons.*, repo.addonID AS repoID FROM addons JOIN addonlinkrepo ON addons.id=addonlinkrepo.idAddon JOIN repo ON repo.id=addonlinkrepo.idRepo WHERE addonlinkrepo.idRepo IN (1,2) ORDER BY repo.addonID, addons.addonID returned 798 rows in 4 ms
2026-04-13 20:39:58.004 T:30656   debug <general>: CAddonDatabase::GetAddons took 23 ms
2026-04-13 20:39:58.006 T:30656   debug <general>: CAddonMgr::GetAvailableUpdatesOrOutdatedAddons took 25 ms
2026-04-13 20:39:58.514 T:30396   debug <general>: Presentation: Frame was discarded by compositor
2026-04-13 20:39:58.796 T:30356   debug <general>: ------ Window Init (Pointer.xml) ------
2026-04-13 20:40:01.417 T:30356   debug <general>: ProcessMouse: trying mouse action leftclick
2026-04-13 20:40:01.417 T:30356   debug <general>: Activating window ID: 10025
2026-04-13 20:40:01.730 T:30356   debug <general>: ------ Window Deinit (Home.xml) ------
2026-04-13 20:40:01.730 T:30356   debug <general>: FreeVisualisation() done
2026-04-13 20:40:01.740 T:30356   debug <general>: ------ Window Init (MyVideoNav.xml) ------
2026-04-13 20:40:01.741 T:30356   error <general>: Control 50 in window 10025 has been asked to focus, but it can't
2026-04-13 20:40:01.751 T:30356   debug <general>: CGUIMediaWindow::GetDirectory (plugin://plugin.video.cumination/?channel=None&keyword&mode=sunporno.Main&name=%5bCOLOR%20yellow%5dSunPorno%5b%2fCOLOR%5d&page=None&section=None&url=https%3a%2f%2fwww.sunporno.com%2f)
2026-04-13 20:40:01.751 T:30356   debug <general>:   ParentPath = [plugin://plugin.video.cumination/?channel=None&keyword&mode=sunporno.Main&name=%5bCOLOR%20yellow%5dSunPorno%5b%2fCOLOR%5d&page=None&section=None&url=https%3a%2f%2fwww.sunporno.com%2f]
2026-04-13 20:40:01.752 T:30356   debug <general>: Loading items: 14, directory: plugin://plugin.video.cumination/?channel=None&keyword&mode=sunporno.Main&name=%5bCOLOR%20yellow%5dSunPorno%5b%2fCOLOR%5d&page=None&section=None&url=https%3a%2f%2fwww.sunporno.com%2f sort method: 0, ascending: false
2026-04-13 20:40:01.765 T:30656   debug <general>: CAddonDatabase::SetLastUsed[plugin.video.cumination] took 13 ms
2026-04-13 20:40:01.766 T:30667   debug <general>: Thread BackgroundLoader start, auto delete: false
2026-04-13 20:40:01.767 T:30356   debug <general>: [threads] name: 'BackgroundLoader' priority: '1'
2026-04-13 20:40:01.769 T:30667   debug <general>: Thread BackgroundLoader 140139145721536 terminating
2026-04-13 20:40:02.161 T:30656   debug <general>: CCurlFile::GetMimeType - <https://acdn.sunporno.com/contents/videos_screenshots/94000/94460/324x182/1.jpg> -> image/jpeg
2026-04-13 20:40:02.161 T:30656   debug <general>: CurlFile::Open - <https://acdn.sunporno.com/contents/videos_screenshots/94000/94460/324x182/1.jpg>
2026-04-13 20:40:02.293 T:30656   error <general>: ffmpeg[0x7f74e41f8ff0]: [mjpeg] invalid id 253
2026-04-13 20:40:02.293 T:30656   debug <general>: Error [-1094995529] while decoding frame: Unknown error 1094995529
2026-04-13 20:40:02.293 T:30656   debug <general>: LoadFromFileInternal - Load of https://acdn.sunporno.com/contents/videos_screenshots/94000/94460/324x182/1.jpg failed.
2026-04-13 20:40:02.644 T:30658   debug <general>: CCurlFile::GetMimeType - <https://acdn.sunporno.com/contents/videos_screenshots/12000/12012/324x182/1.jpg> -> image/jpeg
2026-04-13 20:40:02.644 T:30658   debug <general>: CurlFile::Open - <https://acdn.sunporno.com/contents/videos_screenshots/12000/12012/324x182/1.jpg>
2026-04-13 20:40:02.696 T:30656   debug <general>: CCurlFile::GetMimeType - <https://acdn.sunporno.com/contents/videos_screenshots/17000/17448/324x182/4.jpg> -> image/jpeg
2026-04-13 20:40:02.697 T:30656   debug <general>: CurlFile::Open - <https://acdn.sunporno.com/contents/videos_screenshots/17000/17448/324x182/4.jpg>
2026-04-13 20:40:02.770 T:30658   error <general>: ffmpeg[0x7f74e40b9c60]: [mjpeg] unable to decode APP fields: Invalid data found when processing input
2026-04-13 20:40:02.770 T:30658   debug <general>: Error [-1094995529] while decoding frame: Unknown error 1094995529
2026-04-13 20:40:02.770 T:30658   debug <general>: LoadFromFileInternal - Load of https://acdn.sunporno.com/contents/videos_screenshots/12000/12012/324x182/1.jpg failed.
2026-04-13 20:40:02.770 T:30665   debug <general>: CTextureCache::CacheImage - Return NULL texture because cache is not ready
2026-04-13 20:40:02.832 T:30656   error <general>: ffmpeg[0x7f74e41f8ff0]: [mjpeg] unable to decode APP fields: Invalid data found when processing input
2026-04-13 20:40:02.832 T:30656   debug <general>: ffmpeg[0x7f74e41f8ff0]: [mjpeg] Found EOI before any SOF, ignoring
2026-04-13 20:40:02.832 T:30656   error <general>: ffmpeg[0x7f74e41f8ff0]: [mjpeg] unable to decode APP fields: Invalid data found when processing input
2026-04-13 20:40:02.832 T:30656   error <general>: Skipped 1 duplicate messages..
2026-04-13 20:40:02.832 T:30656   debug <general>: ffmpeg[0x7f74e41f8ff0]: [mjpeg] Found EOI before any SOF, ignoring
2026-04-13 20:40:02.832 T:30656   error <general>: ffmpeg[0x7f74e41f8ff0]: [mjpeg] unable to decode APP fields: Invalid data found when processing input
2026-04-13 20:40:02.832 T:30656   error <general>: Skipped 1 duplicate messages..
2026-04-13 20:40:02.832 T:30656   debug <general>: ffmpeg[0x7f74e41f8ff0]: [mjpeg] No JPEG data found in image
2026-04-13 20:40:02.832 T:30656   debug <general>: Error [-1094995529] while decoding frame: Unknown error 1094995529
2026-04-13 20:40:02.832 T:30656   debug <general>: LoadFromFileInternal - Load of https://acdn.sunporno.com/contents/videos_screenshots/17000/17448/324x182/4.jpg failed.
2026-04-13 20:40:02.908 T:30356   debug <general>: ProcessMouse: trying mouse action wheelup
2026-04-13 20:40:02.931 T:30665   debug <general>: Skipped 3 duplicate messages..
2026-04-13 20:40:02.931 T:30665   debug <general>: easy_acquire - Created session to https://acdn.sunporno.com
2026-04-13 20:40:02.941 T:30356   debug <general>: ProcessMouse: trying mouse action wheelup
2026-04-13 20:40:02.942 T:30674   debug <general>: Thread JobWorker start, auto delete: true
2026-04-13 20:40:02.942 T:30674   debug <general>: [threads] name: 'JobWorker' priority: '1'
2026-04-13 20:40:02.952 T:30356   debug <general>: ProcessMouse: trying mouse action wheelup
2026-04-13 20:40:03.280 T:30658   debug <general>: Skipped 26 duplicate messages..
2026-04-13 20:40:03.280 T:30658   debug <general>: CCurlFile::GetMimeType - <https://acdn.sunporno.com/contents/videos_screenshots/94000/94460/324x182/1.jpg> -> image/jpeg
2026-04-13 20:40:03.280 T:30658   debug <general>: CurlFile::Open - <https://acdn.sunporno.com/contents/videos_screenshots/94000/94460/324x182/1.jpg>
2026-04-13 20:40:03.296 T:30656   debug <general>: CCurlFile::GetMimeType - <https://acdn.sunporno.com/contents/videos_screenshots/91000/91102/324x182/1.jpg> -> image/jpeg
2026-04-13 20:40:03.296 T:30656   debug <general>: CurlFile::Open - <https://acdn.sunporno.com/contents/videos_screenshots/91000/91102/324x182/1.jpg>
2026-04-13 20:40:03.304 T:30665   debug <general>: CCurlFile::GetMimeType - <https://acdn.sunporno.com/contents/videos_screenshots/56000/56963/324x182/3.jpg> -> image/jpeg
2026-04-13 20:40:03.304 T:30665   debug <general>: CurlFile::Open - <https://acdn.sunporno.com/contents/videos_screenshots/56000/56963/324x182/3.jpg>
2026-04-13 20:40:03.416 T:30658   error <general>: ffmpeg[0x7f74e40b9c60]: [mjpeg] invalid id 253
2026-04-13 20:40:03.416 T:30658   debug <general>: Error [-1094995529] while decoding frame: Unknown error 1094995529
2026-04-13 20:40:03.416 T:30658   debug <general>: LoadFromFileInternal - Load of https://acdn.sunporno.com/contents/videos_screenshots/94000/94460/324x182/1.jpg failed.
2026-04-13 20:40:03.429 T:30656   error <general>: ffmpeg[0x7f74e41f8ff0]: [mjpeg] unable to decode APP fields: Invalid data found when processing input
2026-04-13 20:40:03.429 T:30656   error <general>: ffmpeg[0x7f74e41f8ff0]: [mjpeg] bits 221 is invalid
2026-04-13 20:40:03.429 T:30656   debug <general>: Error [-1094995529] while decoding frame: Unknown error 1094995529
2026-04-13 20:40:03.429 T:30656   debug <general>: LoadFromFileInternal - Load of https://acdn.sunporno.com/contents/videos_screenshots/91000/91102/324x182/1.jpg failed.
2026-04-13 20:40:03.642 T:30356   debug <general>: ProcessMouse: trying mouse action wheelup
2026-04-13 20:40:03.656 T:30665   debug <general>: Skipped 1 duplicate messages..
2026-04-13 20:40:03.656 T:30665   error <general>: ffmpeg[0x5647040217c0]: [mjpeg] bits 155 is invalid
2026-04-13 20:40:03.656 T:30665   debug <general>: Error [-1094995529] while decoding frame: Unknown error 1094995529
2026-04-13 20:40:03.656 T:30665   debug <general>: LoadFromFileInternal - Load of https://acdn.sunporno.com/contents/videos_screenshots/56000/56963/324x182/3.jpg failed.
2026-04-13 20:40:03.665 T:30356   debug <general>: ProcessMouse: trying mouse action wheelup
2026-04-13 20:40:04.614 T:30674   debug <general>: Skipped 23 duplicate messages..
2026-04-13 20:40:04.614 T:30674   debug <general>: CCurlFile::GetMimeType - <https://acdn.sunporno.com/contents/videos_screenshots/3000/3159/324x182/2.jpg> -> image/jpeg
2026-04-13 20:40:04.614 T:30674   debug <general>: CurlFile::Open - <https://acdn.sunporno.com/contents/videos_screenshots/3000/3159/324x182/2.jpg>
2026-04-13 20:40:04.669 T:30658   debug <general>: CCurlFile::GetMimeType - <https://acdn.sunporno.com/contents/videos_screenshots/56000/56963/324x182/3.jpg> -> image/jpeg
2026-04-13 20:40:04.669 T:30658   debug <general>: CurlFile::Open - <https://acdn.sunporno.com/contents/videos_screenshots/56000/56963/324x182/3.jpg>
2026-04-13 20:40:04.714 T:30674   error <general>: ffmpeg[0x564703a59580]: [mjpeg] unable to decode APP fields: Invalid data found when processing input
2026-04-13 20:40:04.714 T:30674   debug <general>: ffmpeg[0x564703a59580]: [mjpeg] Can not process SOS before SOF, skipping
2026-04-13 20:40:04.714 T:30674   error <general>: ffmpeg[0x564703a59580]: [mjpeg] bits 255 is invalid
2026-04-13 20:40:04.714 T:30674   debug <general>: Error [-1094995529] while decoding frame: Unknown error 1094995529
2026-04-13 20:40:04.714 T:30674   debug <general>: LoadFromFileInternal - Load of https://acdn.sunporno.com/contents/videos_screenshots/3000/3159/324x182/2.jpg failed.
2026-04-13 20:40:04.801 T:30658   error <general>: ffmpeg[0x7f74e40b9c60]: [mjpeg] bits 155 is invalid
2026-04-13 20:40:04.801 T:30658   debug <general>: Error [-1094995529] while decoding frame: Unknown error 1094995529
2026-04-13 20:40:04.801 T:30658   debug <general>: LoadFromFileInternal - Load of https://acdn.sunporno.com/contents/videos_screenshots/56000/56963/324x182/3.jpg failed.
2026-04-13 20:40:04.912 T:30356   debug <general>: ProcessMouse: trying mouse action leftclick
2026-04-13 20:40:04.912 T:30356   debug <general>: CGUIMediaWindow::GetDirectory (plugin://plugin.video.cumination/?channel=None&keyword&mode=main.site_list&name=%5bCOLOR%20white%5dSites%5b%2fCOLOR%5d&page&section=None&url)
2026-04-13 20:40:04.912 T:30356   debug <general>:   ParentPath = [plugin://plugin.video.cumination/]
2026-04-13 20:40:04.912 T:30678   debug <general>: Thread waiting start, auto delete: false
2026-04-13 20:40:04.926 T:30665   debug <general>: CAddonDatabase::SetLastUsed[plugin.video.cumination] took 14 ms
2026-04-13 20:40:04.926 T:30678   debug <general>: CScriptRunner: running add-on script Cumination('plugin://plugin.video.cumination/', '6', '?channel=None&keyword&mode=main.site_list&name=%5bCOLOR%20white%5dSites%5b%2fCOLOR%5d&page&section=None&url')
2026-04-13 20:40:04.926 T:30679   debug <general>: Thread LanguageInvoker start, auto delete: false
2026-04-13 20:40:04.926 T:30679   debug <general>: initializing python engine.
2026-04-13 20:40:04.926 T:30679   debug <general>: CPythonInvoker(8, /home/rpeters1428/.kodi/addons/plugin.video.cumination/default.py): start processing
2026-04-13 20:40:04.936 T:30679   debug <general>: -->Python Interpreter Initialized<--
2026-04-13 20:40:04.936 T:30679   debug <general>: 
                                                   
2026-04-13 20:40:04.936 T:30679   debug <general>: CPythonInvoker(8, /home/rpeters1428/.kodi/addons/plugin.video.cumination/default.py): the source file to load is "/home/rpeters1428/.kodi/addons/plugin.video.cumination/default.py"
2026-04-13 20:40:04.936 T:30679   debug <general>: CPythonInvoker(8): full python path:
2026-04-13 20:40:04.936 T:30679   debug <general>: CPythonInvoker(8):   custom python path:
2026-04-13 20:40:04.936 T:30679   debug <general>: CPythonInvoker(8):     /home/rpeters1428/.kodi/addons/plugin.video.cumination
2026-04-13 20:40:04.936 T:30679   debug <general>: CPythonInvoker(8):     /home/rpeters1428/.kodi/addons/script.common.plugin.cache/resources/lib/storage_server/
2026-04-13 20:40:04.936 T:30679   debug <general>: CPythonInvoker(8):     /home/rpeters1428/.kodi/addons/script.module.beautifulsoup4/lib
2026-04-13 20:40:04.936 T:30679   debug <general>: CPythonInvoker(8):     /home/rpeters1428/.kodi/addons/script.module.certifi/lib
2026-04-13 20:40:04.936 T:30679   debug <general>: CPythonInvoker(8):     /home/rpeters1428/.kodi/addons/script.module.chardet/lib
2026-04-13 20:40:04.936 T:30679   debug <general>: CPythonInvoker(8):     /home/rpeters1428/.kodi/addons/script.module.idna/lib
2026-04-13 20:40:04.936 T:30679   debug <general>: CPythonInvoker(8):     /home/rpeters1428/.kodi/addons/script.module.inputstreamhelper/lib
2026-04-13 20:40:04.936 T:30679   debug <general>: CPythonInvoker(8):     /home/rpeters1428/.kodi/addons/script.module.kodi-six/libs
2026-04-13 20:40:04.936 T:30679   debug <general>: CPythonInvoker(8):     /home/rpeters1428/.kodi/addons/script.module.requests/lib
2026-04-13 20:40:04.936 T:30679   debug <general>: CPythonInvoker(8):     /home/rpeters1428/.kodi/addons/script.module.resolveurl.xxx/lib
2026-04-13 20:40:04.936 T:30679   debug <general>: CPythonInvoker(8):     /home/rpeters1428/.kodi/addons/script.module.resolveurl/lib
2026-04-13 20:40:04.936 T:30679   debug <general>: CPythonInvoker(8):     /home/rpeters1428/.kodi/addons/script.module.six/lib
2026-04-13 20:40:04.936 T:30679   debug <general>: CPythonInvoker(8):     /home/rpeters1428/.kodi/addons/script.module.soupsieve/lib
2026-04-13 20:40:04.936 T:30679   debug <general>: CPythonInvoker(8):     /home/rpeters1428/.kodi/addons/script.module.urllib3/lib
2026-04-13 20:40:04.936 T:30679   debug <general>: CPythonInvoker(8):     /home/rpeters1428/.kodi/addons/script.module.websocket/lib
2026-04-13 20:40:04.936 T:30679   debug <general>: CPythonInvoker(8):   default python path:
2026-04-13 20:40:04.936 T:30679   debug <general>: CPythonInvoker(8):     /usr/lib/python314.zip
2026-04-13 20:40:04.936 T:30679   debug <general>: CPythonInvoker(8):     /usr/lib/python3.14
2026-04-13 20:40:04.936 T:30679   debug <general>: CPythonInvoker(8):     /usr/lib/python3.14/lib-dynload
2026-04-13 20:40:04.936 T:30679   debug <general>: CPythonInvoker(8):     /usr/lib/python3.14/site-packages
2026-04-13 20:40:04.936 T:30679   debug <general>: CPythonInvoker(8): adding args:
2026-04-13 20:40:04.936 T:30679   debug <general>: CPythonInvoker(8):  plugin://plugin.video.cumination/
2026-04-13 20:40:04.936 T:30679   debug <general>: CPythonInvoker(8):  6
2026-04-13 20:40:04.936 T:30679   debug <general>: CPythonInvoker(8):  ?channel=None&keyword&mode=main.site_list&name=%5bCOLOR%20white%5dSites%5b%2fCOLOR%5d&page&section=None&url
2026-04-13 20:40:04.936 T:30679   debug <general>: CPythonInvoker(8):  resume:false
2026-04-13 20:40:04.936 T:30679   debug <general>: CPythonInvoker(8, /home/rpeters1428/.kodi/addons/plugin.video.cumination/default.py): entering source directory /home/rpeters1428/.kodi/addons/plugin.video.cumination
2026-04-13 20:40:04.936 T:30679   debug <general>: CPythonInvoker(8, /home/rpeters1428/.kodi/addons/plugin.video.cumination/default.py): instantiating addon using automatically obtained id of "plugin.video.cumination" dependent on version 3.0.0 of the xbmc.python api
2026-04-13 20:40:04.971 T:30679   debug <CAddonSettings[0@plugin.video.cumination]>: trying to load setting definitions from old format...
2026-04-13 20:40:04.971 T:30679   debug <CSettingsManager>: requested setting (changelog_seen_version) was not found.
2026-04-13 20:40:04.971 T:30679   debug <CSettingsManager>: requested setting (cuminationage) was not found.
2026-04-13 20:40:04.971 T:30679   debug <CSettingsManager>: requested setting (current_ua) was not found.
2026-04-13 20:40:04.971 T:30679   debug <CSettingsManager>: requested setting (last_ua_create) was not found.
2026-04-13 20:40:05.012 T:30356   debug <general>: ------ Window Init (DialogBusy.xml) ------
2026-04-13 20:40:05.042 T:30679   debug <CSettingsManager>: requested setting (cblogged) was not found.
2026-04-13 20:40:05.157 T:30679   debug <CSettingsManager>: requested setting (spankbang_quality) was not found.
2026-04-13 20:40:05.157 T:30679   debug <CSettingsManager>: requested setting (spankbang_length) was not found.
2026-04-13 20:40:05.162 T:30679   debug <CSettingsManager>: requested setting (tahlogged) was not found.
2026-04-13 20:40:05.164 T:30679   debug <CSettingsManager>: requested setting (htvlogged) was not found.
2026-04-13 20:40:05.172 T:30679   debug <CSettingsManager>: requested setting (whlogged) was not found.
2026-04-13 20:40:05.175 T:30679   debug <CSettingsManager>: requested setting (ptlogged) was not found.
2026-04-13 20:40:05.175 T:30679   debug <CSettingsManager>: requested setting (ptlength) was not found.
2026-04-13 20:40:05.181 T:30679   debug <CSettingsManager>: requested setting (xflogged) was not found.
2026-04-13 20:40:05.190 T:30679   debug <CSettingsManager>: requested setting (jblogged) was not found.
2026-04-13 20:40:05.193 T:30679   debug <CSettingsManager>: requested setting (pincode) was not found.
2026-04-13 20:40:05.193 T:30679   debug <CSettingsManager>: requested setting (logintime) was not found.
2026-04-13 20:40:05.231 T:30679   debug <general>: CPythonInvoker(8, /home/rpeters1428/.kodi/addons/plugin.video.cumination/default.py): script aborted
2026-04-13 20:40:05.231 T:30679   debug <general>: onExecutionDone(8, /home/rpeters1428/.kodi/addons/plugin.video.cumination/default.py)
2026-04-13 20:40:05.231 T:30679   debug <general>: .
2026-04-13 20:40:05.233 T:30678   debug <general>: Skipped 2 duplicate messages..
2026-04-13 20:40:05.233 T:30678   debug <general>: Thread waiting 140138899134144 terminating
2026-04-13 20:40:05.267 T:30356   debug <general>: ------ Window Deinit (DialogBusy.xml) ------
2026-04-13 20:40:05.278 T:30679   debug <general>: Python interpreter stopped
2026-04-13 20:40:05.278 T:30679   debug <general>: Thread LanguageInvoker 140139607090880 terminating
2026-04-13 20:40:05.282 T:30680   debug <general>: Thread BackgroundLoader start, auto delete: false
2026-04-13 20:40:05.282 T:30356   debug <general>: [threads] name: 'BackgroundLoader' priority: '1'
2026-04-13 20:40:05.285 T:30680   debug <general>: Thread BackgroundLoader 140139145721536 terminating
2026-04-13 20:40:06.314 T:30658   debug <general>: Caching image '/home/rpeters1428/.kodi/addons/plugin.video.cumination/resources/images/stripchat.png' to '8/8e21a9c8.png':
2026-04-13 20:40:06.314 T:30658   debug <general>: cached image 'special://masterprofile/Thumbnails/8/8e21a9c8.png' size 256x256
2026-04-13 20:40:07.657 T:30682   debug <general>: Thread Timer start, auto delete: false
2026-04-13 20:40:07.703 T:30356   debug <general>: Keyboard: scancode: 0x1, sym: 0x1b (escape), unicode: 0x1b, modifier: 0x0
2026-04-13 20:40:07.797 T:30682   debug <general>: Thread Timer 140138924308160 terminating
2026-04-13 20:40:07.886 T:30356   debug <general>: Keyboard: scancode: 0x1, sym: 0x1b (escape), unicode: 0x1b, modifier: 0x0
2026-04-13 20:40:07.886 T:30356   debug <general>: HandleKey: escape (0xf01b) pressed, window 10025, action is PreviousMenu
2026-04-13 20:40:07.886 T:30356   debug <general>: CGUIWindowManager::PreviousWindow: Deactivate
2026-04-13 20:40:07.887 T:30356   debug <general>: ------ Window Deinit (Pointer.xml) ------
2026-04-13 20:40:08.195 T:30356   debug <general>: ------ Window Deinit (MyVideoNav.xml) ------
2026-04-13 20:40:08.196 T:30356   debug <general>: FreeVisualisation() done
2026-04-13 20:40:08.205 T:30356   debug <general>: CGUIWindowManager::PreviousWindow: Activate new
2026-04-13 20:40:08.205 T:30356   debug <general>: ------ Window Init (Home.xml) ------
2026-04-13 20:40:08.205 T:30356   debug <general>: CDirectoryProvider[addons://]: refreshing..
2026-04-13 20:40:08.205 T:30356   debug <general>: CDirectoryProvider[addons://sources/video/]: refreshing..
2026-04-13 20:40:08.205 T:30356   debug <general>: CDirectoryProvider[addons://sources/audio/]: refreshing..
2026-04-13 20:40:08.205 T:30356   debug <general>: CDirectoryProvider[addons://sources/game/]: refreshing..
2026-04-13 20:40:08.205 T:30356   debug <general>: CDirectoryProvider[addons://sources/executable/]: refreshing..
2026-04-13 20:40:08.205 T:30356   debug <general>: CDirectoryProvider[addons://sources/image/]: refreshing..
2026-04-13 20:40:08.205 T:30356   debug <general>: CDirectoryProvider[addons://sources/game/]: refreshing..
2026-04-13 20:40:08.206 T:30674   debug <general>: CAddonDatabase: SELECT repo.id FROM repo .. took 0 ms
2026-04-13 20:40:08.210 T:30674   debug <general>: CAddonDatabase: query  SELECT addons.*, repo.addonID AS repoID FROM addons JOIN addonlinkrepo ON addons.id=addonlinkrepo.idAddon JOIN repo ON repo.id=addonlinkrepo.idRepo WHERE addonlinkrepo.idRepo IN (1,2) ORDER BY repo.addonID, addons.addonID returned 798 rows in 3 ms
2026-04-13 20:40:08.226 T:30674   debug <general>: CAddonDatabase::GetAddons took 19 ms
2026-04-13 20:40:08.227 T:30674   debug <general>: CAddonMgr::GetAvailableUpdatesOrOutdatedAddons took 21 ms
2026-04-13 20:40:08.855 T:30683   debug <general>: Thread Timer start, auto delete: false
2026-04-13 20:40:08.921 T:30356   debug <general>: Keyboard: scancode: 0x1, sym: 0x1b (escape), unicode: 0x1b, modifier: 0x0
2026-04-13 20:40:08.979 T:30683   debug <general>: Thread Timer 140138924308160 terminating
2026-04-13 20:40:09.044 T:30356   debug <general>: Keyboard: scancode: 0x1, sym: 0x1b (escape), unicode: 0x1b, modifier: 0x0
2026-04-13 20:40:09.045 T:30356   debug <general>: HandleKey: escape (0xf01b) pressed, window 10000, action is PreviousMenu
2026-04-13 20:40:09.045 T:30356   debug <general>: CGUIWindowManager::PreviousWindow: Deactivate
2026-04-13 20:40:09.606 T:30356   debug <general>: ------ Window Init (Pointer.xml) ------
2026-04-13 20:40:11.071 T:30356   debug <general>: ProcessMouse: trying mouse action leftclick
2026-04-13 20:40:11.071 T:30356   debug <general>: Activating window ID: 10111
2026-04-13 20:40:11.071 T:30356   debug <general>: ------ Window Init (DialogButtonMenu.xml) ------
2026-04-13 20:40:11.071 T:30356    info <general>: Loading skin file: DialogButtonMenu.xml, load type: KEEP_IN_MEMORY
2026-04-13 20:40:12.054 T:30396   debug <general>: Presentation: Frame was discarded by compositor
2026-04-13 20:40:12.144 T:30356   debug <general>: ProcessMouse: trying mouse action leftclick
2026-04-13 20:40:12.185 T:30356    info <general>: Stopping the application...
2026-04-13 20:40:12.185 T:30356    info <general>: Stopping player
2026-04-13 20:40:12.185 T:30356    info <general>: Storing total System Uptime
2026-04-13 20:40:12.185 T:30356    info <general>: Saving settings
2026-04-13 20:40:12.188 T:30356    info <general>: Saving skin settings
2026-04-13 20:40:12.188 T:30356    info <general>: Stopping all
2026-04-13 20:40:12.188 T:30665   debug <general>: Thread JobWorker 140140571854528 terminating (autodelete)
2026-04-13 20:40:12.188 T:30674   debug <general>: Thread JobWorker 140138907526848 terminating (autodelete)
2026-04-13 20:40:12.188 T:30656   debug <general>: Thread JobWorker 140140580247232 terminating (autodelete)
2026-04-13 20:40:12.188 T:30658   debug <general>: Thread JobWorker 140140588639936 terminating (autodelete)
2026-04-13 20:40:12.188 T:30356   debug <general>: NetworkMessage - Signaling network services to stop
2026-04-13 20:40:12.188 T:30356    info <general>: ES: Stopping event server
2026-04-13 20:40:12.188 T:30356   debug <general>: CZeroconfAvahi::doRemoveService named: servers.jsonrpc-tcp
2026-04-13 20:40:12.835 T:30419   debug <general>: Thread TCPServer 140139573520064 terminating
2026-04-13 20:40:12.838 T:30418    info <general>: ES: UDP Event server stopped
2026-04-13 20:40:12.838 T:30418   debug <general>: Thread EventServer 140139581912768 terminating
2026-04-13 20:40:14.810 T:30420   debug <general>: Thread WSDiscoveryListenerUDP 140139565127360 terminating
2026-04-13 20:40:14.810 T:30356    info <general>: CWSDiscoveryListenerUDP::Stop - Stopped
2026-04-13 20:40:14.810 T:30356   debug <general>: NetworkMessage - Waiting for network services to stop
2026-04-13 20:40:14.810 T:30356    info <general>: stopping zeroconf publishing
2026-04-13 20:40:14.811 T:30356   debug <general>: CServiceAddonManager: stopping script.common.plugin.cache.
2026-04-13 20:40:14.811 T:30356   debug <general>: CPythonInvoker(0, /home/rpeters1428/.kodi/addons/script.common.plugin.cache/resources/lib/entry_point.py): trigger Monitor abort request
2026-04-13 20:40:15.084 T:30422   debug <general>: StorageServer-3.0.0 Closed down
2026-04-13 20:40:15.085 T:30414   debug <general>: CPythonInvoker(0, /home/rpeters1428/.kodi/addons/script.common.plugin.cache/resources/lib/entry_point.py): script successfully run
2026-04-13 20:40:15.085 T:30414   debug <general>: onExecutionDone(0, /home/rpeters1428/.kodi/addons/script.common.plugin.cache/resources/lib/entry_point.py)
2026-04-13 20:40:15.090 T:30414   debug <general>: Python interpreter interrupted by user
2026-04-13 20:40:15.090 T:30356   debug <general>: CPythonInvoker(0, /home/rpeters1428/.kodi/addons/script.common.plugin.cache/resources/lib/entry_point.py): script termination took 279ms
2026-04-13 20:40:15.090 T:30356   debug <general>: CServiceAddonManager: stopping service.xbmc.versioncheck.
2026-04-13 20:40:15.090 T:30414   debug <general>: Thread LanguageInvoker 140139615483584 terminating
2026-04-13 20:40:15.090 T:30356    info <general>: CServiceAddonManager: failed to stop service.xbmc.versioncheck (may have ended)
2026-04-13 20:40:15.090 T:30401   debug <general>: Thread ActiveAE 140140605425344 terminating
2026-04-13 20:40:15.107 T:30402   debug <general>: Thread AESink 140140597032640 terminating
2026-04-13 20:40:15.305 T:30369   debug <general>: CPipewireStream::Drained
2026-04-13 20:40:15.313 T:30356    info <general>: Application stopped
2026-04-13 20:40:15.514 T:30411   debug <general>: Thread PeripEventScan 140139917457088 terminating
2026-04-13 20:40:15.574 T:30408   debug <general>: Thread PeripBusUSBUdev 140139942635200 terminating
2026-04-13 20:40:15.574 T:30409   debug <general>: Thread PeripBusCEC 140139934242496 terminating
2026-04-13 20:40:15.575 T:30410   debug <general>: Thread PeripBusAddon 140139925849792 terminating
2026-04-13 20:40:15.611 T:30356    info <general>: unload skin
2026-04-13 20:40:15.612 T:30356   debug <general>: ------ Window Deinit () ------
2026-04-13 20:40:15.612 T:30356   debug <general>: ------ Window Deinit (DialogButtonMenu.xml) ------
2026-04-13 20:40:15.613 T:30356   debug <general>: ------ Window Deinit (Home.xml) ------
2026-04-13 20:40:15.613 T:30356   debug <general>: FreeVisualisation() done
2026-04-13 20:40:15.616 T:30356   debug <general>: Skipped 3 duplicate messages..
2026-04-13 20:40:15.616 T:30356   debug <general>: ------ Window Deinit (Pointer.xml) ------
2026-04-13 20:40:15.617 T:30356 warning <general>: Cleanup: Having to cleanup texture lists/focus.png
2026-04-13 20:40:15.617 T:30356   debug <general>: CloseBundle - Closed bundle
2026-04-13 20:40:15.628 T:30356    info <general>: Unloaded skin
2026-04-13 20:40:15.628 T:30356   debug <general>: Stopping Wayland message pump
2026-04-13 20:40:15.628 T:30396   debug <general>: Wayland message pump stopped
2026-04-13 20:40:15.628 T:30396   debug <general>: Thread Wayland message pump 140140940875456 terminating
2026-04-13 20:40:15.629 T:30356    info <general>: unload sections
2026-04-13 20:40:15.631 T:30356    info <general>: CWSDiscoveryListenerUDP::Stop - Stopped
2026-04-13 20:40:15.631 T:30356   debug <general>: LogindUPowerSyscall - delay lock sleep released
2026-04-13 20:40:15.631 T:30441   debug <general>: Thread Timer 140139900671680 terminating
2026-04-13 20:40:15.632 T:30356   debug <general>: object 0 --> 0 instances
2026-04-13 20:40:15.632 T:30356   debug <general>: object 1 --> 0 instances
2026-04-13 20:40:15.632 T:30356   debug <general>: object 2 --> 0 instances
2026-04-13 20:40:15.632 T:30356   debug <general>: object 3 --> 0 instances
2026-04-13 20:40:15.632 T:30356   debug <general>: object 4 --> 0 instances
2026-04-13 20:40:15.632 T:30356   debug <general>: object 5 --> 0 instances
2026-04-13 20:40:15.632 T:30356   debug <general>: object 6 --> 0 instances
2026-04-13 20:40:15.632 T:30356   debug <general>: object 7 --> 0 instances
2026-04-13 20:40:15.632 T:30356   debug <general>: object 8 --> 0 instances
2026-04-13 20:40:15.632 T:30356   debug <general>: object 9 --> 0 instances
2026-04-13 20:40:15.658 T:30370   debug <general>: Thread Lirc 140141844018880 terminating
2026-04-13 20:40:15.658 T:30366   debug <general>: Thread Announce 140141861689024 terminating
2026-04-13 20:40:15.659 T:30356    info <general>: Exiting the application...
