2026-01-10 15:18:54.469 T:22976   debug <general>: Resolved addon path https://mirrors.kodi.tv/addons/omega/script.module.six/script.module.six-1.16.0+matrix.1.zip to https://mirror.math.princeton.edu/pub/xbmc/addons/omega/script.module.six/script.module.six-1.16.0+matrix.1.zip hash 4197f7773f75ab9f16b3c920195acbb8b8b151b4b3c8c3e14fc4876e764e3860
2026-01-10 15:18:54.470 T:22976   debug <general>: easy_acquire - Created session to https://mirror.math.princeton.edu
2026-01-10 15:18:54.532 T:22978   debug <general>: Caching image 'https://mirrors.kodi.tv/addons/omega/plugin.audio.pureradio/resources/icon.png' to '0/0cace7b7.jpg':
2026-01-10 15:18:54.532 T:22978   debug <general>: cached image 'special://masterprofile/Thumbnails/0/0cace7b7.jpg' size 512x512
2026-01-10 15:18:54.760 T:22969   debug <general>: Presentation: Frame was discarded by compositor
2026-01-10 15:18:54.884 T:22976   debug <general>: Skipped 1 duplicate messages..
2026-01-10 15:18:54.884 T:22976   debug <general>: CurlFile::Open - <https://mirror.math.princeton.edu/pub/xbmc/addons/omega/script.module.six/script.module.six-1.16.0+matrix.1.zip>
2026-01-10 15:18:54.886 T:22969   debug <general>: Presentation: Frame was discarded by compositor
2026-01-10 15:18:55.416 T:22976   debug <general>: Skipped 9 duplicate messages..
2026-01-10 15:18:55.416 T:22976   debug <general>: CAddonDatabase: SELECT repo.id FROM repo .. took 0 ms
2026-01-10 15:18:55.422 T:22976   debug <general>: CAddonDatabase: query  SELECT addons.*, repo.addonID AS repoID FROM addons JOIN addonlinkrepo ON addons.id=addonlinkrepo.idAddon JOIN repo ON repo.id=addonlinkrepo.idRepo WHERE addonlinkrepo.idRepo IN (1,2) ORDER BY repo.addonID, addons.addonID returned 790 rows in 5 ms
2026-01-10 15:18:55.431 T:22969   debug <general>: Presentation: Frame was discarded by compositor
2026-01-10 15:18:55.443 T:22976   debug <general>: CAddonDatabase::GetAddons took 27 ms
2026-01-10 15:18:55.445 T:22976   debug <general>: Unpacking zip://special%3a%2f%2fhome%2faddons%2fpackages%2fscript.module.six-1.16.0%20matrix.1.zip/script.module.six/ to /home/rpeters1428/.kodi/addons/temp/59bbdc35-8902-4e53-a76c-e73936c5573d
2026-01-10 15:18:55.449 T:22976   debug <general>: CAddonInfoBuilder::ParseXMLTypes: Binary addon found: audioencoder.kodi.builtin.aac
2026-01-10 15:18:55.450 T:22976   debug <general>: CAddonInfoBuilder::ParseXMLTypes: Binary addon found: audioencoder.kodi.builtin.wma
2026-01-10 15:18:55.455 T:22976   debug <general>: CAddonInfoBuilder::ParseXMLTypes: Binary addon found: screensaver.xbmc.builtin.black
2026-01-10 15:18:55.455 T:22976   debug <general>: CAddonInfoBuilder::ParseXMLTypes: Binary addon found: screensaver.xbmc.builtin.dim
2026-01-10 15:18:55.457 T:22976   debug <general>: CAddonMgr::FindAddons: Addon 'metadata.common.fanart.tv' already present with version 3.6.3 at '/usr/share/kodi/addons/metadata.common.fanart.tv/' replaced with version 3.6.5 at '/home/rpeters1428/.kodi/addons/metadata.common.fanart.tv/'
2026-01-10 15:18:55.457 T:22976   debug <general>: CAddonMgr::FindAddons: Addon 'metadata.generic.albums' already present with version 1.0.14 at '/usr/share/kodi/addons/metadata.generic.albums/' replaced with version 1.0.18 at '/home/rpeters1428/.kodi/addons/metadata.generic.albums/'
2026-01-10 15:18:55.457 T:22976   debug <general>: CAddonMgr::FindAddons: Addon 'metadata.themoviedb.org.python' already present with version 1.3.1+matrix.1 at '/usr/share/kodi/addons/metadata.themoviedb.org.python/' replaced with version 3.1.3 at '/home/rpeters1428/.kodi/addons/metadata.themoviedb.org.python/'
2026-01-10 15:18:55.458 T:22976   debug <general>: CAddonMgr::FindAddons: Addon 'metadata.tvshows.themoviedb.org.python' already present with version 1.6.0 at '/usr/share/kodi/addons/metadata.tvshows.themoviedb.org.python/' replaced with version 1.7.4 at '/home/rpeters1428/.kodi/addons/metadata.tvshows.themoviedb.org.python/'
2026-01-10 15:18:55.458 T:22976   debug <general>: CAddonMgr::FindAddons: Addon 'service.xbmc.versioncheck' already present with version 0.5.27+matrix.1 at '/usr/share/kodi/addons/service.xbmc.versioncheck/' replaced with version 0.5.30+matrix.1 at '/home/rpeters1428/.kodi/addons/service.xbmc.versioncheck/'
2026-01-10 15:18:55.459 T:22976   debug <general>: CAddonMgr::FindAddons: Addon 'metadata.album.universal' already present with version 3.1.4 at '/usr/share/kodi/addons/metadata.album.universal/' replaced with version 3.1.18 at '/home/rpeters1428/.kodi/addons/metadata.album.universal/'
2026-01-10 15:18:55.459 T:22976   debug <general>: CAddonMgr::FindAddons: Addon 'metadata.artists.universal' already present with version 4.3.3 at '/usr/share/kodi/addons/metadata.artists.universal/' replaced with version 4.3.21 at '/home/rpeters1428/.kodi/addons/metadata.artists.universal/'
2026-01-10 15:18:55.460 T:22976    info <general>: CAddonMgr::FindAddon: script.module.six v1.16.0+matrix.1 installed
2026-01-10 15:18:55.464 T:22976   debug <general>: CAddonMgr: script.module.six successfully loaded
2026-01-10 15:18:55.464 T:23003   debug <general>: ContextMenuManager: addon menus reloaded.
2026-01-10 15:18:55.465 T:22976   debug <general>: ADDONS: dependency [script.module.six] will not be version checked and unpinned
2026-01-10 15:18:55.465 T:22976   debug <general>: CurlFile::Open - <https://mirrors.kodi.tv/addons/omega/script.module.kodi-six/script.module.kodi-six-0.1.3.1.zip>
2026-01-10 15:18:55.471 T:22929   debug <general>: CGUIMediaWindow::GetDirectory (addons://repository.dobbelina/xbmc.addon.video)
2026-01-10 15:18:55.471 T:22929   debug <general>:   ParentPath = [addons://repository.dobbelina/xbmc.addon.video]
2026-01-10 15:18:55.472 T:23146   debug <general>: Thread waiting start, auto delete: false
2026-01-10 15:18:55.472 T:23146   debug <general>: CAddonDatabase: SELECT repo.id FROM repo .. took 0 ms
2026-01-10 15:18:55.473 T:23146   debug <general>: CAddonDatabase: query  SELECT addons.*, repo.addonID AS repoID FROM addons JOIN addonlinkrepo ON addons.id=addonlinkrepo.idAddon JOIN repo ON repo.id=addonlinkrepo.idRepo WHERE addonlinkrepo.idRepo IN (2) ORDER BY repo.addonID, addons.addonID returned 8 rows in 0 ms
2026-01-10 15:18:55.473 T:23146   debug <general>: CAddonDatabase::GetAddons took 0 ms
2026-01-10 15:18:55.473 T:23146   debug <general>: CAddonDatabase: SELECT repo.id FROM repo .. took 0 ms
2026-01-10 15:18:55.476 T:23146   debug <general>: CAddonDatabase: query  SELECT addons.*, repo.addonID AS repoID FROM addons JOIN addonlinkrepo ON addons.id=addonlinkrepo.idAddon JOIN repo ON repo.id=addonlinkrepo.idRepo WHERE addonlinkrepo.idRepo IN (1,2) ORDER BY repo.addonID, addons.addonID returned 790 rows in 2 ms
2026-01-10 15:18:55.492 T:23146   debug <general>: CAddonDatabase::GetAddons took 18 ms
2026-01-10 15:18:55.494 T:23146   debug <general>: CAddonMgr::GetAddonsWithAvailableUpdate took 21 ms
2026-01-10 15:18:55.496 T:23146   debug <general>: Thread waiting 140589928527552 terminating
2026-01-10 15:18:55.497 T:23147   debug <general>: Thread BackgroundLoader start, auto delete: false
2026-01-10 15:18:55.497 T:22929   debug <general>: [threads] name: 'BackgroundLoader' priority: '1'
2026-01-10 15:18:55.498 T:23147   debug <general>: Thread BackgroundLoader 140589945312960 terminating
2026-01-10 15:18:55.526 T:22976   debug <general>: Resolved addon path https://mirrors.kodi.tv/addons/omega/script.module.kodi-six/script.module.kodi-six-0.1.3.1.zip to https://ftp.hosteurope.de/mirror/xbmc.org/addons/omega/script.module.kodi-six/script.module.kodi-six-0.1.3.1.zip hash 236a7a912641805e146b605c8c29ef413d748ef3f4ddf8aa8c414717d9831383
2026-01-10 15:18:55.527 T:22976   debug <general>: easy_acquire - Created session to https://ftp.hosteurope.de
2026-01-10 15:18:55.579 T:22969   debug <general>: Presentation: Frame was discarded by compositor
2026-01-10 15:18:55.632 T:22978   debug <general>: Skipped 1 duplicate messages..
2026-01-10 15:18:55.632 T:22978   debug <general>: CCurlFile::GetMimeType - <https://mirrors.kodi.tv/addons/omega/script.radioparadise/resources/icon.png> -> image/png
2026-01-10 15:18:55.632 T:22978   debug <general>: CurlFile::Open - <https://mirrors.kodi.tv/addons/omega/script.radioparadise/resources/icon.png>
2026-01-10 15:18:55.662 T:22969   debug <general>: Presentation: Frame was discarded by compositor
2026-01-10 15:18:55.868 T:22978   debug <general>: Skipped 4 duplicate messages..
2026-01-10 15:18:55.868 T:22978   debug <general>: CCurlFile::Open - <https://mirrors.kodi.tv/addons/omega/script.radioparadise/resources/icon.png> Effective URL is https://mirror.math.princeton.edu/pub/xbmc/addons/omega/script.radioparadise/resources/icon.png
2026-01-10 15:18:55.874 T:22978   debug <general>: Caching image 'https://mirrors.kodi.tv/addons/omega/script.radioparadise/resources/icon.png' to '6/686e06ca.png':
2026-01-10 15:18:55.874 T:22978   debug <general>: cached image 'special://masterprofile/Thumbnails/6/686e06ca.png' size 512x512
2026-01-10 15:18:55.909 T:22969   debug <general>: Presentation: Frame was discarded by compositor
2026-01-10 15:18:56.304 T:22976   debug <general>: Skipped 6 duplicate messages..
2026-01-10 15:18:56.304 T:22976   debug <general>: CurlFile::Open - <https://ftp.hosteurope.de/mirror/xbmc.org/addons/omega/script.module.kodi-six/script.module.kodi-six-0.1.3.1.zip>
2026-01-10 15:18:56.340 T:22969   debug <general>: Presentation: Frame was discarded by compositor
2026-01-10 15:18:56.731 T:22978   debug <general>: Skipped 8 duplicate messages..
2026-01-10 15:18:56.731 T:22978   debug <general>: CCurlFile::GetMimeType - <https://mirrors.kodi.tv/addons/omega/plugin.audio.radiorecord/resources/icon.png> -> image/png
2026-01-10 15:18:56.731 T:22978   debug <general>: CurlFile::Open - <https://mirrors.kodi.tv/addons/omega/plugin.audio.radiorecord/resources/icon.png>
2026-01-10 15:18:56.756 T:22969   debug <general>: Presentation: Frame was discarded by compositor
2026-01-10 15:18:56.970 T:22978   debug <general>: Skipped 4 duplicate messages..
2026-01-10 15:18:56.970 T:22978   debug <general>: CCurlFile::Open - <https://mirrors.kodi.tv/addons/omega/plugin.audio.radiorecord/resources/icon.png> Effective URL is https://mirror.math.princeton.edu/pub/xbmc/addons/omega/plugin.audio.radiorecord/resources/icon.png
2026-01-10 15:18:57.008 T:22969   debug <general>: Presentation: Frame was discarded by compositor
2026-01-10 15:18:57.121 T:22978   debug <general>: Skipped 2 duplicate messages..
2026-01-10 15:18:57.121 T:22978   debug <general>: Caching image 'https://mirrors.kodi.tv/addons/omega/plugin.audio.radiorecord/resources/icon.png' to 'd/dbc62fdd.png':
2026-01-10 15:18:57.121 T:22978   debug <general>: cached image 'special://masterprofile/Thumbnails/d/dbc62fdd.png' size 512x512
2026-01-10 15:18:57.224 T:22976   debug <general>: CAddonDatabase: SELECT repo.id FROM repo .. took 0 ms
2026-01-10 15:18:57.227 T:22976   debug <general>: CAddonDatabase: query  SELECT addons.*, repo.addonID AS repoID FROM addons JOIN addonlinkrepo ON addons.id=addonlinkrepo.idAddon JOIN repo ON repo.id=addonlinkrepo.idRepo WHERE addonlinkrepo.idRepo IN (1,2) ORDER BY repo.addonID, addons.addonID returned 790 rows in 2 ms
2026-01-10 15:18:57.245 T:22976   debug <general>: CAddonDatabase::GetAddons took 20 ms
2026-01-10 15:18:57.246 T:22976   debug <general>: Unpacking zip://special%3a%2f%2fhome%2faddons%2fpackages%2fscript.module.kodi-six-0.1.3.1.zip/script.module.kodi-six/ to /home/rpeters1428/.kodi/addons/temp/3b190f4f-ba87-4f5a-9f61-5efb3a3a2cd3
2026-01-10 15:18:57.252 T:22976   debug <general>: CAddonInfoBuilder::ParseXMLTypes: Binary addon found: audioencoder.kodi.builtin.aac
2026-01-10 15:18:57.252 T:22976   debug <general>: CAddonInfoBuilder::ParseXMLTypes: Binary addon found: audioencoder.kodi.builtin.wma
2026-01-10 15:18:57.257 T:22976   debug <general>: CAddonInfoBuilder::ParseXMLTypes: Binary addon found: screensaver.xbmc.builtin.black
2026-01-10 15:18:57.258 T:22976   debug <general>: CAddonInfoBuilder::ParseXMLTypes: Binary addon found: screensaver.xbmc.builtin.dim
2026-01-10 15:18:57.259 T:22976   debug <general>: CAddonMgr::FindAddons: Addon 'metadata.common.fanart.tv' already present with version 3.6.3 at '/usr/share/kodi/addons/metadata.common.fanart.tv/' replaced with version 3.6.5 at '/home/rpeters1428/.kodi/addons/metadata.common.fanart.tv/'
2026-01-10 15:18:57.259 T:22976   debug <general>: CAddonMgr::FindAddons: Addon 'metadata.generic.albums' already present with version 1.0.14 at '/usr/share/kodi/addons/metadata.generic.albums/' replaced with version 1.0.18 at '/home/rpeters1428/.kodi/addons/metadata.generic.albums/'
2026-01-10 15:18:57.260 T:22976   debug <general>: CAddonMgr::FindAddons: Addon 'metadata.themoviedb.org.python' already present with version 1.3.1+matrix.1 at '/usr/share/kodi/addons/metadata.themoviedb.org.python/' replaced with version 3.1.3 at '/home/rpeters1428/.kodi/addons/metadata.themoviedb.org.python/'
2026-01-10 15:18:57.260 T:22976   debug <general>: CAddonMgr::FindAddons: Addon 'metadata.tvshows.themoviedb.org.python' already present with version 1.6.0 at '/usr/share/kodi/addons/metadata.tvshows.themoviedb.org.python/' replaced with version 1.7.4 at '/home/rpeters1428/.kodi/addons/metadata.tvshows.themoviedb.org.python/'
2026-01-10 15:18:57.260 T:22976   debug <general>: CAddonMgr::FindAddons: Addon 'service.xbmc.versioncheck' already present with version 0.5.27+matrix.1 at '/usr/share/kodi/addons/service.xbmc.versioncheck/' replaced with version 0.5.30+matrix.1 at '/home/rpeters1428/.kodi/addons/service.xbmc.versioncheck/'
2026-01-10 15:18:57.261 T:22976   debug <general>: CAddonMgr::FindAddons: Addon 'metadata.album.universal' already present with version 3.1.4 at '/usr/share/kodi/addons/metadata.album.universal/' replaced with version 3.1.18 at '/home/rpeters1428/.kodi/addons/metadata.album.universal/'
2026-01-10 15:18:57.262 T:22976   debug <general>: CAddonMgr::FindAddons: Addon 'metadata.artists.universal' already present with version 4.3.3 at '/usr/share/kodi/addons/metadata.artists.universal/' replaced with version 4.3.21 at '/home/rpeters1428/.kodi/addons/metadata.artists.universal/'
2026-01-10 15:18:57.262 T:22976    info <general>: CAddonMgr::FindAddon: script.module.kodi-six v0.1.3.1 installed
2026-01-10 15:18:57.266 T:22976   debug <general>: CAddonMgr: script.module.kodi-six successfully loaded
2026-01-10 15:18:57.266 T:23003   debug <general>: ContextMenuManager: addon menus reloaded.
2026-01-10 15:18:57.266 T:22976   debug <general>: ADDONS: dependency [script.module.kodi-six] will not be version checked and unpinned
2026-01-10 15:18:57.274 T:22929   debug <general>: CGUIMediaWindow::GetDirectory (addons://repository.dobbelina/xbmc.addon.video)
2026-01-10 15:18:57.274 T:22929   debug <general>:   ParentPath = [addons://repository.dobbelina/xbmc.addon.video]
2026-01-10 15:18:57.275 T:23154   debug <general>: Thread waiting start, auto delete: false
2026-01-10 15:18:57.275 T:23154   debug <general>: CAddonDatabase: SELECT repo.id FROM repo .. took 0 ms
2026-01-10 15:18:57.276 T:23154   debug <general>: CAddonDatabase: query  SELECT addons.*, repo.addonID AS repoID FROM addons JOIN addonlinkrepo ON addons.id=addonlinkrepo.idAddon JOIN repo ON repo.id=addonlinkrepo.idRepo WHERE addonlinkrepo.idRepo IN (2) ORDER BY repo.addonID, addons.addonID returned 8 rows in 0 ms
2026-01-10 15:18:57.276 T:23154   debug <general>: CAddonDatabase::GetAddons took 0 ms
2026-01-10 15:18:57.277 T:23154   debug <general>: CAddonDatabase: SELECT repo.id FROM repo .. took 0 ms
2026-01-10 15:18:57.280 T:23154   debug <general>: CAddonDatabase: query  SELECT addons.*, repo.addonID AS repoID FROM addons JOIN addonlinkrepo ON addons.id=addonlinkrepo.idAddon JOIN repo ON repo.id=addonlinkrepo.idRepo WHERE addonlinkrepo.idRepo IN (1,2) ORDER BY repo.addonID, addons.addonID returned 790 rows in 2 ms
2026-01-10 15:18:57.296 T:23154   debug <general>: CAddonDatabase::GetAddons took 18 ms
2026-01-10 15:18:57.297 T:23154   debug <general>: CAddonMgr::GetAddonsWithAvailableUpdate took 20 ms
2026-01-10 15:18:57.299 T:23154   debug <general>: Thread waiting 140589928527552 terminating
2026-01-10 15:18:57.300 T:23155   debug <general>: Thread BackgroundLoader start, auto delete: false
2026-01-10 15:18:57.300 T:22929   debug <general>: [threads] name: 'BackgroundLoader' priority: '1'
2026-01-10 15:18:57.301 T:23155   debug <general>: Thread BackgroundLoader 140589945312960 terminating
2026-01-10 15:18:57.386 T:22969   debug <general>: Presentation: Frame was discarded by compositor
2026-01-10 15:18:57.498 T:22976   debug <general>: Skipped 1 duplicate messages..
2026-01-10 15:18:57.498 T:22976   debug <general>: CurlFile::Open - <https://raw.githubusercontent.com/Gujal00/smrzips/master/zips/script.module.resolveurl/script.module.resolveurl-5.1.190.zip>
2026-01-10 15:18:57.513 T:22969   debug <general>: Presentation: Frame was discarded by compositor
2026-01-10 15:18:57.604 T:22976   debug <general>: Skipped 1 duplicate messages..
2026-01-10 15:18:57.604 T:22976   debug <general>: CAddonDatabase: SELECT repo.id FROM repo .. took 0 ms
2026-01-10 15:18:57.607 T:22976   debug <general>: CAddonDatabase: query  SELECT addons.*, repo.addonID AS repoID FROM addons JOIN addonlinkrepo ON addons.id=addonlinkrepo.idAddon JOIN repo ON repo.id=addonlinkrepo.idRepo WHERE addonlinkrepo.idRepo IN (1,2) ORDER BY repo.addonID, addons.addonID returned 790 rows in 3 ms
2026-01-10 15:18:57.624 T:22976   debug <general>: CAddonDatabase::GetAddons took 19 ms
2026-01-10 15:18:57.627 T:22976   debug <general>: Unpacking zip://special%3a%2f%2fhome%2faddons%2fpackages%2fscript.module.resolveurl-5.1.190.zip/script.module.resolveurl/ to /home/rpeters1428/.kodi/addons/temp/afc12369-bd05-4443-915d-f80f75ebbe87
2026-01-10 15:18:57.708 T:22969   debug <general>: Presentation: Frame was discarded by compositor
2026-01-10 15:18:57.759 T:22976   debug <general>: CAddonInfoBuilder::ParseXMLTypes: Binary addon found: audioencoder.kodi.builtin.aac
2026-01-10 15:18:57.760 T:22976   debug <general>: CAddonInfoBuilder::ParseXMLTypes: Binary addon found: audioencoder.kodi.builtin.wma
2026-01-10 15:18:57.765 T:22976   debug <general>: CAddonInfoBuilder::ParseXMLTypes: Binary addon found: screensaver.xbmc.builtin.black
2026-01-10 15:18:57.765 T:22976   debug <general>: CAddonInfoBuilder::ParseXMLTypes: Binary addon found: screensaver.xbmc.builtin.dim
2026-01-10 15:18:57.767 T:22976   debug <general>: CAddonMgr::FindAddons: Addon 'metadata.common.fanart.tv' already present with version 3.6.3 at '/usr/share/kodi/addons/metadata.common.fanart.tv/' replaced with version 3.6.5 at '/home/rpeters1428/.kodi/addons/metadata.common.fanart.tv/'
2026-01-10 15:18:57.767 T:22976   debug <general>: CAddonMgr::FindAddons: Addon 'metadata.generic.albums' already present with version 1.0.14 at '/usr/share/kodi/addons/metadata.generic.albums/' replaced with version 1.0.18 at '/home/rpeters1428/.kodi/addons/metadata.generic.albums/'
2026-01-10 15:18:57.767 T:22976   debug <general>: CAddonMgr::FindAddons: Addon 'metadata.themoviedb.org.python' already present with version 1.3.1+matrix.1 at '/usr/share/kodi/addons/metadata.themoviedb.org.python/' replaced with version 3.1.3 at '/home/rpeters1428/.kodi/addons/metadata.themoviedb.org.python/'
2026-01-10 15:18:57.768 T:22976   debug <general>: CAddonMgr::FindAddons: Addon 'metadata.tvshows.themoviedb.org.python' already present with version 1.6.0 at '/usr/share/kodi/addons/metadata.tvshows.themoviedb.org.python/' replaced with version 1.7.4 at '/home/rpeters1428/.kodi/addons/metadata.tvshows.themoviedb.org.python/'
2026-01-10 15:18:57.768 T:22976   debug <general>: CAddonMgr::FindAddons: Addon 'service.xbmc.versioncheck' already present with version 0.5.27+matrix.1 at '/usr/share/kodi/addons/service.xbmc.versioncheck/' replaced with version 0.5.30+matrix.1 at '/home/rpeters1428/.kodi/addons/service.xbmc.versioncheck/'
2026-01-10 15:18:57.769 T:22976   debug <general>: CAddonMgr::FindAddons: Addon 'metadata.album.universal' already present with version 3.1.4 at '/usr/share/kodi/addons/metadata.album.universal/' replaced with version 3.1.18 at '/home/rpeters1428/.kodi/addons/metadata.album.universal/'
2026-01-10 15:18:57.769 T:22976   debug <general>: CAddonMgr::FindAddons: Addon 'metadata.artists.universal' already present with version 4.3.3 at '/usr/share/kodi/addons/metadata.artists.universal/' replaced with version 4.3.21 at '/home/rpeters1428/.kodi/addons/metadata.artists.universal/'
2026-01-10 15:18:57.770 T:22976    info <general>: CAddonMgr::FindAddon: script.module.resolveurl v5.1.190 installed
2026-01-10 15:18:57.782 T:22976   debug <general>: CAddonMgr: script.module.resolveurl successfully loaded
2026-01-10 15:18:57.782 T:23003   debug <general>: ContextMenuManager: addon menus reloaded.
2026-01-10 15:18:57.783 T:22976   debug <general>: POParser: PO file has Win Style Line Endings. Converted in memory to Linux LF for file: /home/rpeters1428/.kodi/addons/script.module.resolveurl/resources/language/resource.language.en_gb/strings.po
2026-01-10 15:18:57.783 T:22976   debug <general>: LocalizeStrings: loaded 104 strings from file /home/rpeters1428/.kodi/addons/script.module.resolveurl/resources/language/resource.language.en_gb/strings.po
2026-01-10 15:18:57.783 T:22976   debug <general>: ADDONS: dependency [script.module.resolveurl] will not be version checked and unpinned
2026-01-10 15:18:57.786 T:22978   debug <general>: CCurlFile::GetMimeType - <https://mirrors.kodi.tv/addons/omega/plugin.audio.radiobrowser/resources/icon.png> -> image/png
2026-01-10 15:18:57.786 T:22978   debug <general>: CurlFile::Open - <https://mirrors.kodi.tv/addons/omega/plugin.audio.radiobrowser/resources/icon.png>
2026-01-10 15:18:57.787 T:22929   debug <general>: CGUIMediaWindow::GetDirectory (addons://repository.dobbelina/xbmc.addon.video)
2026-01-10 15:18:57.787 T:22929   debug <general>:   ParentPath = [addons://repository.dobbelina/xbmc.addon.video]
2026-01-10 15:18:57.787 T:23158   debug <general>: Thread waiting start, auto delete: false
2026-01-10 15:18:57.787 T:23158   debug <general>: CAddonDatabase: SELECT repo.id FROM repo .. took 0 ms
2026-01-10 15:18:57.788 T:23158   debug <general>: CAddonDatabase: query  SELECT addons.*, repo.addonID AS repoID FROM addons JOIN addonlinkrepo ON addons.id=addonlinkrepo.idAddon JOIN repo ON repo.id=addonlinkrepo.idRepo WHERE addonlinkrepo.idRepo IN (2) ORDER BY repo.addonID, addons.addonID returned 8 rows in 0 ms
2026-01-10 15:18:57.788 T:23158   debug <general>: CAddonDatabase::GetAddons took 0 ms
2026-01-10 15:18:57.788 T:23158   debug <general>: CAddonDatabase: SELECT repo.id FROM repo .. took 0 ms
2026-01-10 15:18:57.792 T:23158   debug <general>: CAddonDatabase: query  SELECT addons.*, repo.addonID AS repoID FROM addons JOIN addonlinkrepo ON addons.id=addonlinkrepo.idAddon JOIN repo ON repo.id=addonlinkrepo.idRepo WHERE addonlinkrepo.idRepo IN (1,2) ORDER BY repo.addonID, addons.addonID returned 790 rows in 3 ms
2026-01-10 15:18:57.807 T:23158   debug <general>: CAddonDatabase::GetAddons took 19 ms
2026-01-10 15:18:57.809 T:23158   debug <general>: CAddonMgr::GetAddonsWithAvailableUpdate took 20 ms
2026-01-10 15:18:57.810 T:23158   debug <general>: Thread waiting 140589928527552 terminating
2026-01-10 15:18:57.812 T:23159   debug <general>: Thread BackgroundLoader start, auto delete: false
2026-01-10 15:18:57.812 T:22929   debug <general>: [threads] name: 'BackgroundLoader' priority: '1'
2026-01-10 15:18:57.812 T:23159   debug <general>: Thread BackgroundLoader 140589945312960 terminating
2026-01-10 15:18:57.898 T:22969   debug <general>: Presentation: Frame was discarded by compositor
2026-01-10 15:18:58.020 T:22976   debug <general>: Skipped 1 duplicate messages..
2026-01-10 15:18:58.020 T:22976   debug <general>: CurlFile::Open - <https://raw.githubusercontent.com/Gujal00/smrzips/master/zips/script.module.resolveurl.xxx/script.module.resolveurl.xxx-2.1.44.zip>
2026-01-10 15:18:58.025 T:22969   debug <general>: Presentation: Frame was discarded by compositor
2026-01-10 15:18:58.111 T:22976   debug <general>: Skipped 1 duplicate messages..
2026-01-10 15:18:58.111 T:22976   debug <general>: CAddonDatabase: SELECT repo.id FROM repo .. took 0 ms
2026-01-10 15:18:58.114 T:22976   debug <general>: CAddonDatabase: query  SELECT addons.*, repo.addonID AS repoID FROM addons JOIN addonlinkrepo ON addons.id=addonlinkrepo.idAddon JOIN repo ON repo.id=addonlinkrepo.idRepo WHERE addonlinkrepo.idRepo IN (1,2) ORDER BY repo.addonID, addons.addonID returned 790 rows in 3 ms
2026-01-10 15:18:58.132 T:22976   debug <general>: CAddonDatabase::GetAddons took 21 ms
2026-01-10 15:18:58.134 T:22976   debug <general>: Unpacking zip://special%3a%2f%2fhome%2faddons%2fpackages%2fscript.module.resolveurl.xxx-2.1.44.zip/script.module.resolveurl.xxx/ to /home/rpeters1428/.kodi/addons/temp/0f8ab351-c5f1-4bf6-9704-97282c62ccc6
2026-01-10 15:18:58.159 T:22976   debug <general>: CAddonInfoBuilder::ParseXMLTypes: Binary addon found: audioencoder.kodi.builtin.aac
2026-01-10 15:18:58.159 T:22976   debug <general>: CAddonInfoBuilder::ParseXMLTypes: Binary addon found: audioencoder.kodi.builtin.wma
2026-01-10 15:18:58.164 T:22976   debug <general>: CAddonInfoBuilder::ParseXMLTypes: Binary addon found: screensaver.xbmc.builtin.black
2026-01-10 15:18:58.164 T:22976   debug <general>: CAddonInfoBuilder::ParseXMLTypes: Binary addon found: screensaver.xbmc.builtin.dim
2026-01-10 15:18:58.166 T:22976   debug <general>: CAddonMgr::FindAddons: Addon 'metadata.common.fanart.tv' already present with version 3.6.3 at '/usr/share/kodi/addons/metadata.common.fanart.tv/' replaced with version 3.6.5 at '/home/rpeters1428/.kodi/addons/metadata.common.fanart.tv/'
2026-01-10 15:18:58.166 T:22976   debug <general>: CAddonMgr::FindAddons: Addon 'metadata.generic.albums' already present with version 1.0.14 at '/usr/share/kodi/addons/metadata.generic.albums/' replaced with version 1.0.18 at '/home/rpeters1428/.kodi/addons/metadata.generic.albums/'
2026-01-10 15:18:58.167 T:22976   debug <general>: CAddonMgr::FindAddons: Addon 'metadata.themoviedb.org.python' already present with version 1.3.1+matrix.1 at '/usr/share/kodi/addons/metadata.themoviedb.org.python/' replaced with version 3.1.3 at '/home/rpeters1428/.kodi/addons/metadata.themoviedb.org.python/'
2026-01-10 15:18:58.167 T:22976   debug <general>: CAddonMgr::FindAddons: Addon 'metadata.tvshows.themoviedb.org.python' already present with version 1.6.0 at '/usr/share/kodi/addons/metadata.tvshows.themoviedb.org.python/' replaced with version 1.7.4 at '/home/rpeters1428/.kodi/addons/metadata.tvshows.themoviedb.org.python/'
2026-01-10 15:18:58.167 T:22976   debug <general>: CAddonMgr::FindAddons: Addon 'service.xbmc.versioncheck' already present with version 0.5.27+matrix.1 at '/usr/share/kodi/addons/service.xbmc.versioncheck/' replaced with version 0.5.30+matrix.1 at '/home/rpeters1428/.kodi/addons/service.xbmc.versioncheck/'
2026-01-10 15:18:58.168 T:22976   debug <general>: CAddonMgr::FindAddons: Addon 'metadata.album.universal' already present with version 3.1.4 at '/usr/share/kodi/addons/metadata.album.universal/' replaced with version 3.1.18 at '/home/rpeters1428/.kodi/addons/metadata.album.universal/'
2026-01-10 15:18:58.168 T:22976   debug <general>: CAddonMgr::FindAddons: Addon 'metadata.artists.universal' already present with version 4.3.3 at '/usr/share/kodi/addons/metadata.artists.universal/' replaced with version 4.3.21 at '/home/rpeters1428/.kodi/addons/metadata.artists.universal/'
2026-01-10 15:18:58.169 T:22976    info <general>: CAddonMgr::FindAddon: script.module.resolveurl.xxx v2.1.44 installed
2026-01-10 15:18:58.181 T:22976   debug <general>: CAddonMgr: script.module.resolveurl.xxx successfully loaded
2026-01-10 15:18:58.181 T:22977   debug <general>: ContextMenuManager: addon menus reloaded.
2026-01-10 15:18:58.182 T:22976   debug <general>: ADDONS: dependency [script.module.resolveurl.xxx] will not be version checked and unpinned
2026-01-10 15:18:58.182 T:22976   debug <general>: CurlFile::Open - <https://mirrors.kodi.tv/addons/omega/script.common.plugin.cache/script.common.plugin.cache-3.0.0.zip>
2026-01-10 15:18:58.187 T:22929   debug <general>: CGUIMediaWindow::GetDirectory (addons://repository.dobbelina/xbmc.addon.video)
2026-01-10 15:18:58.187 T:22929   debug <general>:   ParentPath = [addons://repository.dobbelina/xbmc.addon.video]
2026-01-10 15:18:58.187 T:23160   debug <general>: Thread waiting start, auto delete: false
2026-01-10 15:18:58.188 T:23160   debug <general>: CAddonDatabase: SELECT repo.id FROM repo .. took 0 ms
2026-01-10 15:18:58.188 T:23160   debug <general>: CAddonDatabase: query  SELECT addons.*, repo.addonID AS repoID FROM addons JOIN addonlinkrepo ON addons.id=addonlinkrepo.idAddon JOIN repo ON repo.id=addonlinkrepo.idRepo WHERE addonlinkrepo.idRepo IN (2) ORDER BY repo.addonID, addons.addonID returned 8 rows in 0 ms
2026-01-10 15:18:58.189 T:23160   debug <general>: CAddonDatabase::GetAddons took 0 ms
2026-01-10 15:18:58.189 T:23160   debug <general>: CAddonDatabase: SELECT repo.id FROM repo .. took 0 ms
2026-01-10 15:18:58.191 T:23160   debug <general>: CAddonDatabase: query  SELECT addons.*, repo.addonID AS repoID FROM addons JOIN addonlinkrepo ON addons.id=addonlinkrepo.idAddon JOIN repo ON repo.id=addonlinkrepo.idRepo WHERE addonlinkrepo.idRepo IN (1,2) ORDER BY repo.addonID, addons.addonID returned 790 rows in 2 ms
2026-01-10 15:18:58.209 T:23160   debug <general>: CAddonDatabase::GetAddons took 19 ms
2026-01-10 15:18:58.210 T:23160   debug <general>: CAddonMgr::GetAddonsWithAvailableUpdate took 21 ms
2026-01-10 15:18:58.211 T:23160   debug <general>: Thread waiting 140589928527552 terminating
2026-01-10 15:18:58.213 T:23161   debug <general>: Thread BackgroundLoader start, auto delete: false
2026-01-10 15:18:58.213 T:22929   debug <general>: [threads] name: 'BackgroundLoader' priority: '1'
2026-01-10 15:18:58.214 T:23161   debug <general>: Thread BackgroundLoader 140589945312960 terminating
2026-01-10 15:18:58.249 T:22976   debug <general>: Resolved addon path https://mirrors.kodi.tv/addons/omega/script.common.plugin.cache/script.common.plugin.cache-3.0.0.zip to https://mirror.karneval.cz/pub/xbmc/addons/omega/script.common.plugin.cache/script.common.plugin.cache-3.0.0.zip hash d4543aa67794c8305eaba8891d832ae38c3c9013edf9d0cae81346ad644b90d4
2026-01-10 15:18:58.250 T:22976   debug <general>: easy_acquire - Created session to https://mirror.karneval.cz
2026-01-10 15:18:58.328 T:22969   debug <general>: Presentation: Frame was discarded by compositor
2026-01-10 15:18:58.428 T:22978   debug <general>: Skipped 2 duplicate messages..
2026-01-10 15:18:58.428 T:22978   debug <general>: CCurlFile::Open - <https://mirrors.kodi.tv/addons/omega/plugin.audio.radiobrowser/resources/icon.png> Effective URL is https://ftp.snt.utwente.nl/pub/software/xbmc/addons/omega/plugin.audio.radiobrowser/resources/icon.png
2026-01-10 15:18:58.495 T:22969   debug <general>: Presentation: Frame was discarded by compositor
2026-01-10 15:18:58.707 T:22978   debug <general>: Skipped 5 duplicate messages..
2026-01-10 15:18:58.707 T:22978   debug <general>: Caching image 'https://mirrors.kodi.tv/addons/omega/plugin.audio.radiobrowser/resources/icon.png' to 'b/b38a8457.png':
2026-01-10 15:18:58.707 T:22978   debug <general>: cached image 'special://masterprofile/Thumbnails/b/b38a8457.png' size 256x256
2026-01-10 15:18:58.744 T:22969   debug <general>: Presentation: Frame was discarded by compositor
2026-01-10 15:18:59.014 T:22976   debug <general>: Skipped 3 duplicate messages..
2026-01-10 15:18:59.014 T:22976   debug <general>: CurlFile::Open - <https://mirror.karneval.cz/pub/xbmc/addons/omega/script.common.plugin.cache/script.common.plugin.cache-3.0.0.zip>
2026-01-10 15:18:59.021 T:22969   debug <general>: Presentation: Frame was discarded by compositor
2026-01-10 15:18:59.221 T:22978   debug <general>: CCurlFile::GetMimeType - <https://mirrors.kodi.tv/addons/omega/plugin.audio.radiofrance/resources/icon.png> -> image/png
2026-01-10 15:18:59.221 T:22978   debug <general>: CurlFile::Open - <https://mirrors.kodi.tv/addons/omega/plugin.audio.radiofrance/resources/icon.png>
2026-01-10 15:18:59.229 T:22969   debug <general>: Presentation: Frame was discarded by compositor
2026-01-10 15:18:59.352 T:22929   debug <general>: Skipped 2 duplicate messages..
2026-01-10 15:18:59.352 T:22929   debug <general>: ------ Window Deinit (Pointer.xml) ------
2026-01-10 15:18:59.357 T:22969   debug <general>: Presentation: Frame was discarded by compositor
2026-01-10 15:19:00.081 T:22978   debug <general>: Skipped 11 duplicate messages..
2026-01-10 15:19:00.081 T:22978   debug <general>: CCurlFile::Open - <https://mirrors.kodi.tv/addons/omega/plugin.audio.radiofrance/resources/icon.png> Effective URL is https://ftp.halifax.rwth-aachen.de/xbmc/addons/omega/plugin.audio.radiofrance/resources/icon.png
2026-01-10 15:19:00.093 T:22978   debug <general>: Caching image 'https://mirrors.kodi.tv/addons/omega/plugin.audio.radiofrance/resources/icon.png' to 'b/b5ff1f6a.png':
2026-01-10 15:19:00.093 T:22978   debug <general>: cached image 'special://masterprofile/Thumbnails/b/b5ff1f6a.png' size 512x512
2026-01-10 15:19:00.185 T:22976   debug <general>: CAddonDatabase: SELECT repo.id FROM repo .. took 0 ms
2026-01-10 15:19:00.188 T:22976   debug <general>: CAddonDatabase: query  SELECT addons.*, repo.addonID AS repoID FROM addons JOIN addonlinkrepo ON addons.id=addonlinkrepo.idAddon JOIN repo ON repo.id=addonlinkrepo.idRepo WHERE addonlinkrepo.idRepo IN (1,2) ORDER BY repo.addonID, addons.addonID returned 790 rows in 3 ms
2026-01-10 15:19:00.207 T:22976   debug <general>: CAddonDatabase::GetAddons took 21 ms
2026-01-10 15:19:00.209 T:22976   debug <general>: Unpacking zip://special%3a%2f%2fhome%2faddons%2fpackages%2fscript.common.plugin.cache-3.0.0.zip/script.common.plugin.cache/ to /home/rpeters1428/.kodi/addons/temp/ea10ef9f-1720-4b19-bd44-b3bfc69d0f79
2026-01-10 15:19:00.216 T:22976   debug <general>: CAddonInfoBuilder::ParseXMLTypes: Binary addon found: audioencoder.kodi.builtin.aac
2026-01-10 15:19:00.216 T:22976   debug <general>: CAddonInfoBuilder::ParseXMLTypes: Binary addon found: audioencoder.kodi.builtin.wma
2026-01-10 15:19:00.221 T:22976   debug <general>: CAddonInfoBuilder::ParseXMLTypes: Binary addon found: screensaver.xbmc.builtin.black
2026-01-10 15:19:00.222 T:22976   debug <general>: CAddonInfoBuilder::ParseXMLTypes: Binary addon found: screensaver.xbmc.builtin.dim
2026-01-10 15:19:00.223 T:22976   debug <general>: CAddonMgr::FindAddons: Addon 'metadata.common.fanart.tv' already present with version 3.6.3 at '/usr/share/kodi/addons/metadata.common.fanart.tv/' replaced with version 3.6.5 at '/home/rpeters1428/.kodi/addons/metadata.common.fanart.tv/'
2026-01-10 15:19:00.223 T:22976   debug <general>: CAddonMgr::FindAddons: Addon 'metadata.generic.albums' already present with version 1.0.14 at '/usr/share/kodi/addons/metadata.generic.albums/' replaced with version 1.0.18 at '/home/rpeters1428/.kodi/addons/metadata.generic.albums/'
2026-01-10 15:19:00.224 T:22976   debug <general>: CAddonMgr::FindAddons: Addon 'metadata.themoviedb.org.python' already present with version 1.3.1+matrix.1 at '/usr/share/kodi/addons/metadata.themoviedb.org.python/' replaced with version 3.1.3 at '/home/rpeters1428/.kodi/addons/metadata.themoviedb.org.python/'
2026-01-10 15:19:00.224 T:22976   debug <general>: CAddonMgr::FindAddons: Addon 'metadata.tvshows.themoviedb.org.python' already present with version 1.6.0 at '/usr/share/kodi/addons/metadata.tvshows.themoviedb.org.python/' replaced with version 1.7.4 at '/home/rpeters1428/.kodi/addons/metadata.tvshows.themoviedb.org.python/'
2026-01-10 15:19:00.225 T:22976   debug <general>: CAddonMgr::FindAddons: Addon 'service.xbmc.versioncheck' already present with version 0.5.27+matrix.1 at '/usr/share/kodi/addons/service.xbmc.versioncheck/' replaced with version 0.5.30+matrix.1 at '/home/rpeters1428/.kodi/addons/service.xbmc.versioncheck/'
2026-01-10 15:19:00.225 T:22976   debug <general>: CAddonMgr::FindAddons: Addon 'metadata.album.universal' already present with version 3.1.4 at '/usr/share/kodi/addons/metadata.album.universal/' replaced with version 3.1.18 at '/home/rpeters1428/.kodi/addons/metadata.album.universal/'
2026-01-10 15:19:00.226 T:22976   debug <general>: CAddonMgr::FindAddons: Addon 'metadata.artists.universal' already present with version 4.3.3 at '/usr/share/kodi/addons/metadata.artists.universal/' replaced with version 4.3.21 at '/home/rpeters1428/.kodi/addons/metadata.artists.universal/'
2026-01-10 15:19:00.226 T:22976    info <general>: CAddonMgr::FindAddon: script.common.plugin.cache v3.0.0 installed
2026-01-10 15:19:00.231 T:22976   debug <general>: CAddonMgr: script.common.plugin.cache successfully loaded
2026-01-10 15:19:00.231 T:23003   debug <general>: ContextMenuManager: addon menus reloaded.
2026-01-10 15:19:00.231 T:23003   debug <general>: CServiceAddonManager: starting script.common.plugin.cache
2026-01-10 15:19:00.231 T:22976   debug <general>: LocalizeStrings: loaded 7 strings from file /home/rpeters1428/.kodi/addons/script.common.plugin.cache/resources/language/resource.language.en_gb/strings.po
2026-01-10 15:19:00.231 T:22976   debug <general>: ADDONS: dependency [script.common.plugin.cache] will not be version checked and unpinned
2026-01-10 15:19:00.231 T:23167   debug <general>: Thread LanguageInvoker start, auto delete: false
2026-01-10 15:19:00.231 T:22976   debug <general>: CurlFile::Open - <https://mirrors.kodi.tv/addons/omega/script.module.websocket/script.module.websocket-1.6.4.zip>
2026-01-10 15:19:00.231 T:23167   debug <general>: initializing python engine.
2026-01-10 15:19:00.231 T:23167   debug <general>: CPythonInvoker(1, /home/rpeters1428/.kodi/addons/script.common.plugin.cache/resources/lib/entry_point.py): start processing
2026-01-10 15:19:00.236 T:22929   debug <general>: CGUIMediaWindow::GetDirectory (addons://repository.dobbelina/xbmc.addon.video)
2026-01-10 15:19:00.236 T:22929   debug <general>:   ParentPath = [addons://repository.dobbelina/xbmc.addon.video]
2026-01-10 15:19:00.236 T:23168   debug <general>: Thread waiting start, auto delete: false
2026-01-10 15:19:00.237 T:23168   debug <general>: CAddonDatabase: SELECT repo.id FROM repo .. took 0 ms
2026-01-10 15:19:00.238 T:23168   debug <general>: CAddonDatabase: query  SELECT addons.*, repo.addonID AS repoID FROM addons JOIN addonlinkrepo ON addons.id=addonlinkrepo.idAddon JOIN repo ON repo.id=addonlinkrepo.idRepo WHERE addonlinkrepo.idRepo IN (2) ORDER BY repo.addonID, addons.addonID returned 8 rows in 0 ms
2026-01-10 15:19:00.238 T:23168   debug <general>: CAddonDatabase::GetAddons took 0 ms
2026-01-10 15:19:00.238 T:23168   debug <general>: CAddonDatabase: SELECT repo.id FROM repo .. took 0 ms
2026-01-10 15:19:00.244 T:23167   debug <general>: -->Python Interpreter Initialized<--
2026-01-10 15:19:00.244 T:23167   debug <general>: 
                                                   
2026-01-10 15:19:00.244 T:23167   debug <general>: CPythonInvoker(1, /home/rpeters1428/.kodi/addons/script.common.plugin.cache/resources/lib/entry_point.py): the source file to load is "/home/rpeters1428/.kodi/addons/script.common.plugin.cache/resources/lib/entry_point.py"
2026-01-10 15:19:00.245 T:23168   debug <general>: CAddonDatabase: query  SELECT addons.*, repo.addonID AS repoID FROM addons JOIN addonlinkrepo ON addons.id=addonlinkrepo.idAddon JOIN repo ON repo.id=addonlinkrepo.idRepo WHERE addonlinkrepo.idRepo IN (1,2) ORDER BY repo.addonID, addons.addonID returned 790 rows in 6 ms
2026-01-10 15:19:00.265 T:23168   debug <general>: CAddonDatabase::GetAddons took 26 ms
2026-01-10 15:19:00.266 T:23168   debug <general>: CAddonMgr::GetAddonsWithAvailableUpdate took 28 ms
2026-01-10 15:19:00.268 T:23167   debug <general>: CPythonInvoker(1): full python path:
2026-01-10 15:19:00.268 T:23167   debug <general>: CPythonInvoker(1):   custom python path:
2026-01-10 15:19:00.268 T:23167   debug <general>: CPythonInvoker(1):     /home/rpeters1428/.kodi/addons/script.common.plugin.cache/resources/lib
2026-01-10 15:19:00.268 T:23167   debug <general>: CPythonInvoker(1):   default python path:
2026-01-10 15:19:00.268 T:23167   debug <general>: CPythonInvoker(1):     /usr/lib64/python314.zip
2026-01-10 15:19:00.268 T:23167   debug <general>: CPythonInvoker(1):     /usr/lib64/python3.14
2026-01-10 15:19:00.268 T:23167   debug <general>: CPythonInvoker(1):     /usr/lib64/python3.14/lib-dynload
2026-01-10 15:19:00.268 T:23167   debug <general>: CPythonInvoker(1):     /home/rpeters1428/.local/lib/python3.14/site-packages
2026-01-10 15:19:00.268 T:23167   debug <general>: CPythonInvoker(1):     /usr/lib64/python3.14/site-packages
2026-01-10 15:19:00.268 T:23167   debug <general>: CPythonInvoker(1):     /usr/lib/python3.14/site-packages
2026-01-10 15:19:00.268 T:23167   debug <general>: CPythonInvoker(1): adding args:
2026-01-10 15:19:00.268 T:23167   debug <general>: CPythonInvoker(1):  
2026-01-10 15:19:00.268 T:23167   debug <general>: CPythonInvoker(1, /home/rpeters1428/.kodi/addons/script.common.plugin.cache/resources/lib/entry_point.py): entering source directory /home/rpeters1428/.kodi/addons/script.common.plugin.cache/resources/lib
2026-01-10 15:19:00.268 T:23168   debug <general>: Thread waiting 140589928527552 terminating
2026-01-10 15:19:00.268 T:23167   debug <general>: CPythonInvoker(1, /home/rpeters1428/.kodi/addons/script.common.plugin.cache/resources/lib/entry_point.py): instantiating addon using automatically obtained id of "script.common.plugin.cache" dependent on version 3.0.1 of the xbmc.python api
2026-01-10 15:19:00.270 T:23169   debug <general>: Thread BackgroundLoader start, auto delete: false
2026-01-10 15:19:00.270 T:22929   debug <general>: [threads] name: 'BackgroundLoader' priority: '1'
2026-01-10 15:19:00.270 T:23169   debug <general>: Thread BackgroundLoader 140589945312960 terminating
2026-01-10 15:19:00.301 T:23170   debug <general>: [StorageClient-3.0.0] Service loaded, starting server ...
2026-01-10 15:19:00.303 T:22976   debug <general>: Resolved addon path https://mirrors.kodi.tv/addons/omega/script.module.websocket/script.module.websocket-1.6.4.zip to https://kodi.mirror.garr.it/addons/omega/script.module.websocket/script.module.websocket-1.6.4.zip hash cf9fd6754bd7ca7197c0b72eab287efc4b76e5e71ece2656bb96362505b9ba49
2026-01-10 15:19:00.304 T:22976   debug <general>: easy_acquire - Created session to https://kodi.mirror.garr.it
2026-01-10 15:19:00.883 T:22978   debug <general>: CCurlFile::GetMimeType - <https://mirrors.kodi.tv/addons/omega/plugin.audio.radioplayerfrance/resources/icon.png> -> image/png
2026-01-10 15:19:00.883 T:22978   debug <general>: CurlFile::Open - <https://mirrors.kodi.tv/addons/omega/plugin.audio.radioplayerfrance/resources/icon.png>
2026-01-10 15:19:00.953 T:22976   debug <general>: CurlFile::Open - <https://kodi.mirror.garr.it/addons/omega/script.module.websocket/script.module.websocket-1.6.4.zip>
2026-01-10 15:19:01.656 T:22978   debug <general>: CCurlFile::Open - <https://mirrors.kodi.tv/addons/omega/plugin.audio.radioplayerfrance/resources/icon.png> Effective URL is https://ftp.fau.de/xbmc/addons/omega/plugin.audio.radioplayerfrance/resources/icon.png
2026-01-10 15:19:01.828 T:22978   debug <general>: Caching image 'https://mirrors.kodi.tv/addons/omega/plugin.audio.radioplayerfrance/resources/icon.png' to '8/85f6c145.jpg':
2026-01-10 15:19:01.828 T:22978   debug <general>: cached image 'special://masterprofile/Thumbnails/8/85f6c145.jpg' size 512x512
2026-01-10 15:19:02.040 T:22976   debug <general>: CAddonDatabase: SELECT repo.id FROM repo .. took 0 ms
2026-01-10 15:19:02.042 T:22976   debug <general>: CAddonDatabase: query  SELECT addons.*, repo.addonID AS repoID FROM addons JOIN addonlinkrepo ON addons.id=addonlinkrepo.idAddon JOIN repo ON repo.id=addonlinkrepo.idRepo WHERE addonlinkrepo.idRepo IN (1,2) ORDER BY repo.addonID, addons.addonID returned 790 rows in 2 ms
2026-01-10 15:19:02.055 T:22976   debug <general>: CAddonDatabase::GetAddons took 14 ms
2026-01-10 15:19:02.056 T:22976   debug <general>: Unpacking zip://special%3a%2f%2fhome%2faddons%2fpackages%2fscript.module.websocket-1.6.4.zip/script.module.websocket/ to /home/rpeters1428/.kodi/addons/temp/34ab309c-812c-45fe-a722-75de48393546
2026-01-10 15:19:02.063 T:22976   debug <general>: CAddonInfoBuilder::ParseXMLTypes: Binary addon found: audioencoder.kodi.builtin.aac
2026-01-10 15:19:02.063 T:22976   debug <general>: CAddonInfoBuilder::ParseXMLTypes: Binary addon found: audioencoder.kodi.builtin.wma
2026-01-10 15:19:02.066 T:22976   debug <general>: CAddonInfoBuilder::ParseXMLTypes: Binary addon found: screensaver.xbmc.builtin.black
2026-01-10 15:19:02.067 T:22976   debug <general>: CAddonInfoBuilder::ParseXMLTypes: Binary addon found: screensaver.xbmc.builtin.dim
2026-01-10 15:19:02.068 T:22976   debug <general>: CAddonMgr::FindAddons: Addon 'metadata.common.fanart.tv' already present with version 3.6.3 at '/usr/share/kodi/addons/metadata.common.fanart.tv/' replaced with version 3.6.5 at '/home/rpeters1428/.kodi/addons/metadata.common.fanart.tv/'
2026-01-10 15:19:02.068 T:22976   debug <general>: CAddonMgr::FindAddons: Addon 'metadata.generic.albums' already present with version 1.0.14 at '/usr/share/kodi/addons/metadata.generic.albums/' replaced with version 1.0.18 at '/home/rpeters1428/.kodi/addons/metadata.generic.albums/'
2026-01-10 15:19:02.068 T:22976   debug <general>: CAddonMgr::FindAddons: Addon 'metadata.themoviedb.org.python' already present with version 1.3.1+matrix.1 at '/usr/share/kodi/addons/metadata.themoviedb.org.python/' replaced with version 3.1.3 at '/home/rpeters1428/.kodi/addons/metadata.themoviedb.org.python/'
2026-01-10 15:19:02.068 T:22976   debug <general>: CAddonMgr::FindAddons: Addon 'metadata.tvshows.themoviedb.org.python' already present with version 1.6.0 at '/usr/share/kodi/addons/metadata.tvshows.themoviedb.org.python/' replaced with version 1.7.4 at '/home/rpeters1428/.kodi/addons/metadata.tvshows.themoviedb.org.python/'
2026-01-10 15:19:02.069 T:22976   debug <general>: CAddonMgr::FindAddons: Addon 'service.xbmc.versioncheck' already present with version 0.5.27+matrix.1 at '/usr/share/kodi/addons/service.xbmc.versioncheck/' replaced with version 0.5.30+matrix.1 at '/home/rpeters1428/.kodi/addons/service.xbmc.versioncheck/'
2026-01-10 15:19:02.069 T:22976   debug <general>: CAddonMgr::FindAddons: Addon 'metadata.album.universal' already present with version 3.1.4 at '/usr/share/kodi/addons/metadata.album.universal/' replaced with version 3.1.18 at '/home/rpeters1428/.kodi/addons/metadata.album.universal/'
2026-01-10 15:19:02.069 T:22976   debug <general>: CAddonMgr::FindAddons: Addon 'metadata.artists.universal' already present with version 4.3.3 at '/usr/share/kodi/addons/metadata.artists.universal/' replaced with version 4.3.21 at '/home/rpeters1428/.kodi/addons/metadata.artists.universal/'
2026-01-10 15:19:02.070 T:22976    info <general>: CAddonMgr::FindAddon: script.module.websocket v1.6.4 installed
2026-01-10 15:19:02.074 T:22976   debug <general>: CAddonMgr: script.module.websocket successfully loaded
2026-01-10 15:19:02.074 T:23003   debug <general>: ContextMenuManager: addon menus reloaded.
2026-01-10 15:19:02.074 T:22976   debug <general>: ADDONS: dependency [script.module.websocket] will not be version checked and unpinned
2026-01-10 15:19:02.074 T:22976   debug <general>: CurlFile::Open - <https://mirrors.kodi.tv/addons/omega/script.module.inputstreamhelper/script.module.inputstreamhelper-0.8.5.zip>
2026-01-10 15:19:02.082 T:22929   debug <general>: CGUIMediaWindow::GetDirectory (addons://repository.dobbelina/xbmc.addon.video)
2026-01-10 15:19:02.082 T:22929   debug <general>:   ParentPath = [addons://repository.dobbelina/xbmc.addon.video]
2026-01-10 15:19:02.082 T:23178   debug <general>: Thread waiting start, auto delete: false
2026-01-10 15:19:02.082 T:23178   debug <general>: CAddonDatabase: SELECT repo.id FROM repo .. took 0 ms
2026-01-10 15:19:02.083 T:23178   debug <general>: CAddonDatabase: query  SELECT addons.*, repo.addonID AS repoID FROM addons JOIN addonlinkrepo ON addons.id=addonlinkrepo.idAddon JOIN repo ON repo.id=addonlinkrepo.idRepo WHERE addonlinkrepo.idRepo IN (2) ORDER BY repo.addonID, addons.addonID returned 8 rows in 0 ms
2026-01-10 15:19:02.083 T:23178   debug <general>: CAddonDatabase::GetAddons took 0 ms
2026-01-10 15:19:02.083 T:23178   debug <general>: CAddonDatabase: SELECT repo.id FROM repo .. took 0 ms
2026-01-10 15:19:02.086 T:23178   debug <general>: CAddonDatabase: query  SELECT addons.*, repo.addonID AS repoID FROM addons JOIN addonlinkrepo ON addons.id=addonlinkrepo.idAddon JOIN repo ON repo.id=addonlinkrepo.idRepo WHERE addonlinkrepo.idRepo IN (1,2) ORDER BY repo.addonID, addons.addonID returned 790 rows in 2 ms
2026-01-10 15:19:02.099 T:23178   debug <general>: CAddonDatabase::GetAddons took 16 ms
2026-01-10 15:19:02.100 T:23178   debug <general>: CAddonMgr::GetAddonsWithAvailableUpdate took 17 ms
2026-01-10 15:19:02.101 T:23178   debug <general>: Thread waiting 140589630740160 terminating
2026-01-10 15:19:02.103 T:23179   debug <general>: Thread BackgroundLoader start, auto delete: false
2026-01-10 15:19:02.103 T:22929   debug <general>: [threads] name: 'BackgroundLoader' priority: '1'
2026-01-10 15:19:02.103 T:23179   debug <general>: Thread BackgroundLoader 140589945312960 terminating
