2026-02-08 16:39:35.375 T:23856   debug <general>: CAddonMgr::ADDON::CAddonMgr::FindAddons: Addon 'metadata.album.universal' already present with version 3.1.4 at 'C:\Program Files\Kodi\addons\metadata.album.universal\' replaced with version 3.1.18 at 'C:\Users\James\AppData\Roaming\Kodi\addons\metadata.album.universal\'
2026-02-08 16:39:35.375 T:23856   debug <general>: CAddonMgr::ADDON::CAddonMgr::FindAddons: Addon 'metadata.artists.universal' already present with version 4.3.3 at 'C:\Program Files\Kodi\addons\metadata.artists.universal\' replaced with version 4.3.21 at 'C:\Users\James\AppData\Roaming\Kodi\addons\metadata.artists.universal\'
2026-02-08 16:39:35.375 T:23856   debug <general>: CAddonMgr::ADDON::CAddonMgr::FindAddons: Addon 'metadata.common.fanart.tv' already present with version 3.6.3 at 'C:\Program Files\Kodi\addons\metadata.common.fanart.tv\' replaced with version 3.6.5 at 'C:\Users\James\AppData\Roaming\Kodi\addons\metadata.common.fanart.tv\'
2026-02-08 16:39:35.375 T:23856   debug <general>: CAddonMgr::ADDON::CAddonMgr::FindAddons: Addon 'metadata.generic.albums' already present with version 1.0.14 at 'C:\Program Files\Kodi\addons\metadata.generic.albums\' replaced with version 1.0.18 at 'C:\Users\James\AppData\Roaming\Kodi\addons\metadata.generic.albums\'
2026-02-08 16:39:35.376 T:23856   debug <general>: CAddonMgr::ADDON::CAddonMgr::FindAddons: Addon 'metadata.themoviedb.org.python' already present with version 1.3.1+matrix.1 at 'C:\Program Files\Kodi\addons\metadata.themoviedb.org.python\' replaced with version 3.1.3 at 'C:\Users\James\AppData\Roaming\Kodi\addons\metadata.themoviedb.org.python\'
2026-02-08 16:39:35.376 T:23856   debug <general>: CAddonMgr::ADDON::CAddonMgr::FindAddons: Addon 'metadata.tvshows.themoviedb.org.python' already present with version 1.6.0 at 'C:\Program Files\Kodi\addons\metadata.tvshows.themoviedb.org.python\' replaced with version 1.7.4 at 'C:\Users\James\AppData\Roaming\Kodi\addons\metadata.tvshows.themoviedb.org.python\'
2026-02-08 16:39:35.378 T:23856   debug <general>: CAddonMgr::ADDON::CAddonMgr::FindAddons: Addon 'service.xbmc.versioncheck' already present with version 0.5.27+matrix.1 at 'C:\Program Files\Kodi\addons\service.xbmc.versioncheck\' replaced with version 0.5.30+matrix.1 at 'C:\Users\James\AppData\Roaming\Kodi\addons\service.xbmc.versioncheck\'
2026-02-08 16:39:35.378 T:23856    info <general>: CAddonMgr::ADDON::CAddonMgr::FindAddon: script.module.certifi v2023.5.7 installed
2026-02-08 16:39:35.382 T:23856   debug <general>: CAddonMgr: script.module.certifi successfully loaded
2026-02-08 16:39:35.382 T:6880    debug <general>: ContextMenuManager: addon menus reloaded.
2026-02-08 16:39:35.382 T:23856   debug <general>: ADDONS: dependency [script.module.certifi] will not be version checked and unpinned
2026-02-08 16:39:35.382 T:23856   debug <general>: CurlFile::XFILE::CCurlFile::Open - <https://mirrors.kodi.tv/addons/omega/script.module.chardet/script.module.chardet-5.1.0.zip>
2026-02-08 16:39:35.391 T:27996   debug <general>: CGUIMediaWindow::GetDirectory (addons://repository.dobbelina/xbmc.addon.video)
2026-02-08 16:39:35.391 T:27996   debug <general>:   ParentPath = [addons://repository.dobbelina/xbmc.addon.video]
2026-02-08 16:39:35.391 T:28456   debug <general>: Thread waiting start, auto delete: false
2026-02-08 16:39:35.392 T:28456   debug <general>: CAddonDatabase: SELECT repo.id FROM repo .. took 0 ms
2026-02-08 16:39:35.392 T:28456   debug <general>: CAddonDatabase: query  SELECT addons.*, repo.addonID AS repoID FROM addons JOIN addonlinkrepo ON addons.id=addonlinkrepo.idAddon JOIN repo ON repo.id=addonlinkrepo.idRepo WHERE addonlinkrepo.idRepo IN (2) ORDER BY repo.addonID, addons.addonID returned 8 rows in 0 ms
2026-02-08 16:39:35.392 T:28456   debug <general>: CAddonDatabase::GetAddons took 0 ms
2026-02-08 16:39:35.392 T:28456   debug <general>: CAddonDatabase: SELECT repo.id FROM repo .. took 0 ms
2026-02-08 16:39:35.395 T:28456   debug <general>: CAddonDatabase: query  SELECT addons.*, repo.addonID AS repoID FROM addons JOIN addonlinkrepo ON addons.id=addonlinkrepo.idAddon JOIN repo ON repo.id=addonlinkrepo.idRepo WHERE addonlinkrepo.idRepo IN (1,2) ORDER BY repo.addonID, addons.addonID returned 1041 rows in 2 ms
2026-02-08 16:39:35.411 T:28456   debug <general>: CAddonDatabase::GetAddons took 18 ms
2026-02-08 16:39:35.413 T:28456   debug <general>: CAddonMgr::GetAddonsWithAvailableUpdate took 21 ms
2026-02-08 16:39:35.414 T:28456   debug <general>: Thread waiting 28456 terminating
2026-02-08 16:39:35.416 T:19928   debug <general>: Thread BackgroundLoader start, auto delete: false
2026-02-08 16:39:35.416 T:19928   debug <general>: Thread BackgroundLoader 19928 terminating
2026-02-08 16:39:35.429 T:23856   debug <general>: Resolved addon path https://mirrors.kodi.tv/addons/omega/script.module.chardet/script.module.chardet-5.1.0.zip to https://ftp.fau.de/xbmc/addons/omega/script.module.chardet/script.module.chardet-5.1.0.zip hash d5010fc55a9523d86a306ae9e6a8dea0e3248fe079b9ed37280fe86110cd766a
2026-02-08 16:39:35.430 T:23856   debug <general>: XCURL::DllLibCurlGlobal::easy_acquire - Created session to https://ftp.fau.de
2026-02-08 16:39:35.452 T:6880    debug <general>: CCurlFile::XFILE::CCurlFile::GetMimeType - <https://rpeters1430.github.io/repository.dobbelina/plugin.video.cumination/icon.png> -> failed
2026-02-08 16:39:35.452 T:6880    debug <general>: CurlFile::XFILE::CCurlFile::Open - <https://rpeters1430.github.io/repository.dobbelina/plugin.video.cumination/icon.png>
2026-02-08 16:39:35.482 T:6880    error <general>: CCurlFile::XFILE::CCurlFile::Open - <https://rpeters1430.github.io/repository.dobbelina/plugin.video.cumination/icon.png> Failed with code 404:
                                                   
2026-02-08 16:39:35.521 T:6880    debug <general>: CCurlFile::XFILE::CCurlFile::GetMimeType - <https://rpeters1430.github.io/repository.dobbelina/plugin.video.uwc/icon.png> -> failed
2026-02-08 16:39:35.521 T:6880    debug <general>: CurlFile::XFILE::CCurlFile::Open - <https://rpeters1430.github.io/repository.dobbelina/plugin.video.uwc/icon.png>
2026-02-08 16:39:35.552 T:6880    error <general>: CCurlFile::XFILE::CCurlFile::Open - <https://rpeters1430.github.io/repository.dobbelina/plugin.video.uwc/icon.png> Failed with code 404:
                                                   
2026-02-08 16:39:36.381 T:23856   debug <general>: CurlFile::XFILE::CCurlFile::Open - <https://ftp.fau.de/xbmc/addons/omega/script.module.chardet/script.module.chardet-5.1.0.zip>
2026-02-08 16:39:37.506 T:23856   debug <general>: CAddonDatabase: SELECT repo.id FROM repo .. took 0 ms
2026-02-08 16:39:37.509 T:23856   debug <general>: CAddonDatabase: query  SELECT addons.*, repo.addonID AS repoID FROM addons JOIN addonlinkrepo ON addons.id=addonlinkrepo.idAddon JOIN repo ON repo.id=addonlinkrepo.idRepo WHERE addonlinkrepo.idRepo IN (1,2) ORDER BY repo.addonID, addons.addonID returned 1041 rows in 2 ms
2026-02-08 16:39:37.526 T:23856   debug <general>: CAddonDatabase::GetAddons took 19 ms
2026-02-08 16:39:37.528 T:23856   debug <general>: Unpacking zip://special%3a%2f%2fhome%2faddons%2fpackages%2fscript.module.chardet-5.1.0.zip/script.module.chardet/ to C:\Users\James\AppData\Roaming\Kodi\addons\temp\71435a71-950a-42af-b380-550c9c6025e9
2026-02-08 16:39:37.711 T:23856   debug <general>: CAddonInfoBuilder::ParseXMLTypes: Binary addon found: peripheral.joystick
2026-02-08 16:39:37.715 T:23856   debug <general>: CAddonInfoBuilder::ParseXMLTypes: Binary addon found: inputstream.adaptive
2026-02-08 16:39:37.715 T:23856   debug <general>: CAddonMgr::ADDON::CAddonMgr::FindAddons: Addon 'metadata.album.universal' already present with version 3.1.4 at 'C:\Program Files\Kodi\addons\metadata.album.universal\' replaced with version 3.1.18 at 'C:\Users\James\AppData\Roaming\Kodi\addons\metadata.album.universal\'
2026-02-08 16:39:37.716 T:23856   debug <general>: CAddonMgr::ADDON::CAddonMgr::FindAddons: Addon 'metadata.artists.universal' already present with version 4.3.3 at 'C:\Program Files\Kodi\addons\metadata.artists.universal\' replaced with version 4.3.21 at 'C:\Users\James\AppData\Roaming\Kodi\addons\metadata.artists.universal\'
2026-02-08 16:39:37.716 T:23856   debug <general>: CAddonMgr::ADDON::CAddonMgr::FindAddons: Addon 'metadata.common.fanart.tv' already present with version 3.6.3 at 'C:\Program Files\Kodi\addons\metadata.common.fanart.tv\' replaced with version 3.6.5 at 'C:\Users\James\AppData\Roaming\Kodi\addons\metadata.common.fanart.tv\'
2026-02-08 16:39:37.716 T:23856   debug <general>: CAddonMgr::ADDON::CAddonMgr::FindAddons: Addon 'metadata.generic.albums' already present with version 1.0.14 at 'C:\Program Files\Kodi\addons\metadata.generic.albums\' replaced with version 1.0.18 at 'C:\Users\James\AppData\Roaming\Kodi\addons\metadata.generic.albums\'
2026-02-08 16:39:37.716 T:23856   debug <general>: CAddonMgr::ADDON::CAddonMgr::FindAddons: Addon 'metadata.themoviedb.org.python' already present with version 1.3.1+matrix.1 at 'C:\Program Files\Kodi\addons\metadata.themoviedb.org.python\' replaced with version 3.1.3 at 'C:\Users\James\AppData\Roaming\Kodi\addons\metadata.themoviedb.org.python\'
2026-02-08 16:39:37.717 T:23856   debug <general>: CAddonMgr::ADDON::CAddonMgr::FindAddons: Addon 'metadata.tvshows.themoviedb.org.python' already present with version 1.6.0 at 'C:\Program Files\Kodi\addons\metadata.tvshows.themoviedb.org.python\' replaced with version 1.7.4 at 'C:\Users\James\AppData\Roaming\Kodi\addons\metadata.tvshows.themoviedb.org.python\'
2026-02-08 16:39:37.719 T:23856   debug <general>: CAddonMgr::ADDON::CAddonMgr::FindAddons: Addon 'service.xbmc.versioncheck' already present with version 0.5.27+matrix.1 at 'C:\Program Files\Kodi\addons\service.xbmc.versioncheck\' replaced with version 0.5.30+matrix.1 at 'C:\Users\James\AppData\Roaming\Kodi\addons\service.xbmc.versioncheck\'
2026-02-08 16:39:37.719 T:23856    info <general>: CAddonMgr::ADDON::CAddonMgr::FindAddon: script.module.chardet v5.1.0 installed
2026-02-08 16:39:38.233 T:23856   debug <general>: CAddonMgr: script.module.chardet successfully loaded
2026-02-08 16:39:38.233 T:23856   debug <general>: ADDONS: dependency [script.module.chardet] will not be version checked and unpinned
2026-02-08 16:39:38.233 T:23856   debug <general>: CurlFile::XFILE::CCurlFile::Open - <https://mirrors.kodi.tv/addons/omega/script.module.idna/script.module.idna-3.10.0.zip>
2026-02-08 16:39:38.233 T:6880    debug <general>: ContextMenuManager: addon menus reloaded.
2026-02-08 16:39:38.245 T:27996   debug <general>: CGUIMediaWindow::GetDirectory (addons://repository.dobbelina/xbmc.addon.video)
2026-02-08 16:39:38.245 T:27996   debug <general>:   ParentPath = [addons://repository.dobbelina/xbmc.addon.video]
2026-02-08 16:39:38.245 T:28016   debug <general>: Thread waiting start, auto delete: false
2026-02-08 16:39:38.245 T:28016   debug <general>: CAddonDatabase: SELECT repo.id FROM repo .. took 0 ms
2026-02-08 16:39:38.245 T:28016   debug <general>: CAddonDatabase: query  SELECT addons.*, repo.addonID AS repoID FROM addons JOIN addonlinkrepo ON addons.id=addonlinkrepo.idAddon JOIN repo ON repo.id=addonlinkrepo.idRepo WHERE addonlinkrepo.idRepo IN (2) ORDER BY repo.addonID, addons.addonID returned 8 rows in 0 ms
2026-02-08 16:39:38.246 T:28016   debug <general>: CAddonDatabase::GetAddons took 0 ms
2026-02-08 16:39:38.246 T:28016   debug <general>: CAddonDatabase: SELECT repo.id FROM repo .. took 0 ms
2026-02-08 16:39:38.249 T:28016   debug <general>: CAddonDatabase: query  SELECT addons.*, repo.addonID AS repoID FROM addons JOIN addonlinkrepo ON addons.id=addonlinkrepo.idAddon JOIN repo ON repo.id=addonlinkrepo.idRepo WHERE addonlinkrepo.idRepo IN (1,2) ORDER BY repo.addonID, addons.addonID returned 1041 rows in 2 ms
2026-02-08 16:39:38.264 T:28016   debug <general>: CAddonDatabase::GetAddons took 17 ms
2026-02-08 16:39:38.266 T:28016   debug <general>: CAddonMgr::GetAddonsWithAvailableUpdate took 19 ms
2026-02-08 16:39:38.266 T:28016   debug <general>: Thread waiting 28016 terminating
2026-02-08 16:39:38.267 T:6820    debug <general>: Thread BackgroundLoader start, auto delete: false
2026-02-08 16:39:38.268 T:6820    debug <general>: Thread BackgroundLoader 6820 terminating
2026-02-08 16:39:38.279 T:23856   debug <general>: Resolved addon path https://mirrors.kodi.tv/addons/omega/script.module.idna/script.module.idna-3.10.0.zip to https://mirrors.dotsrc.org/kodi/addons/omega/script.module.idna/script.module.idna-3.10.0.zip hash c4ff34dbfab2736e9214a374d331bd6f558d8b3fea8eb7902e210749509242b3
2026-02-08 16:39:38.280 T:23856   debug <general>: XCURL::DllLibCurlGlobal::easy_acquire - Created session to https://mirrors.dotsrc.org
2026-02-08 16:39:38.301 T:6880    debug <general>: CCurlFile::XFILE::CCurlFile::GetMimeType - <https://rpeters1430.github.io/repository.dobbelina/plugin.video.cumination/icon.png> -> failed
2026-02-08 16:39:38.301 T:6880    debug <general>: CurlFile::XFILE::CCurlFile::Open - <https://rpeters1430.github.io/repository.dobbelina/plugin.video.cumination/icon.png>
2026-02-08 16:39:38.335 T:6880    error <general>: CCurlFile::XFILE::CCurlFile::Open - <https://rpeters1430.github.io/repository.dobbelina/plugin.video.cumination/icon.png> Failed with code 404:
                                                   
2026-02-08 16:39:38.369 T:6880    debug <general>: CCurlFile::XFILE::CCurlFile::GetMimeType - <https://rpeters1430.github.io/repository.dobbelina/plugin.video.uwc/icon.png> -> failed
2026-02-08 16:39:38.369 T:6880    debug <general>: CurlFile::XFILE::CCurlFile::Open - <https://rpeters1430.github.io/repository.dobbelina/plugin.video.uwc/icon.png>
2026-02-08 16:39:38.396 T:6880    error <general>: CCurlFile::XFILE::CCurlFile::Open - <https://rpeters1430.github.io/repository.dobbelina/plugin.video.uwc/icon.png> Failed with code 404:
                                                   
2026-02-08 16:39:39.123 T:23856   debug <general>: CurlFile::XFILE::CCurlFile::Open - <https://mirrors.dotsrc.org/kodi/addons/omega/script.module.idna/script.module.idna-3.10.0.zip>
2026-02-08 16:39:40.095 T:23856   debug <general>: CAddonDatabase: SELECT repo.id FROM repo .. took 0 ms
2026-02-08 16:39:40.100 T:23856   debug <general>: CAddonDatabase: query  SELECT addons.*, repo.addonID AS repoID FROM addons JOIN addonlinkrepo ON addons.id=addonlinkrepo.idAddon JOIN repo ON repo.id=addonlinkrepo.idRepo WHERE addonlinkrepo.idRepo IN (1,2) ORDER BY repo.addonID, addons.addonID returned 1041 rows in 4 ms
2026-02-08 16:39:40.117 T:23856   debug <general>: CAddonDatabase::GetAddons took 22 ms
2026-02-08 16:39:40.119 T:23856   debug <general>: Unpacking zip://special%3a%2f%2fhome%2faddons%2fpackages%2fscript.module.idna-3.10.0.zip/script.module.idna/ to C:\Users\James\AppData\Roaming\Kodi\addons\temp\0f58d737-c7e7-4312-bfd9-6b533ec9ddb1
2026-02-08 16:39:40.140 T:23856   debug <general>: CAddonInfoBuilder::ParseXMLTypes: Binary addon found: peripheral.joystick
2026-02-08 16:39:40.143 T:23856   debug <general>: CAddonInfoBuilder::ParseXMLTypes: Binary addon found: inputstream.adaptive
2026-02-08 16:39:40.144 T:23856   debug <general>: CAddonMgr::ADDON::CAddonMgr::FindAddons: Addon 'metadata.album.universal' already present with version 3.1.4 at 'C:\Program Files\Kodi\addons\metadata.album.universal\' replaced with version 3.1.18 at 'C:\Users\James\AppData\Roaming\Kodi\addons\metadata.album.universal\'
2026-02-08 16:39:40.144 T:23856   debug <general>: CAddonMgr::ADDON::CAddonMgr::FindAddons: Addon 'metadata.artists.universal' already present with version 4.3.3 at 'C:\Program Files\Kodi\addons\metadata.artists.universal\' replaced with version 4.3.21 at 'C:\Users\James\AppData\Roaming\Kodi\addons\metadata.artists.universal\'
2026-02-08 16:39:40.145 T:23856   debug <general>: CAddonMgr::ADDON::CAddonMgr::FindAddons: Addon 'metadata.common.fanart.tv' already present with version 3.6.3 at 'C:\Program Files\Kodi\addons\metadata.common.fanart.tv\' replaced with version 3.6.5 at 'C:\Users\James\AppData\Roaming\Kodi\addons\metadata.common.fanart.tv\'
2026-02-08 16:39:40.145 T:23856   debug <general>: CAddonMgr::ADDON::CAddonMgr::FindAddons: Addon 'metadata.generic.albums' already present with version 1.0.14 at 'C:\Program Files\Kodi\addons\metadata.generic.albums\' replaced with version 1.0.18 at 'C:\Users\James\AppData\Roaming\Kodi\addons\metadata.generic.albums\'
2026-02-08 16:39:40.145 T:23856   debug <general>: CAddonMgr::ADDON::CAddonMgr::FindAddons: Addon 'metadata.themoviedb.org.python' already present with version 1.3.1+matrix.1 at 'C:\Program Files\Kodi\addons\metadata.themoviedb.org.python\' replaced with version 3.1.3 at 'C:\Users\James\AppData\Roaming\Kodi\addons\metadata.themoviedb.org.python\'
2026-02-08 16:39:40.146 T:23856   debug <general>: CAddonMgr::ADDON::CAddonMgr::FindAddons: Addon 'metadata.tvshows.themoviedb.org.python' already present with version 1.6.0 at 'C:\Program Files\Kodi\addons\metadata.tvshows.themoviedb.org.python\' replaced with version 1.7.4 at 'C:\Users\James\AppData\Roaming\Kodi\addons\metadata.tvshows.themoviedb.org.python\'
2026-02-08 16:39:40.147 T:23856   debug <general>: CAddonMgr::ADDON::CAddonMgr::FindAddons: Addon 'service.xbmc.versioncheck' already present with version 0.5.27+matrix.1 at 'C:\Program Files\Kodi\addons\service.xbmc.versioncheck\' replaced with version 0.5.30+matrix.1 at 'C:\Users\James\AppData\Roaming\Kodi\addons\service.xbmc.versioncheck\'
2026-02-08 16:39:40.148 T:23856    info <general>: CAddonMgr::ADDON::CAddonMgr::FindAddon: script.module.idna v3.10.0 installed
2026-02-08 16:39:40.472 T:23856   debug <general>: CAddonMgr: script.module.idna successfully loaded
2026-02-08 16:39:40.472 T:23856   debug <general>: ADDONS: dependency [script.module.idna] will not be version checked and unpinned
2026-02-08 16:39:40.472 T:6880    debug <general>: ContextMenuManager: addon menus reloaded.
2026-02-08 16:39:40.476 T:23856   debug <general>: CurlFile::XFILE::CCurlFile::Open - <https://mirrors.kodi.tv/addons/omega/script.module.urllib3/script.module.urllib3-2.2.3.zip>
2026-02-08 16:39:40.502 T:27996   debug <general>: CGUIMediaWindow::GetDirectory (addons://repository.dobbelina/xbmc.addon.video)
2026-02-08 16:39:40.502 T:27996   debug <general>:   ParentPath = [addons://repository.dobbelina/xbmc.addon.video]
2026-02-08 16:39:40.502 T:14792   debug <general>: Thread waiting start, auto delete: false
2026-02-08 16:39:40.502 T:14792   debug <general>: CAddonDatabase: SELECT repo.id FROM repo .. took 0 ms
2026-02-08 16:39:40.503 T:14792   debug <general>: CAddonDatabase: query  SELECT addons.*, repo.addonID AS repoID FROM addons JOIN addonlinkrepo ON addons.id=addonlinkrepo.idAddon JOIN repo ON repo.id=addonlinkrepo.idRepo WHERE addonlinkrepo.idRepo IN (2) ORDER BY repo.addonID, addons.addonID returned 8 rows in 0 ms
2026-02-08 16:39:40.503 T:14792   debug <general>: CAddonDatabase::GetAddons took 0 ms
2026-02-08 16:39:40.503 T:14792   debug <general>: CAddonDatabase: SELECT repo.id FROM repo .. took 0 ms
2026-02-08 16:39:40.506 T:14792   debug <general>: CAddonDatabase: query  SELECT addons.*, repo.addonID AS repoID FROM addons JOIN addonlinkrepo ON addons.id=addonlinkrepo.idAddon JOIN repo ON repo.id=addonlinkrepo.idRepo WHERE addonlinkrepo.idRepo IN (1,2) ORDER BY repo.addonID, addons.addonID returned 1041 rows in 2 ms
2026-02-08 16:39:40.520 T:23856   debug <general>: Resolved addon path https://mirrors.kodi.tv/addons/omega/script.module.urllib3/script.module.urllib3-2.2.3.zip to https://ftp.halifax.rwth-aachen.de/xbmc/addons/omega/script.module.urllib3/script.module.urllib3-2.2.3.zip hash 740b2d63bb50eee9fb35f01c567ec8d3588c5bbd548e2b8d280932be30d82f53
2026-02-08 16:39:40.522 T:14792   debug <general>: CAddonDatabase::GetAddons took 18 ms
2026-02-08 16:39:40.523 T:14792   debug <general>: CAddonMgr::GetAddonsWithAvailableUpdate took 20 ms
2026-02-08 16:39:40.524 T:14792   debug <general>: Thread waiting 14792 terminating
2026-02-08 16:39:40.525 T:3460    debug <general>: Thread BackgroundLoader start, auto delete: false
2026-02-08 16:39:40.526 T:3460    debug <general>: Thread BackgroundLoader 3460 terminating
2026-02-08 16:39:40.560 T:6880    debug <general>: CCurlFile::XFILE::CCurlFile::GetMimeType - <https://rpeters1430.github.io/repository.dobbelina/plugin.video.cumination/icon.png> -> failed
2026-02-08 16:39:40.560 T:6880    debug <general>: CurlFile::XFILE::CCurlFile::Open - <https://rpeters1430.github.io/repository.dobbelina/plugin.video.cumination/icon.png>
2026-02-08 16:39:40.593 T:6880    error <general>: CCurlFile::XFILE::CCurlFile::Open - <https://rpeters1430.github.io/repository.dobbelina/plugin.video.cumination/icon.png> Failed with code 404:
                                                   
2026-02-08 16:39:40.624 T:6880    debug <general>: CCurlFile::XFILE::CCurlFile::GetMimeType - <https://rpeters1430.github.io/repository.dobbelina/plugin.video.uwc/icon.png> -> failed
2026-02-08 16:39:40.625 T:6880    debug <general>: CurlFile::XFILE::CCurlFile::Open - <https://rpeters1430.github.io/repository.dobbelina/plugin.video.uwc/icon.png>
2026-02-08 16:39:40.659 T:6880    error <general>: CCurlFile::XFILE::CCurlFile::Open - <https://rpeters1430.github.io/repository.dobbelina/plugin.video.uwc/icon.png> Failed with code 404:
                                                   
2026-02-08 16:39:40.716 T:23856   debug <general>: CurlFile::XFILE::CCurlFile::Open - <https://ftp.halifax.rwth-aachen.de/xbmc/addons/omega/script.module.urllib3/script.module.urllib3-2.2.3.zip>
2026-02-08 16:39:41.423 T:23856   debug <general>: CAddonDatabase: SELECT repo.id FROM repo .. took 0 ms
2026-02-08 16:39:41.426 T:23856   debug <general>: CAddonDatabase: query  SELECT addons.*, repo.addonID AS repoID FROM addons JOIN addonlinkrepo ON addons.id=addonlinkrepo.idAddon JOIN repo ON repo.id=addonlinkrepo.idRepo WHERE addonlinkrepo.idRepo IN (1,2) ORDER BY repo.addonID, addons.addonID returned 1041 rows in 2 ms
2026-02-08 16:39:41.443 T:23856   debug <general>: CAddonDatabase::GetAddons took 19 ms
2026-02-08 16:39:41.445 T:23856   debug <general>: Unpacking zip://special%3a%2f%2fhome%2faddons%2fpackages%2fscript.module.urllib3-2.2.3.zip/script.module.urllib3/ to C:\Users\James\AppData\Roaming\Kodi\addons\temp\c9a92e4d-fa16-44b6-901d-072fd7a4db24
2026-02-08 16:39:41.600 T:23856   debug <general>: CAddonInfoBuilder::ParseXMLTypes: Binary addon found: peripheral.joystick
2026-02-08 16:39:41.605 T:23856   debug <general>: CAddonInfoBuilder::ParseXMLTypes: Binary addon found: inputstream.adaptive
2026-02-08 16:39:41.605 T:23856   debug <general>: CAddonMgr::ADDON::CAddonMgr::FindAddons: Addon 'metadata.album.universal' already present with version 3.1.4 at 'C:\Program Files\Kodi\addons\metadata.album.universal\' replaced with version 3.1.18 at 'C:\Users\James\AppData\Roaming\Kodi\addons\metadata.album.universal\'
2026-02-08 16:39:41.606 T:23856   debug <general>: CAddonMgr::ADDON::CAddonMgr::FindAddons: Addon 'metadata.artists.universal' already present with version 4.3.3 at 'C:\Program Files\Kodi\addons\metadata.artists.universal\' replaced with version 4.3.21 at 'C:\Users\James\AppData\Roaming\Kodi\addons\metadata.artists.universal\'
2026-02-08 16:39:41.606 T:23856   debug <general>: CAddonMgr::ADDON::CAddonMgr::FindAddons: Addon 'metadata.common.fanart.tv' already present with version 3.6.3 at 'C:\Program Files\Kodi\addons\metadata.common.fanart.tv\' replaced with version 3.6.5 at 'C:\Users\James\AppData\Roaming\Kodi\addons\metadata.common.fanart.tv\'
2026-02-08 16:39:41.606 T:23856   debug <general>: CAddonMgr::ADDON::CAddonMgr::FindAddons: Addon 'metadata.generic.albums' already present with version 1.0.14 at 'C:\Program Files\Kodi\addons\metadata.generic.albums\' replaced with version 1.0.18 at 'C:\Users\James\AppData\Roaming\Kodi\addons\metadata.generic.albums\'
2026-02-08 16:39:41.606 T:23856   debug <general>: CAddonMgr::ADDON::CAddonMgr::FindAddons: Addon 'metadata.themoviedb.org.python' already present with version 1.3.1+matrix.1 at 'C:\Program Files\Kodi\addons\metadata.themoviedb.org.python\' replaced with version 3.1.3 at 'C:\Users\James\AppData\Roaming\Kodi\addons\metadata.themoviedb.org.python\'
2026-02-08 16:39:41.607 T:23856   debug <general>: CAddonMgr::ADDON::CAddonMgr::FindAddons: Addon 'metadata.tvshows.themoviedb.org.python' already present with version 1.6.0 at 'C:\Program Files\Kodi\addons\metadata.tvshows.themoviedb.org.python\' replaced with version 1.7.4 at 'C:\Users\James\AppData\Roaming\Kodi\addons\metadata.tvshows.themoviedb.org.python\'
2026-02-08 16:39:41.609 T:23856   debug <general>: CAddonMgr::ADDON::CAddonMgr::FindAddons: Addon 'service.xbmc.versioncheck' already present with version 0.5.27+matrix.1 at 'C:\Program Files\Kodi\addons\service.xbmc.versioncheck\' replaced with version 0.5.30+matrix.1 at 'C:\Users\James\AppData\Roaming\Kodi\addons\service.xbmc.versioncheck\'
2026-02-08 16:39:41.609 T:23856    info <general>: CAddonMgr::ADDON::CAddonMgr::FindAddon: script.module.urllib3 v2.2.3 installed
2026-02-08 16:39:41.758 T:23856   debug <general>: CAddonMgr: script.module.urllib3 successfully loaded
2026-02-08 16:39:41.758 T:6880    debug <general>: ContextMenuManager: addon menus reloaded.
2026-02-08 16:39:41.759 T:23856   debug <general>: ADDONS: dependency [script.module.urllib3] will not be version checked and unpinned
2026-02-08 16:39:41.760 T:23856   debug <general>: Unpacking zip://special%3a%2f%2fhome%2faddons%2fpackages%2fscript.module.requests-2.31.0.zip/script.module.requests/ to C:\Users\James\AppData\Roaming\Kodi\addons\temp\335c4ba8-799e-4145-8fa0-fef1b50785ae
2026-02-08 16:39:41.767 T:27996   debug <general>: CGUIMediaWindow::GetDirectory (addons://repository.dobbelina/xbmc.addon.video)
2026-02-08 16:39:41.767 T:27996   debug <general>:   ParentPath = [addons://repository.dobbelina/xbmc.addon.video]
2026-02-08 16:39:41.767 T:18424   debug <general>: Thread waiting start, auto delete: false
2026-02-08 16:39:41.768 T:18424   debug <general>: CAddonDatabase: SELECT repo.id FROM repo .. took 0 ms
2026-02-08 16:39:41.768 T:18424   debug <general>: CAddonDatabase: query  SELECT addons.*, repo.addonID AS repoID FROM addons JOIN addonlinkrepo ON addons.id=addonlinkrepo.idAddon JOIN repo ON repo.id=addonlinkrepo.idRepo WHERE addonlinkrepo.idRepo IN (2) ORDER BY repo.addonID, addons.addonID returned 8 rows in 0 ms
2026-02-08 16:39:41.768 T:18424   debug <general>: CAddonDatabase::GetAddons took 0 ms
2026-02-08 16:39:41.768 T:18424   debug <general>: CAddonDatabase: SELECT repo.id FROM repo .. took 0 ms
2026-02-08 16:39:41.771 T:18424   debug <general>: CAddonDatabase: query  SELECT addons.*, repo.addonID AS repoID FROM addons JOIN addonlinkrepo ON addons.id=addonlinkrepo.idAddon JOIN repo ON repo.id=addonlinkrepo.idRepo WHERE addonlinkrepo.idRepo IN (1,2) ORDER BY repo.addonID, addons.addonID returned 1041 rows in 2 ms
2026-02-08 16:39:41.787 T:18424   debug <general>: CAddonDatabase::GetAddons took 18 ms
2026-02-08 16:39:41.789 T:18424   debug <general>: CAddonMgr::GetAddonsWithAvailableUpdate took 20 ms
2026-02-08 16:39:41.795 T:23856   debug <general>: CAddonInfoBuilder::ParseXMLTypes: Binary addon found: peripheral.joystick
2026-02-08 16:39:41.798 T:23856   debug <general>: CAddonInfoBuilder::ParseXMLTypes: Binary addon found: inputstream.adaptive
2026-02-08 16:39:41.799 T:23856   debug <general>: CAddonMgr::ADDON::CAddonMgr::FindAddons: Addon 'metadata.album.universal' already present with version 3.1.4 at 'C:\Program Files\Kodi\addons\metadata.album.universal\' replaced with version 3.1.18 at 'C:\Users\James\AppData\Roaming\Kodi\addons\metadata.album.universal\'
2026-02-08 16:39:41.799 T:23856   debug <general>: CAddonMgr::ADDON::CAddonMgr::FindAddons: Addon 'metadata.artists.universal' already present with version 4.3.3 at 'C:\Program Files\Kodi\addons\metadata.artists.universal\' replaced with version 4.3.21 at 'C:\Users\James\AppData\Roaming\Kodi\addons\metadata.artists.universal\'
2026-02-08 16:39:41.799 T:23856   debug <general>: CAddonMgr::ADDON::CAddonMgr::FindAddons: Addon 'metadata.common.fanart.tv' already present with version 3.6.3 at 'C:\Program Files\Kodi\addons\metadata.common.fanart.tv\' replaced with version 3.6.5 at 'C:\Users\James\AppData\Roaming\Kodi\addons\metadata.common.fanart.tv\'
2026-02-08 16:39:41.800 T:23856   debug <general>: CAddonMgr::ADDON::CAddonMgr::FindAddons: Addon 'metadata.generic.albums' already present with version 1.0.14 at 'C:\Program Files\Kodi\addons\metadata.generic.albums\' replaced with version 1.0.18 at 'C:\Users\James\AppData\Roaming\Kodi\addons\metadata.generic.albums\'
2026-02-08 16:39:41.800 T:23856   debug <general>: CAddonMgr::ADDON::CAddonMgr::FindAddons: Addon 'metadata.themoviedb.org.python' already present with version 1.3.1+matrix.1 at 'C:\Program Files\Kodi\addons\metadata.themoviedb.org.python\' replaced with version 3.1.3 at 'C:\Users\James\AppData\Roaming\Kodi\addons\metadata.themoviedb.org.python\'
2026-02-08 16:39:41.800 T:23856   debug <general>: CAddonMgr::ADDON::CAddonMgr::FindAddons: Addon 'metadata.tvshows.themoviedb.org.python' already present with version 1.6.0 at 'C:\Program Files\Kodi\addons\metadata.tvshows.themoviedb.org.python\' replaced with version 1.7.4 at 'C:\Users\James\AppData\Roaming\Kodi\addons\metadata.tvshows.themoviedb.org.python\'
2026-02-08 16:39:41.802 T:23856   debug <general>: CAddonMgr::ADDON::CAddonMgr::FindAddons: Addon 'service.xbmc.versioncheck' already present with version 0.5.27+matrix.1 at 'C:\Program Files\Kodi\addons\service.xbmc.versioncheck\' replaced with version 0.5.30+matrix.1 at 'C:\Users\James\AppData\Roaming\Kodi\addons\service.xbmc.versioncheck\'
2026-02-08 16:39:41.802 T:23856    info <general>: CAddonMgr::ADDON::CAddonMgr::FindAddon: script.module.requests v2.31.0 installed
2026-02-08 16:39:41.869 T:27996   debug <general>: ------ Window Init (DialogBusy.xml) ------
2026-02-08 16:39:41.949 T:23856   debug <general>: CAddonMgr: script.module.requests successfully loaded
2026-02-08 16:39:41.950 T:18424   debug <general>: Thread waiting 18424 terminating
2026-02-08 16:39:41.950 T:23856   debug <general>: ADDONS: dependency [script.module.requests] will not be version checked and unpinned
2026-02-08 16:39:41.950 T:6880    debug <general>: ContextMenuManager: addon menus reloaded.
2026-02-08 16:39:41.951 T:23856   debug <general>: CurlFile::XFILE::CCurlFile::Open - <https://mirrors.kodi.tv/addons/omega/script.module.beautifulsoup4/script.module.beautifulsoup4-4.12.2.zip>
2026-02-08 16:39:41.953 T:27996   debug <general>: ------ Window Deinit (DialogBusy.xml) ------
2026-02-08 16:39:41.954 T:27996 warning <general>: CGUIMediaWindow::OnMessage - updating in progress
2026-02-08 16:39:41.963 T:15484   debug <general>: Thread BackgroundLoader start, auto delete: false
2026-02-08 16:39:41.963 T:15484   debug <general>: Thread BackgroundLoader 15484 terminating
2026-02-08 16:39:42.016 T:6880    debug <general>: CCurlFile::XFILE::CCurlFile::GetMimeType - <https://rpeters1430.github.io/repository.dobbelina/plugin.video.cumination/icon.png> -> failed
2026-02-08 16:39:42.016 T:6880    debug <general>: CurlFile::XFILE::CCurlFile::Open - <https://rpeters1430.github.io/repository.dobbelina/plugin.video.cumination/icon.png>
2026-02-08 16:39:42.025 T:23856   debug <general>: Resolved addon path https://mirrors.kodi.tv/addons/omega/script.module.beautifulsoup4/script.module.beautifulsoup4-4.12.2.zip to https://mirror.accum.se/mirror/xbmc.org/addons/omega/script.module.beautifulsoup4/script.module.beautifulsoup4-4.12.2.zip hash 20e7e56c9f2575bc3977b7d1c875a4a56163b789a4c088a561d988f4c64fd3cd
2026-02-08 16:39:42.025 T:23856   debug <general>: XCURL::DllLibCurlGlobal::easy_acquire - Created session to https://mirror.accum.se
2026-02-08 16:39:42.048 T:6880    error <general>: CCurlFile::XFILE::CCurlFile::Open - <https://rpeters1430.github.io/repository.dobbelina/plugin.video.cumination/icon.png> Failed with code 404:
                                                   
2026-02-08 16:39:42.091 T:6880    debug <general>: CCurlFile::XFILE::CCurlFile::GetMimeType - <https://rpeters1430.github.io/repository.dobbelina/plugin.video.uwc/icon.png> -> failed
2026-02-08 16:39:42.092 T:6880    debug <general>: CurlFile::XFILE::CCurlFile::Open - <https://rpeters1430.github.io/repository.dobbelina/plugin.video.uwc/icon.png>
2026-02-08 16:39:42.129 T:6880    error <general>: CCurlFile::XFILE::CCurlFile::Open - <https://rpeters1430.github.io/repository.dobbelina/plugin.video.uwc/icon.png> Failed with code 404:
                                                   
2026-02-08 16:39:43.128 T:23856   debug <general>: CurlFile::XFILE::CCurlFile::Open - <https://mirror.accum.se/mirror/xbmc.org/addons/omega/script.module.beautifulsoup4/script.module.beautifulsoup4-4.12.2.zip>
2026-02-08 16:39:44.178 T:23856   debug <general>: CAddonDatabase: SELECT repo.id FROM repo .. took 0 ms
2026-02-08 16:39:44.182 T:23856   debug <general>: CAddonDatabase: query  SELECT addons.*, repo.addonID AS repoID FROM addons JOIN addonlinkrepo ON addons.id=addonlinkrepo.idAddon JOIN repo ON repo.id=addonlinkrepo.idRepo WHERE addonlinkrepo.idRepo IN (1,2) ORDER BY repo.addonID, addons.addonID returned 1041 rows in 3 ms
2026-02-08 16:39:44.200 T:23856   debug <general>: CAddonDatabase::GetAddons took 21 ms
2026-02-08 16:39:44.202 T:23856   debug <general>: CurlFile::XFILE::CCurlFile::Open - <https://mirrors.kodi.tv/addons/omega/script.module.soupsieve/script.module.soupsieve-2.4.1.zip>
2026-02-08 16:39:44.247 T:23856   debug <general>: Resolved addon path https://mirrors.kodi.tv/addons/omega/script.module.soupsieve/script.module.soupsieve-2.4.1.zip to https://mirror.hro.nl/xbmc/addons/omega/script.module.soupsieve/script.module.soupsieve-2.4.1.zip hash dd8c8f17c3c8e8a87b700d2c076f6771a81b08e3ba313bb5c64ddc1500788d8b
2026-02-08 16:39:44.248 T:23856   debug <general>: XCURL::DllLibCurlGlobal::easy_acquire - Created session to https://mirror.hro.nl
2026-02-08 16:39:44.417 T:27996   debug <general>: XCURL::DllLibCurlGlobal::CheckIdle - Closing session to https://raw.githubusercontent.com (easy=0x21e95dd2060, multi=0x21e93ed42e0)
2026-02-08 16:39:45.074 T:23856   debug <general>: CurlFile::XFILE::CCurlFile::Open - <https://mirror.hro.nl/xbmc/addons/omega/script.module.soupsieve/script.module.soupsieve-2.4.1.zip>
2026-02-08 16:39:45.835 T:23856   debug <general>: CAddonDatabase: SELECT repo.id FROM repo .. took 0 ms
2026-02-08 16:39:45.838 T:23856   debug <general>: CAddonDatabase: query  SELECT addons.*, repo.addonID AS repoID FROM addons JOIN addonlinkrepo ON addons.id=addonlinkrepo.idAddon JOIN repo ON repo.id=addonlinkrepo.idRepo WHERE addonlinkrepo.idRepo IN (1,2) ORDER BY repo.addonID, addons.addonID returned 1041 rows in 2 ms
2026-02-08 16:39:45.854 T:23856   debug <general>: CAddonDatabase::GetAddons took 18 ms
2026-02-08 16:39:45.856 T:23856   debug <general>: Unpacking zip://special%3a%2f%2fhome%2faddons%2fpackages%2fscript.module.soupsieve-2.4.1.zip/script.module.soupsieve/ to C:\Users\James\AppData\Roaming\Kodi\addons\temp\649e081a-dcca-42e9-ac6c-9096129e5ca6
2026-02-08 16:39:45.870 T:23856   debug <general>: CAddonInfoBuilder::ParseXMLTypes: Binary addon found: peripheral.joystick
2026-02-08 16:39:45.874 T:23856   debug <general>: CAddonInfoBuilder::ParseXMLTypes: Binary addon found: inputstream.adaptive
2026-02-08 16:39:45.875 T:23856   debug <general>: CAddonMgr::ADDON::CAddonMgr::FindAddons: Addon 'metadata.album.universal' already present with version 3.1.4 at 'C:\Program Files\Kodi\addons\metadata.album.universal\' replaced with version 3.1.18 at 'C:\Users\James\AppData\Roaming\Kodi\addons\metadata.album.universal\'
2026-02-08 16:39:45.875 T:23856   debug <general>: CAddonMgr::ADDON::CAddonMgr::FindAddons: Addon 'metadata.artists.universal' already present with version 4.3.3 at 'C:\Program Files\Kodi\addons\metadata.artists.universal\' replaced with version 4.3.21 at 'C:\Users\James\AppData\Roaming\Kodi\addons\metadata.artists.universal\'
2026-02-08 16:39:45.875 T:23856   debug <general>: CAddonMgr::ADDON::CAddonMgr::FindAddons: Addon 'metadata.common.fanart.tv' already present with version 3.6.3 at 'C:\Program Files\Kodi\addons\metadata.common.fanart.tv\' replaced with version 3.6.5 at 'C:\Users\James\AppData\Roaming\Kodi\addons\metadata.common.fanart.tv\'
2026-02-08 16:39:45.875 T:23856   debug <general>: CAddonMgr::ADDON::CAddonMgr::FindAddons: Addon 'metadata.generic.albums' already present with version 1.0.14 at 'C:\Program Files\Kodi\addons\metadata.generic.albums\' replaced with version 1.0.18 at 'C:\Users\James\AppData\Roaming\Kodi\addons\metadata.generic.albums\'
2026-02-08 16:39:45.876 T:23856   debug <general>: CAddonMgr::ADDON::CAddonMgr::FindAddons: Addon 'metadata.themoviedb.org.python' already present with version 1.3.1+matrix.1 at 'C:\Program Files\Kodi\addons\metadata.themoviedb.org.python\' replaced with version 3.1.3 at 'C:\Users\James\AppData\Roaming\Kodi\addons\metadata.themoviedb.org.python\'
2026-02-08 16:39:45.876 T:23856   debug <general>: CAddonMgr::ADDON::CAddonMgr::FindAddons: Addon 'metadata.tvshows.themoviedb.org.python' already present with version 1.6.0 at 'C:\Program Files\Kodi\addons\metadata.tvshows.themoviedb.org.python\' replaced with version 1.7.4 at 'C:\Users\James\AppData\Roaming\Kodi\addons\metadata.tvshows.themoviedb.org.python\'
2026-02-08 16:39:45.878 T:23856   debug <general>: CAddonMgr::ADDON::CAddonMgr::FindAddons: Addon 'service.xbmc.versioncheck' already present with version 0.5.27+matrix.1 at 'C:\Program Files\Kodi\addons\service.xbmc.versioncheck\' replaced with version 0.5.30+matrix.1 at 'C:\Users\James\AppData\Roaming\Kodi\addons\service.xbmc.versioncheck\'
2026-02-08 16:39:45.878 T:23856    info <general>: CAddonMgr::ADDON::CAddonMgr::FindAddon: script.module.soupsieve v2.4.1 installed
2026-02-08 16:39:45.881 T:23856   debug <general>: CAddonMgr: script.module.soupsieve successfully loaded
2026-02-08 16:39:45.881 T:6880    debug <general>: ContextMenuManager: addon menus reloaded.
2026-02-08 16:39:45.881 T:23856   debug <general>: ADDONS: dependency [script.module.soupsieve] will not be version checked and unpinned
2026-02-08 16:39:45.882 T:23856   debug <general>: Unpacking zip://special%3a%2f%2fhome%2faddons%2fpackages%2fscript.module.beautifulsoup4-4.12.2.zip/script.module.beautifulsoup4/ to C:\Users\James\AppData\Roaming\Kodi\addons\temp\9412663e-f0f9-4539-ae4a-93eda440a970
2026-02-08 16:39:45.882 T:27996   debug <general>: CGUIMediaWindow::GetDirectory (addons://repository.dobbelina/xbmc.addon.video)
2026-02-08 16:39:45.882 T:27996   debug <general>:   ParentPath = [addons://repository.dobbelina/xbmc.addon.video]
2026-02-08 16:39:45.882 T:22104   debug <general>: Thread waiting start, auto delete: false
2026-02-08 16:39:45.883 T:22104   debug <general>: CAddonDatabase: SELECT repo.id FROM repo .. took 0 ms
2026-02-08 16:39:45.883 T:22104   debug <general>: CAddonDatabase: query  SELECT addons.*, repo.addonID AS repoID FROM addons JOIN addonlinkrepo ON addons.id=addonlinkrepo.idAddon JOIN repo ON repo.id=addonlinkrepo.idRepo WHERE addonlinkrepo.idRepo IN (2) ORDER BY repo.addonID, addons.addonID returned 8 rows in 0 ms
2026-02-08 16:39:45.883 T:22104   debug <general>: CAddonDatabase::GetAddons took 0 ms
2026-02-08 16:39:45.883 T:22104   debug <general>: CAddonDatabase: SELECT repo.id FROM repo .. took 0 ms
2026-02-08 16:39:45.886 T:22104   debug <general>: CAddonDatabase: query  SELECT addons.*, repo.addonID AS repoID FROM addons JOIN addonlinkrepo ON addons.id=addonlinkrepo.idAddon JOIN repo ON repo.id=addonlinkrepo.idRepo WHERE addonlinkrepo.idRepo IN (1,2) ORDER BY repo.addonID, addons.addonID returned 1041 rows in 2 ms
2026-02-08 16:39:45.903 T:22104   debug <general>: CAddonDatabase::GetAddons took 19 ms
2026-02-08 16:39:45.905 T:22104   debug <general>: CAddonMgr::GetAddonsWithAvailableUpdate took 21 ms
2026-02-08 16:39:45.912 T:23856   debug <general>: CAddonInfoBuilder::ParseXMLTypes: Binary addon found: peripheral.joystick
2026-02-08 16:39:45.915 T:23856   debug <general>: CAddonInfoBuilder::ParseXMLTypes: Binary addon found: inputstream.adaptive
2026-02-08 16:39:45.916 T:23856   debug <general>: CAddonMgr::ADDON::CAddonMgr::FindAddons: Addon 'metadata.album.universal' already present with version 3.1.4 at 'C:\Program Files\Kodi\addons\metadata.album.universal\' replaced with version 3.1.18 at 'C:\Users\James\AppData\Roaming\Kodi\addons\metadata.album.universal\'
2026-02-08 16:39:45.916 T:23856   debug <general>: CAddonMgr::ADDON::CAddonMgr::FindAddons: Addon 'metadata.artists.universal' already present with version 4.3.3 at 'C:\Program Files\Kodi\addons\metadata.artists.universal\' replaced with version 4.3.21 at 'C:\Users\James\AppData\Roaming\Kodi\addons\metadata.artists.universal\'
2026-02-08 16:39:45.916 T:23856   debug <general>: CAddonMgr::ADDON::CAddonMgr::FindAddons: Addon 'metadata.common.fanart.tv' already present with version 3.6.3 at 'C:\Program Files\Kodi\addons\metadata.common.fanart.tv\' replaced with version 3.6.5 at 'C:\Users\James\AppData\Roaming\Kodi\addons\metadata.common.fanart.tv\'
2026-02-08 16:39:45.917 T:23856   debug <general>: CAddonMgr::ADDON::CAddonMgr::FindAddons: Addon 'metadata.generic.albums' already present with version 1.0.14 at 'C:\Program Files\Kodi\addons\metadata.generic.albums\' replaced with version 1.0.18 at 'C:\Users\James\AppData\Roaming\Kodi\addons\metadata.generic.albums\'
2026-02-08 16:39:45.917 T:23856   debug <general>: CAddonMgr::ADDON::CAddonMgr::FindAddons: Addon 'metadata.themoviedb.org.python' already present with version 1.3.1+matrix.1 at 'C:\Program Files\Kodi\addons\metadata.themoviedb.org.python\' replaced with version 3.1.3 at 'C:\Users\James\AppData\Roaming\Kodi\addons\metadata.themoviedb.org.python\'
2026-02-08 16:39:45.917 T:23856   debug <general>: CAddonMgr::ADDON::CAddonMgr::FindAddons: Addon 'metadata.tvshows.themoviedb.org.python' already present with version 1.6.0 at 'C:\Program Files\Kodi\addons\metadata.tvshows.themoviedb.org.python\' replaced with version 1.7.4 at 'C:\Users\James\AppData\Roaming\Kodi\addons\metadata.tvshows.themoviedb.org.python\'
2026-02-08 16:39:45.919 T:23856   debug <general>: CAddonMgr::ADDON::CAddonMgr::FindAddons: Addon 'service.xbmc.versioncheck' already present with version 0.5.27+matrix.1 at 'C:\Program Files\Kodi\addons\service.xbmc.versioncheck\' replaced with version 0.5.30+matrix.1 at 'C:\Users\James\AppData\Roaming\Kodi\addons\service.xbmc.versioncheck\'
2026-02-08 16:39:45.919 T:23856    info <general>: CAddonMgr::ADDON::CAddonMgr::FindAddon: script.module.beautifulsoup4 v4.12.2 installed
2026-02-08 16:39:45.922 T:23856   debug <general>: CAddonMgr: script.module.beautifulsoup4 successfully loaded
2026-02-08 16:39:45.922 T:6880    debug <general>: ContextMenuManager: addon menus reloaded.
2026-02-08 16:39:45.922 T:22104   debug <general>: Thread waiting 22104 terminating
2026-02-08 16:39:45.923 T:23856   debug <general>: ADDONS: dependency [script.module.beautifulsoup4] will not be version checked and unpinned
2026-02-08 16:39:45.923 T:16564   debug <general>: Thread BackgroundLoader start, auto delete: false
2026-02-08 16:39:45.924 T:23856   debug <general>: Unpacking zip://special%3a%2f%2fhome%2faddons%2fpackages%2fplugin.video.cumination-1.1.212.zip/plugin.video.cumination/ to C:\Users\James\AppData\Roaming\Kodi\addons\temp\03598d01-55c9-4a75-9e1c-a3ac516f0e37
2026-02-08 16:39:45.924 T:16564   debug <general>: Thread BackgroundLoader 16564 terminating
2026-02-08 16:39:45.924 T:27996   debug <general>: CGUIMediaWindow::GetDirectory (addons://repository.dobbelina/xbmc.addon.video)
2026-02-08 16:39:45.924 T:27996   debug <general>:   ParentPath = [addons://repository.dobbelina/xbmc.addon.video]
2026-02-08 16:39:45.924 T:15180   debug <general>: Thread waiting start, auto delete: false
2026-02-08 16:39:45.925 T:15180   debug <general>: CAddonDatabase: SELECT repo.id FROM repo .. took 0 ms
2026-02-08 16:39:45.925 T:15180   debug <general>: CAddonDatabase: query  SELECT addons.*, repo.addonID AS repoID FROM addons JOIN addonlinkrepo ON addons.id=addonlinkrepo.idAddon JOIN repo ON repo.id=addonlinkrepo.idRepo WHERE addonlinkrepo.idRepo IN (2) ORDER BY repo.addonID, addons.addonID returned 8 rows in 0 ms
2026-02-08 16:39:45.925 T:15180   debug <general>: CAddonDatabase::GetAddons took 0 ms
2026-02-08 16:39:45.925 T:15180   debug <general>: CAddonDatabase: SELECT repo.id FROM repo .. took 0 ms
2026-02-08 16:39:45.928 T:15180   debug <general>: CAddonDatabase: query  SELECT addons.*, repo.addonID AS repoID FROM addons JOIN addonlinkrepo ON addons.id=addonlinkrepo.idAddon JOIN repo ON repo.id=addonlinkrepo.idRepo WHERE addonlinkrepo.idRepo IN (1,2) ORDER BY repo.addonID, addons.addonID returned 1041 rows in 2 ms
2026-02-08 16:39:45.944 T:15180   debug <general>: CAddonDatabase::GetAddons took 18 ms
2026-02-08 16:39:45.946 T:15180   debug <general>: CAddonMgr::GetAddonsWithAvailableUpdate took 21 ms
2026-02-08 16:39:45.947 T:15180   debug <general>: Thread waiting 15180 terminating
2026-02-08 16:39:45.948 T:25540   debug <general>: Thread BackgroundLoader start, auto delete: false
2026-02-08 16:39:45.949 T:25540   debug <general>: Thread BackgroundLoader 25540 terminating
2026-02-08 16:39:45.958 T:6880    debug <general>: CCurlFile::XFILE::CCurlFile::GetMimeType - <https://rpeters1430.github.io/repository.dobbelina/plugin.video.cumination/icon.png> -> failed
2026-02-08 16:39:45.958 T:6880    debug <general>: CurlFile::XFILE::CCurlFile::Open - <https://rpeters1430.github.io/repository.dobbelina/plugin.video.cumination/icon.png>
2026-02-08 16:39:45.986 T:6880    error <general>: CCurlFile::XFILE::CCurlFile::Open - <https://rpeters1430.github.io/repository.dobbelina/plugin.video.cumination/icon.png> Failed with code 404:
                                                   
2026-02-08 16:39:46.016 T:6880    debug <general>: CCurlFile::XFILE::CCurlFile::GetMimeType - <https://rpeters1430.github.io/repository.dobbelina/plugin.video.uwc/icon.png> -> failed
2026-02-08 16:39:46.016 T:6880    debug <general>: CurlFile::XFILE::CCurlFile::Open - <https://rpeters1430.github.io/repository.dobbelina/plugin.video.uwc/icon.png>
2026-02-08 16:39:46.044 T:6880    error <general>: CCurlFile::XFILE::CCurlFile::Open - <https://rpeters1430.github.io/repository.dobbelina/plugin.video.uwc/icon.png> Failed with code 404:
                                                   
2026-02-08 16:39:46.161 T:23856   debug <general>: CAddonInfoBuilder::ParseXMLTypes: Binary addon found: peripheral.joystick
2026-02-08 16:39:46.164 T:23856   debug <general>: CAddonInfoBuilder::ParseXMLTypes: Binary addon found: inputstream.adaptive
2026-02-08 16:39:46.164 T:23856   debug <general>: CAddonMgr::ADDON::CAddonMgr::FindAddons: Addon 'metadata.album.universal' already present with version 3.1.4 at 'C:\Program Files\Kodi\addons\metadata.album.universal\' replaced with version 3.1.18 at 'C:\Users\James\AppData\Roaming\Kodi\addons\metadata.album.universal\'
2026-02-08 16:39:46.165 T:23856   debug <general>: CAddonMgr::ADDON::CAddonMgr::FindAddons: Addon 'metadata.artists.universal' already present with version 4.3.3 at 'C:\Program Files\Kodi\addons\metadata.artists.universal\' replaced with version 4.3.21 at 'C:\Users\James\AppData\Roaming\Kodi\addons\metadata.artists.universal\'
2026-02-08 16:39:46.165 T:23856   debug <general>: CAddonMgr::ADDON::CAddonMgr::FindAddons: Addon 'metadata.common.fanart.tv' already present with version 3.6.3 at 'C:\Program Files\Kodi\addons\metadata.common.fanart.tv\' replaced with version 3.6.5 at 'C:\Users\James\AppData\Roaming\Kodi\addons\metadata.common.fanart.tv\'
2026-02-08 16:39:46.165 T:23856   debug <general>: CAddonMgr::ADDON::CAddonMgr::FindAddons: Addon 'metadata.generic.albums' already present with version 1.0.14 at 'C:\Program Files\Kodi\addons\metadata.generic.albums\' replaced with version 1.0.18 at 'C:\Users\James\AppData\Roaming\Kodi\addons\metadata.generic.albums\'
2026-02-08 16:39:46.166 T:23856   debug <general>: CAddonMgr::ADDON::CAddonMgr::FindAddons: Addon 'metadata.themoviedb.org.python' already present with version 1.3.1+matrix.1 at 'C:\Program Files\Kodi\addons\metadata.themoviedb.org.python\' replaced with version 3.1.3 at 'C:\Users\James\AppData\Roaming\Kodi\addons\metadata.themoviedb.org.python\'
2026-02-08 16:39:46.166 T:23856   debug <general>: CAddonMgr::ADDON::CAddonMgr::FindAddons: Addon 'metadata.tvshows.themoviedb.org.python' already present with version 1.6.0 at 'C:\Program Files\Kodi\addons\metadata.tvshows.themoviedb.org.python\' replaced with version 1.7.4 at 'C:\Users\James\AppData\Roaming\Kodi\addons\metadata.tvshows.themoviedb.org.python\'
2026-02-08 16:39:46.168 T:23856   debug <general>: CAddonMgr::ADDON::CAddonMgr::FindAddons: Addon 'service.xbmc.versioncheck' already present with version 0.5.27+matrix.1 at 'C:\Program Files\Kodi\addons\service.xbmc.versioncheck\' replaced with version 0.5.30+matrix.1 at 'C:\Users\James\AppData\Roaming\Kodi\addons\service.xbmc.versioncheck\'
2026-02-08 16:39:46.168 T:23856    info <general>: CAddonMgr::ADDON::CAddonMgr::FindAddon: plugin.video.cumination v1.1.212 installed
2026-02-08 16:39:46.172 T:23856   debug <general>: CAddonMgr: plugin.video.cumination successfully loaded
2026-02-08 16:39:46.172 T:6880    debug <general>: ContextMenuManager: addon menus reloaded.
2026-02-08 16:39:46.172 T:23856   debug <general>: POParser: PO file has Win Style Line Endings. Converted in memory to Linux LF for file: C:\Users\James\AppData\Roaming\Kodi\addons\plugin.video.cumination\resources\language\resource.language.en_gb\strings.po
