2026-02-28 17:39:01.645 T:8112    debug <general>: Loading settings for http://127.0.0.1:58992/manifest.m3u8
2026-02-28 17:39:01.646 T:30972    info <general>: @@@@Cumination: Stripchat proxy: serving 2014 bytes to /manifest.m3u8
2026-02-28 17:39:01.647 T:34500   debug <general>: AddOnLog: inputstream.adaptive: Download finished: http://127.0.0.1:58992/manifest.m3u8 (downloaded 2014 byte, speed 671333.00 byte/s)
2026-02-28 17:39:01.647 T:34500    info <general>: AddOnLog: inputstream.adaptive: Manifest successfully parsed (Periods: 1, Streams in first period: 2, Type: live)
2026-02-28 17:39:01.647 T:34500   debug <general>: AddOnLog: inputstream.adaptive: [Repr. chooser] Stream selection conditions
                                                   Screen resolution: 2880x1800 (may be limited by settings)
                                                   Initial bandwidth: 1398100639 bit/s
2026-02-28 17:39:01.647 T:34500   debug <general>: AddOnLog: inputstream.adaptive: New period, dispose sample decrypter and reinitialize
2026-02-28 17:39:01.647 T:34500   debug <general>: AddOnLog: inputstream.adaptive: [Repr. chooser] Current average bandwidth: 1398100639 bit/s (filtered to 1258290575 bit/s)
2026-02-28 17:39:01.647 T:34500   debug <general>: AddOnLog: inputstream.adaptive: [Repr. chooser] Selected representation
                                                   ID  (Bandwidth: 0 bit/s, Resolution: 0x0)
2026-02-28 17:39:01.647 T:34500   debug <general>: AddOnLog: inputstream.adaptive: Created AdaptiveStream [AS-0] with adaptation set ID: "", stream type: video
2026-02-28 17:39:01.647 T:34500   debug <general>: AddOnLog: inputstream.adaptive: Created AdaptiveStream [AS-1] with adaptation set ID: "", stream type: audio
2026-02-28 17:39:01.647 T:34500   debug <general>: AddOnLog: inputstream.adaptive: GetCapabilities()
2026-02-28 17:39:01.647 T:34500    info <general>: Creating Demuxer
2026-02-28 17:39:01.647 T:34500   debug <general>: AddOnLog: inputstream.adaptive: GetStreamIds()
2026-02-28 17:39:01.647 T:34500   debug <general>: AddOnLog: inputstream.adaptive: GetStream(1001)
2026-02-28 17:39:01.647 T:34500   debug <general>: AddOnLog: inputstream.adaptive: GetStream(1002)
2026-02-28 17:39:01.648 T:34500   debug <general>: CDVDDemuxClient::RequestStream(): added/updated stream 1001 with codec_id 27
2026-02-28 17:39:01.648 T:34500   debug <general>: CDVDDemuxClient::RequestStream(): added/updated stream 1002 with codec_id 86018
2026-02-28 17:39:01.648 T:34500    info <general>: Opening stream: 1001 source: 256
2026-02-28 17:39:01.648 T:34500   debug <general>: AddOnLog: inputstream.adaptive: OpenStream(1001)
2026-02-28 17:39:01.649 T:34500   debug <general>: CurlFile::XFILE::CCurlFile::Open - <http://127.0.0.1:58992/manifest.m3u8>
2026-02-28 17:39:01.651 T:30972    info <general>: @@@@Cumination: Stripchat proxy: serving 2014 bytes to /manifest.m3u8
2026-02-28 17:39:01.651 T:34500   debug <general>: AddOnLog: inputstream.adaptive: Download finished: http://127.0.0.1:58992/manifest.m3u8 (downloaded 2014 byte, speed 1007000.00 byte/s)
2026-02-28 17:39:01.660 T:34500   debug <general>: CurlFile::XFILE::CCurlFile::Open - <https://media-hls.doppiocdn.net/b-hls-25/186046121/186046121_init_BjtR5EGZQb55mFx5.mp4>
2026-02-28 17:39:01.660 T:34500   debug <general>: XCURL::DllLibCurlGlobal::easy_acquire - Created session to https://media-hls.doppiocdn.net
2026-02-28 17:39:01.742 T:32004   debug <general>: ------ Window Init (DialogBusy.xml) ------
2026-02-28 17:39:01.879 T:34500   debug <general>: AddOnLog: inputstream.adaptive: [AS-0] Download finished: https://media-hls.doppiocdn.net/b-hls-25/186046121/186046121_init_BjtR5EGZQb55mFx5.mp4 (downloaded 1230 byte, speed 5642.00 byte/s)
2026-02-28 17:39:01.881 T:34500   debug <general>: AddOnLog: inputstream.adaptive: CFragmentedSampleReader::UpdateSampleDescription: Codec fourcc: avc1 (1635148593)
2026-02-28 17:39:01.881 T:34500   debug <general>: AddOnLog: inputstream.adaptive: GetStream(1001)
2026-02-28 17:39:01.882 T:34500   debug <general>: CDVDDemuxClient::RequestStream(): added/updated stream 1001 with codec_id 27
2026-02-28 17:39:01.882 T:34500    info <general>: Creating video codec with codec id: 27
2026-02-28 17:39:01.882 T:34500    info <general>: CDVDVideoCodecFFmpeg::Open() Using codec: H.264 / AVC / MPEG-4 AVC / MPEG-4 part 10
2026-02-28 17:39:01.883 T:34500   debug <general>: CDVDVideoCodecFFmpeg - Updated codec: ff-h264
2026-02-28 17:39:01.883 T:34500   debug <general>: CVideoPlayerVideo::OpenStream - open stream with codec id: 27
2026-02-28 17:39:01.883 T:34500    info <general>: Creating video thread
2026-02-28 17:39:01.884 T:28160   debug <general>: Thread VideoPlayerVideo start, auto delete: false
2026-02-28 17:39:01.884 T:28160    info <general>: running thread: video_thread
2026-02-28 17:39:01.884 T:28160   debug <general>: CVideoPlayerVideo - CDVDMsg::GENERAL_PAUSE: false
2026-02-28 17:39:01.884 T:34500    info <general>: Opening stream: 1002 source: 256
2026-02-28 17:39:01.884 T:34500   debug <general>: AddOnLog: inputstream.adaptive: OpenStream(1002)
2026-02-28 17:39:01.884 T:34500   debug <general>: AddOnLog: inputstream.adaptive: GetStream(1002)
2026-02-28 17:39:01.884 T:34500    info <general>: Finding audio codec for: 86018
2026-02-28 17:39:01.887 T:34500    info <general>: CDVDAudioCodecFFmpeg::Open() Successful opened audio decoder aac
2026-02-28 17:39:01.887 T:34500    info <general>: CVideoPlayerAudio::OpenStream: Allowing max Out-Of-Sync Value of 50 ms
2026-02-28 17:39:01.887 T:34500    info <general>: Creating audio thread
2026-02-28 17:39:01.889 T:29316   debug <general>: Thread VideoPlayerAudio start, auto delete: false
2026-02-28 17:39:01.890 T:29316    info <general>: running thread: CVideoPlayerAudio::Process()
2026-02-28 17:39:01.890 T:29316   debug <general>: CVideoPlayerAudio - CDVDMsg::GENERAL_PAUSE: false
2026-02-28 17:39:01.890 T:34500   debug <general>: CVideoPlayer::SetCaching - caching state 2
2026-02-28 17:39:01.891 T:34500   debug <general>: CDVDClock::SetSpeedAdjust - adjusted:0.000000
2026-02-28 17:39:01.891 T:34500   debug <general>: CVideoPlayer::HandleMessages - player 2 reported state: 0
2026-02-28 17:39:01.891 T:34500   debug <general>: CVideoPlayer::HandleMessages - player 1 reported state: 0
2026-02-28 17:39:01.891 T:15572   debug <general>: CApplicationPlayerCallback::OnAVChange: CApplication::OnAVChange
2026-02-28 17:39:01.891 T:34500   debug <general>: CDVDClock::SetSpeedAdjust - adjusted:-0.050000
2026-02-28 17:39:01.893 T:14008   debug <general>: CurlFile::XFILE::CCurlFile::Open - <https://media-hls.doppiocdn.net/b-hls-25/186046121/186046121_884_gqZv93rwBm6WeoScN5fPl6_1772329130_part1.mp4>
2026-02-28 17:39:01.901 T:29316   debug <general>: CDVDAudio::Pause - pausing audio stream
2026-02-28 17:39:01.962 T:14008   error <general>: AddOnLog: inputstream.adaptive: [AS-0] Download failed, HTTP error 404: https://media-hls.doppiocdn.net/b-hls-25/186046121/186046121_884_gqZv93rwBm6WeoScN5fPl6_1772329130_part1.mp4
2026-02-28 17:39:02.600 T:34416    info <general>: @@@@Cumination: Stripchat proxy: refresh #2 fetching https://media-hls.doppiocdn.net/b-hls-25/186046121/186046121.m3u8?psch=v2&pkey=Ook7quaiNgiyuhai&playlistType=lowLatency
2026-02-28 17:39:02.961 T:34416    info <general>: @@@@Cumination: Stripchat proxy: fetch #2 returned 5246 bytes
2026-02-28 17:39:02.963 T:14008 warning <general>: AddOnLog: inputstream.adaptive: [AS-0] Segment download failed, attempt 2...
2026-02-28 17:39:02.963 T:14008   debug <general>: CurlFile::XFILE::CCurlFile::Open - <https://media-hls.doppiocdn.net/b-hls-25/186046121/186046121_884_gqZv93rwBm6WeoScN5fPl6_1772329130_part1.mp4>
2026-02-28 17:39:02.969 T:34416    info <general>: @@@@Cumination: Stripchat rewrite: in_lines=65 out_lines=35 replaced_segments=0 replaced_parts=13 map_rewrites=0 normalized_relative=0
2026-02-28 17:39:02.969 T:34416    info <general>: @@@@Cumination: Stripchat stable: header_lines=5 segments=12 keep_count=3 edge_buffer=1
2026-02-28 17:39:02.969 T:34416    info <general>: @@@@Cumination: Stripchat stable: testing candidate index=10 url=https://media-hls.doppiocdn.net/b-hls-25/186046121/186046121_889_gogzM9YwBuD+Pk+AYhyWE6_1772329140_part2.mp4
2026-02-28 17:39:03.028 T:14008   error <general>: AddOnLog: inputstream.adaptive: [AS-0] Download failed, HTTP error 404: https://media-hls.doppiocdn.net/b-hls-25/186046121/186046121_884_gqZv93rwBm6WeoScN5fPl6_1772329130_part1.mp4
2026-02-28 17:39:03.305 T:34416    info <general>: @@@@Cumination: Stripchat stable: probe https://media-hls.doppiocdn.net/b-hls-25/186046121/186046121_889_gogzM9YwBuD+Pk+AYhyWE6_1772329140_part2.mp4 -> HTTP 404
2026-02-28 17:39:03.307 T:34416    info <general>: @@@@Cumination: Stripchat stable: rejected candidate index=10 url=https://media-hls.doppiocdn.net/b-hls-25/186046121/186046121_889_gogzM9YwBuD+Pk+AYhyWE6_1772329140_part2.mp4
2026-02-28 17:39:03.307 T:34416    info <general>: @@@@Cumination: Stripchat stable: testing candidate index=9 url=https://media-hls.doppiocdn.net/b-hls-25/186046121/186046121_889_gogzM9YwBuD+Pk+AYhyWE6_1772329140_part1.mp4
2026-02-28 17:39:03.653 T:30464   debug <general>: CurlFile::XFILE::CCurlFile::Open - <http://127.0.0.1:58992/manifest.m3u8>
2026-02-28 17:39:03.654 T:30972    info <general>: @@@@Cumination: Stripchat proxy: serving 2014 bytes to /manifest.m3u8
2026-02-28 17:39:03.655 T:30464   debug <general>: AddOnLog: inputstream.adaptive: Download finished: http://127.0.0.1:58992/manifest.m3u8 (downloaded 2014 byte, speed 2014000.00 byte/s)
2026-02-28 17:39:03.659 T:34416    info <general>: @@@@Cumination: Stripchat stable: probe https://media-hls.doppiocdn.net/b-hls-25/186046121/186046121_889_gogzM9YwBuD+Pk+AYhyWE6_1772329140_part1.mp4 -> HTTP 404
2026-02-28 17:39:03.661 T:34416    info <general>: @@@@Cumination: Stripchat stable: rejected candidate index=9 url=https://media-hls.doppiocdn.net/b-hls-25/186046121/186046121_889_gogzM9YwBuD+Pk+AYhyWE6_1772329140_part1.mp4
2026-02-28 17:39:03.661 T:34416    info <general>: @@@@Cumination: Stripchat stable: testing candidate index=8 url=https://media-hls.doppiocdn.net/b-hls-25/186046121/186046121_889_gogzM9YwBuD+Pk+AYhyWE6_1772329140_part0.mp4
2026-02-28 17:39:04.005 T:34416    info <general>: @@@@Cumination: Stripchat stable: probe https://media-hls.doppiocdn.net/b-hls-25/186046121/186046121_889_gogzM9YwBuD+Pk+AYhyWE6_1772329140_part0.mp4 -> HTTP 404
2026-02-28 17:39:04.008 T:34416    info <general>: @@@@Cumination: Stripchat stable: rejected candidate index=8 url=https://media-hls.doppiocdn.net/b-hls-25/186046121/186046121_889_gogzM9YwBuD+Pk+AYhyWE6_1772329140_part0.mp4
2026-02-28 17:39:04.008 T:34416    info <general>: @@@@Cumination: Stripchat stable: testing candidate index=7 url=https://media-hls.doppiocdn.net/b-hls-25/186046121/186046121_888_Q9JPs1ao3rjmdnFI4kGrV2_1772329138_part3.mp4
2026-02-28 17:39:04.029 T:14008 warning <general>: AddOnLog: inputstream.adaptive: [AS-0] Segment download failed, attempt 3...
2026-02-28 17:39:04.030 T:14008   debug <general>: CurlFile::XFILE::CCurlFile::Open - <https://media-hls.doppiocdn.net/b-hls-25/186046121/186046121_884_gqZv93rwBm6WeoScN5fPl6_1772329130_part1.mp4>
2026-02-28 17:39:04.095 T:14008   error <general>: AddOnLog: inputstream.adaptive: [AS-0] Download failed, HTTP error 404: https://media-hls.doppiocdn.net/b-hls-25/186046121/186046121_884_gqZv93rwBm6WeoScN5fPl6_1772329130_part1.mp4
2026-02-28 17:39:04.362 T:34416    info <general>: @@@@Cumination: Stripchat stable: probe https://media-hls.doppiocdn.net/b-hls-25/186046121/186046121_888_Q9JPs1ao3rjmdnFI4kGrV2_1772329138_part3.mp4 -> HTTP 404
2026-02-28 17:39:04.365 T:34416    info <general>: @@@@Cumination: Stripchat stable: rejected candidate index=7 url=https://media-hls.doppiocdn.net/b-hls-25/186046121/186046121_888_Q9JPs1ao3rjmdnFI4kGrV2_1772329138_part3.mp4
2026-02-28 17:39:04.365 T:34416    info <general>: @@@@Cumination: Stripchat stable: testing candidate index=6 url=https://media-hls.doppiocdn.net/b-hls-25/186046121/186046121_888_Q9JPs1ao3rjmdnFI4kGrV2_1772329138_part2.mp4
2026-02-28 17:39:04.679 T:32004   debug <general>: ------ Window Deinit (Pointer.xml) ------
2026-02-28 17:39:04.720 T:34416    info <general>: @@@@Cumination: Stripchat stable: probe https://media-hls.doppiocdn.net/b-hls-25/186046121/186046121_888_Q9JPs1ao3rjmdnFI4kGrV2_1772329138_part2.mp4 -> HTTP 404
2026-02-28 17:39:04.725 T:34416    info <general>: @@@@Cumination: Stripchat stable: rejected candidate index=6 url=https://media-hls.doppiocdn.net/b-hls-25/186046121/186046121_888_Q9JPs1ao3rjmdnFI4kGrV2_1772329138_part2.mp4
2026-02-28 17:39:04.725 T:34416    info <general>: @@@@Cumination: Stripchat stable: testing candidate index=5 url=https://media-hls.doppiocdn.net/b-hls-25/186046121/186046121_888_Q9JPs1ao3rjmdnFI4kGrV2_1772329138_part1.mp4
2026-02-28 17:39:05.096 T:14008 warning <general>: AddOnLog: inputstream.adaptive: [AS-0] Segment download failed, attempt 4...
2026-02-28 17:39:05.097 T:14008   debug <general>: CurlFile::XFILE::CCurlFile::Open - <https://media-hls.doppiocdn.net/b-hls-25/186046121/186046121_884_gqZv93rwBm6WeoScN5fPl6_1772329130_part1.mp4>
2026-02-28 17:39:05.164 T:14008   error <general>: AddOnLog: inputstream.adaptive: [AS-0] Download failed, HTTP error 404: https://media-hls.doppiocdn.net/b-hls-25/186046121/186046121_884_gqZv93rwBm6WeoScN5fPl6_1772329130_part1.mp4
2026-02-28 17:39:05.220 T:34416    info <general>: @@@@Cumination: Stripchat stable: probe https://media-hls.doppiocdn.net/b-hls-25/186046121/186046121_888_Q9JPs1ao3rjmdnFI4kGrV2_1772329138_part1.mp4 -> HTTP 404
2026-02-28 17:39:05.223 T:34416    info <general>: @@@@Cumination: Stripchat stable: rejected candidate index=5 url=https://media-hls.doppiocdn.net/b-hls-25/186046121/186046121_888_Q9JPs1ao3rjmdnFI4kGrV2_1772329138_part1.mp4
2026-02-28 17:39:05.223 T:34416    info <general>: @@@@Cumination: Stripchat stable: testing candidate index=4 url=https://media-hls.doppiocdn.net/b-hls-25/186046121/186046121_888_Q9JPs1ao3rjmdnFI4kGrV2_1772329138_part0.mp4
2026-02-28 17:39:05.562 T:34416    info <general>: @@@@Cumination: Stripchat stable: probe https://media-hls.doppiocdn.net/b-hls-25/186046121/186046121_888_Q9JPs1ao3rjmdnFI4kGrV2_1772329138_part0.mp4 -> HTTP 404
2026-02-28 17:39:05.566 T:34416    info <general>: @@@@Cumination: Stripchat stable: rejected candidate index=4 url=https://media-hls.doppiocdn.net/b-hls-25/186046121/186046121_888_Q9JPs1ao3rjmdnFI4kGrV2_1772329138_part0.mp4
2026-02-28 17:39:05.566 T:34416    info <general>: @@@@Cumination: Stripchat stable: testing candidate index=3 url=https://media-hls.doppiocdn.net/b-hls-25/186046121/186046121_887_AhG//5DwisuL7vYY9rze1y_1772329136_part3.mp4
2026-02-28 17:39:05.656 T:30464   debug <general>: CurlFile::XFILE::CCurlFile::Open - <http://127.0.0.1:58992/manifest.m3u8>
2026-02-28 17:39:05.658 T:30972    info <general>: @@@@Cumination: Stripchat proxy: serving 2014 bytes to /manifest.m3u8
2026-02-28 17:39:05.659 T:30464   debug <general>: AddOnLog: inputstream.adaptive: Download finished: http://127.0.0.1:58992/manifest.m3u8 (downloaded 2014 byte, speed 1007000.00 byte/s)
2026-02-28 17:39:05.919 T:34416    info <general>: @@@@Cumination: Stripchat stable: probe https://media-hls.doppiocdn.net/b-hls-25/186046121/186046121_887_AhG//5DwisuL7vYY9rze1y_1772329136_part3.mp4 -> HTTP 404
2026-02-28 17:39:05.922 T:34416    info <general>: @@@@Cumination: Stripchat stable: rejected candidate index=3 url=https://media-hls.doppiocdn.net/b-hls-25/186046121/186046121_887_AhG//5DwisuL7vYY9rze1y_1772329136_part3.mp4
2026-02-28 17:39:05.922 T:34416    info <general>: @@@@Cumination: Stripchat stable: testing candidate index=2 url=https://media-hls.doppiocdn.net/b-hls-25/186046121/186046121_887_AhG//5DwisuL7vYY9rze1y_1772329136_part2.mp4
2026-02-28 17:39:06.164 T:14008 warning <general>: AddOnLog: inputstream.adaptive: [AS-0] Segment download failed, attempt 5...
2026-02-28 17:39:06.165 T:14008   debug <general>: CurlFile::XFILE::CCurlFile::Open - <https://media-hls.doppiocdn.net/b-hls-25/186046121/186046121_884_gqZv93rwBm6WeoScN5fPl6_1772329130_part1.mp4>
2026-02-28 17:39:06.230 T:14008   error <general>: AddOnLog: inputstream.adaptive: [AS-0] Download failed, HTTP error 404: https://media-hls.doppiocdn.net/b-hls-25/186046121/186046121_884_gqZv93rwBm6WeoScN5fPl6_1772329130_part1.mp4
2026-02-28 17:39:06.267 T:34416    info <general>: @@@@Cumination: Stripchat stable: probe https://media-hls.doppiocdn.net/b-hls-25/186046121/186046121_887_AhG//5DwisuL7vYY9rze1y_1772329136_part2.mp4 -> HTTP 404
2026-02-28 17:39:06.270 T:34416    info <general>: @@@@Cumination: Stripchat stable: rejected candidate index=2 url=https://media-hls.doppiocdn.net/b-hls-25/186046121/186046121_887_AhG//5DwisuL7vYY9rze1y_1772329136_part2.mp4
2026-02-28 17:39:06.270 T:34416    info <general>: @@@@Cumination: Stripchat stable: testing candidate index=1 url=https://media-hls.doppiocdn.net/b-hls-25/186046121/186046121_887_AhG//5DwisuL7vYY9rze1y_1772329136_part1.mp4
2026-02-28 17:39:06.623 T:34416    info <general>: @@@@Cumination: Stripchat stable: probe https://media-hls.doppiocdn.net/b-hls-25/186046121/186046121_887_AhG//5DwisuL7vYY9rze1y_1772329136_part1.mp4 -> HTTP 404
2026-02-28 17:39:06.626 T:34416    info <general>: @@@@Cumination: Stripchat stable: rejected candidate index=1 url=https://media-hls.doppiocdn.net/b-hls-25/186046121/186046121_887_AhG//5DwisuL7vYY9rze1y_1772329136_part1.mp4
2026-02-28 17:39:06.626 T:34416    info <general>: @@@@Cumination: Stripchat stable: testing candidate index=0 url=https://media-hls.doppiocdn.net/b-hls-25/186046121/186046121_887_AhG//5DwisuL7vYY9rze1y_1772329136_part0.mp4
2026-02-28 17:39:06.976 T:34416    info <general>: @@@@Cumination: Stripchat stable: probe https://media-hls.doppiocdn.net/b-hls-25/186046121/186046121_887_AhG//5DwisuL7vYY9rze1y_1772329136_part0.mp4 -> HTTP 404
2026-02-28 17:39:06.978 T:34416    info <general>: @@@@Cumination: Stripchat stable: rejected candidate index=0 url=https://media-hls.doppiocdn.net/b-hls-25/186046121/186046121_887_AhG//5DwisuL7vYY9rze1y_1772329136_part0.mp4
2026-02-28 17:39:06.978 T:34416    info <general>: @@@@Cumination: Stripchat stable: no stable segments found, keeping original manifest
2026-02-28 17:39:06.978 T:34416    info <general>: @@@@Cumination: Stripchat proxy: refresh #2 prepared stable manifest with 1890 bytes
2026-02-28 17:39:07.231 T:14008 warning <general>: AddOnLog: inputstream.adaptive: [AS-0] Segment download failed, attempt 6...
2026-02-28 17:39:07.241 T:14008   debug <general>: CurlFile::XFILE::CCurlFile::Open - <https://media-hls.doppiocdn.net/b-hls-25/186046121/186046121_884_gqZv93rwBm6WeoScN5fPl6_1772329130_part1.mp4>
2026-02-28 17:39:07.307 T:14008   error <general>: AddOnLog: inputstream.adaptive: [AS-0] Download failed, HTTP error 404: https://media-hls.doppiocdn.net/b-hls-25/186046121/186046121_884_gqZv93rwBm6WeoScN5fPl6_1772329130_part1.mp4
2026-02-28 17:39:07.660 T:30464   debug <general>: CurlFile::XFILE::CCurlFile::Open - <http://127.0.0.1:58992/manifest.m3u8>
2026-02-28 17:39:07.664 T:30972    info <general>: @@@@Cumination: Stripchat proxy: serving 1890 bytes to /manifest.m3u8
2026-02-28 17:39:07.665 T:30464   debug <general>: AddOnLog: inputstream.adaptive: Download finished: http://127.0.0.1:58992/manifest.m3u8 (downloaded 1890 byte, speed 472500.00 byte/s)
2026-02-28 17:39:07.981 T:34416    info <general>: @@@@Cumination: Stripchat proxy: refresh #3 fetching https://media-hls.doppiocdn.net/b-hls-25/186046121/186046121.m3u8?psch=v2&pkey=Ook7quaiNgiyuhai&playlistType=lowLatency
2026-02-28 17:39:08.308 T:14008 warning <general>: AddOnLog: inputstream.adaptive: [AS-0] Segment download failed, attempt 7...
2026-02-28 17:39:08.308 T:14008   debug <general>: CurlFile::XFILE::CCurlFile::Open - <https://media-hls.doppiocdn.net/b-hls-25/186046121/186046121_884_gqZv93rwBm6WeoScN5fPl6_1772329130_part1.mp4>
2026-02-28 17:39:08.359 T:34416    info <general>: @@@@Cumination: Stripchat proxy: fetch #3 returned 4948 bytes
2026-02-28 17:39:08.366 T:34416    info <general>: @@@@Cumination: Stripchat rewrite: in_lines=62 out_lines=35 replaced_segments=0 replaced_parts=12 map_rewrites=0 normalized_relative=0
2026-02-28 17:39:08.367 T:34416    info <general>: @@@@Cumination: Stripchat stable: header_lines=5 segments=12 keep_count=3 edge_buffer=1
2026-02-28 17:39:08.367 T:34416    info <general>: @@@@Cumination: Stripchat stable: testing candidate index=10 url=https://media-hls.doppiocdn.net/b-hls-25/186046121/186046121_891_gmdys6h8hnLKOvWk9v9Sk+_1772329144_part2.mp4
2026-02-28 17:39:08.376 T:14008   error <general>: AddOnLog: inputstream.adaptive: [AS-0] Download failed, HTTP error 404: https://media-hls.doppiocdn.net/b-hls-25/186046121/186046121_884_gqZv93rwBm6WeoScN5fPl6_1772329130_part1.mp4
2026-02-28 17:39:08.715 T:34416    info <general>: @@@@Cumination: Stripchat stable: probe https://media-hls.doppiocdn.net/b-hls-25/186046121/186046121_891_gmdys6h8hnLKOvWk9v9Sk+_1772329144_part2.mp4 -> HTTP 404
2026-02-28 17:39:08.718 T:34416    info <general>: @@@@Cumination: Stripchat stable: rejected candidate index=10 url=https://media-hls.doppiocdn.net/b-hls-25/186046121/186046121_891_gmdys6h8hnLKOvWk9v9Sk+_1772329144_part2.mp4
2026-02-28 17:39:08.718 T:34416    info <general>: @@@@Cumination: Stripchat stable: testing candidate index=9 url=https://media-hls.doppiocdn.net/b-hls-25/186046121/186046121_891_gmdys6h8hnLKOvWk9v9Sk+_1772329144_part1.mp4
2026-02-28 17:39:09.072 T:34416    info <general>: @@@@Cumination: Stripchat stable: probe https://media-hls.doppiocdn.net/b-hls-25/186046121/186046121_891_gmdys6h8hnLKOvWk9v9Sk+_1772329144_part1.mp4 -> HTTP 404
2026-02-28 17:39:09.074 T:34416    info <general>: @@@@Cumination: Stripchat stable: rejected candidate index=9 url=https://media-hls.doppiocdn.net/b-hls-25/186046121/186046121_891_gmdys6h8hnLKOvWk9v9Sk+_1772329144_part1.mp4
2026-02-28 17:39:09.074 T:34416    info <general>: @@@@Cumination: Stripchat stable: testing candidate index=8 url=https://media-hls.doppiocdn.net/b-hls-25/186046121/186046121_891_gmdys6h8hnLKOvWk9v9Sk+_1772329144_part0.mp4
2026-02-28 17:39:09.378 T:14008 warning <general>: AddOnLog: inputstream.adaptive: [AS-0] Segment download failed, attempt 8...
2026-02-28 17:39:09.378 T:14008   debug <general>: CurlFile::XFILE::CCurlFile::Open - <https://media-hls.doppiocdn.net/b-hls-25/186046121/186046121_884_gqZv93rwBm6WeoScN5fPl6_1772329130_part1.mp4>
2026-02-28 17:39:09.427 T:34416    info <general>: @@@@Cumination: Stripchat stable: probe https://media-hls.doppiocdn.net/b-hls-25/186046121/186046121_891_gmdys6h8hnLKOvWk9v9Sk+_1772329144_part0.mp4 -> HTTP 404
2026-02-28 17:39:09.429 T:34416    info <general>: @@@@Cumination: Stripchat stable: rejected candidate index=8 url=https://media-hls.doppiocdn.net/b-hls-25/186046121/186046121_891_gmdys6h8hnLKOvWk9v9Sk+_1772329144_part0.mp4
2026-02-28 17:39:09.429 T:34416    info <general>: @@@@Cumination: Stripchat stable: testing candidate index=7 url=https://media-hls.doppiocdn.net/b-hls-25/186046121/186046121_890_wjjLd5ctHl9SesUotmyS19_1772329142_part3.mp4
2026-02-28 17:39:09.444 T:14008   error <general>: AddOnLog: inputstream.adaptive: [AS-0] Download failed, HTTP error 404: https://media-hls.doppiocdn.net/b-hls-25/186046121/186046121_884_gqZv93rwBm6WeoScN5fPl6_1772329130_part1.mp4
2026-02-28 17:39:09.666 T:30464   debug <general>: CurlFile::XFILE::CCurlFile::Open - <http://127.0.0.1:58992/manifest.m3u8>
2026-02-28 17:39:09.668 T:30972    info <general>: @@@@Cumination: Stripchat proxy: serving 1890 bytes to /manifest.m3u8
2026-02-28 17:39:09.669 T:30464   debug <general>: AddOnLog: inputstream.adaptive: Download finished: http://127.0.0.1:58992/manifest.m3u8 (downloaded 1890 byte, speed 1890000.00 byte/s)
2026-02-28 17:39:09.780 T:34416    info <general>: @@@@Cumination: Stripchat stable: probe https://media-hls.doppiocdn.net/b-hls-25/186046121/186046121_890_wjjLd5ctHl9SesUotmyS19_1772329142_part3.mp4 -> HTTP 404
2026-02-28 17:39:09.783 T:34416    info <general>: @@@@Cumination: Stripchat stable: rejected candidate index=7 url=https://media-hls.doppiocdn.net/b-hls-25/186046121/186046121_890_wjjLd5ctHl9SesUotmyS19_1772329142_part3.mp4
2026-02-28 17:39:09.783 T:34416    info <general>: @@@@Cumination: Stripchat stable: testing candidate index=6 url=https://media-hls.doppiocdn.net/b-hls-25/186046121/186046121_890_wjjLd5ctHl9SesUotmyS19_1772329142_part2.mp4
2026-02-28 17:39:10.123 T:34416    info <general>: @@@@Cumination: Stripchat stable: probe https://media-hls.doppiocdn.net/b-hls-25/186046121/186046121_890_wjjLd5ctHl9SesUotmyS19_1772329142_part2.mp4 -> HTTP 404
2026-02-28 17:39:10.125 T:34416    info <general>: @@@@Cumination: Stripchat stable: rejected candidate index=6 url=https://media-hls.doppiocdn.net/b-hls-25/186046121/186046121_890_wjjLd5ctHl9SesUotmyS19_1772329142_part2.mp4
2026-02-28 17:39:10.125 T:34416    info <general>: @@@@Cumination: Stripchat stable: testing candidate index=5 url=https://media-hls.doppiocdn.net/b-hls-25/186046121/186046121_890_wjjLd5ctHl9SesUotmyS19_1772329142_part1.mp4
2026-02-28 17:39:10.445 T:14008 warning <general>: AddOnLog: inputstream.adaptive: [AS-0] Segment download failed, attempt 9...
2026-02-28 17:39:10.447 T:14008   debug <general>: CurlFile::XFILE::CCurlFile::Open - <https://media-hls.doppiocdn.net/b-hls-25/186046121/186046121_884_gqZv93rwBm6WeoScN5fPl6_1772329130_part1.mp4>
2026-02-28 17:39:10.471 T:34416    info <general>: @@@@Cumination: Stripchat stable: probe https://media-hls.doppiocdn.net/b-hls-25/186046121/186046121_890_wjjLd5ctHl9SesUotmyS19_1772329142_part1.mp4 -> HTTP 404
2026-02-28 17:39:10.473 T:34416    info <general>: @@@@Cumination: Stripchat stable: rejected candidate index=5 url=https://media-hls.doppiocdn.net/b-hls-25/186046121/186046121_890_wjjLd5ctHl9SesUotmyS19_1772329142_part1.mp4
2026-02-28 17:39:10.473 T:34416    info <general>: @@@@Cumination: Stripchat stable: testing candidate index=4 url=https://media-hls.doppiocdn.net/b-hls-25/186046121/186046121_890_wjjLd5ctHl9SesUotmyS19_1772329142_part0.mp4
2026-02-28 17:39:10.514 T:14008   error <general>: AddOnLog: inputstream.adaptive: [AS-0] Download failed, HTTP error 404: https://media-hls.doppiocdn.net/b-hls-25/186046121/186046121_884_gqZv93rwBm6WeoScN5fPl6_1772329130_part1.mp4
2026-02-28 17:39:10.819 T:34416    info <general>: @@@@Cumination: Stripchat stable: probe https://media-hls.doppiocdn.net/b-hls-25/186046121/186046121_890_wjjLd5ctHl9SesUotmyS19_1772329142_part0.mp4 -> HTTP 404
2026-02-28 17:39:10.822 T:34416    info <general>: @@@@Cumination: Stripchat stable: rejected candidate index=4 url=https://media-hls.doppiocdn.net/b-hls-25/186046121/186046121_890_wjjLd5ctHl9SesUotmyS19_1772329142_part0.mp4
2026-02-28 17:39:10.822 T:34416    info <general>: @@@@Cumination: Stripchat stable: testing candidate index=3 url=https://media-hls.doppiocdn.net/b-hls-25/186046121/186046121_889_gogzM9YwBuD+Pk+AYhyWE6_1772329140_part3.mp4
2026-02-28 17:39:11.171 T:34416    info <general>: @@@@Cumination: Stripchat stable: probe https://media-hls.doppiocdn.net/b-hls-25/186046121/186046121_889_gogzM9YwBuD+Pk+AYhyWE6_1772329140_part3.mp4 -> HTTP 404
2026-02-28 17:39:11.173 T:34416    info <general>: @@@@Cumination: Stripchat stable: rejected candidate index=3 url=https://media-hls.doppiocdn.net/b-hls-25/186046121/186046121_889_gogzM9YwBuD+Pk+AYhyWE6_1772329140_part3.mp4
2026-02-28 17:39:11.173 T:34416    info <general>: @@@@Cumination: Stripchat stable: testing candidate index=2 url=https://media-hls.doppiocdn.net/b-hls-25/186046121/186046121_889_gogzM9YwBuD+Pk+AYhyWE6_1772329140_part2.mp4
2026-02-28 17:39:11.396 T:34416    info <general>: @@@@Cumination: Stripchat stable: probe https://media-hls.doppiocdn.net/b-hls-25/186046121/186046121_889_gogzM9YwBuD+Pk+AYhyWE6_1772329140_part2.mp4 -> HTTP 404
2026-02-28 17:39:11.397 T:34416    info <general>: @@@@Cumination: Stripchat stable: rejected candidate index=2 url=https://media-hls.doppiocdn.net/b-hls-25/186046121/186046121_889_gogzM9YwBuD+Pk+AYhyWE6_1772329140_part2.mp4
2026-02-28 17:39:11.398 T:34416    info <general>: @@@@Cumination: Stripchat stable: testing candidate index=1 url=https://media-hls.doppiocdn.net/b-hls-25/186046121/186046121_889_gogzM9YwBuD+Pk+AYhyWE6_1772329140_part1.mp4
2026-02-28 17:39:11.514 T:14008 warning <general>: AddOnLog: inputstream.adaptive: [AS-0] Segment download failed, attempt 10...
2026-02-28 17:39:11.515 T:14008   debug <general>: CurlFile::XFILE::CCurlFile::Open - <https://media-hls.doppiocdn.net/b-hls-25/186046121/186046121_884_gqZv93rwBm6WeoScN5fPl6_1772329130_part1.mp4>
2026-02-28 17:39:11.585 T:14008   error <general>: AddOnLog: inputstream.adaptive: [AS-0] Download failed, HTTP error 404: https://media-hls.doppiocdn.net/b-hls-25/186046121/186046121_884_gqZv93rwBm6WeoScN5fPl6_1772329130_part1.mp4
2026-02-28 17:39:11.585 T:34500    info <general>: CVideoPlayer::Process - eof reading from demuxer
2026-02-28 17:39:11.585 T:34500    info <general>: CVideoPlayer::OnExit()
2026-02-28 17:39:11.585 T:34500    info <general>: VideoPlayer: eof, waiting for queues to empty
2026-02-28 17:39:11.585 T:34500   debug <general>: CVideoPlayer: updating file item stream details with available streams
2026-02-28 17:39:11.585 T:34500    info <general>: Closing stream player 1
2026-02-28 17:39:11.585 T:34500   debug <general>: AddOnLog: inputstream.adaptive: EnableStream(1002: false)
2026-02-28 17:39:11.585 T:34500    info <general>: Waiting for audio thread to exit
2026-02-28 17:39:11.593 T:29316    info <general>: thread end: CVideoPlayerAudio::OnExit()
2026-02-28 17:39:11.593 T:29316   debug <general>: Thread VideoPlayerAudio 29316 terminating
2026-02-28 17:39:11.593 T:34500    info <general>: Closing audio device
2026-02-28 17:39:11.593 T:34500    info <general>: Deleting audio codec
2026-02-28 17:39:11.593 T:34500    info <general>: Closing stream player 2
2026-02-28 17:39:11.593 T:34500   debug <general>: AddOnLog: inputstream.adaptive: EnableStream(1001: false)
2026-02-28 17:39:11.594 T:34500    info <general>: waiting for video thread to exit
2026-02-28 17:39:11.594 T:28160    info <general>: thread end: video_thread
2026-02-28 17:39:11.594 T:28160   debug <general>: Thread VideoPlayerVideo 28160 terminating
2026-02-28 17:39:11.594 T:34500    info <general>: deleting video codec
2026-02-28 17:39:11.594 T:34500   debug <general>: AddOnLog: inputstream.adaptive: Close()
2026-02-28 17:39:11.594 T:34500   debug <general>: AddOnLog: inputstream.adaptive: CSession::~CSession()
2026-02-28 17:39:11.594 T:34500   debug <general>: AddOnLog: inputstream.adaptive: CSession::DeleteStreams()
2026-02-28 17:39:11.595 T:34500   debug <general>: SECTION:UnloadDll(C:\Users\James\AppData\Roaming\Kodi\addons\inputstream.adaptive\inputstream.adaptive.dll)
2026-02-28 17:39:11.595 T:34500    info <general>: ADDON: Dll Destroyed - InputStream Adaptive
2026-02-28 17:39:11.595 T:34500   debug <general>: Thread VideoPlayer 34500 terminating
2026-02-28 17:39:11.597 T:15572   debug <general>: CApplicationPlayerCallback::OnPlayBackEnded: CApplicationPlayerCallback::OnPlayBackEnded
2026-02-28 17:39:11.598 T:32004    info <general>: CVideoPlayer::CloseFile()
2026-02-28 17:39:11.598 T:32004   debug <general>: CRenderManager::DeleteRenderer - deleting renderer
2026-02-28 17:39:11.598 T:32004    info <general>: VideoPlayer: waiting for threads to exit
2026-02-28 17:39:11.598 T:32004    info <general>: VideoPlayer: finished waiting
2026-02-28 17:39:11.598 T:32004    info <general>: CVideoPlayer::CloseFile()
2026-02-28 17:39:11.598 T:32004    info <general>: VideoPlayer: waiting for threads to exit
2026-02-28 17:39:11.598 T:32004    info <general>: VideoPlayer: finished waiting
2026-02-28 17:39:11.598 T:32004   debug <general>: Radio UECP (RDS) Processor - delete CDVDRadioRDSData::~CDVDRadioRDSData
2026-02-28 17:39:11.598 T:32004   debug <general>: Audio ID3 tag processor - delete CVideoPlayerAudioID3::~CVideoPlayerAudioID3
2026-02-28 17:39:11.607 T:32004   debug <general>: ------ Window Deinit (DialogBusy.xml) ------
2026-02-28 17:39:11.615 T:34416    info <general>: @@@@Cumination: Stripchat stable: probe https://media-hls.doppiocdn.net/b-hls-25/186046121/186046121_889_gogzM9YwBuD+Pk+AYhyWE6_1772329140_part1.mp4 -> HTTP 404
2026-02-28 17:39:11.617 T:34416    info <general>: @@@@Cumination: Stripchat stable: rejected candidate index=1 url=https://media-hls.doppiocdn.net/b-hls-25/186046121/186046121_889_gogzM9YwBuD+Pk+AYhyWE6_1772329140_part1.mp4
2026-02-28 17:39:11.617 T:34416    info <general>: @@@@Cumination: Stripchat stable: testing candidate index=0 url=https://media-hls.doppiocdn.net/b-hls-25/186046121/186046121_889_gogzM9YwBuD+Pk+AYhyWE6_1772329140_part0.mp4
2026-02-28 17:39:11.818 T:34416    info <general>: @@@@Cumination: Stripchat stable: probe https://media-hls.doppiocdn.net/b-hls-25/186046121/186046121_889_gogzM9YwBuD+Pk+AYhyWE6_1772329140_part0.mp4 -> HTTP 404
2026-02-28 17:39:11.820 T:34416    info <general>: @@@@Cumination: Stripchat stable: rejected candidate index=0 url=https://media-hls.doppiocdn.net/b-hls-25/186046121/186046121_889_gogzM9YwBuD+Pk+AYhyWE6_1772329140_part0.mp4
2026-02-28 17:39:11.820 T:34416    info <general>: @@@@Cumination: Stripchat stable: no stable segments found, keeping original manifest
2026-02-28 17:39:11.820 T:34416    info <general>: @@@@Cumination: Stripchat proxy: refresh #3 prepared stable manifest with 1890 bytes
2026-02-28 17:39:12.822 T:34416    info <general>: @@@@Cumination: Stripchat proxy: refresh #4 fetching https://media-hls.doppiocdn.net/b-hls-25/186046121/186046121.m3u8?psch=v2&pkey=Ook7quaiNgiyuhai&playlistType=lowLatency
2026-02-28 17:39:13.195 T:34416    info <general>: @@@@Cumination: Stripchat proxy: fetch #4 returned 5246 bytes
2026-02-28 17:39:13.200 T:34416    info <general>: @@@@Cumination: Stripchat rewrite: in_lines=65 out_lines=35 replaced_segments=0 replaced_parts=13 map_rewrites=0 normalized_relative=0
2026-02-28 17:39:13.200 T:34416    info <general>: @@@@Cumination: Stripchat stable: header_lines=5 segments=12 keep_count=3 edge_buffer=1
2026-02-28 17:39:13.200 T:34416    info <general>: @@@@Cumination: Stripchat stable: testing candidate index=10 url=https://media-hls.doppiocdn.net/b-hls-25/186046121/186046121_894_w/jzf96AXgIObwFoN5/+1y_1772329150_part2.mp4
2026-02-28 17:39:13.544 T:34416    info <general>: @@@@Cumination: Stripchat stable: probe https://media-hls.doppiocdn.net/b-hls-25/186046121/186046121_894_w/jzf96AXgIObwFoN5/+1y_1772329150_part2.mp4 -> HTTP 404
2026-02-28 17:39:13.547 T:34416    info <general>: @@@@Cumination: Stripchat stable: rejected candidate index=10 url=https://media-hls.doppiocdn.net/b-hls-25/186046121/186046121_894_w/jzf96AXgIObwFoN5/+1y_1772329150_part2.mp4
2026-02-28 17:39:13.547 T:34416    info <general>: @@@@Cumination: Stripchat stable: testing candidate index=9 url=https://media-hls.doppiocdn.net/b-hls-25/186046121/186046121_894_w/jzf96AXgIObwFoN5/+1y_1772329150_part1.mp4
2026-02-28 17:39:13.903 T:34416    info <general>: @@@@Cumination: Stripchat stable: probe https://media-hls.doppiocdn.net/b-hls-25/186046121/186046121_894_w/jzf96AXgIObwFoN5/+1y_1772329150_part1.mp4 -> HTTP 404
2026-02-28 17:39:13.907 T:34416    info <general>: @@@@Cumination: Stripchat stable: rejected candidate index=9 url=https://media-hls.doppiocdn.net/b-hls-25/186046121/186046121_894_w/jzf96AXgIObwFoN5/+1y_1772329150_part1.mp4
2026-02-28 17:39:13.907 T:34416    info <general>: @@@@Cumination: Stripchat stable: testing candidate index=8 url=https://media-hls.doppiocdn.net/b-hls-25/186046121/186046121_894_w/jzf96AXgIObwFoN5/+1y_1772329150_part0.mp4
2026-02-28 17:39:14.255 T:34416    info <general>: @@@@Cumination: Stripchat stable: probe https://media-hls.doppiocdn.net/b-hls-25/186046121/186046121_894_w/jzf96AXgIObwFoN5/+1y_1772329150_part0.mp4 -> HTTP 404
2026-02-28 17:39:14.258 T:34416    info <general>: @@@@Cumination: Stripchat stable: rejected candidate index=8 url=https://media-hls.doppiocdn.net/b-hls-25/186046121/186046121_894_w/jzf96AXgIObwFoN5/+1y_1772329150_part0.mp4
2026-02-28 17:39:14.259 T:34416    info <general>: @@@@Cumination: Stripchat stable: testing candidate index=7 url=https://media-hls.doppiocdn.net/b-hls-25/186046121/186046121_893_gqZ7Z8UwHmBGsviY6jNnym_1772329148_part3.mp4
2026-02-28 17:39:14.608 T:34416    info <general>: @@@@Cumination: Stripchat stable: probe https://media-hls.doppiocdn.net/b-hls-25/186046121/186046121_893_gqZ7Z8UwHmBGsviY6jNnym_1772329148_part3.mp4 -> HTTP 404
2026-02-28 17:39:14.612 T:34416    info <general>: @@@@Cumination: Stripchat stable: rejected candidate index=7 url=https://media-hls.doppiocdn.net/b-hls-25/186046121/186046121_893_gqZ7Z8UwHmBGsviY6jNnym_1772329148_part3.mp4
2026-02-28 17:39:14.612 T:34416    info <general>: @@@@Cumination: Stripchat stable: testing candidate index=6 url=https://media-hls.doppiocdn.net/b-hls-25/186046121/186046121_893_gqZ7Z8UwHmBGsviY6jNnym_1772329148_part2.mp4
2026-02-28 17:39:14.774 T:32004   debug <general>: ------ Window Init (Pointer.xml) ------
2026-02-28 17:39:14.963 T:34416    info <general>: @@@@Cumination: Stripchat stable: probe https://media-hls.doppiocdn.net/b-hls-25/186046121/186046121_893_gqZ7Z8UwHmBGsviY6jNnym_1772329148_part2.mp4 -> HTTP 404
2026-02-28 17:39:14.968 T:34416    info <general>: @@@@Cumination: Stripchat stable: rejected candidate index=6 url=https://media-hls.doppiocdn.net/b-hls-25/186046121/186046121_893_gqZ7Z8UwHmBGsviY6jNnym_1772329148_part2.mp4
2026-02-28 17:39:14.968 T:34416    info <general>: @@@@Cumination: Stripchat stable: testing candidate index=5 url=https://media-hls.doppiocdn.net/b-hls-25/186046121/186046121_893_gqZ7Z8UwHmBGsviY6jNnym_1772329148_part1.mp4
2026-02-28 17:39:15.312 T:34416    info <general>: @@@@Cumination: Stripchat stable: probe https://media-hls.doppiocdn.net/b-hls-25/186046121/186046121_893_gqZ7Z8UwHmBGsviY6jNnym_1772329148_part1.mp4 -> HTTP 404
2026-02-28 17:39:15.315 T:34416    info <general>: @@@@Cumination: Stripchat stable: rejected candidate index=5 url=https://media-hls.doppiocdn.net/b-hls-25/186046121/186046121_893_gqZ7Z8UwHmBGsviY6jNnym_1772329148_part1.mp4
2026-02-28 17:39:15.315 T:34416    info <general>: @@@@Cumination: Stripchat stable: testing candidate index=4 url=https://media-hls.doppiocdn.net/b-hls-25/186046121/186046121_893_gqZ7Z8UwHmBGsviY6jNnym_1772329148_part0.mp4
2026-02-28 17:39:15.672 T:34416    info <general>: @@@@Cumination: Stripchat stable: probe https://media-hls.doppiocdn.net/b-hls-25/186046121/186046121_893_gqZ7Z8UwHmBGsviY6jNnym_1772329148_part0.mp4 -> HTTP 404
2026-02-28 17:39:15.678 T:34416    info <general>: @@@@Cumination: Stripchat stable: rejected candidate index=4 url=https://media-hls.doppiocdn.net/b-hls-25/186046121/186046121_893_gqZ7Z8UwHmBGsviY6jNnym_1772329148_part0.mp4
2026-02-28 17:39:15.678 T:34416    info <general>: @@@@Cumination: Stripchat stable: testing candidate index=3 url=https://media-hls.doppiocdn.net/b-hls-25/186046121/186046121_892_AirHP3rESvTqNue45p9XH+_1772329146_part3.mp4
2026-02-28 17:39:16.022 T:34416    info <general>: @@@@Cumination: Stripchat stable: probe https://media-hls.doppiocdn.net/b-hls-25/186046121/186046121_892_AirHP3rESvTqNue45p9XH+_1772329146_part3.mp4 -> HTTP 404
2026-02-28 17:39:16.024 T:34416    info <general>: @@@@Cumination: Stripchat stable: rejected candidate index=3 url=https://media-hls.doppiocdn.net/b-hls-25/186046121/186046121_892_AirHP3rESvTqNue45p9XH+_1772329146_part3.mp4
2026-02-28 17:39:16.024 T:34416    info <general>: @@@@Cumination: Stripchat stable: testing candidate index=2 url=https://media-hls.doppiocdn.net/b-hls-25/186046121/186046121_892_AirHP3rESvTqNue45p9XH+_1772329146_part2.mp4
2026-02-28 17:39:16.377 T:34416    info <general>: @@@@Cumination: Stripchat stable: probe https://media-hls.doppiocdn.net/b-hls-25/186046121/186046121_892_AirHP3rESvTqNue45p9XH+_1772329146_part2.mp4 -> HTTP 404
2026-02-28 17:39:16.380 T:34416    info <general>: @@@@Cumination: Stripchat stable: rejected candidate index=2 url=https://media-hls.doppiocdn.net/b-hls-25/186046121/186046121_892_AirHP3rESvTqNue45p9XH+_1772329146_part2.mp4
2026-02-28 17:39:16.381 T:34416    info <general>: @@@@Cumination: Stripchat stable: testing candidate index=1 url=https://media-hls.doppiocdn.net/b-hls-25/186046121/186046121_892_AirHP3rESvTqNue45p9XH+_1772329146_part1.mp4
2026-02-28 17:39:16.709 T:32004   debug <general>: CInputManager::ProcessMouse: trying mouse action leftclick
2026-02-28 17:39:16.734 T:34416    info <general>: @@@@Cumination: Stripchat stable: probe https://media-hls.doppiocdn.net/b-hls-25/186046121/186046121_892_AirHP3rESvTqNue45p9XH+_1772329146_part1.mp4 -> HTTP 404
2026-02-28 17:39:16.737 T:34416    info <general>: @@@@Cumination: Stripchat stable: rejected candidate index=1 url=https://media-hls.doppiocdn.net/b-hls-25/186046121/186046121_892_AirHP3rESvTqNue45p9XH+_1772329146_part1.mp4
2026-02-28 17:39:16.738 T:34416    info <general>: @@@@Cumination: Stripchat stable: testing candidate index=0 url=https://media-hls.doppiocdn.net/b-hls-25/186046121/186046121_892_AirHP3rESvTqNue45p9XH+_1772329146_part0.mp4
2026-02-28 17:39:17.078 T:34416    info <general>: @@@@Cumination: Stripchat stable: probe https://media-hls.doppiocdn.net/b-hls-25/186046121/186046121_892_AirHP3rESvTqNue45p9XH+_1772329146_part0.mp4 -> HTTP 404
2026-02-28 17:39:17.081 T:34416    info <general>: @@@@Cumination: Stripchat stable: rejected candidate index=0 url=https://media-hls.doppiocdn.net/b-hls-25/186046121/186046121_892_AirHP3rESvTqNue45p9XH+_1772329146_part0.mp4
2026-02-28 17:39:17.081 T:34416    info <general>: @@@@Cumination: Stripchat stable: no stable segments found, keeping original manifest
2026-02-28 17:39:17.081 T:34416    info <general>: @@@@Cumination: Stripchat proxy: refresh #4 prepared stable manifest with 1890 bytes
2026-02-28 17:39:18.085 T:34416    info <general>: @@@@Cumination: Stripchat proxy: refresh #5 fetching https://media-hls.doppiocdn.net/b-hls-25/186046121/186046121.m3u8?psch=v2&pkey=Ook7quaiNgiyuhai&playlistType=lowLatency
2026-02-28 17:39:18.509 T:34416    info <general>: @@@@Cumination: Stripchat proxy: fetch #5 returned 5246 bytes
2026-02-28 17:39:18.514 T:34416    info <general>: @@@@Cumination: Stripchat rewrite: in_lines=65 out_lines=35 replaced_segments=0 replaced_parts=13 map_rewrites=0 normalized_relative=0
2026-02-28 17:39:18.514 T:34416    info <general>: @@@@Cumination: Stripchat stable: header_lines=5 segments=12 keep_count=3 edge_buffer=1
2026-02-28 17:39:18.514 T:34416    info <general>: @@@@Cumination: Stripchat stable: testing candidate index=10 url=https://media-hls.doppiocdn.net/b-hls-25/186046121/186046121_896_A+s/5xlAAtMqcjw89qMz35_1772329154_part2.mp4
2026-02-28 17:39:18.860 T:34416    info <general>: @@@@Cumination: Stripchat stable: probe https://media-hls.doppiocdn.net/b-hls-25/186046121/186046121_896_A+s/5xlAAtMqcjw89qMz35_1772329154_part2.mp4 -> HTTP 404
2026-02-28 17:39:18.863 T:34416    info <general>: @@@@Cumination: Stripchat stable: rejected candidate index=10 url=https://media-hls.doppiocdn.net/b-hls-25/186046121/186046121_896_A+s/5xlAAtMqcjw89qMz35_1772329154_part2.mp4
2026-02-28 17:39:18.863 T:34416    info <general>: @@@@Cumination: Stripchat stable: testing candidate index=9 url=https://media-hls.doppiocdn.net/b-hls-25/186046121/186046121_896_A+s/5xlAAtMqcjw89qMz35_1772329154_part1.mp4
2026-02-28 17:39:19.207 T:34416    info <general>: @@@@Cumination: Stripchat stable: probe https://media-hls.doppiocdn.net/b-hls-25/186046121/186046121_896_A+s/5xlAAtMqcjw89qMz35_1772329154_part1.mp4 -> HTTP 404
2026-02-28 17:39:19.211 T:34416    info <general>: @@@@Cumination: Stripchat stable: rejected candidate index=9 url=https://media-hls.doppiocdn.net/b-hls-25/186046121/186046121_896_A+s/5xlAAtMqcjw89qMz35_1772329154_part1.mp4
2026-02-28 17:39:19.211 T:34416    info <general>: @@@@Cumination: Stripchat stable: testing candidate index=8 url=https://media-hls.doppiocdn.net/b-hls-25/186046121/186046121_896_A+s/5xlAAtMqcjw89qMz35_1772329154_part0.mp4
2026-02-28 17:39:19.274 T:32004   debug <general>: XCURL::DllLibCurlGlobal::CheckIdle - Closing session to https://img.doppiocdn.com (easy=0x236dc209590, multi=0x236d90f7420)
2026-02-28 17:39:19.351 T:32004   debug <general>: Keyboard: scancode: 0x1d, sym: 0x132 (leftctrl), unicode: 0x00, modifier: 0x40
2026-02-28 17:39:19.352 T:32004    info <general>: Loading controller layout: C:\Program Files\Kodi\addons\game.controller.keyboard\resources\layout.xml
2026-02-28 17:39:19.353 T:32004   debug <general>: CInputManager::HandleKey: ctrl-leftctrl (0x1f0d0) pressed, window 10101, action is 
2026-02-28 17:39:19.354 T:32004   debug <general>: ------ Window Deinit (Pointer.xml) ------
2026-02-28 17:39:19.483 T:32004   debug <general>: Keyboard: scancode: 0x2038, sym: 0x134 (leftalt), unicode: 0x00, modifier: 0x140
2026-02-28 17:39:19.483 T:32004   debug <general>: CInputManager::HandleKey: ctrl-alt-leftalt (0x5f0d4) pressed, window 10101, action is 
2026-02-28 17:39:19.561 T:34416    info <general>: @@@@Cumination: Stripchat stable: probe https://media-hls.doppiocdn.net/b-hls-25/186046121/186046121_896_A+s/5xlAAtMqcjw89qMz35_1772329154_part0.mp4 -> HTTP 404
2026-02-28 17:39:19.563 T:34416    info <general>: @@@@Cumination: Stripchat stable: rejected candidate index=8 url=https://media-hls.doppiocdn.net/b-hls-25/186046121/186046121_896_A+s/5xlAAtMqcjw89qMz35_1772329154_part0.mp4
2026-02-28 17:39:19.563 T:34416    info <general>: @@@@Cumination: Stripchat stable: testing candidate index=7 url=https://media-hls.doppiocdn.net/b-hls-25/186046121/186046121_895_QtYSe348ik3mfx6s574r36_1772329152_part3.mp4
2026-02-28 17:39:19.908 T:34416    info <general>: @@@@Cumination: Stripchat stable: probe https://media-hls.doppiocdn.net/b-hls-25/186046121/186046121_895_QtYSe348ik3mfx6s574r36_1772329152_part3.mp4 -> HTTP 404
2026-02-28 17:39:19.911 T:34416    info <general>: @@@@Cumination: Stripchat stable: rejected candidate index=7 url=https://media-hls.doppiocdn.net/b-hls-25/186046121/186046121_895_QtYSe348ik3mfx6s574r36_1772329152_part3.mp4
2026-02-28 17:39:19.911 T:34416    info <general>: @@@@Cumination: Stripchat stable: testing candidate index=6 url=https://media-hls.doppiocdn.net/b-hls-25/186046121/186046121_895_QtYSe348ik3mfx6s574r36_1772329152_part2.mp4
2026-02-28 17:39:20.075 T:32004   debug <general>: Keyboard: scancode: 0x6038, sym: 0x134 (leftalt), unicode: 0x00, modifier: 0x140
2026-02-28 17:39:20.075 T:32004   debug <general>: CInputManager::HandleKey: ctrl-alt-leftalt (0x5f0d4) pressed, window 10101, action is 
2026-02-28 17:39:20.109 T:32004   debug <general>: Keyboard: scancode: 0x6038, sym: 0x134 (leftalt), unicode: 0x00, modifier: 0x140
2026-02-28 17:39:20.110 T:32004   debug <general>: CInputManager::HandleKey: ctrl-alt-leftalt (0x5f0d4) pressed, window 10101, action is 
2026-02-28 17:39:20.194 T:32004   debug <general>: Keyboard: scancode: 0x6038, sym: 0x134 (leftalt), unicode: 0x00, modifier: 0x140
2026-02-28 17:39:20.195 T:32004   debug <general>: CInputManager::HandleKey: ctrl-alt-leftalt (0x5f0d4) pressed, window 10101, action is 
2026-02-28 17:39:20.237 T:32004   debug <general>: Keyboard: scancode: 0x6038, sym: 0x134 (leftalt), unicode: 0x00, modifier: 0x140
2026-02-28 17:39:20.237 T:32004   debug <general>: CInputManager::HandleKey: ctrl-alt-leftalt (0x5f0d4) pressed, window 10101, action is 
2026-02-28 17:39:20.240 T:32004   debug <general>: Keyboard: scancode: 0x6038, sym: 0x134 (leftalt), unicode: 0x00, modifier: 0x140
2026-02-28 17:39:20.241 T:32004   debug <general>: CInputManager::HandleKey: ctrl-alt-leftalt (0x5f0d4) pressed, window 10101, action is 
2026-02-28 17:39:20.255 T:34416    info <general>: @@@@Cumination: Stripchat stable: probe https://media-hls.doppiocdn.net/b-hls-25/186046121/186046121_895_QtYSe348ik3mfx6s574r36_1772329152_part2.mp4 -> HTTP 404
2026-02-28 17:39:20.258 T:34416    info <general>: @@@@Cumination: Stripchat stable: rejected candidate index=6 url=https://media-hls.doppiocdn.net/b-hls-25/186046121/186046121_895_QtYSe348ik3mfx6s574r36_1772329152_part2.mp4
2026-02-28 17:39:20.258 T:34416    info <general>: @@@@Cumination: Stripchat stable: testing candidate index=5 url=https://media-hls.doppiocdn.net/b-hls-25/186046121/186046121_895_QtYSe348ik3mfx6s574r36_1772329152_part1.mp4
2026-02-28 17:39:20.264 T:32004   debug <general>: Keyboard: scancode: 0x6038, sym: 0x134 (leftalt), unicode: 0x00, modifier: 0x140
2026-02-28 17:39:20.264 T:32004   debug <general>: CInputManager::HandleKey: ctrl-alt-leftalt (0x5f0d4) pressed, window 10101, action is 
2026-02-28 17:39:20.287 T:32004   debug <general>: Keyboard: scancode: 0x6038, sym: 0x134 (leftalt), unicode: 0x00, modifier: 0x140
2026-02-28 17:39:20.288 T:32004   debug <general>: CInputManager::HandleKey: ctrl-alt-leftalt (0x5f0d4) pressed, window 10101, action is 
2026-02-28 17:39:20.343 T:32004   debug <general>: Keyboard: scancode: 0x6038, sym: 0x134 (leftalt), unicode: 0x00, modifier: 0x140
2026-02-28 17:39:20.343 T:32004   debug <general>: CInputManager::HandleKey: ctrl-alt-long-leftalt (0x105f0d4) pressed, window 10101, action is 
2026-02-28 17:39:20.376 T:32004   debug <general>: Keyboard: scancode: 0x6038, sym: 0x134 (leftalt), unicode: 0x00, modifier: 0x140
2026-02-28 17:39:20.376 T:32004   debug <general>: CInputManager::HandleKey: ctrl-alt-long-leftalt (0x105f0d4) pressed, window 10101, action is 
2026-02-28 17:39:20.459 T:32004   debug <general>: Keyboard: scancode: 0x6038, sym: 0x134 (leftalt), unicode: 0x00, modifier: 0x140
2026-02-28 17:39:20.460 T:32004   debug <general>: CInputManager::HandleKey: ctrl-alt-long-leftalt (0x105f0d4) pressed, window 10101, action is 
2026-02-28 17:39:20.501 T:32004   debug <general>: Keyboard: scancode: 0x6038, sym: 0x134 (leftalt), unicode: 0x00, modifier: 0x140
