2026-02-08 16:39:18.939 T:27996   debug <general>:   ParentPath = [addons://repository.dobbelina/]
2026-02-08 16:39:18.940 T:25776   debug <general>: Thread waiting start, auto delete: false
2026-02-08 16:39:18.940 T:25776   debug <general>: CAddonDatabase: SELECT repo.id FROM repo .. took 0 ms
2026-02-08 16:39:18.940 T:25776   debug <general>: CAddonDatabase: query  SELECT addons.*, repo.addonID AS repoID FROM addons JOIN addonlinkrepo ON addons.id=addonlinkrepo.idAddon JOIN repo ON repo.id=addonlinkrepo.idRepo WHERE addonlinkrepo.idRepo IN (2) ORDER BY repo.addonID, addons.addonID returned 8 rows in 0 ms
2026-02-08 16:39:18.940 T:25776   debug <general>: CAddonDatabase::GetAddons took 0 ms
2026-02-08 16:39:18.941 T:25776   debug <general>: CAddonDatabase: SELECT repo.id FROM repo .. took 0 ms
2026-02-08 16:39:18.944 T:25776   debug <general>: CAddonDatabase: query  SELECT addons.*, repo.addonID AS repoID FROM addons JOIN addonlinkrepo ON addons.id=addonlinkrepo.idAddon JOIN repo ON repo.id=addonlinkrepo.idRepo WHERE addonlinkrepo.idRepo IN (1,2) ORDER BY repo.addonID, addons.addonID returned 1041 rows in 2 ms
2026-02-08 16:39:18.961 T:25776   debug <general>: CAddonDatabase::GetAddons took 20 ms
2026-02-08 16:39:18.963 T:25776   debug <general>: CAddonMgr::GetAddonsWithAvailableUpdate took 22 ms
2026-02-08 16:39:18.964 T:25776   debug <general>: Thread waiting 25776 terminating
2026-02-08 16:39:18.965 T:18120   debug <general>: Thread BackgroundLoader start, auto delete: false
2026-02-08 16:39:18.966 T:18120   debug <general>: Thread BackgroundLoader 18120 terminating
2026-02-08 16:39:19.143 T:21756   debug <general>: CCurlFile::XFILE::CCurlFile::GetMimeType - <https://rpeters1430.github.io/repository.dobbelina/plugin.video.cumination/icon.png> -> failed
2026-02-08 16:39:19.147 T:21756   debug <general>: CurlFile::XFILE::CCurlFile::Open - <https://rpeters1430.github.io/repository.dobbelina/plugin.video.cumination/icon.png>
2026-02-08 16:39:19.250 T:21756   error <general>: CCurlFile::XFILE::CCurlFile::Open - <https://rpeters1430.github.io/repository.dobbelina/plugin.video.cumination/icon.png> Failed with code 404:
                                                   
2026-02-08 16:39:19.347 T:21756   debug <general>: CCurlFile::XFILE::CCurlFile::GetMimeType - <https://rpeters1430.github.io/repository.dobbelina/plugin.video.uwc/icon.png> -> failed
2026-02-08 16:39:19.347 T:21756   debug <general>: CurlFile::XFILE::CCurlFile::Open - <https://rpeters1430.github.io/repository.dobbelina/plugin.video.uwc/icon.png>
2026-02-08 16:39:19.446 T:21756   error <general>: CCurlFile::XFILE::CCurlFile::Open - <https://rpeters1430.github.io/repository.dobbelina/plugin.video.uwc/icon.png> Failed with code 404:
                                                   
2026-02-08 16:39:19.758 T:27996   debug <general>: ------ Window Deinit (DialogNotification.xml) ------
2026-02-08 16:39:19.975 T:21756   debug <general>: XCURL::DllLibCurlGlobal::easy_acquire - Created session to https://rpeters1430.github.io
2026-02-08 16:39:20.076 T:21756   debug <general>: CCurlFile::XFILE::CCurlFile::GetMimeType - <https://rpeters1430.github.io/repository.dobbelina/plugin.video.cumination/icon.png> -> failed
2026-02-08 16:39:20.076 T:21756   debug <general>: CurlFile::XFILE::CCurlFile::Open - <https://rpeters1430.github.io/repository.dobbelina/plugin.video.cumination/icon.png>
2026-02-08 16:39:20.079 T:23856   debug <general>: CCurlFile::XFILE::CCurlFile::GetMimeType - <https://rpeters1430.github.io/repository.dobbelina/plugin.video.cumination/fanart.jpg> -> failed
2026-02-08 16:39:20.079 T:23856   debug <general>: CurlFile::XFILE::CCurlFile::Open - <https://rpeters1430.github.io/repository.dobbelina/plugin.video.cumination/fanart.jpg>
2026-02-08 16:39:20.179 T:23856   error <general>: CCurlFile::XFILE::CCurlFile::Open - <https://rpeters1430.github.io/repository.dobbelina/plugin.video.cumination/fanart.jpg> Failed with code 404:
                                                   
2026-02-08 16:39:20.180 T:21756   error <general>: CCurlFile::XFILE::CCurlFile::Open - <https://rpeters1430.github.io/repository.dobbelina/plugin.video.cumination/icon.png> Failed with code 404:
                                                   
2026-02-08 16:39:20.391 T:27996   debug <general>: CInputManager::ProcessMouse: trying mouse action leftclick
2026-02-08 16:39:20.391 T:27996   debug <general>: ------ Window Init (DialogAddonInfo.xml) ------
2026-02-08 16:39:20.391 T:27996    info <general>: Loading skin file: DialogAddonInfo.xml, load type: KEEP_IN_MEMORY
2026-02-08 16:39:20.446 T:21756   debug <general>: CCurlFile::XFILE::CCurlFile::GetMimeType - <https://rpeters1430.github.io/repository.dobbelina/plugin.video.cumination/icon.png> -> failed
2026-02-08 16:39:20.446 T:21756   debug <general>: CurlFile::XFILE::CCurlFile::Open - <https://rpeters1430.github.io/repository.dobbelina/plugin.video.cumination/icon.png>
2026-02-08 16:39:20.472 T:21756   error <general>: CCurlFile::XFILE::CCurlFile::Open - <https://rpeters1430.github.io/repository.dobbelina/plugin.video.cumination/icon.png> Failed with code 404:
                                                   
2026-02-08 16:39:22.039 T:27996   debug <general>: CInputManager::ProcessMouse: trying mouse action leftclick
2026-02-08 16:39:22.040 T:27996   debug <general>: ------ Window Init (DialogSelect.xml) ------
2026-02-08 16:39:22.040 T:27996    info <general>: Loading skin file: DialogSelect.xml, load type: KEEP_IN_MEMORY
2026-02-08 16:39:22.042 T:6880    debug <general>: Thread JobWorker start, auto delete: true
2026-02-08 16:39:22.349 T:27996   debug <general>: ------ Window Deinit (DialogAddonInfo.xml) ------
2026-02-08 16:39:23.565 T:27996   debug <general>: CInputManager::ProcessMouse: trying mouse action leftclick
2026-02-08 16:39:23.799 T:27996   debug <general>: ------ Window Deinit (DialogSelect.xml) ------
2026-02-08 16:39:23.806 T:27996   debug <general>: CAddonInstaller: installing 'plugin.video.cumination' version '1.1.212' from repository 'repository.dobbelina'
2026-02-08 16:39:24.032 T:21756   debug <general>: XCURL::DllLibCurlGlobal::easy_acquire - Created session to https://rpeters1430.github.io
2026-02-08 16:39:24.066 T:19240   debug <general>: CCurlFile::XFILE::CCurlFile::GetMimeType - <https://rpeters1430.github.io/repository.dobbelina/plugin.video.cumination/fanart.jpg> -> failed
2026-02-08 16:39:24.066 T:19240   debug <general>: CurlFile::XFILE::CCurlFile::Open - <https://rpeters1430.github.io/repository.dobbelina/plugin.video.cumination/fanart.jpg>
2026-02-08 16:39:24.099 T:6880    debug <general>: XCURL::DllLibCurlGlobal::easy_acquire - Created session to https://rpeters1430.github.io
2026-02-08 16:39:24.105 T:19240   error <general>: CCurlFile::XFILE::CCurlFile::Open - <https://rpeters1430.github.io/repository.dobbelina/plugin.video.cumination/fanart.jpg> Failed with code 404:
                                                   
2026-02-08 16:39:24.141 T:19240   debug <general>: CCurlFile::XFILE::CCurlFile::GetMimeType - <https://rpeters1430.github.io/repository.dobbelina/plugin.video.uwc/icon.png> -> failed
2026-02-08 16:39:24.141 T:19240   debug <general>: CurlFile::XFILE::CCurlFile::Open - <https://rpeters1430.github.io/repository.dobbelina/plugin.video.uwc/icon.png>
2026-02-08 16:39:24.150 T:21756   debug <general>: CCurlFile::XFILE::CCurlFile::GetMimeType - <https://rpeters1430.github.io/repository.dobbelina/plugin.video.cumination/icon.png> -> failed
2026-02-08 16:39:24.153 T:21756   debug <general>: CurlFile::XFILE::CCurlFile::Open - <https://rpeters1430.github.io/repository.dobbelina/plugin.video.cumination/icon.png>
2026-02-08 16:39:24.177 T:23856   debug <general>: CurlFile::XFILE::CCurlFile::Open - <https://rpeters1430.github.io/repository.dobbelina/plugin.video.cumination/plugin.video.cumination-1.1.212.zip>
2026-02-08 16:39:24.179 T:19240   error <general>: CCurlFile::XFILE::CCurlFile::Open - <https://rpeters1430.github.io/repository.dobbelina/plugin.video.uwc/icon.png> Failed with code 404:
                                                   
2026-02-08 16:39:24.267 T:21756   error <general>: CCurlFile::XFILE::CCurlFile::Open - <https://rpeters1430.github.io/repository.dobbelina/plugin.video.cumination/icon.png> Failed with code 404:
                                                   
2026-02-08 16:39:24.279 T:6880    debug <general>: CCurlFile::XFILE::CCurlFile::GetMimeType - <https://rpeters1430.github.io/repository.dobbelina/plugin.video.uwc/fanart.jpg> -> failed
2026-02-08 16:39:24.279 T:6880    debug <general>: CurlFile::XFILE::CCurlFile::Open - <https://rpeters1430.github.io/repository.dobbelina/plugin.video.uwc/fanart.jpg>
2026-02-08 16:39:24.391 T:6880    error <general>: CCurlFile::XFILE::CCurlFile::Open - <https://rpeters1430.github.io/repository.dobbelina/plugin.video.uwc/fanart.jpg> Failed with code 404:
                                                   
2026-02-08 16:39:24.756 T:23856   debug <general>: CAddonDatabase: SELECT repo.id FROM repo .. took 0 ms
2026-02-08 16:39:24.759 T:23856   debug <general>: CAddonDatabase: query  SELECT addons.*, repo.addonID AS repoID FROM addons JOIN addonlinkrepo ON addons.id=addonlinkrepo.idAddon JOIN repo ON repo.id=addonlinkrepo.idRepo WHERE addonlinkrepo.idRepo IN (1,2) ORDER BY repo.addonID, addons.addonID returned 1041 rows in 2 ms
2026-02-08 16:39:24.776 T:23856   debug <general>: CAddonDatabase::GetAddons took 20 ms
2026-02-08 16:39:24.778 T:23856   debug <general>: CurlFile::XFILE::CCurlFile::Open - <https://mirrors.kodi.tv/addons/omega/script.module.six/script.module.six-1.16.0+matrix.1.zip>
2026-02-08 16:39:24.778 T:23856   debug <general>: XCURL::DllLibCurlGlobal::easy_acquire - Created session to https://mirrors.kodi.tv
2026-02-08 16:39:24.946 T:23856   debug <general>: Resolved addon path https://mirrors.kodi.tv/addons/omega/script.module.six/script.module.six-1.16.0+matrix.1.zip to https://ftp.halifax.rwth-aachen.de/xbmc/addons/omega/script.module.six/script.module.six-1.16.0+matrix.1.zip hash 4197f7773f75ab9f16b3c920195acbb8b8b151b4b3c8c3e14fc4876e764e3860
2026-02-08 16:39:24.947 T:23856   debug <general>: XCURL::DllLibCurlGlobal::easy_acquire - Created session to https://ftp.halifax.rwth-aachen.de
2026-02-08 16:39:26.602 T:23856   debug <general>: CurlFile::XFILE::CCurlFile::Open - <https://ftp.halifax.rwth-aachen.de/xbmc/addons/omega/script.module.six/script.module.six-1.16.0+matrix.1.zip>
2026-02-08 16:39:27.355 T:23856   debug <general>: CAddonDatabase: SELECT repo.id FROM repo .. took 0 ms
2026-02-08 16:39:27.359 T:23856   debug <general>: CAddonDatabase: query  SELECT addons.*, repo.addonID AS repoID FROM addons JOIN addonlinkrepo ON addons.id=addonlinkrepo.idAddon JOIN repo ON repo.id=addonlinkrepo.idRepo WHERE addonlinkrepo.idRepo IN (1,2) ORDER BY repo.addonID, addons.addonID returned 1041 rows in 3 ms
2026-02-08 16:39:27.376 T:23856   debug <general>: CAddonDatabase::GetAddons took 20 ms
2026-02-08 16:39:27.378 T:23856   debug <general>: Unpacking zip://special%3a%2f%2fhome%2faddons%2fpackages%2fscript.module.six-1.16.0%20matrix.1.zip/script.module.six/ to C:\Users\James\AppData\Roaming\Kodi\addons\temp\2c08e01d-b30e-4dbb-9cd4-4b6c958a96a7
2026-02-08 16:39:27.401 T:23856   debug <general>: CAddonInfoBuilder::ParseXMLTypes: Binary addon found: peripheral.joystick
2026-02-08 16:39:27.405 T:23856   debug <general>: CAddonInfoBuilder::ParseXMLTypes: Binary addon found: inputstream.adaptive
2026-02-08 16:39:27.405 T:23856   debug <general>: CAddonMgr::ADDON::CAddonMgr::FindAddons: Addon 'metadata.album.universal' already present with version 3.1.4 at 'C:\Program Files\Kodi\addons\metadata.album.universal\' replaced with version 3.1.18 at 'C:\Users\James\AppData\Roaming\Kodi\addons\metadata.album.universal\'
2026-02-08 16:39:27.406 T:23856   debug <general>: CAddonMgr::ADDON::CAddonMgr::FindAddons: Addon 'metadata.artists.universal' already present with version 4.3.3 at 'C:\Program Files\Kodi\addons\metadata.artists.universal\' replaced with version 4.3.21 at 'C:\Users\James\AppData\Roaming\Kodi\addons\metadata.artists.universal\'
2026-02-08 16:39:27.406 T:23856   debug <general>: CAddonMgr::ADDON::CAddonMgr::FindAddons: Addon 'metadata.common.fanart.tv' already present with version 3.6.3 at 'C:\Program Files\Kodi\addons\metadata.common.fanart.tv\' replaced with version 3.6.5 at 'C:\Users\James\AppData\Roaming\Kodi\addons\metadata.common.fanart.tv\'
2026-02-08 16:39:27.406 T:23856   debug <general>: CAddonMgr::ADDON::CAddonMgr::FindAddons: Addon 'metadata.generic.albums' already present with version 1.0.14 at 'C:\Program Files\Kodi\addons\metadata.generic.albums\' replaced with version 1.0.18 at 'C:\Users\James\AppData\Roaming\Kodi\addons\metadata.generic.albums\'
2026-02-08 16:39:27.406 T:23856   debug <general>: CAddonMgr::ADDON::CAddonMgr::FindAddons: Addon 'metadata.themoviedb.org.python' already present with version 1.3.1+matrix.1 at 'C:\Program Files\Kodi\addons\metadata.themoviedb.org.python\' replaced with version 3.1.3 at 'C:\Users\James\AppData\Roaming\Kodi\addons\metadata.themoviedb.org.python\'
2026-02-08 16:39:27.407 T:23856   debug <general>: CAddonMgr::ADDON::CAddonMgr::FindAddons: Addon 'metadata.tvshows.themoviedb.org.python' already present with version 1.6.0 at 'C:\Program Files\Kodi\addons\metadata.tvshows.themoviedb.org.python\' replaced with version 1.7.4 at 'C:\Users\James\AppData\Roaming\Kodi\addons\metadata.tvshows.themoviedb.org.python\'
2026-02-08 16:39:27.408 T:23856   debug <general>: CAddonMgr::ADDON::CAddonMgr::FindAddons: Addon 'service.xbmc.versioncheck' already present with version 0.5.27+matrix.1 at 'C:\Program Files\Kodi\addons\service.xbmc.versioncheck\' replaced with version 0.5.30+matrix.1 at 'C:\Users\James\AppData\Roaming\Kodi\addons\service.xbmc.versioncheck\'
2026-02-08 16:39:27.408 T:23856    info <general>: CAddonMgr::ADDON::CAddonMgr::FindAddon: script.module.six v1.16.0+matrix.1 installed
2026-02-08 16:39:27.411 T:23856   debug <general>: CAddonMgr: script.module.six successfully loaded
2026-02-08 16:39:27.411 T:6880    debug <general>: ContextMenuManager: addon menus reloaded.
2026-02-08 16:39:27.411 T:23856   debug <general>: ADDONS: dependency [script.module.six] will not be version checked and unpinned
2026-02-08 16:39:27.411 T:23856   debug <general>: CurlFile::XFILE::CCurlFile::Open - <https://mirrors.kodi.tv/addons/omega/script.module.kodi-six/script.module.kodi-six-0.1.3.1.zip>
2026-02-08 16:39:27.417 T:27996   debug <general>: CGUIMediaWindow::GetDirectory (addons://repository.dobbelina/xbmc.addon.video)
2026-02-08 16:39:27.417 T:27996   debug <general>:   ParentPath = [addons://repository.dobbelina/xbmc.addon.video]
2026-02-08 16:39:27.417 T:21336   debug <general>: Thread waiting start, auto delete: false
2026-02-08 16:39:27.417 T:21336   debug <general>: CAddonDatabase: SELECT repo.id FROM repo .. took 0 ms
2026-02-08 16:39:27.418 T:21336   debug <general>: CAddonDatabase: query  SELECT addons.*, repo.addonID AS repoID FROM addons JOIN addonlinkrepo ON addons.id=addonlinkrepo.idAddon JOIN repo ON repo.id=addonlinkrepo.idRepo WHERE addonlinkrepo.idRepo IN (2) ORDER BY repo.addonID, addons.addonID returned 8 rows in 0 ms
2026-02-08 16:39:27.418 T:21336   debug <general>: CAddonDatabase::GetAddons took 0 ms
2026-02-08 16:39:27.418 T:21336   debug <general>: CAddonDatabase: SELECT repo.id FROM repo .. took 0 ms
2026-02-08 16:39:27.421 T:21336   debug <general>: CAddonDatabase: query  SELECT addons.*, repo.addonID AS repoID FROM addons JOIN addonlinkrepo ON addons.id=addonlinkrepo.idAddon JOIN repo ON repo.id=addonlinkrepo.idRepo WHERE addonlinkrepo.idRepo IN (1,2) ORDER BY repo.addonID, addons.addonID returned 1041 rows in 2 ms
2026-02-08 16:39:27.437 T:21336   debug <general>: CAddonDatabase::GetAddons took 18 ms
2026-02-08 16:39:27.439 T:21336   debug <general>: CAddonMgr::GetAddonsWithAvailableUpdate took 20 ms
2026-02-08 16:39:27.440 T:21336   debug <general>: Thread waiting 21336 terminating
2026-02-08 16:39:27.441 T:5880    debug <general>: Thread BackgroundLoader start, auto delete: false
2026-02-08 16:39:27.441 T:5880    debug <general>: Thread BackgroundLoader 5880 terminating
2026-02-08 16:39:27.459 T:23856   debug <general>: Resolved addon path https://mirrors.kodi.tv/addons/omega/script.module.kodi-six/script.module.kodi-six-0.1.3.1.zip to https://mirror.netcologne.de/xbmc/addons/omega/script.module.kodi-six/script.module.kodi-six-0.1.3.1.zip hash 236a7a912641805e146b605c8c29ef413d748ef3f4ddf8aa8c414717d9831383
2026-02-08 16:39:27.460 T:23856   debug <general>: XCURL::DllLibCurlGlobal::easy_acquire - Created session to https://mirror.netcologne.de
2026-02-08 16:39:27.481 T:19240   debug <general>: CCurlFile::XFILE::CCurlFile::GetMimeType - <https://rpeters1430.github.io/repository.dobbelina/plugin.video.cumination/icon.png> -> failed
2026-02-08 16:39:27.481 T:19240   debug <general>: CurlFile::XFILE::CCurlFile::Open - <https://rpeters1430.github.io/repository.dobbelina/plugin.video.cumination/icon.png>
2026-02-08 16:39:27.524 T:19240   error <general>: CCurlFile::XFILE::CCurlFile::Open - <https://rpeters1430.github.io/repository.dobbelina/plugin.video.cumination/icon.png> Failed with code 404:
                                                   
2026-02-08 16:39:27.561 T:19240   debug <general>: CCurlFile::XFILE::CCurlFile::GetMimeType - <https://rpeters1430.github.io/repository.dobbelina/plugin.video.uwc/icon.png> -> failed
2026-02-08 16:39:27.561 T:19240   debug <general>: CurlFile::XFILE::CCurlFile::Open - <https://rpeters1430.github.io/repository.dobbelina/plugin.video.uwc/icon.png>
2026-02-08 16:39:27.590 T:19240   error <general>: CCurlFile::XFILE::CCurlFile::Open - <https://rpeters1430.github.io/repository.dobbelina/plugin.video.uwc/icon.png> Failed with code 404:
                                                   
2026-02-08 16:39:28.323 T:23856   debug <general>: CurlFile::XFILE::CCurlFile::Open - <https://mirror.netcologne.de/xbmc/addons/omega/script.module.kodi-six/script.module.kodi-six-0.1.3.1.zip>
2026-02-08 16:39:29.197 T:23856   debug <general>: CAddonDatabase: SELECT repo.id FROM repo .. took 0 ms
2026-02-08 16:39:29.200 T:23856   debug <general>: CAddonDatabase: query  SELECT addons.*, repo.addonID AS repoID FROM addons JOIN addonlinkrepo ON addons.id=addonlinkrepo.idAddon JOIN repo ON repo.id=addonlinkrepo.idRepo WHERE addonlinkrepo.idRepo IN (1,2) ORDER BY repo.addonID, addons.addonID returned 1041 rows in 2 ms
2026-02-08 16:39:29.216 T:23856   debug <general>: CAddonDatabase::GetAddons took 19 ms
2026-02-08 16:39:29.219 T:23856   debug <general>: Unpacking zip://special%3a%2f%2fhome%2faddons%2fpackages%2fscript.module.kodi-six-0.1.3.1.zip/script.module.kodi-six/ to C:\Users\James\AppData\Roaming\Kodi\addons\temp\1000203a-3214-4be5-b27f-b8d5a0d8c234
2026-02-08 16:39:29.234 T:23856   debug <general>: CAddonInfoBuilder::ParseXMLTypes: Binary addon found: peripheral.joystick
2026-02-08 16:39:29.238 T:23856   debug <general>: CAddonInfoBuilder::ParseXMLTypes: Binary addon found: inputstream.adaptive
2026-02-08 16:39:29.238 T:23856   debug <general>: CAddonMgr::ADDON::CAddonMgr::FindAddons: Addon 'metadata.album.universal' already present with version 3.1.4 at 'C:\Program Files\Kodi\addons\metadata.album.universal\' replaced with version 3.1.18 at 'C:\Users\James\AppData\Roaming\Kodi\addons\metadata.album.universal\'
2026-02-08 16:39:29.239 T:23856   debug <general>: CAddonMgr::ADDON::CAddonMgr::FindAddons: Addon 'metadata.artists.universal' already present with version 4.3.3 at 'C:\Program Files\Kodi\addons\metadata.artists.universal\' replaced with version 4.3.21 at 'C:\Users\James\AppData\Roaming\Kodi\addons\metadata.artists.universal\'
2026-02-08 16:39:29.239 T:23856   debug <general>: CAddonMgr::ADDON::CAddonMgr::FindAddons: Addon 'metadata.common.fanart.tv' already present with version 3.6.3 at 'C:\Program Files\Kodi\addons\metadata.common.fanart.tv\' replaced with version 3.6.5 at 'C:\Users\James\AppData\Roaming\Kodi\addons\metadata.common.fanart.tv\'
2026-02-08 16:39:29.239 T:23856   debug <general>: CAddonMgr::ADDON::CAddonMgr::FindAddons: Addon 'metadata.generic.albums' already present with version 1.0.14 at 'C:\Program Files\Kodi\addons\metadata.generic.albums\' replaced with version 1.0.18 at 'C:\Users\James\AppData\Roaming\Kodi\addons\metadata.generic.albums\'
2026-02-08 16:39:29.239 T:23856   debug <general>: CAddonMgr::ADDON::CAddonMgr::FindAddons: Addon 'metadata.themoviedb.org.python' already present with version 1.3.1+matrix.1 at 'C:\Program Files\Kodi\addons\metadata.themoviedb.org.python\' replaced with version 3.1.3 at 'C:\Users\James\AppData\Roaming\Kodi\addons\metadata.themoviedb.org.python\'
2026-02-08 16:39:29.240 T:23856   debug <general>: CAddonMgr::ADDON::CAddonMgr::FindAddons: Addon 'metadata.tvshows.themoviedb.org.python' already present with version 1.6.0 at 'C:\Program Files\Kodi\addons\metadata.tvshows.themoviedb.org.python\' replaced with version 1.7.4 at 'C:\Users\James\AppData\Roaming\Kodi\addons\metadata.tvshows.themoviedb.org.python\'
2026-02-08 16:39:29.241 T:23856   debug <general>: CAddonMgr::ADDON::CAddonMgr::FindAddons: Addon 'service.xbmc.versioncheck' already present with version 0.5.27+matrix.1 at 'C:\Program Files\Kodi\addons\service.xbmc.versioncheck\' replaced with version 0.5.30+matrix.1 at 'C:\Users\James\AppData\Roaming\Kodi\addons\service.xbmc.versioncheck\'
2026-02-08 16:39:29.241 T:23856    info <general>: CAddonMgr::ADDON::CAddonMgr::FindAddon: script.module.kodi-six v0.1.3.1 installed
2026-02-08 16:39:29.259 T:23856   debug <general>: CAddonMgr: script.module.kodi-six successfully loaded
2026-02-08 16:39:29.259 T:19240   debug <general>: ContextMenuManager: addon menus reloaded.
2026-02-08 16:39:29.259 T:23856   debug <general>: ADDONS: dependency [script.module.kodi-six] will not be version checked and unpinned
2026-02-08 16:39:29.263 T:27996   debug <general>: CGUIMediaWindow::GetDirectory (addons://repository.dobbelina/xbmc.addon.video)
2026-02-08 16:39:29.263 T:27996   debug <general>:   ParentPath = [addons://repository.dobbelina/xbmc.addon.video]
2026-02-08 16:39:29.263 T:17472   debug <general>: Thread waiting start, auto delete: false
2026-02-08 16:39:29.268 T:17472   debug <general>: CAddonDatabase: SELECT repo.id FROM repo .. took 0 ms
2026-02-08 16:39:29.268 T:17472   debug <general>: CAddonDatabase: query  SELECT addons.*, repo.addonID AS repoID FROM addons JOIN addonlinkrepo ON addons.id=addonlinkrepo.idAddon JOIN repo ON repo.id=addonlinkrepo.idRepo WHERE addonlinkrepo.idRepo IN (2) ORDER BY repo.addonID, addons.addonID returned 8 rows in 0 ms
2026-02-08 16:39:29.269 T:17472   debug <general>: CAddonDatabase::GetAddons took 0 ms
2026-02-08 16:39:29.269 T:17472   debug <general>: CAddonDatabase: SELECT repo.id FROM repo .. took 0 ms
2026-02-08 16:39:29.272 T:17472   debug <general>: CAddonDatabase: query  SELECT addons.*, repo.addonID AS repoID FROM addons JOIN addonlinkrepo ON addons.id=addonlinkrepo.idAddon JOIN repo ON repo.id=addonlinkrepo.idRepo WHERE addonlinkrepo.idRepo IN (1,2) ORDER BY repo.addonID, addons.addonID returned 1041 rows in 2 ms
2026-02-08 16:39:29.288 T:17472   debug <general>: CAddonDatabase::GetAddons took 19 ms
2026-02-08 16:39:29.290 T:17472   debug <general>: CAddonMgr::GetAddonsWithAvailableUpdate took 21 ms
2026-02-08 16:39:29.291 T:17472   debug <general>: Thread waiting 17472 terminating
2026-02-08 16:39:29.292 T:26752   debug <general>: Thread BackgroundLoader start, auto delete: false
2026-02-08 16:39:29.292 T:26752   debug <general>: Thread BackgroundLoader 26752 terminating
2026-02-08 16:39:29.304 T:23856   debug <general>: CAddonDatabase: SELECT repo.id FROM repo .. took 0 ms
2026-02-08 16:39:29.307 T:23856   debug <general>: CAddonDatabase: query  SELECT addons.*, repo.addonID AS repoID FROM addons JOIN addonlinkrepo ON addons.id=addonlinkrepo.idAddon JOIN repo ON repo.id=addonlinkrepo.idRepo WHERE addonlinkrepo.idRepo IN (1,2) ORDER BY repo.addonID, addons.addonID returned 1041 rows in 2 ms
2026-02-08 16:39:29.323 T:23856   debug <general>: CAddonDatabase::GetAddons took 19 ms
2026-02-08 16:39:29.326 T:23856   debug <general>: Unpacking zip://special%3a%2f%2fhome%2faddons%2fpackages%2fscript.module.resolveurl-5.1.192.zip/script.module.resolveurl/ to C:\Users\James\AppData\Roaming\Kodi\addons\temp\52139fb1-c7cb-4062-bf05-69ddc74229ca
2026-02-08 16:39:29.332 T:21756   debug <general>: CCurlFile::XFILE::CCurlFile::GetMimeType - <https://rpeters1430.github.io/repository.dobbelina/plugin.video.cumination/icon.png> -> failed
2026-02-08 16:39:29.332 T:21756   debug <general>: CurlFile::XFILE::CCurlFile::Open - <https://rpeters1430.github.io/repository.dobbelina/plugin.video.cumination/icon.png>
2026-02-08 16:39:29.360 T:21756   error <general>: CCurlFile::XFILE::CCurlFile::Open - <https://rpeters1430.github.io/repository.dobbelina/plugin.video.cumination/icon.png> Failed with code 404:
                                                   
2026-02-08 16:39:29.396 T:21756   debug <general>: CCurlFile::XFILE::CCurlFile::GetMimeType - <https://rpeters1430.github.io/repository.dobbelina/plugin.video.uwc/icon.png> -> failed
2026-02-08 16:39:29.396 T:21756   debug <general>: CurlFile::XFILE::CCurlFile::Open - <https://rpeters1430.github.io/repository.dobbelina/plugin.video.uwc/icon.png>
2026-02-08 16:39:29.423 T:21756   error <general>: CCurlFile::XFILE::CCurlFile::Open - <https://rpeters1430.github.io/repository.dobbelina/plugin.video.uwc/icon.png> Failed with code 404:
                                                   
2026-02-08 16:39:29.497 T:23856   debug <general>: CAddonInfoBuilder::ParseXMLTypes: Binary addon found: peripheral.joystick
2026-02-08 16:39:29.500 T:23856   debug <general>: CAddonInfoBuilder::ParseXMLTypes: Binary addon found: inputstream.adaptive
2026-02-08 16:39:29.501 T:23856   debug <general>: CAddonMgr::ADDON::CAddonMgr::FindAddons: Addon 'metadata.album.universal' already present with version 3.1.4 at 'C:\Program Files\Kodi\addons\metadata.album.universal\' replaced with version 3.1.18 at 'C:\Users\James\AppData\Roaming\Kodi\addons\metadata.album.universal\'
2026-02-08 16:39:29.501 T:23856   debug <general>: CAddonMgr::ADDON::CAddonMgr::FindAddons: Addon 'metadata.artists.universal' already present with version 4.3.3 at 'C:\Program Files\Kodi\addons\metadata.artists.universal\' replaced with version 4.3.21 at 'C:\Users\James\AppData\Roaming\Kodi\addons\metadata.artists.universal\'
2026-02-08 16:39:29.502 T:23856   debug <general>: CAddonMgr::ADDON::CAddonMgr::FindAddons: Addon 'metadata.common.fanart.tv' already present with version 3.6.3 at 'C:\Program Files\Kodi\addons\metadata.common.fanart.tv\' replaced with version 3.6.5 at 'C:\Users\James\AppData\Roaming\Kodi\addons\metadata.common.fanart.tv\'
2026-02-08 16:39:29.502 T:23856   debug <general>: CAddonMgr::ADDON::CAddonMgr::FindAddons: Addon 'metadata.generic.albums' already present with version 1.0.14 at 'C:\Program Files\Kodi\addons\metadata.generic.albums\' replaced with version 1.0.18 at 'C:\Users\James\AppData\Roaming\Kodi\addons\metadata.generic.albums\'
2026-02-08 16:39:29.502 T:23856   debug <general>: CAddonMgr::ADDON::CAddonMgr::FindAddons: Addon 'metadata.themoviedb.org.python' already present with version 1.3.1+matrix.1 at 'C:\Program Files\Kodi\addons\metadata.themoviedb.org.python\' replaced with version 3.1.3 at 'C:\Users\James\AppData\Roaming\Kodi\addons\metadata.themoviedb.org.python\'
2026-02-08 16:39:29.502 T:23856   debug <general>: CAddonMgr::ADDON::CAddonMgr::FindAddons: Addon 'metadata.tvshows.themoviedb.org.python' already present with version 1.6.0 at 'C:\Program Files\Kodi\addons\metadata.tvshows.themoviedb.org.python\' replaced with version 1.7.4 at 'C:\Users\James\AppData\Roaming\Kodi\addons\metadata.tvshows.themoviedb.org.python\'
2026-02-08 16:39:29.503 T:23856   debug <general>: CAddonMgr::ADDON::CAddonMgr::FindAddons: Addon 'service.xbmc.versioncheck' already present with version 0.5.27+matrix.1 at 'C:\Program Files\Kodi\addons\service.xbmc.versioncheck\' replaced with version 0.5.30+matrix.1 at 'C:\Users\James\AppData\Roaming\Kodi\addons\service.xbmc.versioncheck\'
2026-02-08 16:39:29.503 T:23856    info <general>: CAddonMgr::ADDON::CAddonMgr::FindAddon: script.module.resolveurl v5.1.192 installed
2026-02-08 16:39:29.531 T:23856   debug <general>: CAddonMgr: script.module.resolveurl successfully loaded
2026-02-08 16:39:29.531 T:21756   debug <general>: ContextMenuManager: addon menus reloaded.
2026-02-08 16:39:29.531 T:23856   debug <general>: POParser: PO file has Win Style Line Endings. Converted in memory to Linux LF for file: C:\Users\James\AppData\Roaming\Kodi\addons\script.module.resolveurl\resources\language\resource.language.en_gb\strings.po
2026-02-08 16:39:29.531 T:23856   debug <general>: LocalizeStrings: loaded 104 strings from file C:\Users\James\AppData\Roaming\Kodi\addons\script.module.resolveurl\resources\language\resource.language.en_gb\strings.po
2026-02-08 16:39:29.531 T:23856   debug <general>: ADDONS: dependency [script.module.resolveurl] will not be version checked and unpinned
2026-02-08 16:39:29.538 T:27996   debug <general>: CGUIMediaWindow::GetDirectory (addons://repository.dobbelina/xbmc.addon.video)
2026-02-08 16:39:29.538 T:27996   debug <general>:   ParentPath = [addons://repository.dobbelina/xbmc.addon.video]
2026-02-08 16:39:29.538 T:23780   debug <general>: Thread waiting start, auto delete: false
2026-02-08 16:39:29.538 T:23780   debug <general>: CAddonDatabase: SELECT repo.id FROM repo .. took 0 ms
2026-02-08 16:39:29.539 T:23780   debug <general>: CAddonDatabase: query  SELECT addons.*, repo.addonID AS repoID FROM addons JOIN addonlinkrepo ON addons.id=addonlinkrepo.idAddon JOIN repo ON repo.id=addonlinkrepo.idRepo WHERE addonlinkrepo.idRepo IN (2) ORDER BY repo.addonID, addons.addonID returned 8 rows in 0 ms
2026-02-08 16:39:29.539 T:23780   debug <general>: CAddonDatabase::GetAddons took 0 ms
2026-02-08 16:39:29.539 T:23780   debug <general>: CAddonDatabase: SELECT repo.id FROM repo .. took 0 ms
2026-02-08 16:39:29.542 T:23780   debug <general>: CAddonDatabase: query  SELECT addons.*, repo.addonID AS repoID FROM addons JOIN addonlinkrepo ON addons.id=addonlinkrepo.idAddon JOIN repo ON repo.id=addonlinkrepo.idRepo WHERE addonlinkrepo.idRepo IN (1,2) ORDER BY repo.addonID, addons.addonID returned 1041 rows in 2 ms
2026-02-08 16:39:29.558 T:23780   debug <general>: CAddonDatabase::GetAddons took 18 ms
2026-02-08 16:39:29.560 T:23780   debug <general>: CAddonMgr::GetAddonsWithAvailableUpdate took 20 ms
2026-02-08 16:39:29.561 T:23780   debug <general>: Thread waiting 23780 terminating
2026-02-08 16:39:29.562 T:26236   debug <general>: Thread BackgroundLoader start, auto delete: false
2026-02-08 16:39:29.563 T:26236   debug <general>: Thread BackgroundLoader 26236 terminating
2026-02-08 16:39:29.600 T:21756   debug <general>: CCurlFile::XFILE::CCurlFile::GetMimeType - <https://rpeters1430.github.io/repository.dobbelina/plugin.video.cumination/icon.png> -> failed
2026-02-08 16:39:29.600 T:21756   debug <general>: CurlFile::XFILE::CCurlFile::Open - <https://rpeters1430.github.io/repository.dobbelina/plugin.video.cumination/icon.png>
2026-02-08 16:39:29.606 T:23856   debug <general>: CAddonDatabase: SELECT repo.id FROM repo .. took 0 ms
2026-02-08 16:39:29.609 T:23856   debug <general>: CAddonDatabase: query  SELECT addons.*, repo.addonID AS repoID FROM addons JOIN addonlinkrepo ON addons.id=addonlinkrepo.idAddon JOIN repo ON repo.id=addonlinkrepo.idRepo WHERE addonlinkrepo.idRepo IN (1,2) ORDER BY repo.addonID, addons.addonID returned 1041 rows in 2 ms
2026-02-08 16:39:29.625 T:23856   debug <general>: CAddonDatabase::GetAddons took 18 ms
2026-02-08 16:39:29.627 T:23856   debug <general>: Unpacking zip://special%3a%2f%2fhome%2faddons%2fpackages%2fscript.module.resolveurl.xxx-2.1.44.zip/script.module.resolveurl.xxx/ to C:\Users\James\AppData\Roaming\Kodi\addons\temp\be09e526-9a15-4bd6-85ea-ce9b49237fc2
2026-02-08 16:39:29.642 T:21756   error <general>: CCurlFile::XFILE::CCurlFile::Open - <https://rpeters1430.github.io/repository.dobbelina/plugin.video.cumination/icon.png> Failed with code 404:
                                                   
2026-02-08 16:39:29.667 T:23856   debug <general>: CAddonInfoBuilder::ParseXMLTypes: Binary addon found: peripheral.joystick
2026-02-08 16:39:29.670 T:23856   debug <general>: CAddonInfoBuilder::ParseXMLTypes: Binary addon found: inputstream.adaptive
2026-02-08 16:39:29.671 T:23856   debug <general>: CAddonMgr::ADDON::CAddonMgr::FindAddons: Addon 'metadata.album.universal' already present with version 3.1.4 at 'C:\Program Files\Kodi\addons\metadata.album.universal\' replaced with version 3.1.18 at 'C:\Users\James\AppData\Roaming\Kodi\addons\metadata.album.universal\'
2026-02-08 16:39:29.671 T:23856   debug <general>: CAddonMgr::ADDON::CAddonMgr::FindAddons: Addon 'metadata.artists.universal' already present with version 4.3.3 at 'C:\Program Files\Kodi\addons\metadata.artists.universal\' replaced with version 4.3.21 at 'C:\Users\James\AppData\Roaming\Kodi\addons\metadata.artists.universal\'
2026-02-08 16:39:29.672 T:23856   debug <general>: CAddonMgr::ADDON::CAddonMgr::FindAddons: Addon 'metadata.common.fanart.tv' already present with version 3.6.3 at 'C:\Program Files\Kodi\addons\metadata.common.fanart.tv\' replaced with version 3.6.5 at 'C:\Users\James\AppData\Roaming\Kodi\addons\metadata.common.fanart.tv\'
2026-02-08 16:39:29.672 T:23856   debug <general>: CAddonMgr::ADDON::CAddonMgr::FindAddons: Addon 'metadata.generic.albums' already present with version 1.0.14 at 'C:\Program Files\Kodi\addons\metadata.generic.albums\' replaced with version 1.0.18 at 'C:\Users\James\AppData\Roaming\Kodi\addons\metadata.generic.albums\'
2026-02-08 16:39:29.672 T:23856   debug <general>: CAddonMgr::ADDON::CAddonMgr::FindAddons: Addon 'metadata.themoviedb.org.python' already present with version 1.3.1+matrix.1 at 'C:\Program Files\Kodi\addons\metadata.themoviedb.org.python\' replaced with version 3.1.3 at 'C:\Users\James\AppData\Roaming\Kodi\addons\metadata.themoviedb.org.python\'
2026-02-08 16:39:29.672 T:23856   debug <general>: CAddonMgr::ADDON::CAddonMgr::FindAddons: Addon 'metadata.tvshows.themoviedb.org.python' already present with version 1.6.0 at 'C:\Program Files\Kodi\addons\metadata.tvshows.themoviedb.org.python\' replaced with version 1.7.4 at 'C:\Users\James\AppData\Roaming\Kodi\addons\metadata.tvshows.themoviedb.org.python\'
2026-02-08 16:39:29.674 T:23856   debug <general>: CAddonMgr::ADDON::CAddonMgr::FindAddons: Addon 'service.xbmc.versioncheck' already present with version 0.5.27+matrix.1 at 'C:\Program Files\Kodi\addons\service.xbmc.versioncheck\' replaced with version 0.5.30+matrix.1 at 'C:\Users\James\AppData\Roaming\Kodi\addons\service.xbmc.versioncheck\'
2026-02-08 16:39:29.674 T:23856    info <general>: CAddonMgr::ADDON::CAddonMgr::FindAddon: script.module.resolveurl.xxx v2.1.44 installed
2026-02-08 16:39:29.682 T:23856   debug <general>: CAddonMgr: script.module.resolveurl.xxx successfully loaded
2026-02-08 16:39:29.682 T:19240   debug <general>: ContextMenuManager: addon menus reloaded.
2026-02-08 16:39:29.682 T:23856   debug <general>: ADDONS: dependency [script.module.resolveurl.xxx] will not be version checked and unpinned
2026-02-08 16:39:29.683 T:23856   debug <general>: CurlFile::XFILE::CCurlFile::Open - <https://mirrors.kodi.tv/addons/omega/script.module.websocket/script.module.websocket-1.6.4.zip>
2026-02-08 16:39:29.685 T:21756   debug <general>: CCurlFile::XFILE::CCurlFile::GetMimeType - <https://rpeters1430.github.io/repository.dobbelina/plugin.video.uwc/icon.png> -> failed
2026-02-08 16:39:29.685 T:21756   debug <general>: CurlFile::XFILE::CCurlFile::Open - <https://rpeters1430.github.io/repository.dobbelina/plugin.video.uwc/icon.png>
2026-02-08 16:39:29.690 T:27996   debug <general>: CGUIMediaWindow::GetDirectory (addons://repository.dobbelina/xbmc.addon.video)
2026-02-08 16:39:29.690 T:27996   debug <general>:   ParentPath = [addons://repository.dobbelina/xbmc.addon.video]
2026-02-08 16:39:29.691 T:12972   debug <general>: Thread waiting start, auto delete: false
2026-02-08 16:39:29.696 T:12972   debug <general>: CAddonDatabase: SELECT repo.id FROM repo .. took 0 ms
2026-02-08 16:39:29.696 T:12972   debug <general>: CAddonDatabase: query  SELECT addons.*, repo.addonID AS repoID FROM addons JOIN addonlinkrepo ON addons.id=addonlinkrepo.idAddon JOIN repo ON repo.id=addonlinkrepo.idRepo WHERE addonlinkrepo.idRepo IN (2) ORDER BY repo.addonID, addons.addonID returned 8 rows in 0 ms
2026-02-08 16:39:29.697 T:12972   debug <general>: CAddonDatabase::GetAddons took 0 ms
2026-02-08 16:39:29.697 T:12972   debug <general>: CAddonDatabase: SELECT repo.id FROM repo .. took 0 ms
2026-02-08 16:39:29.700 T:12972   debug <general>: CAddonDatabase: query  SELECT addons.*, repo.addonID AS repoID FROM addons JOIN addonlinkrepo ON addons.id=addonlinkrepo.idAddon JOIN repo ON repo.id=addonlinkrepo.idRepo WHERE addonlinkrepo.idRepo IN (1,2) ORDER BY repo.addonID, addons.addonID returned 1041 rows in 2 ms
2026-02-08 16:39:29.716 T:12972   debug <general>: CAddonDatabase::GetAddons took 18 ms
2026-02-08 16:39:29.717 T:12972   debug <general>: CAddonMgr::GetAddonsWithAvailableUpdate took 20 ms
2026-02-08 16:39:29.718 T:21756   error <general>: CCurlFile::XFILE::CCurlFile::Open - <https://rpeters1430.github.io/repository.dobbelina/plugin.video.uwc/icon.png> Failed with code 404:
                                                   
2026-02-08 16:39:29.719 T:12972   debug <general>: Thread waiting 12972 terminating
2026-02-08 16:39:29.720 T:27364   debug <general>: Thread BackgroundLoader start, auto delete: false
2026-02-08 16:39:29.720 T:27364   debug <general>: Thread BackgroundLoader 27364 terminating
2026-02-08 16:39:29.736 T:23856   debug <general>: Resolved addon path https://mirrors.kodi.tv/addons/omega/script.module.websocket/script.module.websocket-1.6.4.zip to https://ftp.halifax.rwth-aachen.de/xbmc/addons/omega/script.module.websocket/script.module.websocket-1.6.4.zip hash cf9fd6754bd7ca7197c0b72eab287efc4b76e5e71ece2656bb96362505b9ba49
2026-02-08 16:39:29.756 T:21756   debug <general>: CCurlFile::XFILE::CCurlFile::GetMimeType - <https://rpeters1430.github.io/repository.dobbelina/plugin.video.cumination/icon.png> -> failed
2026-02-08 16:39:29.756 T:21756   debug <general>: CurlFile::XFILE::CCurlFile::Open - <https://rpeters1430.github.io/repository.dobbelina/plugin.video.cumination/icon.png>
2026-02-08 16:39:29.791 T:21756   error <general>: CCurlFile::XFILE::CCurlFile::Open - <https://rpeters1430.github.io/repository.dobbelina/plugin.video.cumination/icon.png> Failed with code 404:
                                                   
2026-02-08 16:39:29.828 T:21756   debug <general>: CCurlFile::XFILE::CCurlFile::GetMimeType - <https://rpeters1430.github.io/repository.dobbelina/plugin.video.uwc/icon.png> -> failed
2026-02-08 16:39:29.828 T:21756   debug <general>: CurlFile::XFILE::CCurlFile::Open - <https://rpeters1430.github.io/repository.dobbelina/plugin.video.uwc/icon.png>
2026-02-08 16:39:29.862 T:21756   error <general>: CCurlFile::XFILE::CCurlFile::Open - <https://rpeters1430.github.io/repository.dobbelina/plugin.video.uwc/icon.png> Failed with code 404:
                                                   
2026-02-08 16:39:29.930 T:23856   debug <general>: CurlFile::XFILE::CCurlFile::Open - <https://ftp.halifax.rwth-aachen.de/xbmc/addons/omega/script.module.websocket/script.module.websocket-1.6.4.zip>
2026-02-08 16:39:30.465 T:23856   debug <general>: CAddonDatabase: SELECT repo.id FROM repo .. took 0 ms
2026-02-08 16:39:30.468 T:23856   debug <general>: CAddonDatabase: query  SELECT addons.*, repo.addonID AS repoID FROM addons JOIN addonlinkrepo ON addons.id=addonlinkrepo.idAddon JOIN repo ON repo.id=addonlinkrepo.idRepo WHERE addonlinkrepo.idRepo IN (1,2) ORDER BY repo.addonID, addons.addonID returned 1041 rows in 2 ms
2026-02-08 16:39:30.484 T:23856   debug <general>: CAddonDatabase::GetAddons took 19 ms
2026-02-08 16:39:30.486 T:23856   debug <general>: Unpacking zip://special%3a%2f%2fhome%2faddons%2fpackages%2fscript.module.websocket-1.6.4.zip/script.module.websocket/ to C:\Users\James\AppData\Roaming\Kodi\addons\temp\c04b3aef-cafd-4cb0-9428-d2b32f2333bd
2026-02-08 16:39:30.501 T:23856   debug <general>: CAddonInfoBuilder::ParseXMLTypes: Binary addon found: peripheral.joystick
2026-02-08 16:39:30.505 T:23856   debug <general>: CAddonInfoBuilder::ParseXMLTypes: Binary addon found: inputstream.adaptive
2026-02-08 16:39:30.505 T:23856   debug <general>: CAddonMgr::ADDON::CAddonMgr::FindAddons: Addon 'metadata.album.universal' already present with version 3.1.4 at 'C:\Program Files\Kodi\addons\metadata.album.universal\' replaced with version 3.1.18 at 'C:\Users\James\AppData\Roaming\Kodi\addons\metadata.album.universal\'
2026-02-08 16:39:30.506 T:23856   debug <general>: CAddonMgr::ADDON::CAddonMgr::FindAddons: Addon 'metadata.artists.universal' already present with version 4.3.3 at 'C:\Program Files\Kodi\addons\metadata.artists.universal\' replaced with version 4.3.21 at 'C:\Users\James\AppData\Roaming\Kodi\addons\metadata.artists.universal\'
2026-02-08 16:39:30.506 T:23856   debug <general>: CAddonMgr::ADDON::CAddonMgr::FindAddons: Addon 'metadata.common.fanart.tv' already present with version 3.6.3 at 'C:\Program Files\Kodi\addons\metadata.common.fanart.tv\' replaced with version 3.6.5 at 'C:\Users\James\AppData\Roaming\Kodi\addons\metadata.common.fanart.tv\'
2026-02-08 16:39:30.506 T:23856   debug <general>: CAddonMgr::ADDON::CAddonMgr::FindAddons: Addon 'metadata.generic.albums' already present with version 1.0.14 at 'C:\Program Files\Kodi\addons\metadata.generic.albums\' replaced with version 1.0.18 at 'C:\Users\James\AppData\Roaming\Kodi\addons\metadata.generic.albums\'
2026-02-08 16:39:30.506 T:23856   debug <general>: CAddonMgr::ADDON::CAddonMgr::FindAddons: Addon 'metadata.themoviedb.org.python' already present with version 1.3.1+matrix.1 at 'C:\Program Files\Kodi\addons\metadata.themoviedb.org.python\' replaced with version 3.1.3 at 'C:\Users\James\AppData\Roaming\Kodi\addons\metadata.themoviedb.org.python\'
2026-02-08 16:39:30.507 T:23856   debug <general>: CAddonMgr::ADDON::CAddonMgr::FindAddons: Addon 'metadata.tvshows.themoviedb.org.python' already present with version 1.6.0 at 'C:\Program Files\Kodi\addons\metadata.tvshows.themoviedb.org.python\' replaced with version 1.7.4 at 'C:\Users\James\AppData\Roaming\Kodi\addons\metadata.tvshows.themoviedb.org.python\'
2026-02-08 16:39:30.508 T:23856   debug <general>: CAddonMgr::ADDON::CAddonMgr::FindAddons: Addon 'service.xbmc.versioncheck' already present with version 0.5.27+matrix.1 at 'C:\Program Files\Kodi\addons\service.xbmc.versioncheck\' replaced with version 0.5.30+matrix.1 at 'C:\Users\James\AppData\Roaming\Kodi\addons\service.xbmc.versioncheck\'
2026-02-08 16:39:30.508 T:23856    info <general>: CAddonMgr::ADDON::CAddonMgr::FindAddon: script.module.websocket v1.6.4 installed
2026-02-08 16:39:30.562 T:23856   debug <general>: CAddonMgr: script.module.websocket successfully loaded
2026-02-08 16:39:30.562 T:21756   debug <general>: ContextMenuManager: addon menus reloaded.
2026-02-08 16:39:30.562 T:23856   debug <general>: ADDONS: dependency [script.module.websocket] will not be version checked and unpinned
2026-02-08 16:39:30.603 T:27996   debug <general>: CGUIMediaWindow::GetDirectory (addons://repository.dobbelina/xbmc.addon.video)
2026-02-08 16:39:30.603 T:27996   debug <general>:   ParentPath = [addons://repository.dobbelina/xbmc.addon.video]
2026-02-08 16:39:30.603 T:11136   debug <general>: Thread waiting start, auto delete: false
2026-02-08 16:39:30.604 T:23856   debug <general>: CurlFile::XFILE::CCurlFile::Open - <https://mirrors.kodi.tv/addons/omega/script.module.requests/script.module.requests-2.31.0.zip>
2026-02-08 16:39:30.604 T:11136   debug <general>: CAddonDatabase: SELECT repo.id FROM repo .. took 0 ms
2026-02-08 16:39:30.604 T:11136   debug <general>: CAddonDatabase: query  SELECT addons.*, repo.addonID AS repoID FROM addons JOIN addonlinkrepo ON addons.id=addonlinkrepo.idAddon JOIN repo ON repo.id=addonlinkrepo.idRepo WHERE addonlinkrepo.idRepo IN (2) ORDER BY repo.addonID, addons.addonID returned 8 rows in 0 ms
2026-02-08 16:39:30.604 T:11136   debug <general>: CAddonDatabase::GetAddons took 0 ms
2026-02-08 16:39:30.605 T:11136   debug <general>: CAddonDatabase: SELECT repo.id FROM repo .. took 0 ms
2026-02-08 16:39:30.607 T:11136   debug <general>: CAddonDatabase: query  SELECT addons.*, repo.addonID AS repoID FROM addons JOIN addonlinkrepo ON addons.id=addonlinkrepo.idAddon JOIN repo ON repo.id=addonlinkrepo.idRepo WHERE addonlinkrepo.idRepo IN (1,2) ORDER BY repo.addonID, addons.addonID returned 1041 rows in 2 ms
2026-02-08 16:39:30.624 T:11136   debug <general>: CAddonDatabase::GetAddons took 19 ms
2026-02-08 16:39:30.626 T:11136   debug <general>: CAddonMgr::GetAddonsWithAvailableUpdate took 21 ms
2026-02-08 16:39:30.627 T:11136   debug <general>: Thread waiting 11136 terminating
2026-02-08 16:39:30.628 T:20664   debug <general>: Thread BackgroundLoader start, auto delete: false
2026-02-08 16:39:30.628 T:20664   debug <general>: Thread BackgroundLoader 20664 terminating
2026-02-08 16:39:30.652 T:23856   debug <general>: Resolved addon path https://mirrors.kodi.tv/addons/omega/script.module.requests/script.module.requests-2.31.0.zip to https://kodi.mirror.garr.it/addons/omega/script.module.requests/script.module.requests-2.31.0.zip hash a5704f0fd7afb4154e1beea9b5f05a002bcd75fa581a1e5fd15ece39bf2bd38a
2026-02-08 16:39:30.654 T:23856   debug <general>: XCURL::DllLibCurlGlobal::easy_acquire - Created session to https://kodi.mirror.garr.it
2026-02-08 16:39:30.668 T:21756   debug <general>: CCurlFile::XFILE::CCurlFile::GetMimeType - <https://rpeters1430.github.io/repository.dobbelina/plugin.video.cumination/icon.png> -> failed
2026-02-08 16:39:30.668 T:21756   debug <general>: CurlFile::XFILE::CCurlFile::Open - <https://rpeters1430.github.io/repository.dobbelina/plugin.video.cumination/icon.png>
2026-02-08 16:39:30.700 T:21756   error <general>: CCurlFile::XFILE::CCurlFile::Open - <https://rpeters1430.github.io/repository.dobbelina/plugin.video.cumination/icon.png> Failed with code 404:
                                                   
2026-02-08 16:39:30.741 T:21756   debug <general>: CCurlFile::XFILE::CCurlFile::GetMimeType - <https://rpeters1430.github.io/repository.dobbelina/plugin.video.uwc/icon.png> -> failed
2026-02-08 16:39:30.741 T:21756   debug <general>: CurlFile::XFILE::CCurlFile::Open - <https://rpeters1430.github.io/repository.dobbelina/plugin.video.uwc/icon.png>
2026-02-08 16:39:30.787 T:21756   error <general>: CCurlFile::XFILE::CCurlFile::Open - <https://rpeters1430.github.io/repository.dobbelina/plugin.video.uwc/icon.png> Failed with code 404:
                                                   
2026-02-08 16:39:31.312 T:27996   debug <general>: ------ Window Deinit (Pointer.xml) ------
2026-02-08 16:39:31.978 T:23856   debug <general>: CurlFile::XFILE::CCurlFile::Open - <https://kodi.mirror.garr.it/addons/omega/script.module.requests/script.module.requests-2.31.0.zip>
2026-02-08 16:39:32.988 T:23856   debug <general>: CAddonDatabase: SELECT repo.id FROM repo .. took 0 ms
2026-02-08 16:39:32.991 T:23856   debug <general>: CAddonDatabase: query  SELECT addons.*, repo.addonID AS repoID FROM addons JOIN addonlinkrepo ON addons.id=addonlinkrepo.idAddon JOIN repo ON repo.id=addonlinkrepo.idRepo WHERE addonlinkrepo.idRepo IN (1,2) ORDER BY repo.addonID, addons.addonID returned 1041 rows in 2 ms
2026-02-08 16:39:33.007 T:23856   debug <general>: CAddonDatabase::GetAddons took 19 ms
2026-02-08 16:39:33.009 T:23856   debug <general>: CurlFile::XFILE::CCurlFile::Open - <https://mirrors.kodi.tv/addons/omega/script.module.certifi/script.module.certifi-2023.5.7.zip>
2026-02-08 16:39:33.058 T:23856   debug <general>: Resolved addon path https://mirrors.kodi.tv/addons/omega/script.module.certifi/script.module.certifi-2023.5.7.zip to https://ftp.snt.utwente.nl/pub/software/xbmc/addons/omega/script.module.certifi/script.module.certifi-2023.5.7.zip hash c16d4cd2efe6e57dbb5e8d71a9beb3af213b1e3d717e8b0b24f0cbdc4c645070
2026-02-08 16:39:33.060 T:23856   debug <general>: XCURL::DllLibCurlGlobal::easy_acquire - Created session to https://ftp.snt.utwente.nl
2026-02-08 16:39:34.303 T:23856   debug <general>: CurlFile::XFILE::CCurlFile::Open - <https://ftp.snt.utwente.nl/pub/software/xbmc/addons/omega/script.module.certifi/script.module.certifi-2023.5.7.zip>
2026-02-08 16:39:35.329 T:23856   debug <general>: CAddonDatabase: SELECT repo.id FROM repo .. took 0 ms
2026-02-08 16:39:35.332 T:23856   debug <general>: CAddonDatabase: query  SELECT addons.*, repo.addonID AS repoID FROM addons JOIN addonlinkrepo ON addons.id=addonlinkrepo.idAddon JOIN repo ON repo.id=addonlinkrepo.idRepo WHERE addonlinkrepo.idRepo IN (1,2) ORDER BY repo.addonID, addons.addonID returned 1041 rows in 2 ms
2026-02-08 16:39:35.350 T:23856   debug <general>: CAddonDatabase::GetAddons took 20 ms
2026-02-08 16:39:35.352 T:23856   debug <general>: Unpacking zip://special%3a%2f%2fhome%2faddons%2fpackages%2fscript.module.certifi-2023.5.7.zip/script.module.certifi/ to C:\Users\James\AppData\Roaming\Kodi\addons\temp\d8293be4-ed79-43c9-9db2-32aebd6041b1
2026-02-08 16:39:35.370 T:23856   debug <general>: CAddonInfoBuilder::ParseXMLTypes: Binary addon found: peripheral.joystick
2026-02-08 16:39:35.374 T:23856   debug <general>: CAddonInfoBuilder::ParseXMLTypes: Binary addon found: inputstream.adaptive
