2026-02-18 18:36:37.825 T:320588   debug <general>: CDVDClock::SetSpeedAdjust - adjusted:0.000000
2026-02-18 18:36:37.825 T:320588    info <general>: Process - eof reading from demuxer
2026-02-18 18:36:37.825 T:320588    info <general>: CVideoPlayer::OnExit()
2026-02-18 18:36:37.825 T:320588    info <general>: VideoPlayer: eof, waiting for queues to empty
2026-02-18 18:36:37.825 T:320588   debug <general>: CVideoPlayer: updating file item stream details with available streams
2026-02-18 18:36:37.825 T:320588    info <general>: Closing stream player 1
2026-02-18 18:36:37.825 T:320588   debug <general>: AddOnLog: inputstream.adaptive: EnableStream(1002: false)
2026-02-18 18:36:37.825 T:320588    info <general>: Waiting for audio thread to exit
2026-02-18 18:36:37.825 T:320504   debug <general>: OnAVChange: CApplication::OnAVChange
2026-02-18 18:36:37.834 T:320599    info <general>: thread end: CVideoPlayerAudio::OnExit()
2026-02-18 18:36:37.834 T:320599   debug <general>: Thread VideoPlayerAudio 139701629032128 terminating
2026-02-18 18:36:37.834 T:320588    info <general>: Closing audio device
2026-02-18 18:36:37.835 T:320588    info <general>: Deleting audio codec
2026-02-18 18:36:37.835 T:320588   debug <general>: AddOnLog: inputstream.adaptive: Close()
2026-02-18 18:36:37.835 T:320588   debug <general>: AddOnLog: inputstream.adaptive: CSession::~CSession()
2026-02-18 18:36:37.835 T:320588   debug <general>: AddOnLog: inputstream.adaptive: CSession::DeleteStreams()
2026-02-18 18:36:37.835 T:320588   debug <general>: SECTION:UnloadDll(/usr/lib64/kodi/addons/inputstream.adaptive/inputstream.adaptive.so.21.5.14)
2026-02-18 18:36:37.835 T:320588    info <general>: ADDON: Dll Destroyed - InputStream Adaptive
2026-02-18 18:36:37.836 T:320588   debug <general>: Thread VideoPlayer 139701501556416 terminating
2026-02-18 18:36:37.836 T:319991   debug <general>: Flush - flushing renderer
2026-02-18 18:36:37.837 T:320044   debug <general>: OnPlayBackEnded: CApplicationPlayerCallback::OnPlayBackEnded
2026-02-18 18:36:37.842 T:319991    info <general>: CVideoPlayer::CloseFile()
2026-02-18 18:36:37.842 T:319991   debug <general>: DeleteRenderer - deleting renderer
2026-02-18 18:36:37.842 T:319991   debug <general>: LinuxRendererGL: Cleaning up GL resources
2026-02-18 18:36:37.842 T:319991    info <general>: VideoPlayer: waiting for threads to exit
2026-02-18 18:36:37.842 T:319991    info <general>: VideoPlayer: finished waiting
2026-02-18 18:36:37.842 T:319991    info <general>: CVideoPlayer::CloseFile()
2026-02-18 18:36:37.842 T:319991    info <general>: VideoPlayer: waiting for threads to exit
2026-02-18 18:36:37.842 T:319991    info <general>: VideoPlayer: finished waiting
2026-02-18 18:36:37.843 T:319991   debug <general>: Radio UECP (RDS) Processor - delete ~CDVDRadioRDSData
2026-02-18 18:36:37.843 T:319991   debug <general>: Audio ID3 tag processor - delete ~CVideoPlayerAudioID3
2026-02-18 18:36:37.847 T:319991   debug <general>: ------ Window Deinit (DialogBusy.xml) ------
2026-02-18 18:36:38.293 T:319991   debug <general>: ProcessMouse: trying mouse action wheelup
2026-02-18 18:36:38.402 T:320044   debug <general>: Skipped 4 duplicate messages..
2026-02-18 18:36:38.402 T:320044   debug <general>: CCurlFile::GetMimeType - <https://www9.pornhd3x.tv/Cms_Data/Contents/admin/Media/images/new-satine-summers-18-02-2026-anal-hardcore-roughsex-iluvy-lulustream-com-doodstream-com.jpg> -> image/jpeg
2026-02-18 18:36:38.402 T:320044   debug <general>: CurlFile::Open - <https://www9.pornhd3x.tv/Cms_Data/Contents/admin/Media/images/new-satine-summers-18-02-2026-anal-hardcore-roughsex-iluvy-lulustream-com-doodstream-com.jpg>
2026-02-18 18:36:38.429 T:319991   debug <general>: ProcessMouse: trying mouse action wheelup
2026-02-18 18:36:38.442 T:320044   error <general>: ffmpeg[0x5628867d0e70]: [mjpeg] dqt: len 57142 is too large
2026-02-18 18:36:38.442 T:320044   debug <general>: Error [-1094995529] while decoding frame: Unknown error 1094995529
2026-02-18 18:36:38.442 T:320044   debug <general>: LoadFromFileInternal - Load of https://www9.pornhd3x.tv/Cms_Data/Contents/admin/Media/images/new-satine-summers-18-02-2026-anal-hardcore-roughsex-iluvy-lulustream-com-doodstream-com.jpg failed.
2026-02-18 18:36:38.482 T:320037   debug <general>: Presentation: Frame was discarded by compositor
2026-02-18 18:36:38.509 T:320043   debug <general>: CCurlFile::GetMimeType - <https://www9.pornhd3x.tv/Cms_Data/Contents/admin/Media/images/raw-fuck-homemade-angel-babe-leo-gaffer.jpg> -> image/jpeg
2026-02-18 18:36:38.509 T:320043   debug <general>: CurlFile::Open - <https://www9.pornhd3x.tv/Cms_Data/Contents/admin/Media/images/raw-fuck-homemade-angel-babe-leo-gaffer.jpg>
2026-02-18 18:36:38.524 T:320052   debug <general>: CCurlFile::GetMimeType - <https://www9.pornhd3x.tv/Cms_Data/Contents/admin/Media/images/intense-sex-with-my-yoga-teacher-to-forget-my-relationship-problems-savannah-watson.jpg> -> image/jpeg
2026-02-18 18:36:38.524 T:320052   debug <general>: CurlFile::Open - <https://www9.pornhd3x.tv/Cms_Data/Contents/admin/Media/images/intense-sex-with-my-yoga-teacher-to-forget-my-relationship-problems-savannah-watson.jpg>
2026-02-18 18:36:38.571 T:320052   error <general>: ffmpeg[0x5628867b92a0]: [mjpeg] bits 247 is invalid
2026-02-18 18:36:38.571 T:320052   debug <general>: Error [-1094995529] while decoding frame: Unknown error 1094995529
2026-02-18 18:36:38.571 T:320052   debug <general>: LoadFromFileInternal - Load of https://www9.pornhd3x.tv/Cms_Data/Contents/admin/Media/images/intense-sex-with-my-yoga-teacher-to-forget-my-relationship-problems-savannah-watson.jpg failed.
2026-02-18 18:36:38.678 T:320043   debug <general>: ffmpeg[0x5628854ea0a0]: [mjpeg] Found EOI before any SOF, ignoring
2026-02-18 18:36:38.678 T:320043   error <general>: ffmpeg[0x5628854ea0a0]: [mjpeg] bits 116 is invalid
2026-02-18 18:36:38.678 T:320043   debug <general>: Error [-1094995529] while decoding frame: Unknown error 1094995529
2026-02-18 18:36:38.678 T:320043   debug <general>: LoadFromFileInternal - Load of https://www9.pornhd3x.tv/Cms_Data/Contents/admin/Media/images/raw-fuck-homemade-angel-babe-leo-gaffer.jpg failed.
2026-02-18 18:36:38.818 T:319991   debug <general>: ProcessMouse: trying mouse action wheelup
2026-02-18 18:36:40.860 T:320037   debug <general>: Skipped 9 duplicate messages..
2026-02-18 18:36:40.860 T:320037   debug <general>: Presentation: Frame was discarded by compositor
2026-02-18 18:36:43.861 T:319991   debug <general>: Skipped 7 duplicate messages..
2026-02-18 18:36:43.861 T:319991   debug <general>: ProcessMouse: trying mouse action leftclick
2026-02-18 18:36:43.862 T:319991   debug <general>: CGUIMediaWindow::GetDirectory (plugin://plugin.video.cumination/?channel=None&keyword&mode=pornhd3x.List&name=%5bCOLOR%20hotpink%5dMovies%5b%2fCOLOR%5d&page=None&section=None&url=https%3a%2f%2fwww9.pornhd3x.tv%2fporn-hd-free-full-1080p)
2026-02-18 18:36:43.862 T:319991   debug <general>:   ParentPath = [plugin://plugin.video.cumination/?channel=None&keyword&mode=pornhd3x.Main&name=%5bCOLOR%20hotpink%5dPornHD3x%5b%2fCOLOR%5d&page=None&section=None&url=https%3a%2f%2fwww9.pornhd3x.tv%2f]
2026-02-18 18:36:43.862 T:320616   debug <general>: Thread waiting start, auto delete: false
2026-02-18 18:36:43.870 T:320043   debug <general>: CAddonDatabase::SetLastUsed[plugin.video.cumination] took 7 ms
2026-02-18 18:36:43.870 T:320616   debug <general>: CScriptRunner: running add-on script Cumination('plugin://plugin.video.cumination/', '11', '?channel=None&keyword&mode=pornhd3x.List&name=%5bCOLOR%20hotpink%5dMovies%5b%2fCOLOR%5d&page=None&section=None&url=https%3a%2f%2fwww9.pornhd3x.tv%2fporn-hd-free-full-1080p')
2026-02-18 18:36:43.870 T:320617   debug <general>: Thread LanguageInvoker start, auto delete: false
2026-02-18 18:36:43.871 T:320617   debug <general>: initializing python engine.
2026-02-18 18:36:43.871 T:320617   debug <general>: CPythonInvoker(15, /home/rpeters1428/.kodi/addons/plugin.video.cumination/default.py): start processing
2026-02-18 18:36:43.895 T:320617   debug <general>: -->Python Interpreter Initialized<--
2026-02-18 18:36:43.895 T:320617   debug <general>: 
                                                   
2026-02-18 18:36:43.895 T:320617   debug <general>: CPythonInvoker(15, /home/rpeters1428/.kodi/addons/plugin.video.cumination/default.py): the source file to load is "/home/rpeters1428/.kodi/addons/plugin.video.cumination/default.py"
2026-02-18 18:36:43.895 T:320617   debug <general>: CPythonInvoker(15): full python path:
2026-02-18 18:36:43.895 T:320617   debug <general>: CPythonInvoker(15):   custom python path:
2026-02-18 18:36:43.895 T:320617   debug <general>: CPythonInvoker(15):     /home/rpeters1428/.kodi/addons/plugin.video.cumination
2026-02-18 18:36:43.895 T:320617   debug <general>: CPythonInvoker(15):     /home/rpeters1428/.kodi/addons/script.common.plugin.cache/resources/lib/storage_server/
2026-02-18 18:36:43.895 T:320617   debug <general>: CPythonInvoker(15):     /home/rpeters1428/.kodi/addons/script.module.beautifulsoup4/lib
2026-02-18 18:36:43.895 T:320617   debug <general>: CPythonInvoker(15):     /home/rpeters1428/.kodi/addons/script.module.certifi/lib
2026-02-18 18:36:43.895 T:320617   debug <general>: CPythonInvoker(15):     /home/rpeters1428/.kodi/addons/script.module.chardet/lib
2026-02-18 18:36:43.895 T:320617   debug <general>: CPythonInvoker(15):     /home/rpeters1428/.kodi/addons/script.module.idna/lib
2026-02-18 18:36:43.895 T:320617   debug <general>: CPythonInvoker(15):     /home/rpeters1428/.kodi/addons/script.module.inputstreamhelper/lib
2026-02-18 18:36:43.895 T:320617   debug <general>: CPythonInvoker(15):     /home/rpeters1428/.kodi/addons/script.module.kodi-six/libs
2026-02-18 18:36:43.895 T:320617   debug <general>: CPythonInvoker(15):     /home/rpeters1428/.kodi/addons/script.module.requests/lib
2026-02-18 18:36:43.895 T:320617   debug <general>: CPythonInvoker(15):     /home/rpeters1428/.kodi/addons/script.module.resolveurl.xxx/lib
2026-02-18 18:36:43.895 T:320617   debug <general>: CPythonInvoker(15):     /home/rpeters1428/.kodi/addons/script.module.resolveurl/lib
2026-02-18 18:36:43.895 T:320617   debug <general>: CPythonInvoker(15):     /home/rpeters1428/.kodi/addons/script.module.six/lib
2026-02-18 18:36:43.895 T:320617   debug <general>: CPythonInvoker(15):     /home/rpeters1428/.kodi/addons/script.module.soupsieve/lib
2026-02-18 18:36:43.895 T:320617   debug <general>: CPythonInvoker(15):     /home/rpeters1428/.kodi/addons/script.module.urllib3/lib
2026-02-18 18:36:43.895 T:320617   debug <general>: CPythonInvoker(15):     /home/rpeters1428/.kodi/addons/script.module.websocket/lib
2026-02-18 18:36:43.895 T:320617   debug <general>: CPythonInvoker(15):   default python path:
2026-02-18 18:36:43.895 T:320617   debug <general>: CPythonInvoker(15):     /usr/lib64/python314.zip
2026-02-18 18:36:43.895 T:320617   debug <general>: CPythonInvoker(15):     /usr/lib64/python3.14
2026-02-18 18:36:43.895 T:320617   debug <general>: CPythonInvoker(15):     /usr/lib64/python3.14/lib-dynload
2026-02-18 18:36:43.895 T:320617   debug <general>: CPythonInvoker(15):     /usr/lib64/python3.14/site-packages
2026-02-18 18:36:43.895 T:320617   debug <general>: CPythonInvoker(15):     /usr/lib/python3.14/site-packages
2026-02-18 18:36:43.895 T:320617   debug <general>: CPythonInvoker(15): adding args:
2026-02-18 18:36:43.895 T:320617   debug <general>: CPythonInvoker(15):  plugin://plugin.video.cumination/
2026-02-18 18:36:43.895 T:320617   debug <general>: CPythonInvoker(15):  11
2026-02-18 18:36:43.895 T:320617   debug <general>: CPythonInvoker(15):  ?channel=None&keyword&mode=pornhd3x.List&name=%5bCOLOR%20hotpink%5dMovies%5b%2fCOLOR%5d&page=None&section=None&url=https%3a%2f%2fwww9.pornhd3x.tv%2fporn-hd-free-full-1080p
2026-02-18 18:36:43.895 T:320617   debug <general>: CPythonInvoker(15):  resume:false
2026-02-18 18:36:43.895 T:320617   debug <general>: CPythonInvoker(15, /home/rpeters1428/.kodi/addons/plugin.video.cumination/default.py): entering source directory /home/rpeters1428/.kodi/addons/plugin.video.cumination
2026-02-18 18:36:43.895 T:320617   debug <general>: CPythonInvoker(15, /home/rpeters1428/.kodi/addons/plugin.video.cumination/default.py): instantiating addon using automatically obtained id of "plugin.video.cumination" dependent on version 3.0.0 of the xbmc.python api
2026-02-18 18:36:43.913 T:320617   debug <CAddonSettings[0@plugin.video.cumination]>: trying to load setting definitions from old format...
2026-02-18 18:36:43.913 T:320617   debug <CSettingsManager>: requested setting (changelog_seen_version) was not found.
2026-02-18 18:36:43.913 T:320617   debug <CSettingsManager>: requested setting (cuminationage) was not found.
2026-02-18 18:36:43.913 T:320617   debug <CSettingsManager>: requested setting (current_ua) was not found.
2026-02-18 18:36:43.913 T:320617   debug <CSettingsManager>: requested setting (last_ua_create) was not found.
2026-02-18 18:36:43.962 T:319991   debug <general>: ------ Window Init (DialogBusy.xml) ------
2026-02-18 18:36:43.978 T:320617   debug <CSettingsManager>: requested setting (tahlogged) was not found.
2026-02-18 18:36:43.979 T:320617   debug <CSettingsManager>: requested setting (xflogged) was not found.
2026-02-18 18:36:43.982 T:320617   debug <CSettingsManager>: requested setting (htvlogged) was not found.
2026-02-18 18:36:43.984 T:320617   debug <CSettingsManager>: requested setting (jblogged) was not found.
2026-02-18 18:36:43.985 T:320617   debug <CSettingsManager>: requested setting (spankbang_quality) was not found.
2026-02-18 18:36:43.985 T:320617   debug <CSettingsManager>: requested setting (spankbang_length) was not found.
2026-02-18 18:36:43.987 T:320617   debug <CSettingsManager>: requested setting (ptlogged) was not found.
2026-02-18 18:36:43.987 T:320617   debug <CSettingsManager>: requested setting (ptlength) was not found.
2026-02-18 18:36:43.987 T:320617   debug <CSettingsManager>: requested setting (cblogged) was not found.
2026-02-18 18:36:43.990 T:320617   debug <CSettingsManager>: requested setting (whlogged) was not found.
2026-02-18 18:36:43.990 T:320617   debug <CSettingsManager>: requested setting (pincode) was not found.
2026-02-18 18:36:43.990 T:320617   debug <CSettingsManager>: requested setting (logintime) was not found.
2026-02-18 18:36:44.358 T:320037   debug <general>: Presentation: Frame was discarded by compositor
2026-02-18 18:36:44.592 T:320617   debug <CSettingsManager>: requested setting (favorder) was not found.
2026-02-18 18:36:44.612 T:320617   debug <general>: Skipped 39 duplicate messages..
2026-02-18 18:36:44.612 T:320617   debug <general>: CPythonInvoker(15, /home/rpeters1428/.kodi/addons/plugin.video.cumination/default.py): script aborted
2026-02-18 18:36:44.612 T:320617   debug <general>: onExecutionDone(15, /home/rpeters1428/.kodi/addons/plugin.video.cumination/default.py)
2026-02-18 18:36:44.612 T:320617   debug <general>: .
2026-02-18 18:36:44.613 T:320616   debug <general>: Skipped 2 duplicate messages..
2026-02-18 18:36:44.613 T:320616   debug <general>: Thread waiting 139701501556416 terminating
2026-02-18 18:36:44.621 T:319991   debug <general>: ------ Window Deinit (DialogBusy.xml) ------
2026-02-18 18:36:44.623 T:320618   debug <general>: Thread BackgroundLoader start, auto delete: false
2026-02-18 18:36:44.623 T:319991   debug <general>: [threads] name: 'BackgroundLoader' priority: '1'
2026-02-18 18:36:44.625 T:320618   debug <general>: Thread BackgroundLoader 139702585775808 terminating
2026-02-18 18:36:44.630 T:320037   debug <general>: Presentation: Frame was discarded by compositor
2026-02-18 18:36:44.632 T:320617   debug <general>: Python interpreter stopped
2026-02-18 18:36:44.632 T:320617   debug <general>: Thread LanguageInvoker 139702568990400 terminating
2026-02-18 18:36:45.051 T:320043   debug <general>: CCurlFile::GetMimeType - <https://www9.pornhd3x.tv/Cms_Data/Contents/admin/Media/images/american-tourist-hired-a-voluptuous-colombian-woman-savannah-watson.jpg> -> image/jpeg
2026-02-18 18:36:45.051 T:320043   debug <general>: CurlFile::Open - <https://www9.pornhd3x.tv/Cms_Data/Contents/admin/Media/images/american-tourist-hired-a-voluptuous-colombian-woman-savannah-watson.jpg>
2026-02-18 18:36:45.090 T:320043   error <general>: ffmpeg[0x5628854ea0a0]: [mjpeg] bits 243 is invalid
2026-02-18 18:36:45.090 T:320043   debug <general>: Error [-1094995529] while decoding frame: Unknown error 1094995529
2026-02-18 18:36:45.090 T:320043   debug <general>: LoadFromFileInternal - Load of https://www9.pornhd3x.tv/Cms_Data/Contents/admin/Media/images/american-tourist-hired-a-voluptuous-colombian-woman-savannah-watson.jpg failed.
2026-02-18 18:36:45.141 T:320044   debug <general>: CCurlFile::GetMimeType - <https://www9.pornhd3x.tv/Cms_Data/Contents/admin/Media/images/intense-sex-with-my-yoga-teacher-to-forget-my-relationship-problems-savannah-watson.jpg> -> image/jpeg
2026-02-18 18:36:45.142 T:320044   debug <general>: CurlFile::Open - <https://www9.pornhd3x.tv/Cms_Data/Contents/admin/Media/images/intense-sex-with-my-yoga-teacher-to-forget-my-relationship-problems-savannah-watson.jpg>
2026-02-18 18:36:45.183 T:320044   error <general>: ffmpeg[0x5628867d0e70]: [mjpeg] bits 247 is invalid
2026-02-18 18:36:45.183 T:320044   debug <general>: Error [-1094995529] while decoding frame: Unknown error 1094995529
2026-02-18 18:36:45.183 T:320044   debug <general>: LoadFromFileInternal - Load of https://www9.pornhd3x.tv/Cms_Data/Contents/admin/Media/images/intense-sex-with-my-yoga-teacher-to-forget-my-relationship-problems-savannah-watson.jpg failed.
2026-02-18 18:36:45.474 T:320043   debug <general>: CCurlFile::GetMimeType - <https://www9.pornhd3x.tv/Cms_Data/Contents/admin/Media/images/raw-fuck-homemade-angel-babe-leo-gaffer.jpg> -> image/jpeg
2026-02-18 18:36:45.474 T:320043   debug <general>: CurlFile::Open - <https://www9.pornhd3x.tv/Cms_Data/Contents/admin/Media/images/raw-fuck-homemade-angel-babe-leo-gaffer.jpg>
2026-02-18 18:36:45.515 T:320043   debug <general>: ffmpeg[0x5628854ea0a0]: [mjpeg] Found EOI before any SOF, ignoring
2026-02-18 18:36:45.515 T:320043   error <general>: ffmpeg[0x5628854ea0a0]: [mjpeg] bits 116 is invalid
2026-02-18 18:36:45.515 T:320043   debug <general>: Error [-1094995529] while decoding frame: Unknown error 1094995529
2026-02-18 18:36:45.515 T:320043   debug <general>: LoadFromFileInternal - Load of https://www9.pornhd3x.tv/Cms_Data/Contents/admin/Media/images/raw-fuck-homemade-angel-babe-leo-gaffer.jpg failed.
2026-02-18 18:36:45.587 T:320037   debug <general>: Presentation: Frame was discarded by compositor
2026-02-18 18:36:46.208 T:319991   debug <general>: ProcessMouse: trying mouse action wheeldown
2026-02-18 18:36:46.275 T:320044   debug <general>: Skipped 1 duplicate messages..
2026-02-18 18:36:46.275 T:320044   debug <general>: CCurlFile::GetMimeType - <https://www9.pornhd3x.tv/Cms_Data/Contents/admin/Media/images/new-selene-love-saving-my-stepsons-sperm-18-02-2026-hardcore-milf-bigtits-roleplay-family-stepmom-creampie-iluvy-lulustream-com-doodstream-com.jpg> -> image/jpeg
2026-02-18 18:36:46.275 T:320044   debug <general>: CurlFile::Open - <https://www9.pornhd3x.tv/Cms_Data/Contents/admin/Media/images/new-selene-love-saving-my-stepsons-sperm-18-02-2026-hardcore-milf-bigtits-roleplay-family-stepmom-creampie-iluvy-lulustream-com-doodstream-com.jpg>
2026-02-18 18:36:46.282 T:320052   debug <general>: CCurlFile::GetMimeType - <https://www9.pornhd3x.tv/Cms_Data/Contents/admin/Media/images/new-alice-ross-in-the-palace-18-02-2026-hardcore-yeen-roleplay-iluvy-lulustream-com-doodstream-com.jpg> -> image/jpeg
2026-02-18 18:36:46.282 T:320052   debug <general>: CurlFile::Open - <https://www9.pornhd3x.tv/Cms_Data/Contents/admin/Media/images/new-alice-ross-in-the-palace-18-02-2026-hardcore-yeen-roleplay-iluvy-lulustream-com-doodstream-com.jpg>
2026-02-18 18:36:46.282 T:319991   debug <general>: ProcessMouse: trying mouse action wheeldown
2026-02-18 18:36:46.309 T:320504   debug <general>: Skipped 1 duplicate messages..
2026-02-18 18:36:46.309 T:320504   debug <general>: CCurlFile::GetMimeType - <https://www9.pornhd3x.tv/Cms_Data/Contents/admin/Media/images/new-satine-summers-18-02-2026-anal-hardcore-roughsex-iluvy-lulustream-com-doodstream-com.jpg> -> image/jpeg
2026-02-18 18:36:46.309 T:320504   debug <general>: CurlFile::Open - <https://www9.pornhd3x.tv/Cms_Data/Contents/admin/Media/images/new-satine-summers-18-02-2026-anal-hardcore-roughsex-iluvy-lulustream-com-doodstream-com.jpg>
2026-02-18 18:36:46.311 T:320044   error <general>: ffmpeg[0x5628867d0e70]: [mjpeg] unable to decode APP fields: Invalid data found when processing input
2026-02-18 18:36:46.311 T:320044   error <general>: ffmpeg[0x5628867d0e70]: [mjpeg] dht: len 30616 is too large
2026-02-18 18:36:46.311 T:320044   error <general>: ffmpeg[0x5628867d0e70]: [mjpeg] huffman table decode error
2026-02-18 18:36:46.311 T:320044   debug <general>: Error [-1094995529] while decoding frame: Unknown error 1094995529
2026-02-18 18:36:46.311 T:320044   debug <general>: LoadFromFileInternal - Load of https://www9.pornhd3x.tv/Cms_Data/Contents/admin/Media/images/new-selene-love-saving-my-stepsons-sperm-18-02-2026-hardcore-milf-bigtits-roleplay-family-stepmom-creampie-iluvy-lulustream-com-doodstream-com.jpg failed.
2026-02-18 18:36:46.322 T:320052   debug <general>: ffmpeg[0x5628867b92a0]: [mjpeg] Found EOI before any SOF, ignoring
2026-02-18 18:36:46.322 T:320052   error <general>: ffmpeg[0x5628867b92a0]: [mjpeg] mjpeg: unsupported coding type (cf)
2026-02-18 18:36:46.322 T:320052   error <general>: ffmpeg[0x5628867b92a0]: [mjpeg] unable to decode APP fields: Invalid data found when processing input
2026-02-18 18:36:46.322 T:320052   error <general>: ffmpeg[0x5628867b92a0]: [mjpeg] mjpeg: unsupported coding type (cd)
2026-02-18 18:36:46.322 T:320052   error <general>: ffmpeg[0x5628867b92a0]: [mjpeg] mjpeg: unsupported coding type (ca)
2026-02-18 18:36:46.322 T:320052   error <general>: ffmpeg[0x5628867b92a0]: [mjpeg] mjpeg: unsupported coding type (ce)
2026-02-18 18:36:46.322 T:320052   error <general>: ffmpeg[0x5628867b92a0]: [mjpeg] invalid id 99
2026-02-18 18:36:46.322 T:320052   debug <general>: Error [-1094995529] while decoding frame: Unknown error 1094995529
2026-02-18 18:36:46.322 T:320052   debug <general>: LoadFromFileInternal - Load of https://www9.pornhd3x.tv/Cms_Data/Contents/admin/Media/images/new-alice-ross-in-the-palace-18-02-2026-hardcore-yeen-roleplay-iluvy-lulustream-com-doodstream-com.jpg failed.
2026-02-18 18:36:46.328 T:319991   debug <general>: ProcessMouse: trying mouse action wheeldown
2026-02-18 18:36:46.353 T:320504   error <general>: ffmpeg[0x7f0f001f3480]: [mjpeg] dqt: len 57142 is too large
2026-02-18 18:36:46.353 T:320504   debug <general>: Error [-1094995529] while decoding frame: Unknown error 1094995529
2026-02-18 18:36:46.353 T:320504   debug <general>: LoadFromFileInternal - Load of https://www9.pornhd3x.tv/Cms_Data/Contents/admin/Media/images/new-satine-summers-18-02-2026-anal-hardcore-roughsex-iluvy-lulustream-com-doodstream-com.jpg failed.
2026-02-18 18:36:46.362 T:319991   debug <general>: ProcessMouse: trying mouse action wheeldown
2026-02-18 18:36:46.384 T:320043   debug <general>: CCurlFile::GetMimeType - <https://www9.pornhd3x.tv/Cms_Data/Contents/admin/Media/images/new-archer-ali-the-jerk-off-special-daddy-is-favorite-customer-18-02-2026-hardcore-roleplay-family-creampie-iluvy-lulustream-com-doodstream-com.jpg> -> image/jpeg
2026-02-18 18:36:46.384 T:320043   debug <general>: CurlFile::Open - <https://www9.pornhd3x.tv/Cms_Data/Contents/admin/Media/images/new-archer-ali-the-jerk-off-special-daddy-is-favorite-customer-18-02-2026-hardcore-roleplay-family-creampie-iluvy-lulustream-com-doodstream-com.jpg>
2026-02-18 18:36:46.408 T:319991   debug <general>: ProcessMouse: trying mouse action wheeldown
2026-02-18 18:36:46.410 T:320044   debug <general>: CCurlFile::GetMimeType - <https://www9.pornhd3x.tv/Cms_Data/Contents/admin/Media/images/new-jessica-aaren-concept-bang-my-bully-18-02-2026-hardcore-milf-bigtits-roleplay-iluvy-lulustream-com-doodstream-com.jpg> -> image/jpeg
2026-02-18 18:36:46.410 T:320044   debug <general>: CurlFile::Open - <https://www9.pornhd3x.tv/Cms_Data/Contents/admin/Media/images/new-jessica-aaren-concept-bang-my-bully-18-02-2026-hardcore-milf-bigtits-roleplay-iluvy-lulustream-com-doodstream-com.jpg>
2026-02-18 18:36:46.436 T:320043   error <general>: ffmpeg[0x5628854ea0a0]: [mjpeg] bits 175 is invalid
2026-02-18 18:36:46.436 T:320043   debug <general>: Error [-1094995529] while decoding frame: Unknown error 1094995529
2026-02-18 18:36:46.436 T:320043   debug <general>: LoadFromFileInternal - Load of https://www9.pornhd3x.tv/Cms_Data/Contents/admin/Media/images/new-archer-ali-the-jerk-off-special-daddy-is-favorite-customer-18-02-2026-hardcore-roleplay-family-creampie-iluvy-lulustream-com-doodstream-com.jpg failed.
2026-02-18 18:36:46.449 T:320052   debug <general>: CCurlFile::GetMimeType - <https://www9.pornhd3x.tv/Cms_Data/Contents/admin/Media/images/new-sexmex-paola-rubiel-leslie-gaga-in-the-super-blow-halftime-show-18-02-2026-hardcore-roleplay-threesome-bigtits-latina-iluvy-luc8edad3f-6456-48e8-8971-054f7e79974a.jpg> -> image/jpeg
2026-02-18 18:36:46.450 T:320052   debug <general>: CurlFile::Open - <https://www9.pornhd3x.tv/Cms_Data/Contents/admin/Media/images/new-sexmex-paola-rubiel-leslie-gaga-in-the-super-blow-halftime-show-18-02-2026-hardcore-roleplay-threesome-bigtits-latina-iluvy-luc8edad3f-6456-48e8-8971-054f7e79974a.jpg>
2026-02-18 18:36:46.485 T:320504   debug <general>: CCurlFile::GetMimeType - <https://www9.pornhd3x.tv/Cms_Data/Contents/admin/Media/images/new-sexmex-nicole-zurich-sara-blonde-chiquilina-fell-in-love-with-tushhhyyy-18-02-2026-hardcore-milf-blonde-bigtits-threesome-lati2bf730ab-62b5-46f1-bb3c-89cafd26afd4.jpg> -> image/jpeg
2026-02-18 18:36:46.486 T:320504   debug <general>: CurlFile::Open - <https://www9.pornhd3x.tv/Cms_Data/Contents/admin/Media/images/new-sexmex-nicole-zurich-sara-blonde-chiquilina-fell-in-love-with-tushhhyyy-18-02-2026-hardcore-milf-blonde-bigtits-threesome-lati2bf730ab-62b5-46f1-bb3c-89cafd26afd4.jpg>
2026-02-18 18:36:46.525 T:320052   error <general>: ffmpeg[0x5628867b92a0]: [mjpeg] mjpeg: unsupported coding type (cf)
2026-02-18 18:36:46.525 T:320052   error <general>: ffmpeg[0x5628867b92a0]: [mjpeg] mjpeg: unsupported coding type (cd)
2026-02-18 18:36:46.525 T:320052   error <general>: ffmpeg[0x5628867b92a0]: [mjpeg] unable to decode APP fields: Invalid data found when processing input
2026-02-18 18:36:46.525 T:320052   debug <general>: ffmpeg[0x5628867b92a0]: [mjpeg] Can not process SOS before SOF, skipping
2026-02-18 18:36:46.525 T:320052   debug <general>: ffmpeg[0x5628867b92a0]: [mjpeg] No JPEG data found in image
2026-02-18 18:36:46.525 T:320052   debug <general>: Error [-1094995529] while decoding frame: Unknown error 1094995529
2026-02-18 18:36:46.525 T:320052   debug <general>: LoadFromFileInternal - Load of https://www9.pornhd3x.tv/Cms_Data/Contents/admin/Media/images/new-sexmex-paola-rubiel-leslie-gaga-in-the-super-blow-halftime-show-18-02-2026-hardcore-roleplay-threesome-bigtits-latina-iluvy-luc8edad3f-6456-48e8-8971-054f7e79974a.jpg failed.
2026-02-18 18:36:46.527 T:320504   error <general>: ffmpeg[0x7f0f001f3480]: [mjpeg] mjpeg: unsupported coding type (cb)
2026-02-18 18:36:46.527 T:320504   error <general>: ffmpeg[0x7f0f001f3480]: [mjpeg] unable to decode APP fields: Invalid data found when processing input
2026-02-18 18:36:46.527 T:320504   debug <general>: ffmpeg[0x7f0f001f3480]: [mjpeg] No JPEG data found in image
2026-02-18 18:36:46.527 T:320504   debug <general>: Error [-1094995529] while decoding frame: Unknown error 1094995529
2026-02-18 18:36:46.527 T:320504   debug <general>: LoadFromFileInternal - Load of https://www9.pornhd3x.tv/Cms_Data/Contents/admin/Media/images/new-sexmex-nicole-zurich-sara-blonde-chiquilina-fell-in-love-with-tushhhyyy-18-02-2026-hardcore-milf-blonde-bigtits-threesome-lati2bf730ab-62b5-46f1-bb3c-89cafd26afd4.jpg failed.
2026-02-18 18:36:46.527 T:320052   debug <general>: CTextureCache::CacheImage - Return NULL texture because cache is not ready
2026-02-18 18:36:46.548 T:320043   debug <general>: CCurlFile::GetMimeType - <https://www9.pornhd3x.tv/Cms_Data/Contents/admin/Media/images/new-little-puck-a-stepmom-scorned-18-02-2026-hardcore-milf-bigtits-roleplay-family-stepmom-iluvy-lulustream-com-doodstream-com.jpg> -> image/jpeg
2026-02-18 18:36:46.548 T:320043   debug <general>: CurlFile::Open - <https://www9.pornhd3x.tv/Cms_Data/Contents/admin/Media/images/new-little-puck-a-stepmom-scorned-18-02-2026-hardcore-milf-bigtits-roleplay-family-stepmom-iluvy-lulustream-com-doodstream-com.jpg>
2026-02-18 18:36:46.555 T:320044   error <general>: ffmpeg[0x5628867d0e70]: [mjpeg] bits 244 is invalid
2026-02-18 18:36:46.555 T:320044   debug <general>: Error [-1094995529] while decoding frame: Unknown error 1094995529
2026-02-18 18:36:46.555 T:320044   debug <general>: LoadFromFileInternal - Load of https://www9.pornhd3x.tv/Cms_Data/Contents/admin/Media/images/new-jessica-aaren-concept-bang-my-bully-18-02-2026-hardcore-milf-bigtits-roleplay-iluvy-lulustream-com-doodstream-com.jpg failed.
2026-02-18 18:36:47.014 T:320043   error <general>: ffmpeg[0x5628854ea0a0]: [mjpeg] invalid id 80
2026-02-18 18:36:47.014 T:320043   debug <general>: Error [-1094995529] while decoding frame: Unknown error 1094995529
2026-02-18 18:36:47.014 T:320043   debug <general>: LoadFromFileInternal - Load of https://www9.pornhd3x.tv/Cms_Data/Contents/admin/Media/images/new-little-puck-a-stepmom-scorned-18-02-2026-hardcore-milf-bigtits-roleplay-family-stepmom-iluvy-lulustream-com-doodstream-com.jpg failed.
2026-02-18 18:36:47.014 T:320052   debug <general>: CTextureCache::CacheImage - Return NULL texture because cache is not ready
2026-02-18 18:36:47.130 T:320044   debug <general>: CCurlFile::GetMimeType - <https://www9.pornhd3x.tv/Cms_Data/Contents/admin/Media/images/new-raissa-bellini-gets-rammed-by-bbc-2026-hardcore-milf-bigtits-bbc-onlyfans-iluvy-lulustream-com-doodstream-com.jpg> -> image/jpeg
2026-02-18 18:36:47.130 T:320044   debug <general>: CurlFile::Open - <https://www9.pornhd3x.tv/Cms_Data/Contents/admin/Media/images/new-raissa-bellini-gets-rammed-by-bbc-2026-hardcore-milf-bigtits-bbc-onlyfans-iluvy-lulustream-com-doodstream-com.jpg>
2026-02-18 18:36:47.168 T:320044   error <general>: ffmpeg[0x5628867d0e70]: [mjpeg] unable to decode APP fields: Invalid data found when processing input
2026-02-18 18:36:47.168 T:320044   error <general>: Skipped 2 duplicate messages..
2026-02-18 18:36:47.168 T:320044   debug <general>: ffmpeg[0x5628867d0e70]: [mjpeg] No JPEG data found in image
2026-02-18 18:36:47.168 T:320044   debug <general>: Error [-1094995529] while decoding frame: Unknown error 1094995529
2026-02-18 18:36:47.168 T:320044   debug <general>: LoadFromFileInternal - Load of https://www9.pornhd3x.tv/Cms_Data/Contents/admin/Media/images/new-raissa-bellini-gets-rammed-by-bbc-2026-hardcore-milf-bigtits-bbc-onlyfans-iluvy-lulustream-com-doodstream-com.jpg failed.
2026-02-18 18:36:47.947 T:320052   debug <general>: CCurlFile::GetMimeType - <https://www9.pornhd3x.tv/Cms_Data/Contents/admin/Media/images/new-willow-ryder-new-scene-comeback-sex-for-bbc-creampie-oil-fuck-2026-hardcore-bbc-creampie-onlyfans-iluvy-lulustream-com-doodstream-com.jpg> -> image/jpeg
2026-02-18 18:36:47.948 T:320052   debug <general>: CurlFile::Open - <https://www9.pornhd3x.tv/Cms_Data/Contents/admin/Media/images/new-willow-ryder-new-scene-comeback-sex-for-bbc-creampie-oil-fuck-2026-hardcore-bbc-creampie-onlyfans-iluvy-lulustream-com-doodstream-com.jpg>
2026-02-18 18:36:47.986 T:320052   error <general>: ffmpeg[0x5628867b92a0]: [mjpeg] unable to decode APP fields: Invalid data found when processing input
2026-02-18 18:36:47.986 T:320052   error <general>: ffmpeg[0x5628867b92a0]: [mjpeg] dht: len 25787 is too large
2026-02-18 18:36:47.986 T:320052   error <general>: ffmpeg[0x5628867b92a0]: [mjpeg] huffman table decode error
2026-02-18 18:36:47.986 T:320052   debug <general>: Error [-1094995529] while decoding frame: Unknown error 1094995529
2026-02-18 18:36:47.986 T:320052   debug <general>: LoadFromFileInternal - Load of https://www9.pornhd3x.tv/Cms_Data/Contents/admin/Media/images/new-willow-ryder-new-scene-comeback-sex-for-bbc-creampie-oil-fuck-2026-hardcore-bbc-creampie-onlyfans-iluvy-lulustream-com-doodstream-com.jpg failed.
2026-02-18 18:36:48.624 T:320044   debug <general>: CCurlFile::GetMimeType - <https://www9.pornhd3x.tv/Cms_Data/Contents/admin/Media/images/new-maddie-wren-bratty-gets-the-fucking-she-deserves-early-leak-hardcore-roleplay-pov-iluvy-lulustream-com-doodstream-com.jpg> -> image/jpeg
2026-02-18 18:36:48.624 T:320044   debug <general>: CurlFile::Open - <https://www9.pornhd3x.tv/Cms_Data/Contents/admin/Media/images/new-maddie-wren-bratty-gets-the-fucking-she-deserves-early-leak-hardcore-roleplay-pov-iluvy-lulustream-com-doodstream-com.jpg>
2026-02-18 18:36:48.667 T:320044   error <general>: ffmpeg[0x5628867d0e70]: [mjpeg] unable to decode APP fields: Invalid data found when processing input
2026-02-18 18:36:48.667 T:320044   error <general>: ffmpeg[0x5628867d0e70]: [mjpeg] mjpeg: unsupported coding type (cd)
2026-02-18 18:36:48.667 T:320044   error <general>: ffmpeg[0x5628867d0e70]: [mjpeg] unable to decode APP fields: Invalid data found when processing input
2026-02-18 18:36:48.667 T:320044   error <general>: ffmpeg[0x5628867d0e70]: [IMGUTILS] Picture size 42481x53618 is invalid
2026-02-18 18:36:48.667 T:320044   debug <general>: Error [-1094995529] while decoding frame: Unknown error 1094995529
2026-02-18 18:36:48.667 T:320044   debug <general>: LoadFromFileInternal - Load of https://www9.pornhd3x.tv/Cms_Data/Contents/admin/Media/images/new-maddie-wren-bratty-gets-the-fucking-she-deserves-early-leak-hardcore-roleplay-pov-iluvy-lulustream-com-doodstream-com.jpg failed.
2026-02-18 18:36:49.100 T:319991   debug <general>: ProcessMouse: trying mouse action wheeldown
2026-02-18 18:36:49.217 T:320044   debug <general>: CCurlFile::GetMimeType - <https://www9.pornhd3x.tv/Cms_Data/Contents/admin/Media/images/new-blacked-stella-luxx-jason-luv-shy-redhead-wants-bbc-17-02-2026-hardcore-artporn-black-bbc-iluvy-lulustream-com-doodstream-com.jpg> -> image/jpeg
2026-02-18 18:36:49.217 T:320044   debug <general>: CurlFile::Open - <https://www9.pornhd3x.tv/Cms_Data/Contents/admin/Media/images/new-blacked-stella-luxx-jason-luv-shy-redhead-wants-bbc-17-02-2026-hardcore-artporn-black-bbc-iluvy-lulustream-com-doodstream-com.jpg>
2026-02-18 18:36:49.262 T:320044   error <general>: ffmpeg[0x5628867d0e70]: [IMGUTILS] Picture size 56889x12741 is invalid
2026-02-18 18:36:49.262 T:320044   debug <general>: Error [-1094995529] while decoding frame: Unknown error 1094995529
2026-02-18 18:36:49.262 T:320044   debug <general>: LoadFromFileInternal - Load of https://www9.pornhd3x.tv/Cms_Data/Contents/admin/Media/images/new-blacked-stella-luxx-jason-luv-shy-redhead-wants-bbc-17-02-2026-hardcore-artporn-black-bbc-iluvy-lulustream-com-doodstream-com.jpg failed.
2026-02-18 18:36:49.729 T:319991   debug <general>: ProcessMouse: trying mouse action wheeldown
2026-02-18 18:36:49.829 T:320052   debug <general>: CCurlFile::GetMimeType - <https://www9.pornhd3x.tv/Cms_Data/Contents/admin/Media/images/new-savannah-bond-2026-hardcore-milf-bigtits-roleplay-onlyfans-iluvy-lulustream-com-doodstream-com.jpg> -> image/jpeg
2026-02-18 18:36:49.829 T:320052   debug <general>: CurlFile::Open - <https://www9.pornhd3x.tv/Cms_Data/Contents/admin/Media/images/new-savannah-bond-2026-hardcore-milf-bigtits-roleplay-onlyfans-iluvy-lulustream-com-doodstream-com.jpg>
2026-02-18 18:36:49.871 T:320052   error <general>: ffmpeg[0x5628867b92a0]: [mjpeg] bits 214 is invalid
2026-02-18 18:36:49.871 T:320052   debug <general>: Error [-1094995529] while decoding frame: Unknown error 1094995529
2026-02-18 18:36:49.871 T:320052   debug <general>: LoadFromFileInternal - Load of https://www9.pornhd3x.tv/Cms_Data/Contents/admin/Media/images/new-savannah-bond-2026-hardcore-milf-bigtits-roleplay-onlyfans-iluvy-lulustream-com-doodstream-com.jpg failed.
2026-02-18 18:36:50.307 T:319991   debug <general>: ProcessMouse: trying mouse action wheeldown
2026-02-18 18:36:50.448 T:320052   debug <general>: CCurlFile::GetMimeType - <https://www9.pornhd3x.tv/Cms_Data/Contents/admin/Media/images/new-livia-venom-about-tameee-16-02-2026-hardcore-milf-bigtits-pov-reality-iluvy-lulustream-com-doodstream-com.jpg> -> image/jpeg
2026-02-18 18:36:50.448 T:320052   debug <general>: CurlFile::Open - <https://www9.pornhd3x.tv/Cms_Data/Contents/admin/Media/images/new-livia-venom-about-tameee-16-02-2026-hardcore-milf-bigtits-pov-reality-iluvy-lulustream-com-doodstream-com.jpg>
2026-02-18 18:36:50.491 T:320052   debug <general>: Error [-1094995529] while decoding frame: Unknown error 1094995529
2026-02-18 18:36:50.491 T:320052   debug <general>: LoadFromFileInternal - Load of https://www9.pornhd3x.tv/Cms_Data/Contents/admin/Media/images/new-livia-venom-about-tameee-16-02-2026-hardcore-milf-bigtits-pov-reality-iluvy-lulustream-com-doodstream-com.jpg failed.
2026-02-18 18:36:50.678 T:319991   debug <general>: ProcessMouse: trying mouse action wheeldown
2026-02-18 18:36:50.776 T:320052   debug <general>: CCurlFile::GetMimeType - <https://www9.pornhd3x.tv/Cms_Data/Contents/admin/Media/images/inseminating-big-tits-andie-anderson-sailor-luna-mike-mancini.jpg> -> image/jpeg
2026-02-18 18:36:50.776 T:320052   debug <general>: CurlFile::Open - <https://www9.pornhd3x.tv/Cms_Data/Contents/admin/Media/images/inseminating-big-tits-andie-anderson-sailor-luna-mike-mancini.jpg>
2026-02-18 18:36:50.824 T:320052   error <general>: ffmpeg[0x5628867b92a0]: [mjpeg] mjpeg: unsupported coding type (c9)
2026-02-18 18:36:50.824 T:320052   error <general>: ffmpeg[0x5628867b92a0]: [mjpeg] invalid id 124
2026-02-18 18:36:50.824 T:320052   debug <general>: Error [-1094995529] while decoding frame: Unknown error 1094995529
2026-02-18 18:36:50.824 T:320052   debug <general>: LoadFromFileInternal - Load of https://www9.pornhd3x.tv/Cms_Data/Contents/admin/Media/images/inseminating-big-tits-andie-anderson-sailor-luna-mike-mancini.jpg failed.
2026-02-18 18:36:51.813 T:320052   debug <general>: CCurlFile::GetMimeType - <https://www9.pornhd3x.tv/Cms_Data/Contents/admin/Media/images/breeding-hayley-davies-pussy-lily-lane.jpg> -> image/jpeg
2026-02-18 18:36:51.813 T:320052   debug <general>: CurlFile::Open - <https://www9.pornhd3x.tv/Cms_Data/Contents/admin/Media/images/breeding-hayley-davies-pussy-lily-lane.jpg>
2026-02-18 18:36:51.855 T:320052   error <general>: ffmpeg[0x5628867b92a0]: [mjpeg] unable to decode APP fields: Invalid data found when processing input
2026-02-18 18:36:51.855 T:320052   error <general>: Skipped 2 duplicate messages..
2026-02-18 18:36:51.855 T:320052   debug <general>: ffmpeg[0x5628867b92a0]: [mjpeg] No JPEG data found in image
2026-02-18 18:36:51.855 T:320052   debug <general>: Error [-1094995529] while decoding frame: Unknown error 1094995529
2026-02-18 18:36:51.855 T:320052   debug <general>: LoadFromFileInternal - Load of https://www9.pornhd3x.tv/Cms_Data/Contents/admin/Media/images/breeding-hayley-davies-pussy-lily-lane.jpg failed.
2026-02-18 18:36:51.868 T:320037   debug <general>: Presentation: Frame was discarded by compositor
2026-02-18 18:36:52.130 T:319991   debug <general>: ProcessMouse: trying mouse action wheeldown
2026-02-18 18:36:52.266 T:320052   debug <general>: Skipped 2 duplicate messages..
2026-02-18 18:36:52.266 T:320052   debug <general>: CCurlFile::GetMimeType - <https://www9.pornhd3x.tv/Cms_Data/Contents/admin/Media/images/bangbros-clips-bangbros-carolina-guerrero-max-dior-bangbros-bangbros-clips-carolina-guerrero-gets-a-good-dicking-from-max-dior-17-2-2026.jpg> -> image/jpeg
2026-02-18 18:36:52.266 T:320052   debug <general>: CurlFile::Open - <https://www9.pornhd3x.tv/Cms_Data/Contents/admin/Media/images/bangbros-clips-bangbros-carolina-guerrero-max-dior-bangbros-bangbros-clips-carolina-guerrero-gets-a-good-dicking-from-max-dior-17-2-2026.jpg>
2026-02-18 18:36:52.295 T:319991   debug <general>: ProcessMouse: trying mouse action wheeldown
2026-02-18 18:36:52.317 T:320504   debug <general>: CCurlFile::GetMimeType - <https://www9.pornhd3x.tv/Cms_Data/Contents/admin/Media/images/brazzers-anissa-kate-girthmasterr-backdoor-action-in-the-backyard-17-2-2026.jpg> -> image/jpeg
2026-02-18 18:36:52.317 T:320504   debug <general>: CurlFile::Open - <https://www9.pornhd3x.tv/Cms_Data/Contents/admin/Media/images/brazzers-anissa-kate-girthmasterr-backdoor-action-in-the-backyard-17-2-2026.jpg>
2026-02-18 18:36:52.322 T:320052   debug <general>: Caching image 'https://www9.pornhd3x.tv/Cms_Data/Contents/admin/Media/images/bangbros-clips-bangbros-carolina-guerrero-max-dior-bangbros-bangbros-clips-carolina-guerrero-gets-a-good-dicking-from-max-dior-17-2-2026.jpg' to 'd/daf1b1d7.jpg':
2026-02-18 18:36:52.322 T:320052   debug <general>: cached image 'special://masterprofile/Thumbnails/d/daf1b1d7.jpg' size 600x337
2026-02-18 18:36:52.324 T:319991   debug <general>: ProcessMouse: trying mouse action wheeldown
2026-02-18 18:36:52.331 T:320043   debug <general>: CCurlFile::GetMimeType - <https://www9.pornhd3x.tv/Cms_Data/Contents/admin/Media/images/gorgeous-milf-kendra-lust-fucks-a-manager-at-the-hotel-alex-mack.jpg> -> image/jpeg
2026-02-18 18:36:52.331 T:320043   debug <general>: CurlFile::Open - <https://www9.pornhd3x.tv/Cms_Data/Contents/admin/Media/images/gorgeous-milf-kendra-lust-fucks-a-manager-at-the-hotel-alex-mack.jpg>
2026-02-18 18:36:52.360 T:320044   debug <general>: CCurlFile::GetMimeType - <https://www9.pornhd3x.tv/Cms_Data/Contents/admin/Media/images/brazzers-haley-spades-penny-barber-slutty-cheerleader-caught-mid-plot-17-2-2026.jpg> -> image/jpeg
2026-02-18 18:36:52.360 T:320044   debug <general>: CurlFile::Open - <https://www9.pornhd3x.tv/Cms_Data/Contents/admin/Media/images/brazzers-haley-spades-penny-barber-slutty-cheerleader-caught-mid-plot-17-2-2026.jpg>
2026-02-18 18:36:52.370 T:320504   debug <general>: Caching image 'https://www9.pornhd3x.tv/Cms_Data/Contents/admin/Media/images/brazzers-anissa-kate-girthmasterr-backdoor-action-in-the-backyard-17-2-2026.jpg' to '2/29e02636.jpg':
2026-02-18 18:36:52.370 T:320504   debug <general>: cached image 'special://masterprofile/Thumbnails/2/29e02636.jpg' size 600x337
2026-02-18 18:36:52.378 T:320043   error <general>: ffmpeg[0x5628854ea0a0]: [mjpeg] invalid id 185
2026-02-18 18:36:52.378 T:320043   debug <general>: Error [-1094995529] while decoding frame: Unknown error 1094995529
2026-02-18 18:36:52.378 T:320043   debug <general>: LoadFromFileInternal - Load of https://www9.pornhd3x.tv/Cms_Data/Contents/admin/Media/images/gorgeous-milf-kendra-lust-fucks-a-manager-at-the-hotel-alex-mack.jpg failed.
2026-02-18 18:36:52.415 T:320044   debug <general>: Caching image 'https://www9.pornhd3x.tv/Cms_Data/Contents/admin/Media/images/brazzers-haley-spades-penny-barber-slutty-cheerleader-caught-mid-plot-17-2-2026.jpg' to '8/85556cae.jpg':
2026-02-18 18:36:52.415 T:320044   debug <general>: cached image 'special://masterprofile/Thumbnails/8/85556cae.jpg' size 600x337
2026-02-18 18:36:52.485 T:320043   debug <general>: CCurlFile::GetMimeType - <https://www9.pornhd3x.tv/Cms_Data/Contents/admin/Media/images/milfy-cock-hungry-socialite-dee-fucks-server-at-house-party-dee-williams-oliver-flynn.jpg> -> image/jpeg
2026-02-18 18:36:52.485 T:320043   debug <general>: CurlFile::Open - <https://www9.pornhd3x.tv/Cms_Data/Contents/admin/Media/images/milfy-cock-hungry-socialite-dee-fucks-server-at-house-party-dee-williams-oliver-flynn.jpg>
2026-02-18 18:36:52.528 T:320043   error <general>: ffmpeg[0x5628854ea0a0]: [mjpeg] unable to decode APP fields: Invalid data found when processing input
2026-02-18 18:36:52.528 T:320043   error <general>: Skipped 2 duplicate messages..
2026-02-18 18:36:52.528 T:320043   error <general>: ffmpeg[0x5628854ea0a0]: [mjpeg] mjpeg: unsupported coding type (cb)
2026-02-18 18:36:52.528 T:320043   debug <general>: ffmpeg[0x5628854ea0a0]: [mjpeg] No JPEG data found in image
2026-02-18 18:36:52.528 T:320043   debug <general>: Error [-1094995529] while decoding frame: Unknown error 1094995529
2026-02-18 18:36:52.528 T:320043   debug <general>: LoadFromFileInternal - Load of https://www9.pornhd3x.tv/Cms_Data/Contents/admin/Media/images/milfy-cock-hungry-socialite-dee-fucks-server-at-house-party-dee-williams-oliver-flynn.jpg failed.
2026-02-18 18:36:52.576 T:320044   debug <general>: CCurlFile::GetMimeType - <https://www9.pornhd3x.tv/Cms_Data/Contents/admin/Media/images/gorgeous-milf-kendra-lust-fucks-a-manager-at-the-hotel-alex-mack.jpg> -> image/jpeg
2026-02-18 18:36:52.576 T:320044   debug <general>: CurlFile::Open - <https://www9.pornhd3x.tv/Cms_Data/Contents/admin/Media/images/gorgeous-milf-kendra-lust-fucks-a-manager-at-the-hotel-alex-mack.jpg>
2026-02-18 18:36:52.618 T:320044   error <general>: ffmpeg[0x5628867d0e70]: [mjpeg] invalid id 185
2026-02-18 18:36:52.618 T:320044   debug <general>: Error [-1094995529] while decoding frame: Unknown error 1094995529
2026-02-18 18:36:52.618 T:320044   debug <general>: LoadFromFileInternal - Load of https://www9.pornhd3x.tv/Cms_Data/Contents/admin/Media/images/gorgeous-milf-kendra-lust-fucks-a-manager-at-the-hotel-alex-mack.jpg failed.
2026-02-18 18:36:52.714 T:320037   debug <general>: Presentation: Frame was discarded by compositor
2026-02-18 18:36:54.284 T:319991   debug <general>: Skipped 1 duplicate messages..
2026-02-18 18:36:54.284 T:319991   debug <general>: ProcessMouse: trying mouse action leftclick
2026-02-18 18:36:54.285 T:319991   debug <general>: CScriptRunner: running add-on script Cumination('plugin://plugin.video.cumination/', '-1', '?url=https%3A%2F%2Fwww9.pornhd3x.tv%2Fmovies%2Fbrazzers-anissa-kate-girthmasterr-backdoor-action-in-the-backyard-17-2-2026&mode=pornhd3x.Playvid&name=Brazzers+%2F++-+Anissa+Kate%2C+Girthmasterr+Backdoor+Action+In+The+Backyard+%2F+17.2.2026')
2026-02-18 18:36:54.285 T:320662   debug <general>: Thread LanguageInvoker start, auto delete: false
2026-02-18 18:36:54.285 T:320662   debug <general>: initializing python engine.
2026-02-18 18:36:54.285 T:320662   debug <general>: CPythonInvoker(16, /home/rpeters1428/.kodi/addons/plugin.video.cumination/default.py): start processing
2026-02-18 18:36:54.303 T:320662   debug <general>: -->Python Interpreter Initialized<--
2026-02-18 18:36:54.303 T:320662   debug <general>: 
                                                   
2026-02-18 18:36:54.303 T:320662   debug <general>: CPythonInvoker(16, /home/rpeters1428/.kodi/addons/plugin.video.cumination/default.py): the source file to load is "/home/rpeters1428/.kodi/addons/plugin.video.cumination/default.py"
2026-02-18 18:36:54.303 T:320662   debug <general>: CPythonInvoker(16): full python path:
2026-02-18 18:36:54.303 T:320662   debug <general>: CPythonInvoker(16):   custom python path:
2026-02-18 18:36:54.303 T:320662   debug <general>: CPythonInvoker(16):     /home/rpeters1428/.kodi/addons/plugin.video.cumination
2026-02-18 18:36:54.303 T:320662   debug <general>: CPythonInvoker(16):     /home/rpeters1428/.kodi/addons/script.common.plugin.cache/resources/lib/storage_server/
2026-02-18 18:36:54.303 T:320662   debug <general>: CPythonInvoker(16):     /home/rpeters1428/.kodi/addons/script.module.beautifulsoup4/lib
2026-02-18 18:36:54.303 T:320662   debug <general>: CPythonInvoker(16):     /home/rpeters1428/.kodi/addons/script.module.certifi/lib
2026-02-18 18:36:54.303 T:320662   debug <general>: CPythonInvoker(16):     /home/rpeters1428/.kodi/addons/script.module.chardet/lib
2026-02-18 18:36:54.303 T:320662   debug <general>: CPythonInvoker(16):     /home/rpeters1428/.kodi/addons/script.module.idna/lib
2026-02-18 18:36:54.303 T:320662   debug <general>: CPythonInvoker(16):     /home/rpeters1428/.kodi/addons/script.module.inputstreamhelper/lib
2026-02-18 18:36:54.303 T:320662   debug <general>: CPythonInvoker(16):     /home/rpeters1428/.kodi/addons/script.module.kodi-six/libs
2026-02-18 18:36:54.303 T:320662   debug <general>: CPythonInvoker(16):     /home/rpeters1428/.kodi/addons/script.module.requests/lib
2026-02-18 18:36:54.303 T:320662   debug <general>: CPythonInvoker(16):     /home/rpeters1428/.kodi/addons/script.module.resolveurl.xxx/lib
2026-02-18 18:36:54.303 T:320662   debug <general>: CPythonInvoker(16):     /home/rpeters1428/.kodi/addons/script.module.resolveurl/lib
2026-02-18 18:36:54.303 T:320662   debug <general>: CPythonInvoker(16):     /home/rpeters1428/.kodi/addons/script.module.six/lib
2026-02-18 18:36:54.303 T:320662   debug <general>: CPythonInvoker(16):     /home/rpeters1428/.kodi/addons/script.module.soupsieve/lib
2026-02-18 18:36:54.303 T:320662   debug <general>: CPythonInvoker(16):     /home/rpeters1428/.kodi/addons/script.module.urllib3/lib
2026-02-18 18:36:54.303 T:320662   debug <general>: CPythonInvoker(16):     /home/rpeters1428/.kodi/addons/script.module.websocket/lib
2026-02-18 18:36:54.303 T:320662   debug <general>: CPythonInvoker(16):   default python path:
2026-02-18 18:36:54.303 T:320662   debug <general>: CPythonInvoker(16):     /usr/lib64/python314.zip
2026-02-18 18:36:54.303 T:320662   debug <general>: CPythonInvoker(16):     /usr/lib64/python3.14
2026-02-18 18:36:54.303 T:320662   debug <general>: CPythonInvoker(16):     /usr/lib64/python3.14/lib-dynload
2026-02-18 18:36:54.303 T:320662   debug <general>: CPythonInvoker(16):     /usr/lib64/python3.14/site-packages
2026-02-18 18:36:54.303 T:320662   debug <general>: CPythonInvoker(16):     /usr/lib/python3.14/site-packages
2026-02-18 18:36:54.303 T:320662   debug <general>: CPythonInvoker(16): adding args:
